******************************************************************************
                  TI ARM Linker PC v15.12.3                    
******************************************************************************
>> Linked Sun Nov 27 00:16:00 2016

OUTPUT FILE NAME:   <swi_MSP_EXP432P401R_TI_MSP432P401R.out>
ENTRY POINT SYMBOL: "_c_int00"  address: 00003471


MEMORY CONFIGURATION

         name            origin    length      used     unused   attr    fill
----------------------  --------  ---------  --------  --------  ----  --------
  MAIN                  00000000   00040000  000072e8  00038d18  R  X
  INFO                  00200000   00004000  00000000  00004000  R  X
  SRAM_CODE             01000000   00010000  00000000  00010000  RW X
  SRAM_DATA             20000000   00010000  00001668  0000e998  RW  


SEGMENT ALLOCATION MAP

run origin  load origin   length   init length attrs members
----------  ----------- ---------- ----------- ----- -------
00000000    00000000    000072f4   000072f4    r-x
  00000000    00000000    0000003c   0000003c    r-- .resetVecs
  00000040    00000040    000051c2   000051c2    r-x .text
  00005204    00005204    00001d46   00001d46    r-- .const
  00006f50    00006f50    000003a4   000003a4    r-- .cinit
20000000    20000000    00001368   00000000    rw-
  20000000    20000000    00000140   00000000    rw- .vecs
  20000140    20000140    00000d6c   00000000    rw- .bss
  20000eac    20000eac    000004bc   00000000    rw- .data
2000fd00    2000fd00    00000300   00000000    rw-
  2000fd00    2000fd00    00000300   00000000    rw- .stack


SECTION ALLOCATION MAP

 output                                  attributes/
section   page    origin      length       input sections
--------  ----  ----------  ----------   ----------------
.text      0    00000040    000051c2     
                  00000040    00000430     sysbios.aem4f : BIOS.obj (.text:ti_sysbios_family_arm_m3_Hwi_excDumpRegs__I)
                  00000470    0000034c     ti.targets.arm.rtsarm.aem4f : System.oem4f (.text:xdc_runtime_System_doPrint__I)
                  000007bc    00000324     rtsv7M4_T_le_v4SPD16_eabi.lib : trgdrv.obj (.text)
                  00000ae0    00000264     drivers_MSP432P401R.aem4f : PowerMSP432.oem4f (.text:Power_sleep)
                  00000d44    000001a0     msp432p4xx_driverlib.lib : pcm.o (.text:__PCM_setPowerStateAdvanced)
                  00000ee4    00000004                              : cpu.o (.text:CPU_wfi)
                  00000ee8    00000174     sysbios.aem4f : BIOS.obj (.text:ti_sysbios_family_arm_m3_Hwi_excBusFault__I)
                  0000105c    00000004     drivers_MSP432P401R.aem4f : List.oem4f (.text:List_head)
                  00001060    00000164     sysbios.aem4f : BIOS.obj (.text:ti_sysbios_family_arm_m3_Hwi_excUsageFault__I)
                  000011c4    00000004     drivers_MSP432P401R.aem4f : List.oem4f (.text:List_next)
                  000011c8    00000148     sysbios.aem4f : BIOS.obj (.text:ti_sysbios_family_arm_m3_Hwi_excMemFault__I)
                  00001310    00000138                   : BIOS.obj (.text:ti_sysbios_knl_Semaphore_pend__E)
                  00001448    00000118     ti.targets.arm.rtsarm.aem4f : Error.oem4f (.text:xdc_runtime_Error_policyDefault__E)
                  00001560    0000010c     sysbios.aem4f : BIOS.obj (.text:ti_sysbios_family_arm_m3_Hwi_excFillContext__I)
                  0000166c    00000004     swi_pem4f.oem4f (.text:ti_sysbios_BIOS_RtsGateProxy_enter__E)
                  00001670    0000010c     sysbios.aem4f : BIOS.obj (.text:ti_sysbios_family_arm_m3_Hwi_excHandlerMax__I)
                  0000177c    00000100     ti.targets.arm.rtsarm.aem4f : Core-mem.oem4f (.text:xdc_runtime_Core_createObject__I)
                  0000187c    000000f8                                 : Startup.oem4f (.text:xdc_runtime_Startup_startMods__I)
                  00001974    000000f8     swi_pem4f.oem4f (.text:xdc_runtime_System_printfExtend__I)
                  00001a6c    000000f0     drivers_MSP432P401R.aem4f : PowerMSP432.oem4f (.text:initPerfControl)
                  00001b5c    000000ec     swi.obj (.text:main)
                  00001c48    000000ec     sysbios.aem4f : m3_Hwi_asm.obj (.text:ti_sysbios_family_arm_m3_Hwi_dispatch__I)
                  00001d34    000000e0     msp432p4xx_driverlib.lib : cs.o (.text:CS_initClockSignal)
                  00001e14    000000dc                              : pcm.o (.text:__PCM_setPowerModeAdvanced)
                  00001ef0    000000cc     sysbios.aem4f : BIOS.obj (.text:ti_sysbios_heaps_HeapMem_alloc__E)
                  00001fbc    00000004     swi_pem4f.oem4f (.text:ti_sysbios_BIOS_RtsGateProxy_leave__E)
                  00001fc0    000000cc     sysbios.aem4f : BIOS.obj (.text:ti_sysbios_knl_Task_Instance_init__E)
                  0000208c    000000cc     ti.targets.arm.rtsarm.aem4f : Core-smem.oem4f (.text:xdc_runtime_Core_constructObject__I)
                  00002158    000000bc     sysbios.aem4f : BIOS.obj (.text:ti_sysbios_family_arm_m3_Hwi_excDebugMon__I)
                  00002214    00000004     swi_pem4f.oem4f (.text:ti_sysbios_family_arm_m3_TaskSupport_Module__startupDone__S)
                  00002218    000000bc     sysbios.aem4f : BIOS.obj (.text:ti_sysbios_family_arm_m3_Hwi_excHardFault__I)
                  000022d4    00000004     swi_pem4f.oem4f (.text:ti_sysbios_heaps_HeapMem_Module_GateProxy_enter__E)
                  000022d8    000000b4     sysbios.aem4f : BIOS.obj (.text:ti_sysbios_knl_Task_Instance_finalize__E)
                  0000238c    00000004     swi_pem4f.oem4f (.text:ti_sysbios_heaps_HeapMem_Module_GateProxy_leave__E)
                  00002390    000000b4     sysbios.aem4f : BIOS.obj (.text:ti_sysbios_knl_Task_checkStacks__E)
                  00002444    000000b0     msp432p4xx_driverlib.lib : pcm.o (.text:__PCM_setCoreVoltageLevelAdvanced)
                  000024f4    000000b0     swi.obj (.text:task0Fxn)
                  000025a4    00000004     swi_pem4f.oem4f (.text:ti_sysbios_knl_Clock_TimerProxy_getMaxTicks__E)
                  000025a8    000000a8     sysbios.aem4f : BIOS.obj (.text:ti_sysbios_family_arm_msp432_Timer_periodicStub__E)
                  00002650    000000a0     auto_init.aem4f : auto_init.oem4f (.text)
                  000026f0    000000a0     ti.targets.arm.rtsarm.aem4f : Text.oem4f (.text:xdc_runtime_Text_putMod__E)
                  00002790    0000009c     rtsv7M4_T_le_v4SPD16_eabi.lib : memcpy_t2.obj (.text)
                  0000282c    0000009a     ti.targets.arm.rtsarm.aem4f : Text.oem4f (.text:xdc_runtime_Text_putSite__E)
                  000028c6    00000002     power_tirtos_MSP432P401R.aem4f : PowerMSP432_tirtos.oem4f (.text:PowerMSP432_initPolicy)
                  000028c8    00000094     sysbios.aem4f : BIOS.obj (.text:ti_sysbios_family_arm_m3_Hwi_initNVIC__E)
                  0000295c    00000090     swi.obj (.text:swi0Fxn)
                  000029ec    00000090     swi.obj (.text:swi1Fxn)
                  00002a7c    0000008c     sysbios.aem4f : m3_TaskSupport_asm.obj (.text:ti_sysbios_family_arm_m3_TaskSupport_buildTaskStack)
                  00002b08    0000008c                   : BIOS.obj (.text:ti_sysbios_knl_Task_postInit__I)
                  00002b94    00000004     swi_pem4f.oem4f (.text:ti_sysbios_knl_Queue_destruct)
                  00002b98    00000084     sysbios.aem4f : BIOS.obj (.text:ti_sysbios_family_arm_m3_Hwi_postInit__I)
                  00002c1c    0000007c     msp432p4xx_driverlib.lib : pcm.o (.text:PCM_gotoLPM3)
                  00002c98    0000007c     sysbios.aem4f : BIOS.obj (.text:ti_sysbios_heaps_HeapMem_free__E)
                  00002d14    0000007a     rtsv7M4_T_le_v4SPD16_eabi.lib : memset_t2.obj (.text)
                  00002d8e    00000002                                   : i_div0.obj (.text)
                  00002d90    00000070     sysbios.aem4f : BIOS.obj (.text:ti_sysbios_knl_Semaphore_post__E)
                  00002e00    0000006d     ti.targets.arm.rtsarm.aem4f : System.oem4f (.text:xdc_runtime_System_formatNum__I)
                  00002e6d    00000001     --HOLE-- [fill = 0]
                  00002e6e    00000002     swi_pem4f.oem4f (.text:ti_sysbios_BIOS_nullFunc__I)
                  00002e70    0000006c     sysbios.aem4f : BIOS.obj (.text:ti_sysbios_knl_Clock_workFunc__E)
                  00002edc    00000004     swi_pem4f.oem4f (.text:ti_sysbios_knl_Semaphore_destruct)
                  00002ee0    0000006c     sysbios.aem4f : BIOS.obj (.text:ti_sysbios_knl_Swi_restoreHwi__E)
                  00002f4c    00000004     ti.targets.arm.rtsarm.aem4f : Error.oem4f (.text:xdc_runtime_Error_getSite__E)
                  00002f50    0000006c     sysbios.aem4f : BIOS.obj (.text:ti_sysbios_knl_Task_exit__E)
                  00002fbc    0000006c     ti.targets.arm.rtsarm.aem4f : Error.oem4f (.text:xdc_runtime_Error_print__E)
                  00003028    0000006c                                 : Memory.oem4f (.text:xdc_runtime_Memory_alloc__E)
                  00003094    0000006a     rtsv7M4_T_le_v4SPD16_eabi.lib : copy_decompress_rle.obj (.text)
                  000030fe    00000002     --HOLE-- [fill = 0]
                  00003100    00000068                                   : trgmsg.obj (.text)
                  00003168    00000066     ti.targets.arm.rtsarm.aem4f : Core-mem.oem4f (.text:xdc_runtime_Core_deleteObject__I)
                  000031ce    00000002     --HOLE-- [fill = 0]
                  000031d0    00000064     sysbios.aem4f : BIOS.obj (.text:ti_sysbios_family_arm_m3_Hwi_dispatchC__I)
                  00003234    00000004     swi_pem4f.oem4f (.text:xdc_runtime_System_Module_GateProxy_enter__E)
                  00003238    00000060     sysbios.aem4f : BIOS.obj (.text:ti_sysbios_knl_Task_schedule__I)
                  00003298    0000005c                   : BIOS.obj (.text:ti_sysbios_knl_Swi_run__I)
                  000032f4    00000004     swi_pem4f.oem4f (.text:xdc_runtime_System_Module_GateProxy_leave__E)
                  000032f8    0000005c     sysbios.aem4f : BIOS.obj (.text:ti_sysbios_knl_Swi_schedule__I)
                  00003354    00000004     ti.targets.arm.rtsarm.aem4f : System.oem4f (.text:xdc_runtime_System_aprintf_va__F)
                  00003358    0000005c     sysbios.aem4f : BIOS.obj (.text:ti_sysbios_knl_Task_Module_startup__E)
                  000033b4    00000004     ti.targets.arm.rtsarm.aem4f : System.oem4f (.text:xdc_runtime_System_printf_va__F)
                  000033b8    0000005c     sysbios.aem4f : BIOS.obj (.text:ti_sysbios_knl_Task_startCore__E)
                  00003414    0000005b     ti.targets.arm.rtsarm.aem4f : Text.oem4f (.text:xdc_runtime_Text_putLab__E)
                  0000346f    00000001     --HOLE-- [fill = 0]
                  00003470    00000058     boot.aem4f : boot.oem4f (.text)
                  000034c8    00000058     sysbios.aem4f : m3_Hwi_asm_switch.obj (.text:ti_sysbios_family_arm_m3_Hwi_initStacks__E)
                  00003520    00000054     rtsv7M4_T_le_v4SPD16_eabi.lib : exit.obj (.text)
                  00003574    00000004     --HOLE-- [fill = 0]
                  00003578    00000054     sysbios.aem4f : BIOS.obj (.text:ti_sysbios_family_arm_msp432_Timer_initDevice__I)
                  000035cc    00000004     --HOLE-- [fill = 0]
                  000035d0    00000054                   : BIOS.obj (.text:ti_sysbios_family_arm_msp432_init_Boot_configureClocksHigh)
                  00003624    00000004     --HOLE-- [fill = 0]
                  00003628    00000054                   : BIOS.obj (.text:ti_sysbios_knl_Swi_Instance_init__E)
                  0000367c    00000054     swi_pem4f.oem4f (.text:ti_sysbios_knl_Swi_construct)
                  000036d0    00000054     swi_pem4f.oem4f (.text:ti_sysbios_knl_Task_construct)
                  00003724    00000054     ti.targets.arm.rtsarm.aem4f : Assert.oem4f (.text:xdc_runtime_Assert_raise__I)
                  00003778    00000050     msp432p4xx_driverlib.lib : pcm.o (.text:PCM_shutdownDevice)
                  000037c8    00000050     sysbios.aem4f : BIOS.obj (.text:ti_sysbios_family_arm_m3_Hwi_Module_startup__E)
                  00003818    00000050     ti.targets.arm.rtsarm.aem4f : Startup.oem4f (.text:xdc_runtime_Startup_exec__E)
                  00003868    00000050                                 : Text.oem4f (.text:xdc_runtime_Text_visitRope2__I)
                  000038b8    0000004c     rtsv7M4_T_le_v4SPD16_eabi.lib : cpy_tbl.obj (.text)
                  00003904    00000004     --HOLE-- [fill = 0]
                  00003908    0000004c     sysbios.aem4f : BIOS.obj (.text:ti_sysbios_family_arm_msp432_Timer_start__E)
                  00003954    00000004     --HOLE-- [fill = 0]
                  00003958    0000004c                   : BIOS.obj (.text:ti_sysbios_heaps_HeapMem_getStats__E)
                  000039a4    00000004     --HOLE-- [fill = 0]
                  000039a8    0000004c                   : BIOS.obj (.text:ti_sysbios_knl_Swi_runLoop__I)
                  000039f4    00000004     --HOLE-- [fill = 0]
                  000039f8    0000004c                   : BIOS.obj (.text:ti_sysbios_knl_Task_allBlockedFunction__I)
                  00003a44    00000004     --HOLE-- [fill = 0]
                  00003a48    00000048                   : BIOS.obj (.text:ti_sysbios_family_arm_m3_Hwi_enableInterrupt__E)
                  00003a90    00000048                   : BIOS.obj (.text:ti_sysbios_family_arm_m3_Hwi_excReserved__I)
                  00003ad8    00000046     ti.targets.arm.rtsarm.aem4f : Core-params.oem4f (.text:xdc_runtime_Core_assignParams__I)
                  00003b1e    00000002     --HOLE-- [fill = 0]
                  00003b20    00000044     drivers_MSP432P401R.aem4f : PowerMSP432.oem4f (.text:Power_init)
                  00003b64    00000004     --HOLE-- [fill = 0]
                  00003b68    00000044     sysbios.aem4f : BIOS.obj (.text:ti_sysbios_family_arm_m3_Hwi_getStackInfo__E)
                  00003bac    00000004     --HOLE-- [fill = 0]
                  00003bb0    00000044                   : BIOS.obj (.text:ti_sysbios_knl_Swi_post__E)
                  00003bf4    00000044     ti.targets.arm.rtsarm.aem4f : Error.oem4f (.text:xdc_runtime_Error_setX__E)
                  00003c38    00000044                                 : SysMin.oem4f (.text:xdc_runtime_SysMin_flush__E)
                  00003c7c    00000044                                 : Text.oem4f (.text:xdc_runtime_Text_xprintf__I)
                  00003cc0    00000040     msp432p4xx_driverlib.lib : flash.o (.text:FlashCtl_disableReadBuffering)
                  00003d00    00000040     drivers_MSP432P401R.aem4f : PowerMSP432.oem4f (.text:notify)
                  00003d40    00000040     rtsv7M4_T_le_v4SPD16_eabi.lib : u_divt2.obj (.text)
                  00003d80    00000040     sysbios.aem4f : BIOS.obj (.text:ti_sysbios_family_arm_msp432_Timer_Module_startup__E)
                  00003dc0    00000040                   : BIOS.obj (.text:ti_sysbios_family_arm_msp432_Timer_startup__E)
                  00003e00    00000040                   : BIOS.obj (.text:ti_sysbios_heaps_HeapMem_Instance_init__E)
                  00003e40    0000003c     power_tirtos_MSP432P401R.aem4f : PowerMSP432_tirtos.oem4f (.text:PowerMSP432_sleepPolicy)
                  00003e7c    00000004     --HOLE-- [fill = 0]
                  00003e80    0000003c     sysbios.aem4f : BIOS.obj (.text:ti_sysbios_family_arm_m3_Hwi_excSvCall__I)
                  00003ebc    00000004     --HOLE-- [fill = 0]
                  00003ec0    0000003c                   : BIOS.obj (.text:ti_sysbios_heaps_HeapMem_init__I)
                  00003efc    00000004     --HOLE-- [fill = 0]
                  00003f00    0000003c                   : BIOS.obj (.text:ti_sysbios_knl_Clock_Instance_init__E)
                  00003f3c    00000004     --HOLE-- [fill = 0]
                  00003f40    0000003c                   : BIOS.obj (.text:ti_sysbios_knl_Swi_restore__E)
                  00003f7c    00000004     --HOLE-- [fill = 0]
                  00003f80    00000038                   : BIOS.obj (.text:ti_sysbios_family_arm_m3_Hwi_excNoIsr__I)
                  00003fb8    00000038     ti.targets.arm.rtsarm.aem4f : SysMin.oem4f (.text:xdc_runtime_SysMin_putch__E)
                  00003ff0    00000038                                 : System.oem4f (.text:xdc_runtime_System_atexit__E)
                  00004028    00000034     msp432p4xx_driverlib.lib : flash.o (.text:FlashCtl_enableReadBuffering)
                  0000405c    00000004     --HOLE-- [fill = 0]
                  00004060    00000034     sysbios.aem4f : BIOS.obj (.text:ti_sysbios_family_arm_m3_Hwi_excNmi__I)
                  00004094    00000004     --HOLE-- [fill = 0]
                  00004098    00000034                   : BIOS.obj (.text:ti_sysbios_hal_Hwi_checkStack)
                  000040cc    00000034     swi_pem4f.oem4f (.text:ti_sysbios_knl_Clock_construct)
                  00004100    00000034     ti.targets.arm.rtsarm.aem4f : Core-label.oem4f (.text:xdc_runtime_Core_assignLabel__I)
                  00004134    00000033                                 : Text.oem4f (.text:xdc_runtime_Text_printVisFxn__I)
                  00004167    00000001     --HOLE-- [fill = 0]
                  00004168    00000032     sysbios.aem4f : BIOS.obj (.text:ti_sysbios_hal_Hwi_initStack)
                  0000419a    00000002     --HOLE-- [fill = 0]
                  0000419c    00000030     swi_pem4f.oem4f (.text:ti_sysbios_BIOS_atExitFunc__I)
                  000041cc    00000030     swi_pem4f.oem4f (.text:ti_sysbios_BIOS_startFunc__I)
                  000041fc    00000004     --HOLE-- [fill = 0]
                  00004200    00000030     sysbios.aem4f : BIOS.obj (.text:ti_sysbios_family_arm_m3_TaskSupport_start__E)
                  00004230    00000030                   : BIOS.obj (.text:ti_sysbios_family_arm_msp432_Timer_setPeriod__E)
                  00004260    00000030     swi_pem4f.oem4f (.text:ti_sysbios_gates_GateHwi_Object__create__S)
                  00004290    00000030     swi_pem4f.oem4f (.text:ti_sysbios_gates_GateMutex_Object__create__S)
                  000042c0    00000030     sysbios.aem4f : BIOS.obj (.text:ti_sysbios_gates_GateMutex_enter__E)
                  000042f0    00000030     swi_pem4f.oem4f (.text:ti_sysbios_heaps_HeapMem_Object__create__S)
                  00004320    00000030     swi_pem4f.oem4f (.text:ti_sysbios_knl_Semaphore_construct)
                  00004350    00000030     sysbios.aem4f : BIOS.obj (.text:ti_sysbios_knl_Semaphore_pendTimeout__I)
                  00004380    00000030                   : BIOS.obj (.text:ti_sysbios_knl_Task_processVitalTaskFlag__I)
                  000043b0    00000030                   : BIOS.obj (.text:ti_sysbios_knl_Task_unblockI__E)
                  000043e0    00000030     ti.targets.arm.rtsarm.aem4f : SysMin.oem4f (.text:xdc_runtime_SysMin_abort__E)
                  00004410    00000030                                 : System.oem4f (.text:xdc_runtime_System_processAtExit__E)
                  00004440    0000002c     msp432p4xx_driverlib.lib : pcm.o (.text:PCM_getCoreVoltageLevel)
                  0000446c    0000002c     power_tirtos_MSP432P401R.aem4f : PowerMSP432_tirtos.oem4f (.text:PowerMSP432_updateFreqs)
                  00004498    0000002c     swi.obj (.text:clk0Fxn)
                  000044c4    0000002c     swi_pem4f.oem4f (.text:ti_sysbios_knl_Clock_doTick__I)
                  000044f0    0000002c     swi_pem4f.oem4f (.text:ti_sysbios_knl_Queue_construct)
                  0000451c    00000004     --HOLE-- [fill = 0]
                  00004520    0000002c     sysbios.aem4f : BIOS.obj (.text:ti_sysbios_knl_Swi_andn__E)
                  0000454c    00000004     --HOLE-- [fill = 0]
                  00004550    0000002c                   : BIOS.obj (.text:ti_sysbios_knl_Task_restore__E)
                  0000457c    0000002c     ti.targets.arm.rtsarm.aem4f : Text.oem4f (.text:xdc_runtime_Text_cordText__E)
                  000045a8    0000002a     msp432p4xx_driverlib.lib : pcm.o (.text:PCM_getPowerMode)
                  000045d2    0000002a     ti.targets.arm.rtsarm.aem4f : System.oem4f (.text:xdc_runtime_System_putchar__I)
                  000045fc    00000028     msp432p4xx_driverlib.lib : flash.o (.text:FlashCtl_setWaitState)
                  00004624    00000028                              : pcm.o (.text:PCM_gotoLPM0)
                  0000464c    00000004     --HOLE-- [fill = 0]
                  00004650    00000028     sysbios.aem4f : BIOS.obj (.text:ti_sysbios_knl_Clock_addI__E)
                  00004678    00000028                   : BIOS.obj (.text:ti_sysbios_knl_Swi_Module_startup__E)
                  000046a0    00000026                   : m3_Hwi_asm.obj (.text:ti_sysbios_family_arm_m3_Hwi_pendSV__I)
                  000046c6    00000026     ti.targets.arm.rtsarm.aem4f : System.oem4f (.text:xdc_runtime_System_avprintf__E)
                  000046ec    00000024     msp432p4xx_driverlib.lib : cs.o (.text:CS_setDCOCenteredFrequency)
                  00004710    00000024                              : rtc_c.o (.text:RTC_C_holdClock)
                  00004734    00000024                              : rtc_c.o (.text:RTC_C_startClock)
                  00004758    00000024     swi_pem4f.oem4f (.text:ti_sysbios_BIOS_errorRaiseHook__I)
                  0000477c    00000024     swi_pem4f.oem4f (.text:ti_sysbios_BIOS_registerRTSLock__I)
                  000047a0    00000024     swi_pem4f.oem4f (.text:ti_sysbios_BIOS_removeRTSLock__I)
                  000047c4    00000004     --HOLE-- [fill = 0]
                  000047c8    00000024     sysbios.aem4f : BIOS.obj (.text:ti_sysbios_family_arm_msp432_ClockFreqs_setFrequency__E)
                  000047ec    00000004     --HOLE-- [fill = 0]
                  000047f0    00000024                   : BIOS.obj (.text:ti_sysbios_family_arm_msp432_Timer_postInit__I)
                  00004814    00000024     swi_pem4f.oem4f (.text:ti_sysbios_gates_GateMutex_Object__delete__S)
                  00004838    00000024     sysbios.aem4f : BIOS.obj (.text:ti_sysbios_knl_Clock_Module_startup__E)
                  0000485c    00000004     --HOLE-- [fill = 0]
                  00004860    00000024                   : BIOS.obj (.text:ti_sysbios_knl_Clock_start__E)
                  00004884    00000004     --HOLE-- [fill = 0]
                  00004888    00000024                   : BIOS.obj (.text:ti_sysbios_knl_Semaphore_Instance_init__E)
                  000048ac    00000004     --HOLE-- [fill = 0]
                  000048b0    00000024                   : BIOS.obj (.text:ti_sysbios_knl_Swi_dec__E)
                  000048d4    00000004     --HOLE-- [fill = 0]
                  000048d8    00000024                   : BIOS.obj (.text:ti_sysbios_knl_Task_restoreHwi__E)
                  000048fc    00000024     ti.targets.arm.rtsarm.aem4f : System.oem4f (.text:xdc_runtime_System_vprintf__E)
                  00004920    00000022     swi_pem4f.oem4f (.text:xdc_runtime_SysMin_output__I)
                  00004942    00000002     --HOLE-- [fill = 0]
                  00004944    00000020     swi_pem4f.oem4f (.text:ti_sysbios_BIOS_rtsLock__I)
                  00004964    00000020     sysbios.aem4f : m3_Hwi_asm.obj (.text:ti_sysbios_family_arm_m3_Hwi_excHandlerAsm__I)
                  00004984    00000004     --HOLE-- [fill = 0]
                  00004988    00000020                   : BIOS.obj (.text:ti_sysbios_family_arm_m3_Hwi_excHandler__I)
                  000049a8    00000020     swi_pem4f.oem4f (.text:ti_sysbios_gates_GateHwi_Object__delete__S)
                  000049c8    00000020     swi_pem4f.oem4f (.text:ti_sysbios_heaps_HeapMem_Object__delete__S)
                  000049e8    00000020     sysbios.aem4f : BIOS.obj (.text:ti_sysbios_knl_Idle_run__E)
                  00004a08    00000020     swi_pem4f.oem4f (.text:ti_sysbios_knl_Semaphore_Object__destruct__S)
                  00004a28    00000020     ti.targets.arm.rtsarm.aem4f : Registry.oem4f (.text:xdc_runtime_Registry_findById__E)
                  00004a48    00000020                                 : SysMin.oem4f (.text:xdc_runtime_SysMin_Module_startup__E)
                  00004a68    0000001e     sysbios.aem4f : m3_Hwi_asm_switch.obj (.text:ti_sysbios_family_xxx_Hwi_switchAndRunFunc)
                  00004a86    00000002     --HOLE-- [fill = 0]
                  00004a88    0000001c     msp432p4xx_driverlib.lib : pcm.o (.text:PCM_enableRudeMode)
                  00004aa4    00000004     --HOLE-- [fill = 0]
                  00004aa8    0000001c     sysbios.aem4f : BIOS.obj (.text:ti_sysbios_gates_GateMutex_Instance_init__E)
                  00004ac4    0000001c     swi_pem4f.oem4f (.text:ti_sysbios_knl_Queue_Object__destruct__S)
                  00004ae0    0000001c     sysbios.aem4f : BIOS.obj (.text:ti_sysbios_knl_Queue_put__E)
                  00004afc    00000004     --HOLE-- [fill = 0]
                  00004b00    0000001c                   : BIOS.obj (.text:ti_sysbios_knl_Task_enter__I)
                  00004b1c    0000001c     ti.targets.arm.rtsarm.aem4f : Error.oem4f (.text:xdc_runtime_Error_raiseX__E)
                  00004b38    0000001c                                 : Memory.oem4f (.text:xdc_runtime_Memory_valloc__E)
                  00004b54    0000001c                                 : SysMin.oem4f (.text:xdc_runtime_SysMin_exit__E)
                  00004b70    0000001c                                 : System.oem4f (.text:xdc_runtime_System_abort__E)
                  00004b8c    0000001a     swi_pem4f.oem4f (.text:ti_sysbios_family_arm_m3_Hwi_Handle__label__S)
                  00004ba6    0000001a     swi_pem4f.oem4f (.text:ti_sysbios_gates_GateHwi_Handle__label__S)
                  00004bc0    0000001a     swi_pem4f.oem4f (.text:ti_sysbios_gates_GateMutex_Handle__label__S)
                  00004bda    0000001a     swi_pem4f.oem4f (.text:ti_sysbios_heaps_HeapMem_Handle__label__S)
                  00004bf4    0000001a     swi_pem4f.oem4f (.text:ti_sysbios_knl_Swi_Handle__label__S)
                  00004c0e    0000001a     swi_pem4f.oem4f (.text:ti_sysbios_knl_Task_Handle__label__S)
                  00004c28    0000001a     swi_pem4f.oem4f (.text:xdc_runtime_System_aprintf__E)
                  00004c42    0000001a     swi_pem4f.oem4f (.text:xdc_runtime_System_printf__E)
                  00004c5c    00000018     msp432p4xx_driverlib.lib : wdt_a.o (.text:WDT_A_holdTimer)
                  00004c74    00000018     rtsv7M4_T_le_v4SPD16_eabi.lib : args_main.obj (.text)
                  00004c8c    00000018     swi_pem4f.oem4f (.text:ti_sysbios_BIOS_rtsUnlock__I)
                  00004ca4    00000018     swi_pem4f.oem4f (.text:ti_sysbios_family_arm_m3_Hwi_Module__startupDone__F)
                  00004cbc    00000018     sysbios.aem4f : m3_TaskSupport_asm.obj (.text:ti_sysbios_family_arm_m3_TaskSupport_swap__E)
                  00004cd4    00000018     swi_pem4f.oem4f (.text:ti_sysbios_family_arm_msp432_Timer_Module__startupDone__F)
                  00004cec    00000004     --HOLE-- [fill = 0]
                  00004cf0    00000018     sysbios.aem4f : BIOS.obj (.text:ti_sysbios_gates_GateMutex_leave__E)
                  00004d08    00000018                   : BIOS.obj (.text:ti_sysbios_knl_Swi_inc__E)
                  00004d20    00000018                   : BIOS.obj (.text:ti_sysbios_knl_Swi_or__E)
                  00004d38    00000018     ti.targets.arm.rtsarm.aem4f : Error.oem4f (.text:xdc_runtime_Error_check__E)
                  00004d50    00000018                                 : System.oem4f (.text:xdc_runtime_System_exit__E)
                  00004d68    00000018                                 : Text.oem4f (.text:xdc_runtime_Text_ropeText__E)
                  00004d80    00000016     swi_pem4f.oem4f (.text:ti_sysbios_BIOS_exitFunc__I)
                  00004d96    00000016     swi.obj (.text:ti_sysbios_knl_Clock_Params_init)
                  00004dac    00000016     swi.obj (.text:ti_sysbios_knl_Semaphore_Params_init)
                  00004dc2    00000016     swi.obj (.text:ti_sysbios_knl_Swi_Params_init)
                  00004dd8    00000016     swi.obj (.text:ti_sysbios_knl_Task_Params_init)
                  00004dee    00000002     --HOLE-- [fill = 0]
                  00004df0    00000016     sysbios.aem4f : BIOS.obj (.text:ti_sysbios_knl_Task_unblock__E)
                  00004e06    00000002     --HOLE-- [fill = 0]
                  00004e08    00000014     drivers_MSP432P401R.aem4f : PowerMSP432.oem4f (.text:Power_idleFunc)
                  00004e1c    00000014     msp432p4xx_driverlib.lib : wdt_a.o (.text:WDT_A_startTimer)
                  00004e30    00000014     rtsv7M4_T_le_v4SPD16_eabi.lib : _lock.obj (.text)
                  00004e44    00000014                                   : strcpy.obj (.text)
                  00004e58    00000014                                   : strlen.obj (.text)
                  00004e6c    00000014     swi_pem4f.oem4f (.text:ti_sysbios_family_arm_m3_Hwi_Object__get__S)
                  00004e80    00000014     sysbios.aem4f : BIOS.obj (.text:ti_sysbios_family_arm_m3_Hwi_switchFromBootStack__E)
                  00004e94    00000014     swi_pem4f.oem4f (.text:ti_sysbios_heaps_HeapMem_Object__get__S)
                  00004ea8    00000014     swi_pem4f.oem4f (.text:ti_sysbios_knl_Swi_Object__get__S)
                  00004ebc    00000004     --HOLE-- [fill = 0]
                  00004ec0    00000012     sysbios.aem4f : BIOS.obj (.text:ti_sysbios_hal_Hwi_Module_startup__E)
                  00004ed2    00000012     swi_pem4f.oem4f (.text:xdc_runtime_Startup_exec__I)
                  00004ee4    00000010     msp432p4xx_driverlib.lib : pcm.o (.text:PCM_gotoLPM4)
                  00004ef4    00000004     --HOLE-- [fill = 0]
                  00004ef8    00000010     sysbios.aem4f : BIOS.obj (.text:ti_sysbios_BIOS_exit__E)
                  00004f08    00000010                   : BIOS.obj (.text:ti_sysbios_BIOS_setCpuFreq__E)
                  00004f18    00000010                   : BIOS.obj (.text:ti_sysbios_BIOS_setThreadType__E)
                  00004f28    00000010                   : BIOS.obj (.text:ti_sysbios_BIOS_start__E)
                  00004f38    00000010                   : m3_TaskSupport_asm.obj (.text:ti_sysbios_family_arm_m3_TaskSupport_glue)
                  00004f48    00000010                   : BIOS.obj (.text:ti_sysbios_family_arm_msp432_init_Boot_disableWatchdog)
                  00004f58    00000010                   : BIOS.obj (.text:ti_sysbios_gates_GateMutex_Instance_finalize__E)
                  00004f68    00000010                   : BIOS.obj (.text:ti_sysbios_knl_Semaphore_Instance_finalize__E)
                  00004f78    00000010                   : BIOS.obj (.text:ti_sysbios_knl_Swi_disable__E)
                  00004f88    00000010     swi_pem4f.oem4f (.text:ti_sysbios_knl_Task_Object__get__S)
                  00004f98    00000010     sysbios.aem4f : BIOS.obj (.text:ti_sysbios_knl_Task_disable__E)
                  00004fa8    00000010     ti.targets.arm.rtsarm.aem4f : Gate.oem4f (.text:xdc_runtime_Gate_leaveSystem__E)
                  00004fb8    00000010                                 : Memory.oem4f (.text:xdc_runtime_Memory_free__E)
                  00004fc8    00000010                                 : SysMin.oem4f (.text:xdc_runtime_SysMin_ready__E)
                  00004fd8    00000010                                 : System.oem4f (.text:xdc_runtime_System_vsnprintf__E)
                  00004fe8    00000010     swi_pem4f.oem4f (.text:xdc_runtime_Text_visitRope__I)
                  00004ff8    0000000e     rtsv7M4_T_le_v4SPD16_eabi.lib : copy_decompress_none.obj (.text:decompress:none)
                  00005006    00000002     --HOLE-- [fill = 0]
                  00005008    0000000e     sysbios.aem4f : BIOS.obj (.text:ti_sysbios_knl_Clock_removeI__E)
                  00005016    00000002     --HOLE-- [fill = 0]
                  00005018    0000000e                   : BIOS.obj (.text:ti_sysbios_knl_Idle_loop__E)
                  00005026    00000002     --HOLE-- [fill = 0]
                  00005028    0000000e                   : BIOS.obj (.text:ti_sysbios_knl_Queue_empty__E)
                  00005036    0000000c     swi_pem4f.oem4f (.text:.bootCodeSection:ti_sysbios_family_arm_msp432_init_Boot_init__I)
                  00005042    0000000c     msp432p4xx_driverlib.lib : cpu.o (.text:CPU_cpsid)
                  0000504e    0000000c                              : cpu.o (.text:CPU_cpsie)
                  0000505a    00000002     --HOLE-- [fill = 0]
                  0000505c    0000000c                              : pcm.o (.text:PCM_getPowerState)
                  00005068    0000000c     drivers_MSP432P401R.aem4f : PowerMSP432.oem4f (.text:Power_getConstraintMask)
                  00005074    00000004     --HOLE-- [fill = 0]
                  00005078    0000000c     sysbios.aem4f : BIOS.obj (.text:ti_sysbios_family_arm_m3_TaskSupport_checkStack__E)
                  00005084    00000004     --HOLE-- [fill = 0]
                  00005088    0000000c                   : BIOS.obj (.text:ti_sysbios_family_arm_m3_TaskSupport_getStackAlignment__E)
                  00005094    00000004     --HOLE-- [fill = 0]
                  00005098    0000000c                   : BIOS.obj (.text:ti_sysbios_family_arm_msp432_Timer_getMaxTicks__E)
                  000050a4    00000004     --HOLE-- [fill = 0]
                  000050a8    0000000c                   : BIOS.obj (.text:ti_sysbios_gates_GateHwi_enter__E)
                  000050b4    0000000c     swi_pem4f.oem4f (.text:ti_sysbios_knl_Clock_Params__init__S)
                  000050c0    0000000c     swi_pem4f.oem4f (.text:ti_sysbios_knl_Queue_Object__get__S)
                  000050cc    0000000c     swi_pem4f.oem4f (.text:ti_sysbios_knl_Semaphore_Params__init__S)
                  000050d8    0000000c     swi.obj (.text:ti_sysbios_knl_Semaphore_handle)
                  000050e4    0000000c     swi_pem4f.oem4f (.text:ti_sysbios_knl_Swi_Params__init__S)
                  000050f0    0000000c     sysbios.aem4f : BIOS.obj (.text:ti_sysbios_knl_Swi_getTrigger__E)
                  000050fc    0000000c     swi.obj (.text:ti_sysbios_knl_Swi_handle)
                  00005108    0000000c     swi_pem4f.oem4f (.text:ti_sysbios_knl_Task_Params__init__S)
                  00005114    0000000c     ti.targets.arm.rtsarm.aem4f : Error.oem4f (.text:xdc_runtime_Error_init__E)
                  00005120    0000000c                                 : Gate.oem4f (.text:xdc_runtime_Gate_enterSystem__E)
                  0000512c    0000000c                                 : Memory.oem4f (.text:xdc_runtime_Memory_calloc__E)
                  00005138    0000000c                                 : Memory.oem4f (.text:xdc_runtime_Memory_getMaxDefaultTypeAlign__E)
                  00005144    0000000c                                 : Startup.oem4f (.text:xdc_runtime_Startup_rtsDone__E)
                  00005150    0000000a     swi_pem4f.oem4f (.text:xdc_runtime_IHeap_alloc)
                  0000515a    0000000a     swi_pem4f.oem4f (.text:xdc_runtime_IHeap_free)
                  00005164    00000008     MSP_EXP432P401R.obj (.text:MSP_EXP432P401R_initGeneral)
                  0000516c    00000008     msp432p4xx_driverlib.lib : pcm.o (.text:PCM_setPowerMode)
                  00005174    00000008                              : pcm.o (.text:PCM_setPowerState)
                  0000517c    00000004     --HOLE-- [fill = 0]
                  00005180    00000008     sysbios.aem4f : BIOS.obj (.text:ti_sysbios_family_arm_m3_Hwi_doSwiRestore__I)
                  00005188    00000008                   : BIOS.obj (.text:ti_sysbios_family_arm_m3_Hwi_startup__E)
                  00005190    00000006     rtsv7M4_T_le_v4SPD16_eabi.lib : copy_decompress_rle.obj (.text:decompress:rle24)
                  00005196    00000002     --HOLE-- [fill = 0]
                  00005198    00000006     sysbios.aem4f : BIOS.obj (.text:ti_sysbios_family_arm_m3_Hwi_doTaskRestore__I)
                  0000519e    00000002     --HOLE-- [fill = 0]
                  000051a0    00000006                   : BIOS.obj (.text:ti_sysbios_gates_GateHwi_leave__E)
                  000051a6    00000002     --HOLE-- [fill = 0]
                  000051a8    00000006                   : BIOS.obj (.text:ti_sysbios_heaps_HeapMem_isBlocking__E)
                  000051ae    00000002     --HOLE-- [fill = 0]
                  000051b0    00000006                   : BIOS.obj (.text:ti_sysbios_knl_Queue_Instance_init__E)
                  000051b6    00000002     --HOLE-- [fill = 0]
                  000051b8    00000006                   : BIOS.obj (.text:ti_sysbios_knl_Swi_startup__E)
                  000051be    00000006     ti.targets.arm.rtsarm.aem4f : System.oem4f (.text:xdc_runtime_System_Module_startup__E)
                  000051c4    00000004     --HOLE-- [fill = 0]
                  000051c8    00000004     sysbios.aem4f : BIOS.obj (.text:ti_sysbios_gates_GateHwi_query__E)
                  000051cc    00000004     --HOLE-- [fill = 0]
                  000051d0    00000004                   : BIOS.obj (.text:ti_sysbios_gates_GateMutex_query__E)
                  000051d4    00000004     --HOLE-- [fill = 0]
                  000051d8    00000004                   : BIOS.obj (.text:ti_sysbios_knl_Swi_getPri__E)
                  000051dc    00000004     --HOLE-- [fill = 0]
                  000051e0    00000004                   : BIOS.obj (.text:ti_sysbios_knl_Task_startup__E)
                  000051e4    00000004     --HOLE-- [fill = 0]
                  000051e8    00000002                   : BIOS.obj (.text:ti_sysbios_BIOS_linkedWithIncorrectBootLibrary__E)
                  000051ea    00000006     --HOLE-- [fill = 0]
                  000051f0    00000002                   : BIOS.obj (.text:ti_sysbios_gates_GateHwi_Instance_init__E)
                  000051f2    00000006     --HOLE-- [fill = 0]
                  000051f8    00000002                   : BIOS.obj (.text:ti_sysbios_knl_Clock_logTick__E)
                  000051fa    00000006     --HOLE-- [fill = 0]
                  00005200    00000002                   : BIOS.obj (.text:ti_sysbios_knl_Swi_Instance_finalize__E)

.const     0    00005204    00001d46     
                  00005204    0000181b     swi_pem4f.oem4f (.const:xdc_runtime_Text_charTab__A)
                  00006a1f    00000001     swi_pem4f.oem4f (.const:xdc_runtime_Error_policy__C)
                  00006a20    000000b0     swi_pem4f.oem4f (.const:xdc_runtime_Text_nodeTab__A)
                  00006ad0    00000048     swi_pem4f.oem4f (.const:.string)
                  00006b18    0000003c     swi_pem4f.oem4f (.const:ti_sysbios_knl_Task_Object__PARAMS__C)
                  00006b54    00000028     swi_pem4f.oem4f (.const:ti_sysbios_heaps_HeapMem_Module__FXNS__C)
                  00006b7c    00000028     swi_pem4f.oem4f (.const:ti_sysbios_knl_Swi_Object__PARAMS__C)
                  00006ba4    00000024     swi_pem4f.oem4f (.const:ti_sysbios_gates_GateHwi_Module__FXNS__C)
                  00006bc8    00000024     swi_pem4f.oem4f (.const:ti_sysbios_gates_GateMutex_Module__FXNS__C)
                  00006bec    00000024     swi_pem4f.oem4f (.const:ti_sysbios_heaps_HeapMem_Object__PARAMS__C)
                  00006c10    00000024     swi_pem4f.oem4f (.const:ti_sysbios_knl_Clock_Object__PARAMS__C)
                  00006c34    00000024     swi_pem4f.oem4f (.const:ti_sysbios_knl_Semaphore_Object__PARAMS__C)
                  00006c58    00000020     swi_pem4f.oem4f (.const:ti_sysbios_gates_GateHwi_Object__DESC__C)
                  00006c78    00000020     swi_pem4f.oem4f (.const:ti_sysbios_gates_GateMutex_Object__DESC__C)
                  00006c98    00000020     swi_pem4f.oem4f (.const:ti_sysbios_heaps_HeapMem_Object__DESC__C)
                  00006cb8    00000020     swi_pem4f.oem4f (.const:ti_sysbios_knl_Clock_Object__DESC__C)
                  00006cd8    00000020     swi_pem4f.oem4f (.const:ti_sysbios_knl_Queue_Object__DESC__C)
                  00006cf8    00000020     swi_pem4f.oem4f (.const:ti_sysbios_knl_Semaphore_Object__DESC__C)
                  00006d18    00000020     swi_pem4f.oem4f (.const:ti_sysbios_knl_Swi_Object__DESC__C)
                  00006d38    00000020     swi_pem4f.oem4f (.const:ti_sysbios_knl_Task_Object__DESC__C)
                  00006d58    00000020     swi_pem4f.oem4f (.const:xdc_runtime_Startup_sfxnTab__A)
                  00006d78    00000018     swi_pem4f.oem4f (.const:ti_sysbios_gates_GateHwi_Object__PARAMS__C)
                  00006d90    00000018     swi_pem4f.oem4f (.const:ti_sysbios_gates_GateMutex_Object__PARAMS__C)
                  00006da8    00000018     swi_pem4f.oem4f (.const:ti_sysbios_knl_Queue_Object__PARAMS__C)
                  00006dc0    00000010     MSP_EXP432P401R.obj (.const:PowerMSP432_config)
                  00006dd0    00000010     swi_pem4f.oem4f (.const:xdc_runtime_Startup_sfxnRts__A)
                  00006de0    0000000c     swi_pem4f.oem4f (.const:xdc_runtime_Startup_firstFxns__A)
                  00006dec    00000008     swi_pem4f.oem4f (.const:ti_sysbios_family_arm_m3_Hwi_excHookFuncs__A)
                  00006df4    00000008     swi_pem4f.oem4f (.const:ti_sysbios_knl_Idle_funcList__A)
                  00006dfc    00000008     swi_pem4f.oem4f (.const:ti_sysbios_knl_Idle_funcList__C)
                  00006e04    00000008     swi_pem4f.oem4f (.const:xdc_runtime_Startup_firstFxns__C)
                  00006e0c    00000008     swi_pem4f.oem4f (.const:xdc_runtime_Startup_lastFxns__C)
                  00006e14    00000004     swi_pem4f.oem4f (.const:ti_sysbios_family_arm_m3_Hwi_E_NMI__C)
                  00006e18    00000004     swi_pem4f.oem4f (.const:ti_sysbios_family_arm_m3_Hwi_E_busFault__C)
                  00006e1c    00000004     swi_pem4f.oem4f (.const:ti_sysbios_family_arm_m3_Hwi_E_debugMon__C)
                  00006e20    00000004     swi_pem4f.oem4f (.const:ti_sysbios_family_arm_m3_Hwi_E_hardFault__C)
                  00006e24    00000004     swi_pem4f.oem4f (.const:ti_sysbios_family_arm_m3_Hwi_E_memFault__C)
                  00006e28    00000004     swi_pem4f.oem4f (.const:ti_sysbios_family_arm_m3_Hwi_E_noIsr__C)
                  00006e2c    00000004     swi_pem4f.oem4f (.const:ti_sysbios_family_arm_m3_Hwi_E_reserved__C)
                  00006e30    00000004     swi_pem4f.oem4f (.const:ti_sysbios_family_arm_m3_Hwi_E_svCall__C)
                  00006e34    00000004     swi_pem4f.oem4f (.const:ti_sysbios_family_arm_m3_Hwi_E_usageFault__C)
                  00006e38    00000004     swi_pem4f.oem4f (.const:ti_sysbios_family_arm_m3_Hwi_NUM_INTERRUPTS__C)
                  00006e3c    00000004     swi_pem4f.oem4f (.const:ti_sysbios_family_arm_m3_Hwi_Object__count__C)
                  00006e40    00000004     swi_pem4f.oem4f (.const:ti_sysbios_family_arm_m3_Hwi_ccr__C)
                  00006e44    00000004     swi_pem4f.oem4f (.const:ti_sysbios_family_arm_m3_Hwi_excHandlerFunc__C)
                  00006e48    00000004     swi_pem4f.oem4f (.const:ti_sysbios_family_arm_m3_Hwi_excHookFuncs__C)
                  00006e4c    00000004     swi_pem4f.oem4f (.const:ti_sysbios_family_arm_m3_Hwi_nullIsrFunc__C)
                  00006e50    00000004     swi_pem4f.oem4f (.const:ti_sysbios_family_arm_m3_Hwi_priGroup__C)
                  00006e54    00000004     swi_pem4f.oem4f (.const:ti_sysbios_family_arm_m3_TaskSupport_stackAlignment__C)
                  00006e58    00000004     swi_pem4f.oem4f (.const:ti_sysbios_family_arm_msp432_Timer_numTimerDevices__C)
                  00006e5c    00000004     swi_pem4f.oem4f (.const:ti_sysbios_family_arm_msp432_Timer_startupNeeded__C)
                  00006e60    00000004     swi_pem4f.oem4f (.const:ti_sysbios_gates_GateMutex_Instance_State_sem__O)
                  00006e64    00000004     swi_pem4f.oem4f (.const:ti_sysbios_hal_Hwi_E_stackOverflow__C)
                  00006e68    00000004     swi_pem4f.oem4f (.const:ti_sysbios_heaps_HeapMem_E_memory__C)
                  00006e6c    00000004     swi_pem4f.oem4f (.const:ti_sysbios_heaps_HeapMem_Module__gateObj__C)
                  00006e70    00000004     swi_pem4f.oem4f (.const:ti_sysbios_heaps_HeapMem_Object__count__C)
                  00006e74    00000004     swi_pem4f.oem4f (.const:ti_sysbios_heaps_HeapMem_reqAlign__C)
                  00006e78    00000004     swi_pem4f.oem4f (.const:ti_sysbios_knl_Clock_Module_State_clockQ__O)
                  00006e7c    00000004     swi_pem4f.oem4f (.const:ti_sysbios_knl_Semaphore_Instance_State_pendQ__O)
                  00006e80    00000004     swi_pem4f.oem4f (.const:ti_sysbios_knl_Swi_Object__count__C)
                  00006e84    00000004     swi_pem4f.oem4f (.const:ti_sysbios_knl_Task_E_spOutOfBounds__C)
                  00006e88    00000004     swi_pem4f.oem4f (.const:ti_sysbios_knl_Task_E_stackOverflow__C)
                  00006e8c    00000004     swi_pem4f.oem4f (.const:ti_sysbios_knl_Task_Module_State_inactiveQ__O)
                  00006e90    00000004     swi_pem4f.oem4f (.const:ti_sysbios_knl_Task_Object__count__C)
                  00006e94    00000004     swi_pem4f.oem4f (.const:ti_sysbios_knl_Task_allBlockedFunc__C)
                  00006e98    00000004     swi_pem4f.oem4f (.const:ti_sysbios_knl_Task_defaultStackHeap__C)
                  00006e9c    00000004     swi_pem4f.oem4f (.const:ti_sysbios_knl_Task_defaultStackSize__C)
                  00006ea0    00000004     swi_pem4f.oem4f (.const:ti_sysbios_knl_Task_numConstructedTasks__C)
                  00006ea4    00000004     swi_pem4f.oem4f (.const:xdc_runtime_Assert_E_assertFailed__C)
                  00006ea8    00000004     swi_pem4f.oem4f (.const:xdc_runtime_Core_A_initializedParams__C)
                  00006eac    00000004     swi_pem4f.oem4f (.const:xdc_runtime_Core_Module__diagsEnabled__C)
                  00006eb0    00000004     swi_pem4f.oem4f (.const:xdc_runtime_Core_Module__diagsIncluded__C)
                  00006eb4    00000004     swi_pem4f.oem4f (.const:xdc_runtime_Core_Module__diagsMask__C)
                  00006eb8    00000004     swi_pem4f.oem4f (.const:xdc_runtime_Error_E_memory__C)
                  00006ebc    00000004     swi_pem4f.oem4f (.const:xdc_runtime_Error_Module__diagsEnabled__C)
                  00006ec0    00000004     swi_pem4f.oem4f (.const:xdc_runtime_Error_Module__diagsIncluded__C)
                  00006ec4    00000004     swi_pem4f.oem4f (.const:xdc_runtime_Error_Module__diagsMask__C)
                  00006ec8    00000004     swi_pem4f.oem4f (.const:xdc_runtime_Error_Module__loggerFxn8__C)
                  00006ecc    00000004     swi_pem4f.oem4f (.const:xdc_runtime_Error_Module__loggerObj__C)
                  00006ed0    00000004     swi_pem4f.oem4f (.const:xdc_runtime_Error_policyFxn__C)
                  00006ed4    00000004     swi_pem4f.oem4f (.const:xdc_runtime_Error_raiseHook__C)
                  00006ed8    00000004     swi_pem4f.oem4f (.const:xdc_runtime_IGateProvider_Interface__BASE__C)
                  00006edc    00000004     swi_pem4f.oem4f (.const:xdc_runtime_IHeap_Interface__BASE__C)
                  00006ee0    00000004     swi_pem4f.oem4f (.const:xdc_runtime_IModule_Interface__BASE__C)
                  00006ee4    00000004     swi_pem4f.oem4f (.const:xdc_runtime_Log_L_error__C)
                  00006ee8    00000004     swi_pem4f.oem4f (.const:xdc_runtime_Memory_defaultHeapInstance__C)
                  00006eec    00000004     swi_pem4f.oem4f (.const:xdc_runtime_Startup_execImpl__C)
                  00006ef0    00000004     swi_pem4f.oem4f (.const:xdc_runtime_Startup_maxPasses__C)
                  00006ef4    00000004     swi_pem4f.oem4f (.const:xdc_runtime_Startup_sfxnRts__C)
                  00006ef8    00000004     swi_pem4f.oem4f (.const:xdc_runtime_Startup_sfxnTab__C)
                  00006efc    00000004     swi_pem4f.oem4f (.const:xdc_runtime_SysMin_bufSize__C)
                  00006f00    00000004     swi_pem4f.oem4f (.const:xdc_runtime_SysMin_outputFunc__C)
                  00006f04    00000004     swi_pem4f.oem4f (.const:xdc_runtime_System_Module__gateObj__C)
                  00006f08    00000004     swi_pem4f.oem4f (.const:xdc_runtime_System_abortFxn__C)
                  00006f0c    00000004     swi_pem4f.oem4f (.const:xdc_runtime_System_exitFxn__C)
                  00006f10    00000004     swi_pem4f.oem4f (.const:xdc_runtime_System_extendFxn__C)
                  00006f14    00000004     swi_pem4f.oem4f (.const:xdc_runtime_System_maxAtexitHandlers__C)
                  00006f18    00000004     swi_pem4f.oem4f (.const:xdc_runtime_Text_charTab__C)
                  00006f1c    00000004     swi_pem4f.oem4f (.const:xdc_runtime_Text_nameEmpty__C)
                  00006f20    00000004     swi_pem4f.oem4f (.const:xdc_runtime_Text_nameStatic__C)
                  00006f24    00000004     swi_pem4f.oem4f (.const:xdc_runtime_Text_nameUnknown__C)
                  00006f28    00000004     swi_pem4f.oem4f (.const:xdc_runtime_Text_nodeTab__C)
                  00006f2c    00000004     swi_pem4f.oem4f (.const:xdc_runtime_Text_visitRopeFxn__C)
                  00006f30    00000002     swi_pem4f.oem4f (.const:ti_sysbios_family_arm_m3_Hwi_Module__id__C)
                  00006f32    00000002     swi_pem4f.oem4f (.const:ti_sysbios_hal_Hwi_Module__id__C)
                  00006f34    00000002     swi_pem4f.oem4f (.const:ti_sysbios_heaps_HeapMem_Module__id__C)
                  00006f36    00000002     swi_pem4f.oem4f (.const:ti_sysbios_knl_Task_Module__id__C)
                  00006f38    00000002     swi_pem4f.oem4f (.const:xdc_runtime_Core_Module__id__C)
                  00006f3a    00000002     swi_pem4f.oem4f (.const:xdc_runtime_Error_Module__loggerDefined__C)
                  00006f3c    00000002     swi_pem4f.oem4f (.const:xdc_runtime_Error_maxDepth__C)
                  00006f3e    00000002     swi_pem4f.oem4f (.const:xdc_runtime_Memory_Module__id__C)
                  00006f40    00000002     swi_pem4f.oem4f (.const:xdc_runtime_SysMin_flushAtExit__C)
                  00006f42    00000002     swi_pem4f.oem4f (.const:xdc_runtime_Text_charCnt__C)
                  00006f44    00000002     swi_pem4f.oem4f (.const:xdc_runtime_Text_isLoaded__C)
                  00006f46    00000002     swi_pem4f.oem4f (.const:xdc_runtime_Text_registryModsLastId__C)
                  00006f48    00000002     swi_pem4f.oem4f (.const:xdc_runtime_Text_unnamedModsLastId__C)

.cinit     0    00006f50    000003a4     
                  00006f50    00000361     (.cinit..data.load) [load image, compression = rle]
                  000072b1    00000007     --HOLE-- [fill = 0]
                  000072b8    0000000b     (.cinit..bss.load) [load image, compression = rle]
                  000072c3    00000005     --HOLE-- [fill = 0]
                  000072c8    0000000b     (.cinit..vecs.load) [load image, compression = rle]
                  000072d3    00000001     --HOLE-- [fill = 0]
                  000072d4    00000008     (__TI_handler_table)
                  000072dc    00000018     (__TI_cinit_table)

.resetVecs 
*          0    00000000    0000003c     
                  00000000    0000003c     swi_pem4f.oem4f (.resetVecs)

.vecs      0    20000000    00000140     UNINITIALIZED
                  20000000    00000140     swi_pem4f.oem4f (.vecs)

.bss       0    20000140    00000d6c     UNINITIALIZED
                  20000140    00000400     (.common:ti_sysbios_heaps_HeapMem_Instance_State_0_buf__A)
                  20000540    00000200     swi_pem4f.oem4f (.bss:taskStackSection)
                  20000740    00000200     (.common:task0Stack)
                  20000940    00000200     (.common:xdc_runtime_SysMin_Module_State_0_outbuf__A)
                  20000b40    00000140     (.common:ti_sysbios_family_arm_m3_Hwi_dispatchTable)
                  20000c80    00000120     rtsv7M4_T_le_v4SPD16_eabi.lib : trgmsg.obj (.bss:_CIOBUF_)
                  20000da0    00000050     (.common:task0Struct)
                  20000df0    00000034     (.common:swi0Struct)
                  20000e24    00000034     (.common:swi1Struct)
                  20000e58    00000024     (.common:clk0Struct)
                  20000e7c    0000001c     (.common:sem0Struct)
                  20000e98    00000008                                   : trgdrv.obj (.bss:parmbuf)
                  20000ea0    00000004     (.common:sem0Handle)
                  20000ea4    00000004     (.common:swi0Handle)
                  20000ea8    00000004     (.common:swi1Handle)

.data      0    20000eac    000004bc     UNINITIALIZED
                  20000eac    0000009c     drivers_MSP432P401R.aem4f : PowerMSP432.oem4f (.data:PowerMSP432_perfLevels)
                  20000f48    00000080     swi_pem4f.oem4f (.data:ti_sysbios_knl_Swi_Module_State_0_readyQ__A)
                  20000fc8    00000080     swi_pem4f.oem4f (.data:ti_sysbios_knl_Task_Module_State_0_readyQ__A)
                  20001048    0000004c     swi_pem4f.oem4f (.data:ti_sysbios_family_arm_msp432_Timer_Object__table__V)
                  20001094    0000004c     swi_pem4f.oem4f (.data:ti_sysbios_knl_Task_Object__table__V)
                  200010e0    00000044     swi_pem4f.oem4f (.data:ti_sysbios_knl_Task_Module__state__V)
                  20001124    00000038     swi_pem4f.oem4f (.data:ti_sysbios_gates_GateMutex_Object__table__V)
                  2000115c    00000034     swi_pem4f.oem4f (.data:ti_sysbios_family_arm_m3_Hwi_Module__state__V)
                  20001190    00000030     swi_pem4f.oem4f (.data:ti_sysbios_knl_Swi_Object__table__V)
                  200011c0    0000002c     swi_pem4f.oem4f (.data:ti_sysbios_knl_Clock_Module__state__V)
                  200011ec    00000028     drivers_MSP432P401R.aem4f : PowerMSP432.oem4f (.data:PowerMSP432_module)
                  20001214    00000024     swi_pem4f.oem4f (.data:ti_sysbios_BIOS_Module__state__V)
                  20001238    00000020     swi_pem4f.oem4f (.data:ti_sysbios_family_arm_msp432_Timer_Module_State_0_device__A)
                  20001258    0000001c     swi_pem4f.oem4f (.data:ti_sysbios_knl_Swi_Module__state__V)
                  20001274    00000018     swi_pem4f.oem4f (.data:ti_sysbios_family_arm_m3_Hwi_Object__table__V)
                  2000128c    00000018     swi_pem4f.oem4f (.data:ti_sysbios_heaps_HeapMem_Object__table__V)
                  200012a4    00000010     swi_pem4f.oem4f (.data:ti_sysbios_family_arm_msp432_Timer_Module_State_0_handles__A)
                  200012b4    0000000c     rtsv7M4_T_le_v4SPD16_eabi.lib : exit.obj (.data:$O1$$)
                  200012c0    0000000c     swi_pem4f.oem4f (.data:ti_sysbios_family_arm_msp432_ClockFreqs_Module__state__V)
                  200012cc    0000000c     swi_pem4f.oem4f (.data:ti_sysbios_family_arm_msp432_Timer_Module__state__V)
                  200012d8    0000000c     swi_pem4f.oem4f (.data:xdc_runtime_SysMin_Module__state__V)
                  200012e4    00000008     rtsv7M4_T_le_v4SPD16_eabi.lib : _lock.obj (.data:$O1$$)
                  200012ec    00000008     swi_pem4f.oem4f (.data:ti_sysbios_gates_GateHwi_Module__root__V)
                  200012f4    00000008     swi_pem4f.oem4f (.data:ti_sysbios_gates_GateMutex_Module__root__V)
                  200012fc    00000008     swi_pem4f.oem4f (.data:ti_sysbios_heaps_HeapMem_Module__root__V)
                  20001304    00000008     swi_pem4f.oem4f (.data:ti_sysbios_knl_Clock_Module__root__V)
                  2000130c    00000008     swi_pem4f.oem4f (.data:ti_sysbios_knl_Queue_Module__root__V)
                  20001314    00000008     swi_pem4f.oem4f (.data:ti_sysbios_knl_Semaphore_Module__root__V)
                  2000131c    00000008     swi_pem4f.oem4f (.data:ti_sysbios_knl_Swi_Module__root__V)
                  20001324    00000008     swi_pem4f.oem4f (.data:ti_sysbios_knl_Task_Module__root__V)
                  2000132c    00000008     swi_pem4f.oem4f (.data:xdc_runtime_Registry_Module__state__V)
                  20001334    00000008     swi_pem4f.oem4f (.data:xdc_runtime_Startup_Module__state__V)
                  2000133c    00000008     swi_pem4f.oem4f (.data:xdc_runtime_System_Module_State_0_atexitHandlers__A)
                  20001344    00000008     swi_pem4f.oem4f (.data:xdc_runtime_System_Module__state__V)
                  2000134c    00000004     rtsv7M4_T_le_v4SPD16_eabi.lib : stkdepth_vars.obj (.data)
                  20001350    00000004     swi_pem4f.oem4f (.data:ti_sysbios_family_arm_m3_Hwi_Module_State_0_excContext__A)
                  20001354    00000004     swi_pem4f.oem4f (.data:ti_sysbios_family_arm_m3_Hwi_Module_State_0_excStack__A)
                  20001358    00000004     swi_pem4f.oem4f (.data:ti_sysbios_gates_GateHwi_Object__table__V)
                  2000135c    00000004     swi_pem4f.oem4f (.data:ti_sysbios_knl_Task_Module_State_0_idleTask__A)
                  20001360    00000004     swi_pem4f.oem4f (.data:xdc_runtime_Memory_Module__state__V)
                  20001364    00000002     swi_pem4f.oem4f (.data:ti_sysbios_family_arm_m3_Hwi_Module_State_0_excActive__A)
                  20001366    00000002     swi_pem4f.oem4f (.data:xdc_runtime_Error_Module__state__V)

.stack     0    2000fd00    00000300     UNINITIALIZED
                  2000fd00    00000300     --HOLE--

.bootVecs 
*          0    00000000    00000008     DSECT
                  00000000    00000008     boot.aem4f : boot.oem4f (.bootVecs)

xdc.meta   0    00000000    00000100     COPY SECTION
                  00000000    00000100     swi_pem4f.oem4f (xdc.meta)

.binit     0    00000000    00000000     

MODULE SUMMARY

       Module                     code    ro data   rw data
       ------                     ----    -------   -------
    .\
       swi.obj                    856     0         772    
       MSP_EXP432P401R.obj        8       16        0      
    +--+--------------------------+-------+---------+---------+
       Total:                     864     16        772    
                                                           
    C:\Users\Abhijith\Documents\workshop\swi_MSP_EXP432P401R_TI_MSP432P401R\Debug\configPkg\package\cfg\
       swi_pem4f.oem4f            1724    7538      3680   
    +--+--------------------------+-------+---------+---------+
       Total:                     1724    7538      3680   
                                                           
    C:/ti/tirex-content/tirtos_msp43x_2_20_00_06/products/msp432_driverlib_3_21_00_05/driverlib/MSP432P4xx/ccs/msp432p4xx_driverlib.lib
       pcm.o                      1214    0         0      
       cs.o                       260     0         0      
       flash.o                    156     0         0      
       rtc_c.o                    72      0         0      
       wdt_a.o                    44      0         0      
       cpu.o                      28      0         0      
    +--+--------------------------+-------+---------+---------+
       Total:                     1774    0         0      
                                                           
    C:/ti/tirex-content/tirtos_msp43x_2_20_00_06/products/tidrivers_msp43x_2_20_00_08/packages/ti/drivers/lib/drivers_MSP432P401R.aem4f
       PowerMSP432.oem4f          1016    0         196    
       List.oem4f                 8       0         0      
    +--+--------------------------+-------+---------+---------+
       Total:                     1024    0         196    
                                                           
    C:/ti/tirex-content/tirtos_msp43x_2_20_00_06/products/tidrivers_msp43x_2_20_00_08/packages/ti/drivers/lib/power_tirtos_MSP432P401R.aem4f
       PowerMSP432_tirtos.oem4f   106     0         0      
    +--+--------------------------+-------+---------+---------+
       Total:                     106     0         0      
                                                           
    C:\Users\Abhijith\Documents\workshop\swi_MSP_EXP432P401R_TI_MSP432P401R\src\sysbios\sysbios.aem4f
       BIOS.obj                   8694    0         0      
       m3_Hwi_asm.obj             306     0         0      
       m3_TaskSupport_asm.obj     180     0         0      
       m3_Hwi_asm_switch.obj      118     0         0      
    +--+--------------------------+-------+---------+---------+
       Total:                     9298    0         0      
                                                           
    C:\ti\ccsv6\tools\compiler\arm_15.12.3.LTS\lib\rtsv7M4_T_le_v4SPD16_eabi.lib
       trgdrv.obj                 804     0         8      
       trgmsg.obj                 104     0         288    
       memcpy_t2.obj              156     0         0      
       memset_t2.obj              122     0         0      
       copy_decompress_rle.obj    112     0         0      
       exit.obj                   84      0         12     
       cpy_tbl.obj                76      0         0      
       u_divt2.obj                64      0         0      
       _lock.obj                  20      0         8      
       args_main.obj              24      0         0      
       strcpy.obj                 20      0         0      
       strlen.obj                 20      0         0      
       copy_decompress_none.obj   14      0         0      
       stkdepth_vars.obj          0       0         4      
       i_div0.obj                 2       0         0      
    +--+--------------------------+-------+---------+---------+
       Total:                     1622    0         320    
                                                           
    C:\ti\tirex-content\tirtos_msp43x_2_20_00_06\products\bios_6_46_00_23\packages\ti\targets\arm\rtsarm\lib\auto_init.aem4f
       auto_init.oem4f            160     0         0      
    +--+--------------------------+-------+---------+---------+
       Total:                     160     0         0      
                                                           
    C:\ti\tirex-content\tirtos_msp43x_2_20_00_06\products\bios_6_46_00_23\packages\ti\targets\arm\rtsarm\lib\boot.aem4f
       boot.oem4f                 88      0         0      
    +--+--------------------------+-------+---------+---------+
       Total:                     88      0         0      
                                                           
    C:\ti\tirex-content\tirtos_msp43x_2_20_00_06\products\bios_6_46_00_23\packages\ti\targets\arm\rtsarm\lib\ti.targets.arm.rtsarm.aem4f
       System.oem4f               1255    0         0      
       Text.oem4f                 672     0         0      
       Error.oem4f                524     0         0      
       Core-mem.oem4f             358     0         0      
       Startup.oem4f              340     0         0      
       SysMin.oem4f               248     0         0      
       Core-smem.oem4f            204     0         0      
       Memory.oem4f               176     0         0      
       Assert.oem4f               84      0         0      
       Core-params.oem4f          70      0         0      
       Core-label.oem4f           52      0         0      
       Registry.oem4f             32      0         0      
       Gate.oem4f                 28      0         0      
    +--+--------------------------+-------+---------+---------+
       Total:                     4043    0         0      
                                                           
       Stack:                     0       0         768    
       Linker Generated:          0       919       0      
    +--+--------------------------+-------+---------+---------+
       Grand Total:               20703   8473      5736   


LINKER GENERATED COPY TABLES

__TI_cinit_table @ 000072dc records: 3, size/record: 8, table size: 24
	.data: load addr=00006f50, load size=00000361 bytes, run addr=20000eac, run size=000004bc bytes, compression=rle
	.bss: load addr=000072b8, load size=0000000b bytes, run addr=20000140, run size=00000d6c bytes, compression=rle
	.vecs: load addr=000072c8, load size=0000000b bytes, run addr=20000000, run size=00000140 bytes, compression=rle


LINKER GENERATED HANDLER TABLE

__TI_handler_table @ 000072d4 records: 2, size/record: 4, table size: 8
	index: 0, handler: __TI_decompress_rle24
	index: 1, handler: __TI_decompress_none


GLOBAL SYMBOLS: SORTED ALPHABETICALLY BY Name 

address   name                                                        
-------   ----                                                        
00003521  C$$EXIT                                                     
0000312f  C$$IO$$                                                     
00005043  CPU_cpsid                                                   
0000504f  CPU_cpsie                                                   
00000ee5  CPU_wfi                                                     
00001d35  CS_initClockSignal                                          
000046ed  CS_setDCOCenteredFrequency                                  
00003cc1  FlashCtl_disableReadBuffering                               
00004029  FlashCtl_enableReadBuffering                                
000045fd  FlashCtl_setWaitState                                       
00000a93  HOSTclock                                                   
00000a5b  HOSTclose                                                   
00000a1d  HOSTgetenv                                                  
000009c1  HOSTlseek                                                   
0000096f  HOSTopen                                                    
00000923  HOSTread                                                    
000008c5  HOSTrename                                                  
0000088b  HOSTtime                                                    
00000841  HOSTtime64                                                  
00000809  HOSTunlink                                                  
000007bd  HOSTwrite                                                   
0000105d  List_head                                                   
000011c5  List_next                                                   
00005165  MSP_EXP432P401R_initGeneral                                 
00004a89  PCM_enableRudeMode                                          
00004441  PCM_getCoreVoltageLevel                                     
000045a9  PCM_getPowerMode                                            
0000505d  PCM_getPowerState                                           
00004625  PCM_gotoLPM0                                                
00002c1d  PCM_gotoLPM3                                                
00004ee5  PCM_gotoLPM4                                                
0000516d  PCM_setPowerMode                                            
00005175  PCM_setPowerState                                           
00003779  PCM_shutdownDevice                                          
00006dc0  PowerMSP432_config                                          
000028c7  PowerMSP432_initPolicy                                      
200011ec  PowerMSP432_module                                          
20000eac  PowerMSP432_perfLevels                                      
00003e41  PowerMSP432_sleepPolicy                                     
0000446d  PowerMSP432_updateFreqs                                     
00005069  Power_getConstraintMask                                     
00004e09  Power_idleFunc                                              
00003b21  Power_init                                                  
00000ae1  Power_sleep                                                 
00004711  RTC_C_holdClock                                             
00004735  RTC_C_startClock                                            
UNDEFED   SHT$$INIT_ARRAY$$Base                                       
UNDEFED   SHT$$INIT_ARRAY$$Limit                                      
4000480c  WDTCTL_SYM                                                  
00004c5d  WDT_A_holdTimer                                             
00004e1d  WDT_A_startTimer                                            
00000000  __ASM__                                                     
20000c80  __CIOBUF_                                                   
0000007c  __ISA__                                                     
0000008f  __PLAT__                                                    
20010000  __STACK_END                                                 
00000300  __STACK_SIZE                                                
000000b2  __TARG__                                                    
000072dc  __TI_CINIT_Base                                             
000072f4  __TI_CINIT_Limit                                            
000072d4  __TI_Handler_Table_Base                                     
000072dc  __TI_Handler_Table_Limit                                    
00002651  __TI_auto_init                                              
200012b4  __TI_cleanup_ptr                                            
00004ff9  __TI_decompress_none                                        
00005191  __TI_decompress_rle24                                       
200012b8  __TI_dtors_ptr                                              
200012bc  __TI_enable_exit_profile_output                             
ffffffff  __TI_pprof_out_hndl                                         
ffffffff  __TI_prof_data_size                                         
ffffffff  __TI_prof_data_start                                        
00003133  __TI_readmsg                                                
00006f50  __TI_static_base__                                          
00003101  __TI_writemsg                                               
000000d8  __TRDR__                                                    
00002d8f  __aeabi_idiv0                                               
00002d15  __aeabi_memclr                                              
00002d15  __aeabi_memclr4                                             
00002d15  __aeabi_memclr8                                             
00002791  __aeabi_memcpy                                              
00002791  __aeabi_memcpy4                                             
00002791  __aeabi_memcpy8                                             
00002d17  __aeabi_memset                                              
00002d17  __aeabi_memset4                                             
00002d17  __aeabi_memset8                                             
00003d41  __aeabi_uidiv                                               
00003d41  __aeabi_uidivmod                                            
ffffffff  __binit__                                                   
ffffffff  __c_args__                                                  
2000fd00  __stack                                                     
00004c75  _args_main                                                  
00003471  _c_int00                                                    
200012e4  _lock                                                       
00004e3f  _nop                                                        
00004e37  _register_lock                                              
00004e31  _register_unlock                                            
200012e8  _unlock                                                     
00003525  abort                                                       
ffffffff  binit                                                       
00004499  clk0Fxn                                                     
20000e58  clk0Struct                                                  
000038b9  copy_in                                                     
0000352d  exit                                                        
00001b5d  main                                                        
2000134c  main_func_sp                                                
00002791  memcpy                                                      
00002d1d  memset                                                      
00004f99  osi_TaskDisable                                             
00004f29  osi_start                                                   
20000ea0  sem0Handle                                                  
20000e7c  sem0Struct                                                  
00004e45  strcpy                                                      
00004e59  strlen                                                      
0000295d  swi0Fxn                                                     
20000ea4  swi0Handle                                                  
20000df0  swi0Struct                                                  
000029ed  swi1Fxn                                                     
20000ea8  swi1Handle                                                  
20000e24  swi1Struct                                                  
000024f5  task0Fxn                                                    
20000740  task0Stack                                                  
20000da0  task0Struct                                                 
20001214  ti_sysbios_BIOS_Module__state__V                            
00004bc1  ti_sysbios_BIOS_RtsGateProxy_Handle__label__S               
00004815  ti_sysbios_BIOS_RtsGateProxy_Object__delete__S              
0000166d  ti_sysbios_BIOS_RtsGateProxy_enter__E                       
00001fbd  ti_sysbios_BIOS_RtsGateProxy_leave__E                       
000051d1  ti_sysbios_BIOS_RtsGateProxy_query__E                       
0000419d  ti_sysbios_BIOS_atExitFunc__I                               
00004759  ti_sysbios_BIOS_errorRaiseHook__I                           
00004d81  ti_sysbios_BIOS_exitFunc__I                                 
00004ef9  ti_sysbios_BIOS_exit__E                                     
000051e9  ti_sysbios_BIOS_linkedWithIncorrectBootLibrary__E           
00002e6f  ti_sysbios_BIOS_nullFunc__I                                 
0000477d  ti_sysbios_BIOS_registerRTSLock__I                          
000047a1  ti_sysbios_BIOS_removeRTSLock__I                            
00004945  ti_sysbios_BIOS_rtsLock__I                                  
00004c8d  ti_sysbios_BIOS_rtsUnlock__I                                
00004f09  ti_sysbios_BIOS_setCpuFreq__E                               
00004f19  ti_sysbios_BIOS_setThreadType__E                            
000041cd  ti_sysbios_BIOS_startFunc__I                                
00004f29  ti_sysbios_BIOS_start__E                                    
00006e14  ti_sysbios_family_arm_m3_Hwi_E_NMI__C                       
00006e18  ti_sysbios_family_arm_m3_Hwi_E_busFault__C                  
00006e1c  ti_sysbios_family_arm_m3_Hwi_E_debugMon__C                  
00006e20  ti_sysbios_family_arm_m3_Hwi_E_hardFault__C                 
00006e24  ti_sysbios_family_arm_m3_Hwi_E_memFault__C                  
00006e28  ti_sysbios_family_arm_m3_Hwi_E_noIsr__C                     
00006e2c  ti_sysbios_family_arm_m3_Hwi_E_reserved__C                  
00006e30  ti_sysbios_family_arm_m3_Hwi_E_svCall__C                    
00006e34  ti_sysbios_family_arm_m3_Hwi_E_usageFault__C                
00004b8d  ti_sysbios_family_arm_m3_Hwi_Handle__label__S               
20001364  ti_sysbios_family_arm_m3_Hwi_Module_State_0_excActive__A    
20001350  ti_sysbios_family_arm_m3_Hwi_Module_State_0_excContext__A   
20001354  ti_sysbios_family_arm_m3_Hwi_Module_State_0_excStack__A     
00006f30  ti_sysbios_family_arm_m3_Hwi_Module__id__C                  
00004ca5  ti_sysbios_family_arm_m3_Hwi_Module__startupDone__F         
00004ca5  ti_sysbios_family_arm_m3_Hwi_Module__startupDone__S         
2000115c  ti_sysbios_family_arm_m3_Hwi_Module__state__V               
000037c9  ti_sysbios_family_arm_m3_Hwi_Module_startup__E              
00006e38  ti_sysbios_family_arm_m3_Hwi_NUM_INTERRUPTS__C              
00006e3c  ti_sysbios_family_arm_m3_Hwi_Object__count__C               
00004e6d  ti_sysbios_family_arm_m3_Hwi_Object__get__S                 
20001274  ti_sysbios_family_arm_m3_Hwi_Object__table__V               
00006e40  ti_sysbios_family_arm_m3_Hwi_ccr__C                         
000031d1  ti_sysbios_family_arm_m3_Hwi_dispatchC__I                   
20000b40  ti_sysbios_family_arm_m3_Hwi_dispatchTable                  
00001c49  ti_sysbios_family_arm_m3_Hwi_dispatch__I                    
00005181  ti_sysbios_family_arm_m3_Hwi_doSwiRestore__I                
00005199  ti_sysbios_family_arm_m3_Hwi_doTaskRestore__I               
00003a49  ti_sysbios_family_arm_m3_Hwi_enableInterrupt__E             
00000ee9  ti_sysbios_family_arm_m3_Hwi_excBusFault__I                 
00002159  ti_sysbios_family_arm_m3_Hwi_excDebugMon__I                 
00000041  ti_sysbios_family_arm_m3_Hwi_excDumpRegs__I                 
00001561  ti_sysbios_family_arm_m3_Hwi_excFillContext__I              
00004965  ti_sysbios_family_arm_m3_Hwi_excHandlerAsm__I               
00006e44  ti_sysbios_family_arm_m3_Hwi_excHandlerFunc__C              
00001671  ti_sysbios_family_arm_m3_Hwi_excHandlerMax__I               
00004989  ti_sysbios_family_arm_m3_Hwi_excHandler__I                  
00002219  ti_sysbios_family_arm_m3_Hwi_excHardFault__I                
00006dec  ti_sysbios_family_arm_m3_Hwi_excHookFuncs__A                
00006e48  ti_sysbios_family_arm_m3_Hwi_excHookFuncs__C                
000011c9  ti_sysbios_family_arm_m3_Hwi_excMemFault__I                 
00004061  ti_sysbios_family_arm_m3_Hwi_excNmi__I                      
00003f81  ti_sysbios_family_arm_m3_Hwi_excNoIsr__I                    
00003a91  ti_sysbios_family_arm_m3_Hwi_excReserved__I                 
00003e81  ti_sysbios_family_arm_m3_Hwi_excSvCall__I                   
00001061  ti_sysbios_family_arm_m3_Hwi_excUsageFault__I               
00003b69  ti_sysbios_family_arm_m3_Hwi_getStackInfo__E                
000028c9  ti_sysbios_family_arm_m3_Hwi_initNVIC__E                    
000034c9  ti_sysbios_family_arm_m3_Hwi_initStacks__E                  
00006e4c  ti_sysbios_family_arm_m3_Hwi_nullIsrFunc__C                 
e000e000  ti_sysbios_family_arm_m3_Hwi_nvic                           
000046a1  ti_sysbios_family_arm_m3_Hwi_pendSV__I                      
00002b99  ti_sysbios_family_arm_m3_Hwi_postInit__I                    
00006e50  ti_sysbios_family_arm_m3_Hwi_priGroup__C                    
20000000  ti_sysbios_family_arm_m3_Hwi_ramVectors                     
00000000  ti_sysbios_family_arm_m3_Hwi_resetVectors                   
000046c5  ti_sysbios_family_arm_m3_Hwi_return                         
00005189  ti_sysbios_family_arm_m3_Hwi_startup__E                     
00004e81  ti_sysbios_family_arm_m3_Hwi_switchFromBootStack__E         
00002215  ti_sysbios_family_arm_m3_TaskSupport_Module__startupDone__S 
00002a7d  ti_sysbios_family_arm_m3_TaskSupport_buildTaskStack         
00005079  ti_sysbios_family_arm_m3_TaskSupport_checkStack__E          
00005089  ti_sysbios_family_arm_m3_TaskSupport_getStackAlignment__E   
00004f39  ti_sysbios_family_arm_m3_TaskSupport_glue                   
00006e54  ti_sysbios_family_arm_m3_TaskSupport_stackAlignment__C      
00004201  ti_sysbios_family_arm_m3_TaskSupport_start__E               
00004cbd  ti_sysbios_family_arm_m3_TaskSupport_swap__E                
[...]
00004df1  ti_sysbios_knl_Task_unblock__E                              
00004e09  Power_idleFunc                                              
00004e1d  WDT_A_startTimer                                            
00004e31  _register_unlock                                            
00004e37  _register_lock                                              
00004e3f  _nop                                                        
00004e45  strcpy                                                      
00004e59  strlen                                                      
00004e6d  ti_sysbios_family_arm_m3_Hwi_Object__get__S                 
00004e81  ti_sysbios_family_arm_m3_Hwi_switchFromBootStack__E         
00004e81  ti_sysbios_hal_Hwi_HwiProxy_switchFromBootStack__E          
00004e95  ti_sysbios_heaps_HeapMem_Object__get__S                     
00004ea9  ti_sysbios_knl_Swi_Object__get__S                           
00004ec1  ti_sysbios_hal_Hwi_Module_startup__E                        
00004ed3  xdc_runtime_Startup_exec__I                                 
00004ee5  PCM_gotoLPM4                                                
00004ef9  ti_sysbios_BIOS_exit__E                                     
00004f09  ti_sysbios_BIOS_setCpuFreq__E                               
00004f19  ti_sysbios_BIOS_setThreadType__E                            
00004f29  osi_start                                                   
00004f29  ti_sysbios_BIOS_start__E                                    
00004f39  ti_sysbios_family_arm_m3_TaskSupport_glue                   
00004f49  ti_sysbios_family_arm_msp432_init_Boot_disableWatchdog      
00004f59  ti_sysbios_gates_GateMutex_Instance_finalize__E             
00004f69  ti_sysbios_knl_Semaphore_Instance_finalize__E               
00004f79  ti_sysbios_knl_Swi_disable__E                               
00004f89  ti_sysbios_knl_Task_Object__get__S                          
00004f99  osi_TaskDisable                                             
00004f99  ti_sysbios_knl_Task_disable__E                              
00004fa9  xdc_runtime_Gate_leaveSystem__E                             
00004fb9  xdc_runtime_Memory_free__E                                  
00004fc9  xdc_runtime_SysMin_ready__E                                 
00004fc9  xdc_runtime_System_SupportProxy_ready__E                    
00004fd9  xdc_runtime_System_vsnprintf__E                             
00004fe9  xdc_runtime_Text_visitRope__I                               
00004ff9  __TI_decompress_none                                        
00005009  ti_sysbios_knl_Clock_removeI__E                             
00005019  ti_sysbios_knl_Idle_loop__E                                 
00005029  ti_sysbios_knl_Queue_empty__E                               
00005037  ti_sysbios_family_arm_msp432_init_Boot_init__I              
00005037  xdc_runtime_Startup_reset__I                                
00005043  CPU_cpsid                                                   
0000504f  CPU_cpsie                                                   
0000505d  PCM_getPowerState                                           
00005069  Power_getConstraintMask                                     
00005079  ti_sysbios_family_arm_m3_TaskSupport_checkStack__E          
00005079  ti_sysbios_knl_Task_SupportProxy_checkStack__E              
00005089  ti_sysbios_family_arm_m3_TaskSupport_getStackAlignment__E   
00005089  ti_sysbios_knl_Task_SupportProxy_getStackAlignment__E       
00005099  ti_sysbios_family_arm_msp432_Timer_getMaxTicks__E           
000050a9  ti_sysbios_gates_GateHwi_enter__E                           
000050b5  ti_sysbios_knl_Clock_Params__init__S                        
000050c1  ti_sysbios_knl_Queue_Object__get__S                         
000050cd  ti_sysbios_knl_Semaphore_Params__init__S                    
000050e5  ti_sysbios_knl_Swi_Params__init__S                          
000050f1  ti_sysbios_knl_Swi_getTrigger__E                            
00005109  ti_sysbios_knl_Task_Params__init__S                         
00005115  xdc_runtime_Error_init__E                                   
00005121  xdc_runtime_Gate_enterSystem__E                             
0000512d  xdc_runtime_Memory_calloc__E                                
00005139  xdc_runtime_Memory_getMaxDefaultTypeAlign__E                
00005145  xdc_runtime_Startup_rtsDone__E                              
00005151  xdc_runtime_Memory_HeapProxy_alloc__E                       
0000515b  xdc_runtime_Memory_HeapProxy_free__E                        
00005165  MSP_EXP432P401R_initGeneral                                 
0000516d  PCM_setPowerMode                                            
00005175  PCM_setPowerState                                           
00005181  ti_sysbios_family_arm_m3_Hwi_doSwiRestore__I                
00005189  ti_sysbios_family_arm_m3_Hwi_startup__E                     
00005189  ti_sysbios_hal_Hwi_HwiProxy_startup__E                      
00005191  __TI_decompress_rle24                                       
00005199  ti_sysbios_family_arm_m3_Hwi_doTaskRestore__I               
000051a1  ti_sysbios_gates_GateHwi_leave__E                           
000051a9  ti_sysbios_heaps_HeapMem_isBlocking__E                      
000051b1  ti_sysbios_knl_Queue_Instance_init__E                       
000051b9  ti_sysbios_knl_Swi_startup__E                               
000051bf  xdc_runtime_System_Module_startup__E                        
000051c9  ti_sysbios_gates_GateHwi_query__E                           
000051c9  xdc_runtime_Main_Module_GateProxy_query__E                  
000051c9  xdc_runtime_System_Module_GateProxy_query__E                
000051d1  ti_sysbios_BIOS_RtsGateProxy_query__E                       
000051d1  ti_sysbios_gates_GateMutex_query__E                         
000051d1  ti_sysbios_heaps_HeapMem_Module_GateProxy_query__E          
000051d9  ti_sysbios_knl_Swi_getPri__E                                
000051e1  ti_sysbios_knl_Task_startup__E                              
000051e9  ti_sysbios_BIOS_linkedWithIncorrectBootLibrary__E           
000051f1  ti_sysbios_gates_GateHwi_Instance_init__E                   
000051f9  ti_sysbios_knl_Clock_logTick__E                             
00005201  ti_sysbios_knl_Swi_Instance_finalize__E                     
00005204  xdc_runtime_Text_charTab__A                                 
00006a1f  xdc_runtime_Error_policy__C                                 
00006a20  xdc_runtime_Text_nodeTab__A                                 
00006b18  ti_sysbios_knl_Task_Object__PARAMS__C                       
00006b54  ti_sysbios_heaps_HeapMem_Module__FXNS__C                    
00006b7c  ti_sysbios_knl_Swi_Object__PARAMS__C                        
00006ba4  ti_sysbios_gates_GateHwi_Module__FXNS__C                    
00006bc8  ti_sysbios_gates_GateMutex_Module__FXNS__C                  
00006bec  ti_sysbios_heaps_HeapMem_Object__PARAMS__C                  
00006c10  ti_sysbios_knl_Clock_Object__PARAMS__C                      
00006c34  ti_sysbios_knl_Semaphore_Object__PARAMS__C                  
00006c58  ti_sysbios_gates_GateHwi_Object__DESC__C                    
00006c78  ti_sysbios_gates_GateMutex_Object__DESC__C                  
00006c98  ti_sysbios_heaps_HeapMem_Object__DESC__C                    
00006cb8  ti_sysbios_knl_Clock_Object__DESC__C                        
00006cd8  ti_sysbios_knl_Queue_Object__DESC__C                        
00006cf8  ti_sysbios_knl_Semaphore_Object__DESC__C                    
00006d18  ti_sysbios_knl_Swi_Object__DESC__C                          
00006d38  ti_sysbios_knl_Task_Object__DESC__C                         
00006d58  xdc_runtime_Startup_sfxnTab__A                              
00006d78  ti_sysbios_gates_GateHwi_Object__PARAMS__C                  
00006d90  ti_sysbios_gates_GateMutex_Object__PARAMS__C                
00006da8  ti_sysbios_knl_Queue_Object__PARAMS__C                      
00006dc0  PowerMSP432_config                                          
00006dd0  xdc_runtime_Startup_sfxnRts__A                              
00006de0  xdc_runtime_Startup_firstFxns__A                            
00006dec  ti_sysbios_family_arm_m3_Hwi_excHookFuncs__A                
00006df4  ti_sysbios_knl_Idle_funcList__A                             
00006dfc  ti_sysbios_knl_Idle_funcList__C                             
00006e04  xdc_runtime_Startup_firstFxns__C                            
00006e0c  xdc_runtime_Startup_lastFxns__C                             
00006e14  ti_sysbios_family_arm_m3_Hwi_E_NMI__C                       
00006e18  ti_sysbios_family_arm_m3_Hwi_E_busFault__C                  
00006e1c  ti_sysbios_family_arm_m3_Hwi_E_debugMon__C                  
00006e20  ti_sysbios_family_arm_m3_Hwi_E_hardFault__C                 
00006e24  ti_sysbios_family_arm_m3_Hwi_E_memFault__C                  
00006e28  ti_sysbios_family_arm_m3_Hwi_E_noIsr__C                     
00006e2c  ti_sysbios_family_arm_m3_Hwi_E_reserved__C                  
00006e30  ti_sysbios_family_arm_m3_Hwi_E_svCall__C                    
00006e34  ti_sysbios_family_arm_m3_Hwi_E_usageFault__C                
00006e38  ti_sysbios_family_arm_m3_Hwi_NUM_INTERRUPTS__C              
00006e3c  ti_sysbios_family_arm_m3_Hwi_Object__count__C               
00006e40  ti_sysbios_family_arm_m3_Hwi_ccr__C                         
00006e44  ti_sysbios_family_arm_m3_Hwi_excHandlerFunc__C              
00006e48  ti_sysbios_family_arm_m3_Hwi_excHookFuncs__C                
00006e4c  ti_sysbios_family_arm_m3_Hwi_nullIsrFunc__C                 
00006e50  ti_sysbios_family_arm_m3_Hwi_priGroup__C                    
00006e54  ti_sysbios_family_arm_m3_TaskSupport_stackAlignment__C      
00006e58  ti_sysbios_family_arm_msp432_Timer_numTimerDevices__C       
00006e5c  ti_sysbios_family_arm_msp432_Timer_startupNeeded__C         
00006e60  ti_sysbios_gates_GateMutex_Instance_State_sem__O            
00006e64  ti_sysbios_hal_Hwi_E_stackOverflow__C                       
00006e68  ti_sysbios_heaps_HeapMem_E_memory__C                        
00006e6c  ti_sysbios_heaps_HeapMem_Module__gateObj__C                 
00006e70  ti_sysbios_heaps_HeapMem_Object__count__C                   
00006e74  ti_sysbios_heaps_HeapMem_reqAlign__C                        
00006e78  ti_sysbios_knl_Clock_Module_State_clockQ__O                 
00006e7c  ti_sysbios_knl_Semaphore_Instance_State_pendQ__O            
00006e80  ti_sysbios_knl_Swi_Object__count__C                         
00006e84  ti_sysbios_knl_Task_E_spOutOfBounds__C                      
00006e88  ti_sysbios_knl_Task_E_stackOverflow__C                      
00006e8c  ti_sysbios_knl_Task_Module_State_inactiveQ__O               
00006e90  ti_sysbios_knl_Task_Object__count__C                        
00006e94  ti_sysbios_knl_Task_allBlockedFunc__C                       
00006e98  ti_sysbios_knl_Task_defaultStackHeap__C                     
00006e9c  ti_sysbios_knl_Task_defaultStackSize__C                     
00006ea0  ti_sysbios_knl_Task_numConstructedTasks__C                  
00006ea4  xdc_runtime_Assert_E_assertFailed__C                        
00006ea8  xdc_runtime_Core_A_initializedParams__C                     
00006eac  xdc_runtime_Core_Module__diagsEnabled__C                    
00006eb0  xdc_runtime_Core_Module__diagsIncluded__C                   
00006eb4  xdc_runtime_Core_Module__diagsMask__C                       
00006eb8  xdc_runtime_Error_E_memory__C                               
00006ebc  xdc_runtime_Error_Module__diagsEnabled__C                   
00006ec0  xdc_runtime_Error_Module__diagsIncluded__C                  
00006ec4  xdc_runtime_Error_Module__diagsMask__C                      
00006ec8  xdc_runtime_Error_Module__loggerFxn8__C                     
00006ecc  xdc_runtime_Error_Module__loggerObj__C                      
00006ed0  xdc_runtime_Error_policyFxn__C                              
00006ed4  xdc_runtime_Error_raiseHook__C                              
00006ed8  xdc_runtime_IGateProvider_Interface__BASE__C                
00006edc  xdc_runtime_IHeap_Interface__BASE__C                        
00006ee0  xdc_runtime_IModule_Interface__BASE__C                      
00006ee4  xdc_runtime_Log_L_error__C                                  
00006ee8  xdc_runtime_Memory_defaultHeapInstance__C                   
00006eec  xdc_runtime_Startup_execImpl__C                             
00006ef0  xdc_runtime_Startup_maxPasses__C                            
00006ef4  xdc_runtime_Startup_sfxnRts__C                              
00006ef8  xdc_runtime_Startup_sfxnTab__C                              
00006efc  xdc_runtime_SysMin_bufSize__C                               
00006f00  xdc_runtime_SysMin_outputFunc__C                            
00006f04  xdc_runtime_System_Module__gateObj__C                       
00006f08  xdc_runtime_System_abortFxn__C                              
00006f0c  xdc_runtime_System_exitFxn__C                               
00006f10  xdc_runtime_System_extendFxn__C                             
00006f14  xdc_runtime_System_maxAtexitHandlers__C                     
00006f18  xdc_runtime_Text_charTab__C                                 
00006f1c  xdc_runtime_Text_nameEmpty__C                               
00006f20  xdc_runtime_Text_nameStatic__C                              
00006f24  xdc_runtime_Text_nameUnknown__C                             
00006f28  xdc_runtime_Text_nodeTab__C                                 
00006f2c  xdc_runtime_Text_visitRopeFxn__C                            
00006f30  ti_sysbios_family_arm_m3_Hwi_Module__id__C                  
00006f32  ti_sysbios_hal_Hwi_Module__id__C                            
00006f34  ti_sysbios_heaps_HeapMem_Module__id__C                      
00006f36  ti_sysbios_knl_Task_Module__id__C                           
00006f38  xdc_runtime_Core_Module__id__C                              
00006f3a  xdc_runtime_Error_Module__loggerDefined__C                  
00006f3c  xdc_runtime_Error_maxDepth__C                               
00006f3e  xdc_runtime_Memory_Module__id__C                            
00006f40  xdc_runtime_SysMin_flushAtExit__C                           
00006f42  xdc_runtime_Text_charCnt__C                                 
00006f44  xdc_runtime_Text_isLoaded__C                                
00006f46  xdc_runtime_Text_registryModsLastId__C                      
00006f48  xdc_runtime_Text_unnamedModsLastId__C                       
00006f50  __TI_static_base__                                          
000072d4  __TI_Handler_Table_Base                                     
000072dc  __TI_CINIT_Base                                             
000072dc  __TI_Handler_Table_Limit                                    
000072f4  __TI_CINIT_Limit                                            
20000000  ti_sysbios_family_arm_m3_Hwi_ramVectors                     
20000140  ti_sysbios_heaps_HeapMem_Instance_State_0_buf__A            
20000540  ti_sysbios_knl_Task_Instance_State_0_stack__A               
20000740  task0Stack                                                  
20000940  xdc_runtime_SysMin_Module_State_0_outbuf__A                 
20000b40  ti_sysbios_family_arm_m3_Hwi_dispatchTable                  
20000c80  __CIOBUF_                                                   
20000da0  task0Struct                                                 
20000df0  swi0Struct                                                  
20000e24  swi1Struct                                                  
20000e58  clk0Struct                                                  
20000e7c  sem0Struct                                                  
20000ea0  sem0Handle                                                  
20000ea4  swi0Handle                                                  
20000ea8  swi1Handle                                                  
20000eac  PowerMSP432_perfLevels                                      
20000f48  ti_sysbios_knl_Swi_Module_State_0_readyQ__A                 
20000fc8  ti_sysbios_knl_Task_Module_State_0_readyQ__A                
20001048  ti_sysbios_family_arm_msp432_Timer_Object__table__V         
20001094  ti_sysbios_knl_Task_Object__table__V                        
200010e0  ti_sysbios_knl_Task_Module__state__V                        
20001124  ti_sysbios_gates_GateMutex_Object__table__V                 
2000115c  ti_sysbios_family_arm_m3_Hwi_Module__state__V               
20001190  ti_sysbios_knl_Swi_Object__table__V                         
200011c0  ti_sysbios_knl_Clock_Module__state__V                       
200011ec  PowerMSP432_module                                          
20001214  ti_sysbios_BIOS_Module__state__V                            
20001238  ti_sysbios_family_arm_msp432_Timer_Module_State_0_device__A 
20001258  ti_sysbios_knl_Swi_Module__state__V                         
20001274  ti_sysbios_family_arm_m3_Hwi_Object__table__V               
2000128c  ti_sysbios_heaps_HeapMem_Object__table__V                   
200012a4  ti_sysbios_family_arm_msp432_Timer_Module_State_0_handles__A
200012b4  __TI_cleanup_ptr                                            
200012b8  __TI_dtors_ptr                                              
200012bc  __TI_enable_exit_profile_output                             
200012c0  ti_sysbios_family_arm_msp432_ClockFreqs_Module__state__V    
200012cc  ti_sysbios_family_arm_msp432_Timer_Module__state__V         
200012d8  xdc_runtime_SysMin_Module__state__V                         
200012e4  _lock                                                       
200012e8  _unlock                                                     
200012ec  ti_sysbios_gates_GateHwi_Module__root__V                    
200012f4  ti_sysbios_gates_GateMutex_Module__root__V                  
200012fc  ti_sysbios_heaps_HeapMem_Module__root__V                    
20001304  ti_sysbios_knl_Clock_Module__root__V                        
2000130c  ti_sysbios_knl_Queue_Module__root__V                        
20001314  ti_sysbios_knl_Semaphore_Module__root__V                    
2000131c  ti_sysbios_knl_Swi_Module__root__V                          
20001324  ti_sysbios_knl_Task_Module__root__V                         
2000132c  xdc_runtime_Registry_Module__state__V                       
20001334  xdc_runtime_Startup_Module__state__V                        
2000133c  xdc_runtime_System_Module_State_0_atexitHandlers__A         
20001344  xdc_runtime_System_Module__state__V                         
2000134c  main_func_sp                                                
20001350  ti_sysbios_family_arm_m3_Hwi_Module_State_0_excContext__A   
20001354  ti_sysbios_family_arm_m3_Hwi_Module_State_0_excStack__A     
20001358  ti_sysbios_gates_GateHwi_Object__table__V                   
2000135c  ti_sysbios_knl_Task_Module_State_0_idleTask__A              
20001360  xdc_runtime_Memory_Module__state__V                         
20001364  ti_sysbios_family_arm_m3_Hwi_Module_State_0_excActive__A    
20001366  xdc_runtime_Error_Module__state__V                          
2000fd00  __stack                                                     
20010000  __STACK_END                                                 
4000480c  WDTCTL_SYM                                                  
e000e000  ti_sysbios_family_arm_m3_Hwi_nvic                           
ffffffff  __TI_pprof_out_hndl                                         
ffffffff  __TI_prof_data_size                                         
ffffffff  __TI_prof_data_start                                        
ffffffff  __binit__                                                   
ffffffff  __c_args__                                                  
ffffffff  binit                                                       
UNDEFED   SHT$$INIT_ARRAY$$Base                                       
UNDEFED   SHT$$INIT_ARRAY$$Limit                                      

[550 symbols]
