******************************************************************************
                  TI ARM Linker PC v15.12.3                    
******************************************************************************
>> Linked Sun Nov 27 21:34:57 2016

OUTPUT FILE NAME:   <kernalzero.out>
ENTRY POINT SYMBOL: "_c_int00"  address: 000052f9


MEMORY CONFIGURATION

         name            origin    length      used     unused   attr    fill
----------------------  --------  ---------  --------  --------  ----  --------
  MAIN                  00000000   00040000  00009784  0003687c  R  X
  INFO                  00200000   00004000  00000000  00004000  R  X
  SRAM_CODE             01000000   00010000  00000000  00010000  RW X
  SRAM_DATA             20000000   00010000  00001501  0000eaff  RW  


SEGMENT ALLOCATION MAP

run origin  load origin   length   init length attrs members
----------  ----------- ---------- ----------- ----- -------
00000000    00000000    00009784   00009784    r-x
  00000000    00000000    0000003c   0000003c    r-- .resetVecs
  0000003c    0000003c    00007528   00007528    r-x .text
  00007564    00007564    00001e34   00001e34    r-- .const
  00009398    00009398    000003ec   000003ec    r-- .cinit
20000000    20000000    00001201   00000000    rw-
  20000000    20000000    00000140   00000000    rw- .vecs
  20000140    20000140    00000ba0   00000000    rw- .bss
  20000ce0    20000ce0    00000521   00000000    rw- .data
2000fd00    2000fd00    00000300   00000000    rw-
  2000fd00    2000fd00    00000300   00000000    rw- .stack


SECTION ALLOCATION MAP

 output                                  attributes/
section   page    origin      length       input sections
--------  ----  ----------  ----------   ----------------
.text      0    0000003c    00007528     
                  0000003c    000004a4     sysbios.aem4f : BIOS.obj (.text:ti_sysbios_family_arm_m3_Hwi_excDumpRegs__I)
                  000004e0    000003b8                   : BIOS.obj (.text:ti_sysbios_heaps_HeapMem_free__E)
                  00000898    00000358                   : BIOS.obj (.text:ti_sysbios_heaps_HeapMem_alloc__E)
                  00000bf0    0000034c     ti.targets.arm.rtsarm.aem4f : System.oem4f (.text:xdc_runtime_System_doPrint__I)
                  00000f3c    0000032c     sysbios.aem4f : BIOS.obj (.text:ti_sysbios_knl_Task_Instance_init__E)
                  00001268    00000324     rtsv7M4_T_le_v4SPD16_eabi.lib : trgdrv.obj (.text)
                  0000158c    00000304     sysbios.aem4f : BIOS.obj (.text:ti_sysbios_knl_Semaphore_pend__E)
                  00001890    000002e4                   : BIOS.obj (.text:ti_sysbios_knl_Task_Instance_finalize__E)
                  00001b74    00000264     drivers_MSP432P401R.aem4f : PowerMSP432.oem4f (.text:Power_sleep)
                  00001dd8    000001f4     sysbios.aem4f : BIOS.obj (.text:ti_sysbios_heaps_HeapMem_Instance_init__E)
                  00001fcc    000001e8                   : BIOS.obj (.text:ti_sysbios_family_arm_m3_Hwi_excFillContext__I)
                  000021b4    000001e8                   : BIOS.obj (.text:ti_sysbios_knl_Task_sleep__E)
                  0000239c    000001b4                   : BIOS.obj (.text:ti_sysbios_knl_Swi_Instance_init__E)
                  00002550    000001a0     msp432p4xx_driverlib.lib : pcm.o (.text:__PCM_setPowerStateAdvanced)
                  000026f0    0000017c     sysbios.aem4f : BIOS.obj (.text:ti_sysbios_family_arm_m3_Hwi_excBusFault__I)
                  0000286c    00000168                   : BIOS.obj (.text:ti_sysbios_family_arm_m3_Hwi_excUsageFault__I)
                  000029d4    00000154                   : BIOS.obj (.text:ti_sysbios_family_arm_m3_Hwi_excMemFault__I)
                  00002b28    0000014c     empty.obj (.text:main)
                  00002c74    00000144     sysbios.aem4f : BIOS.obj (.text:ti_sysbios_family_arm_m3_Hwi_excHandlerMax__I)
                  00002db8    00000140     drivers_MSP432P401R.aem4f : GPIOMSP432.oem4f (.text:GPIO_setConfig)
                  00002ef8    00000138     sysbios.aem4f : BIOS.obj (.text:ti_sysbios_knl_Semaphore_post__E)
                  00003030    00000118     ti.targets.arm.rtsarm.aem4f : Error.oem4f (.text:xdc_runtime_Error_policyDefault__E)
                  00003148    00000100                                 : Core-mem.oem4f (.text:xdc_runtime_Core_createObject__I)
                  00003248    000000f8                                 : Startup.oem4f (.text:xdc_runtime_Startup_startMods__I)
                  00003340    000000f8     empty_pem4f.oem4f (.text:xdc_runtime_System_printfExtend__I)
                  00003438    000000f4     sysbios.aem4f : BIOS.obj (.text:ti_sysbios_knl_Semaphore_Instance_init__E)
                  0000352c    000000f4                   : BIOS.obj (.text:ti_sysbios_knl_Task_checkStacks__E)
                  00003620    000000f0     drivers_MSP432P401R.aem4f : PowerMSP432.oem4f (.text:initPerfControl)
                  00003710    000000f0     sysbios.aem4f : BIOS.obj (.text:ti_sysbios_gates_GateMutex_enter__E)
                  00003800    000000ec                   : m3_Hwi_asm.obj (.text:ti_sysbios_family_arm_m3_Hwi_dispatch__I)
                  000038ec    000000e0     msp432p4xx_driverlib.lib : cs.o (.text:CS_initClockSignal)
                  000039cc    000000dc                              : pcm.o (.text:__PCM_setPowerModeAdvanced)
                  00003aa8    000000dc     sysbios.aem4f : BIOS.obj (.text:ti_sysbios_family_arm_m3_Hwi_excHardFault__I)
                  00003b84    000000cc     ti.targets.arm.rtsarm.aem4f : Core-smem.oem4f (.text:xdc_runtime_Core_constructObject__I)
                  00003c50    000000c8     sysbios.aem4f : BIOS.obj (.text:ti_sysbios_family_arm_m3_Hwi_Instance_init__E)
                  00003d18    000000c4                   : BIOS.obj (.text:ti_sysbios_family_arm_m3_Hwi_excDebugMon__I)
                  00003ddc    000000c4                   : BIOS.obj (.text:ti_sysbios_family_arm_m3_Hwi_initNVIC__E)
                  00003ea0    000000b8                   : BIOS.obj (.text:ti_sysbios_knl_Clock_workFunc__E)
                  00003f58    000000b0     msp432p4xx_driverlib.lib : pcm.o (.text:__PCM_setCoreVoltageLevelAdvanced)
                  00004008    000000ac     sysbios.aem4f : BIOS.obj (.text:ti_sysbios_knl_Task_postInit__I)
                  000040b4    000000a0     auto_init.aem4f : auto_init.oem4f (.text)
                  00004154    000000a0     ti.targets.arm.rtsarm.aem4f : Text.oem4f (.text:xdc_runtime_Text_putMod__E)
                  000041f4    0000009c     rtsv7M4_T_le_v4SPD16_eabi.lib : memcpy_t2.obj (.text)
                  00004290    0000009c     sysbios.aem4f : BIOS.obj (.text:ti_sysbios_knl_Swi_restoreHwi__E)
                  0000432c    0000009a     ti.targets.arm.rtsarm.aem4f : Text.oem4f (.text:xdc_runtime_Text_putSite__E)
                  000043c6    00000002     power_tirtos_MSP432P401R.aem4f : PowerMSP432_tirtos.oem4f (.text:PowerMSP432_initPolicy)
                  000043c8    00000098     sysbios.aem4f : BIOS.obj (.text:ti_sysbios_family_arm_msp432_Timer_setNextTick__E)
                  00004460    00000090                   : BIOS.obj (.text:ti_sysbios_knl_Swi_run__I)
                  000044f0    0000008c                   : m3_TaskSupport_asm.obj (.text:ti_sysbios_family_arm_m3_TaskSupport_buildTaskStack)
                  0000457c    00000088                   : BIOS.obj (.text:ti_sysbios_family_arm_m3_Hwi_dispatchC__I)
                  00004604    00000088                   : BIOS.obj (.text:ti_sysbios_knl_Task_startCore__E)
                  0000468c    00000084                   : BIOS.obj (.text:ti_sysbios_family_arm_m3_Hwi_postInit__I)
                  00004710    00000080                   : BIOS.obj (.text:ti_sysbios_knl_Task_Module_startup__E)
                  00004790    0000007c     msp432p4xx_driverlib.lib : pcm.o (.text:PCM_gotoLPM3)
                  0000480c    0000007c     sysbios.aem4f : BIOS.obj (.text:ti_sysbios_family_arm_msp432_Timer_periodicStub__E)
                  00004888    0000007a     rtsv7M4_T_le_v4SPD16_eabi.lib : memset_t2.obj (.text)
                  00004902    00000002                                   : i_div0.obj (.text)
                  00004904    00000074     sysbios.aem4f : BIOS.obj (.text:ti_sysbios_family_arm_m3_Hwi_getStackInfo__E)
                  00004978    00000074                   : BIOS.obj (.text:ti_sysbios_knl_Task_schedule__I)
                  000049ec    00000070                   : BIOS.obj (.text:ti_sysbios_family_arm_m3_Hwi_disableInterrupt__E)
                  00004a5c    00000070                   : BIOS.obj (.text:ti_sysbios_family_arm_msp432_Timer_initDevice__I)
                  00004acc    00000070                   : BIOS.obj (.text:ti_sysbios_family_arm_msp432_init_Boot_configureClocksHigh)
                  00004b3c    00000070                   : BIOS.obj (.text:ti_sysbios_heaps_HeapMem_getStats__E)
                  00004bac    00000070                   : BIOS.obj (.text:ti_sysbios_knl_Swi_Module_startup__E)
                  00004c1c    00000070                   : BIOS.obj (.text:ti_sysbios_knl_Swi_schedule__I)
                  00004c8c    0000006d     ti.targets.arm.rtsarm.aem4f : System.oem4f (.text:xdc_runtime_System_formatNum__I)
                  00004cf9    00000001     --HOLE-- [fill = 0]
                  00004cfa    00000002     sysbios.aem4f : BIOS.obj (.text:ti_sysbios_BIOS_linkedWithIncorrectBootLibrary__E)
                  00004cfc    0000006c                   : BIOS.obj (.text:ti_sysbios_family_arm_m3_Hwi_enableInterrupt__E)
                  00004d68    0000006c                   : BIOS.obj (.text:ti_sysbios_knl_Swi_Instance_finalize__E)
                  00004dd4    0000006c                   : BIOS.obj (.text:ti_sysbios_knl_Swi_runLoop__I)
                  00004e40    0000006c     ti.targets.arm.rtsarm.aem4f : Error.oem4f (.text:xdc_runtime_Error_print__E)
                  00004eac    0000006c                                 : Memory.oem4f (.text:xdc_runtime_Memory_alloc__E)
                  00004f18    0000006a     rtsv7M4_T_le_v4SPD16_eabi.lib : copy_decompress_rle.obj (.text)
                  00004f82    0000006a     sysbios.aem4f : BIOS.obj (.text:ti_sysbios_family_arm_m3_TaskSupport_start__E)
                  00004fec    00000068     rtsv7M4_T_le_v4SPD16_eabi.lib : trgmsg.obj (.text)
                  00005054    00000068     sysbios.aem4f : BIOS.obj (.text:ti_sysbios_family_arm_msp432_Timer_start__E)
                  000050bc    00000066     ti.targets.arm.rtsarm.aem4f : Core-mem.oem4f (.text:xdc_runtime_Core_deleteObject__I)
                  00005122    00000062     tirtosport.aem4f : HwiP_tirtos.oem4f (.text:HwiP_create)
                  00005184    00000060     sysbios.aem4f : BIOS.obj (.text:ti_sysbios_family_arm_m3_Hwi_Module_startup__E)
                  000051e4    0000005c     drivers_MSP432P401R.aem4f : GPIOMSP432.oem4f (.text:GPIO_init)
                  00005240    0000005c     sysbios.aem4f : BIOS.obj (.text:ti_sysbios_knl_Task_allBlockedFunction__I)
                  0000529c    0000005b     ti.targets.arm.rtsarm.aem4f : Text.oem4f (.text:xdc_runtime_Text_putLab__E)
                  000052f7    00000001     --HOLE-- [fill = 0]
                  000052f8    00000058     boot.aem4f : boot.oem4f (.text)
                  00005350    00000058     empty_pem4f.oem4f (.text:ti_sysbios_family_arm_m3_Hwi_construct)
                  000053a8    00000058     sysbios.aem4f : m3_Hwi_asm_switch.obj (.text:ti_sysbios_family_arm_m3_Hwi_initStacks__E)
                  00005400    00000058                   : BIOS.obj (.text:ti_sysbios_family_arm_msp432_Timer_Module_startup__E)
                  00005458    00000058                   : BIOS.obj (.text:ti_sysbios_family_arm_msp432_Timer_startup__E)
                  000054b0    00000058                   : BIOS.obj (.text:ti_sysbios_knl_Task_blockI__E)
                  00005508    00000054     drivers_MSP432P401R.aem4f : GPIOMSP432.oem4f (.text:GPIO_hwiIntFxn)
                  0000555c    00000054                               : GPIOMSP432.oem4f (.text:GPIO_setCallback)
                  000055b0    00000054     rtsv7M4_T_le_v4SPD16_eabi.lib : exit.obj (.text)
                  00005604    00000054     sysbios.aem4f : BIOS.obj (.text:ti_sysbios_family_arm_msp432_Timer_getCount__E)
                  00005658    00000054                   : BIOS.obj (.text:ti_sysbios_heaps_HeapMem_init__I)
                  000056ac    00000054     empty_pem4f.oem4f (.text:ti_sysbios_knl_Swi_construct)
                  00005700    00000054     sysbios.aem4f : BIOS.obj (.text:ti_sysbios_knl_Swi_post__E)
                  00005754    00000054     empty_pem4f.oem4f (.text:ti_sysbios_knl_Task_construct)
                  000057a8    00000054     ti.targets.arm.rtsarm.aem4f : Assert.oem4f (.text:xdc_runtime_Assert_raise__I)
                  000057fc    00000050     drivers_MSP432P401R.aem4f : GPIOMSP432.oem4f (.text:GPIO_write)
                  0000584c    00000050     msp432p4xx_driverlib.lib : pcm.o (.text:PCM_shutdownDevice)
                  0000589c    00000050     ti.targets.arm.rtsarm.aem4f : Startup.oem4f (.text:xdc_runtime_Startup_exec__E)
                  000058ec    00000050                                 : Text.oem4f (.text:xdc_runtime_Text_visitRope2__I)
                  0000593c    0000004c     rtsv7M4_T_le_v4SPD16_eabi.lib : cpy_tbl.obj (.text)
                  00005988    0000004c     sysbios.aem4f : BIOS.obj (.text:ti_sysbios_family_arm_m3_Hwi_excReserved__I)
                  000059d4    0000004c                   : BIOS.obj (.text:ti_sysbios_knl_Task_unblockI__E)
                  00005a20    00000048                   : BIOS.obj (.text:ti_sysbios_family_arm_m3_Hwi_Instance_finalize__E)
                  00005a68    00000048                   : BIOS.obj (.text:ti_sysbios_knl_Task_exit__E)
                  00005ab0    00000046     ti.targets.arm.rtsarm.aem4f : Core-params.oem4f (.text:xdc_runtime_Core_assignParams__I)
                  00005af6    00000002     empty_pem4f.oem4f (.text:ti_sysbios_BIOS_nullFunc__I)
                  00005af8    00000044     drivers_MSP432P401R.aem4f : PowerMSP432.oem4f (.text:Power_init)
                  00005b3c    00000044     sysbios.aem4f : BIOS.obj (.text:ti_sysbios_family_arm_m3_Hwi_excSvCall__I)
                  00005b80    00000044                   : BIOS.obj (.text:ti_sysbios_hal_Hwi_checkStack)
                  00005bc4    00000044     ti.targets.arm.rtsarm.aem4f : Error.oem4f (.text:xdc_runtime_Error_setX__E)
                  00005c08    00000044                                 : SysMin.oem4f (.text:xdc_runtime_SysMin_flush__E)
                  00005c4c    00000044                                 : Text.oem4f (.text:xdc_runtime_Text_xprintf__I)
                  00005c90    00000040     msp432p4xx_driverlib.lib : flash.o (.text:FlashCtl_disableReadBuffering)
                  00005cd0    00000040     drivers_MSP432P401R.aem4f : PowerMSP432.oem4f (.text:notify)
                  00005d10    00000040     rtsv7M4_T_le_v4SPD16_eabi.lib : u_divt2.obj (.text)
                  00005d50    00000040     sysbios.aem4f : BIOS.obj (.text:ti_sysbios_family_arm_msp432_Timer_stop__E)
                  00005d90    00000040                   : BIOS.obj (.text:ti_sysbios_knl_Swi_restore__E)
                  00005dd0    0000003e                   : BIOS.obj (.text:ti_sysbios_knl_Clock_addI__E)
                  00005e0e    0000003e                   : BIOS.obj (.text:ti_sysbios_knl_Semaphore_pendTimeout__I)
                  00005e4c    0000003c     power_tirtos_MSP432P401R.aem4f : PowerMSP432_tirtos.oem4f (.text:PowerMSP432_sleepPolicy)
                  00005e88    0000003c     sysbios.aem4f : BIOS.obj (.text:ti_sysbios_family_arm_m3_Hwi_excNoIsr__I)
                  00005ec4    0000003c                   : BIOS.obj (.text:ti_sysbios_family_arm_m3_Hwi_setPriority__E)
                  00005f00    0000003c                   : BIOS.obj (.text:ti_sysbios_family_arm_msp432_ClockFreqs_setFrequency__E)
                  00005f3c    0000003c                   : BIOS.obj (.text:ti_sysbios_knl_Task_processVitalTaskFlag__I)
                  00005f78    0000003a                   : BIOS.obj (.text:ti_sysbios_knl_Queue_put__E)
                  00005fb2    00000002                   : BIOS.obj (.text:ti_sysbios_knl_Clock_logTick__E)
                  00005fb4    00000038                   : BIOS.obj (.text:ti_sysbios_family_arm_m3_Hwi_excNmi__I)
                  00005fec    00000038     ti.targets.arm.rtsarm.aem4f : SysMin.oem4f (.text:xdc_runtime_SysMin_putch__E)
                  00006024    00000038                                 : System.oem4f (.text:xdc_runtime_System_atexit__E)
                  0000605c    00000034     msp432p4xx_driverlib.lib : flash.o (.text:FlashCtl_enableReadBuffering)
                  00006090    00000034     empty.obj (.text:TimerISR)
                  000060c4    00000034     sysbios.aem4f : BIOS.obj (.text:ti_sysbios_family_arm_m3_Hwi_excHandler__I)
                  000060f8    00000034     ti.targets.arm.rtsarm.aem4f : Core-label.oem4f (.text:xdc_runtime_Core_assignLabel__I)
                  0000612c    00000033                                 : Text.oem4f (.text:xdc_runtime_Text_printVisFxn__I)
                  0000615f    00000001     --HOLE-- [fill = 0]
                  00006160    00000030     msp432p4xx_driverlib.lib : gpio.o (.text:GPIO_getEnabledInterruptStatus)
                  00006190    00000030                              : gpio.o (.text:GPIO_setAsInputPinWithPullDownResistor)
                  000061c0    00000030                              : gpio.o (.text:GPIO_setAsInputPinWithPullUpResistor)
                  000061f0    00000030     drivers_MSP432P401R.aem4f : GPIOMSP432.oem4f (.text:GPIO_toggle)
                  00006220    00000030     empty_pem4f.oem4f (.text:ti_sysbios_BIOS_atExitFunc__I)
                  00006250    00000030     empty_pem4f.oem4f (.text:ti_sysbios_BIOS_startFunc__I)
                  00006280    00000030     empty_pem4f.oem4f (.text:ti_sysbios_gates_GateHwi_Object__create__S)
                  000062b0    00000030     empty_pem4f.oem4f (.text:ti_sysbios_gates_GateMutex_Object__create__S)
                  000062e0    00000030     empty_pem4f.oem4f (.text:ti_sysbios_heaps_HeapMem_Object__create__S)
                  00006310    00000030     sysbios.aem4f : BIOS.obj (.text:ti_sysbios_knl_Idle_run__E)
                  00006340    00000030     empty_pem4f.oem4f (.text:ti_sysbios_knl_Semaphore_construct)
                  00006370    00000030     sysbios.aem4f : BIOS.obj (.text:ti_sysbios_knl_Task_restore__E)
                  000063a0    00000030     ti.targets.arm.rtsarm.aem4f : SysMin.oem4f (.text:xdc_runtime_SysMin_abort__E)
                  000063d0    00000030                                 : System.oem4f (.text:xdc_runtime_System_processAtExit__E)
                  00006400    0000002e     sysbios.aem4f : BIOS.obj (.text:ti_sysbios_hal_Hwi_initStack)
                  0000642e    0000002e                   : BIOS.obj (.text:ti_sysbios_knl_Task_getMode__E)
                  0000645c    0000002c     msp432p4xx_driverlib.lib : gpio.o (.text:GPIO_setAsInputPin)
                  00006488    0000002c                              : pcm.o (.text:PCM_getCoreVoltageLevel)
                  000064b4    0000002c     power_tirtos_MSP432P401R.aem4f : PowerMSP432_tirtos.oem4f (.text:PowerMSP432_updateFreqs)
                  000064e0    0000002c     sysbios.aem4f : BIOS.obj (.text:ti_sysbios_family_arm_m3_Hwi_getHandle__E)
                  0000650c    0000002c                   : BIOS.obj (.text:ti_sysbios_family_arm_m3_Hwi_plug__E)
                  00006538    0000002c                   : BIOS.obj (.text:ti_sysbios_family_arm_msp432_Timer_postInit__I)
                  00006564    0000002c     empty_pem4f.oem4f (.text:ti_sysbios_knl_Clock_doTick__I)
                  00006590    0000002c     empty_pem4f.oem4f (.text:ti_sysbios_knl_Queue_construct)
                  000065bc    0000002c     ti.targets.arm.rtsarm.aem4f : Text.oem4f (.text:xdc_runtime_Text_cordText__E)
                  000065e8    0000002a     msp432p4xx_driverlib.lib : pcm.o (.text:PCM_getPowerMode)
                  00006612    0000002a     sysbios.aem4f : BIOS.obj (.text:ti_sysbios_knl_Queue_enqueue__E)
                  0000663c    0000002a                   : BIOS.obj (.text:ti_sysbios_knl_Task_sleepTimeout__I)
                  00006666    0000002a     ti.targets.arm.rtsarm.aem4f : System.oem4f (.text:xdc_runtime_System_putchar__I)
                  00006690    00000028     msp432p4xx_driverlib.lib : flash.o (.text:FlashCtl_setWaitState)
                  000066b8    00000028                              : pcm.o (.text:PCM_gotoLPM0)
                  000066e0    00000028     empty.obj (.text:swi0Fxn)
                  00006708    00000028     sysbios.aem4f : BIOS.obj (.text:ti_sysbios_knl_Clock_startI__E)
                  00006730    00000026                   : m3_Hwi_asm.obj (.text:ti_sysbios_family_arm_m3_Hwi_pendSV__I)
                  00006756    00000026     ti.targets.arm.rtsarm.aem4f : System.oem4f (.text:xdc_runtime_System_avprintf__E)
                  0000677c    00000024     msp432p4xx_driverlib.lib : cs.o (.text:CS_setDCOCenteredFrequency)
                  000067a0    00000024                              : gpio.o (.text:GPIO_setAsOutputPin)
                  000067c4    00000024                              : rtc_c.o (.text:RTC_C_holdClock)
                  000067e8    00000024                              : rtc_c.o (.text:RTC_C_startClock)
                  0000680c    00000024     empty_pem4f.oem4f (.text:ti_sysbios_BIOS_errorRaiseHook__I)
                  00006830    00000024     empty_pem4f.oem4f (.text:ti_sysbios_BIOS_registerRTSLock__I)
                  00006854    00000024     empty_pem4f.oem4f (.text:ti_sysbios_BIOS_removeRTSLock__I)
                  00006878    00000024     sysbios.aem4f : BIOS.obj (.text:ti_sysbios_BIOS_setThreadType__E)
                  0000689c    00000024                   : BIOS.obj (.text:ti_sysbios_gates_GateMutex_Instance_init__E)
                  000068c0    00000024     empty_pem4f.oem4f (.text:ti_sysbios_gates_GateMutex_Object__delete__S)
                  000068e4    00000024     sysbios.aem4f : BIOS.obj (.text:ti_sysbios_heaps_HeapMem_restore__E)
                  00006908    00000024                   : BIOS.obj (.text:ti_sysbios_knl_Clock_Module_startup__E)
                  0000692c    00000024                   : BIOS.obj (.text:ti_sysbios_knl_Queue_dequeue__E)
                  00006950    00000024                   : BIOS.obj (.text:ti_sysbios_knl_Task_restoreHwi__E)
                  00006974    00000024     ti.targets.arm.rtsarm.aem4f : System.oem4f (.text:xdc_runtime_System_vprintf__E)
                  00006998    00000022     empty_pem4f.oem4f (.text:xdc_runtime_SysMin_output__I)
                  000069ba    00000002     --HOLE-- [fill = 0]
                  000069bc    00000020     msp432p4xx_driverlib.lib : gpio.o (.text:GPIO_interruptEdgeSelect)
                  000069dc    00000020     empty_pem4f.oem4f (.text:ti_sysbios_BIOS_rtsLock__I)
                  000069fc    00000020     sysbios.aem4f : m3_Hwi_asm.obj (.text:ti_sysbios_family_arm_m3_Hwi_excHandlerAsm__I)
                  00006a1c    00000020     empty_pem4f.oem4f (.text:ti_sysbios_gates_GateHwi_Object__delete__S)
                  00006a3c    00000020     sysbios.aem4f : BIOS.obj (.text:ti_sysbios_gates_GateMutex_leave__E)
                  00006a5c    00000020     empty_pem4f.oem4f (.text:ti_sysbios_heaps_HeapMem_Object__delete__S)
                  00006a7c    00000020     empty_pem4f.oem4f (.text:ti_sysbios_knl_Semaphore_Object__destruct__S)
                  00006a9c    00000020     sysbios.aem4f : BIOS.obj (.text:ti_sysbios_knl_Task_disable__E)
                  00006abc    00000020                   : BIOS.obj (.text:ti_sysbios_knl_Task_enter__I)
                  00006adc    00000020                   : BIOS.obj (.text:ti_sysbios_knl_Task_unblock__E)
                  00006afc    00000020     ti.targets.arm.rtsarm.aem4f : Registry.oem4f (.text:xdc_runtime_Registry_findById__E)
                  00006b1c    00000020                                 : SysMin.oem4f (.text:xdc_runtime_SysMin_Module_startup__E)
                  00006b3c    0000001e     sysbios.aem4f : m3_Hwi_asm_switch.obj (.text:ti_sysbios_family_xxx_Hwi_switchAndRunFunc)
                  00006b5a    0000001e                   : BIOS.obj (.text:ti_sysbios_knl_Queue_remove__E)
                  00006b78    0000001c     msp432p4xx_driverlib.lib : pcm.o (.text:PCM_enableRudeMode)
                  00006b94    0000001c     sysbios.aem4f : BIOS.obj (.text:ti_sysbios_BIOS_setCpuFreq__E)
                  00006bb0    0000001c     empty_pem4f.oem4f (.text:ti_sysbios_knl_Queue_Object__destruct__S)
                  00006bcc    0000001c     sysbios.aem4f : BIOS.obj (.text:ti_sysbios_knl_Swi_disable__E)
                  00006be8    0000001c                   : BIOS.obj (.text:ti_sysbios_knl_Task_enabled__E)
                  00006c04    0000001c     ti.targets.arm.rtsarm.aem4f : Error.oem4f (.text:xdc_runtime_Error_raiseX__E)
                  00006c20    0000001c                                 : Memory.oem4f (.text:xdc_runtime_Memory_valloc__E)
                  00006c3c    0000001c                                 : SysMin.oem4f (.text:xdc_runtime_SysMin_exit__E)
                  00006c58    0000001c                                 : System.oem4f (.text:xdc_runtime_System_abort__E)
                  00006c74    0000001a     empty_pem4f.oem4f (.text:ti_sysbios_family_arm_m3_Hwi_Handle__label__S)
                  00006c8e    0000001a     sysbios.aem4f : BIOS.obj (.text:ti_sysbios_family_arm_m3_TaskSupport_checkStack__E)
                  00006ca8    0000001a     empty_pem4f.oem4f (.text:ti_sysbios_gates_GateHwi_Handle__label__S)
                  00006cc2    0000001a     empty_pem4f.oem4f (.text:ti_sysbios_gates_GateMutex_Handle__label__S)
                  00006cdc    0000001a     empty_pem4f.oem4f (.text:ti_sysbios_heaps_HeapMem_Handle__label__S)
                  00006cf6    0000001a     sysbios.aem4f : BIOS.obj (.text:ti_sysbios_knl_Semaphore_Instance_finalize__E)
                  00006d10    0000001a     empty_pem4f.oem4f (.text:ti_sysbios_knl_Swi_Handle__label__S)
                  00006d2a    0000001a     empty_pem4f.oem4f (.text:ti_sysbios_knl_Task_Handle__label__S)
                  00006d44    0000001a     empty_pem4f.oem4f (.text:xdc_runtime_System_aprintf__E)
                  00006d5e    0000001a     empty_pem4f.oem4f (.text:xdc_runtime_System_printf__E)
                  00006d78    00000018     msp432p4xx_driverlib.lib : gpio.o (.text:GPIO_clearInterruptFlag)
                  00006d90    00000018                              : gpio.o (.text:GPIO_setDriveStrengthLow)
                  00006da8    00000018                              : gpio.o (.text:GPIO_setOutputLowOnPin)
                  00006dc0    00000018                              : wdt_a.o (.text:WDT_A_holdTimer)
                  00006dd8    00000018     rtsv7M4_T_le_v4SPD16_eabi.lib : args_main.obj (.text)
                  00006df0    00000018     empty_pem4f.oem4f (.text:ti_sysbios_BIOS_rtsUnlock__I)
                  00006e08    00000018     empty_pem4f.oem4f (.text:ti_sysbios_family_arm_m3_Hwi_Module__startupDone__F)
                  00006e20    00000018     sysbios.aem4f : BIOS.obj (.text:ti_sysbios_family_arm_m3_Hwi_switchFromBootStack__E)
                  00006e38    00000018                   : m3_TaskSupport_asm.obj (.text:ti_sysbios_family_arm_m3_TaskSupport_swap__E)
                  00006e50    00000018     empty_pem4f.oem4f (.text:ti_sysbios_family_arm_msp432_Timer_Module__startupDone__F)
                  00006e68    00000018     sysbios.aem4f : BIOS.obj (.text:ti_sysbios_gates_GateMutex_Instance_State_sem$18)
                  00006e80    00000018                   : BIOS.obj (.text:ti_sysbios_gates_GateMutex_Instance_finalize__E)
                  00006e98    00000018                   : BIOS.obj (.text:ti_sysbios_knl_Queue_empty__E)
                  00006eb0    00000018                   : BIOS.obj (.text:ti_sysbios_knl_Semaphore_Instance_State_pendQ$5)
                  00006ec8    00000018     ti.targets.arm.rtsarm.aem4f : Error.oem4f (.text:xdc_runtime_Error_check__E)
                  00006ee0    00000018                                 : System.oem4f (.text:xdc_runtime_System_exit__E)
                  00006ef8    00000018                                 : Text.oem4f (.text:xdc_runtime_Text_ropeText__E)
                  00006f10    00000016     empty_pem4f.oem4f (.text:ti_sysbios_BIOS_exitFunc__I)
                  00006f26    00000016     sysbios.aem4f : BIOS.obj (.text:ti_sysbios_family_arm_m3_Hwi_Handle_name$15)
                  00006f3c    00000016                   : BIOS.obj (.text:ti_sysbios_family_arm_msp432_Timer_getMaxTicks__E)
                  00006f52    00000016                   : BIOS.obj (.text:ti_sysbios_knl_Queue_Instance_init__E)
                  00006f68    00000016                   : BIOS.obj (.text:ti_sysbios_knl_Swi_Handle_name$15)
                  00006f7e    00000016     empty.obj (.text:ti_sysbios_knl_Swi_Params_init)
                  00006f94    00000016     sysbios.aem4f : BIOS.obj (.text:ti_sysbios_knl_Task_Handle_name$15)
                  00006faa    00000016     empty.obj (.text:ti_sysbios_knl_Task_Params_init)
                  00006fc0    00000014     msp432p4xx_driverlib.lib : gpio.o (.text:GPIO_setDriveStrengthHigh)
                  00006fd4    00000014                              : gpio.o (.text:GPIO_setOutputHighOnPin)
                  00006fe8    00000014                              : gpio.o (.text:GPIO_toggleOutputOnPin)
                  00006ffc    00000014     drivers_MSP432P401R.aem4f : PowerMSP432.oem4f (.text:Power_idleFunc)
                  00007010    00000014     msp432p4xx_driverlib.lib : wdt_a.o (.text:WDT_A_startTimer)
                  00007024    00000014     empty.obj (.text:heartBeatFxn)
                  00007038    00000014     rtsv7M4_T_le_v4SPD16_eabi.lib : _lock.obj (.text)
                  0000704c    00000014                                   : strcpy.obj (.text)
                  00007060    00000014                                   : strlen.obj (.text)
                  00007074    00000014     sysbios.aem4f : BIOS.obj (.text:ti_sysbios_BIOS_exit__E)
                  00007088    00000014     empty_pem4f.oem4f (.text:ti_sysbios_family_arm_m3_Hwi_Object__get__S)
                  0000709c    00000014     sysbios.aem4f : BIOS.obj (.text:ti_sysbios_family_arm_msp432_Timer_setPeriod__E)
                  000070b0    00000014                   : BIOS.obj (.text:ti_sysbios_gates_GateHwi_enter__E)
                  000070c4    00000014                   : BIOS.obj (.text:ti_sysbios_hal_Hwi_Module_startup__E)
                  000070d8    00000014                   : BIOS.obj (.text:ti_sysbios_hal_Hwi_getStackInfo__E)
                  000070ec    00000014     empty_pem4f.oem4f (.text:ti_sysbios_heaps_HeapMem_Object__get__S)
                  00007100    00000014     sysbios.aem4f : BIOS.obj (.text:ti_sysbios_knl_Clock_Module_State_clockQ$1)
                  00007114    00000014                   : BIOS.obj (.text:ti_sysbios_knl_Queue_elemClear__E)
                  00007128    00000014     empty_pem4f.oem4f (.text:ti_sysbios_knl_Swi_Object__get__S)
                  0000713c    00000014     sysbios.aem4f : BIOS.obj (.text:ti_sysbios_knl_Task_Module_State_inactiveQ$8)
                  00007150    00000012                   : BIOS.obj (.text:ti_sysbios_gates_GateHwi_leave__E)
                  00007162    00000012     empty_pem4f.oem4f (.text:xdc_runtime_Startup_exec__I)
                  00007174    00000010     msp432p4xx_driverlib.lib : gpio.o (.text:GPIO_getInterruptStatus)
                  00007184    00000010                              : pcm.o (.text:PCM_gotoLPM4)
                  00007194    00000010     sysbios.aem4f : BIOS.obj (.text:ti_sysbios_BIOS_getThreadType__E)
                  000071a4    00000010                   : BIOS.obj (.text:ti_sysbios_BIOS_start__E)
                  000071b4    00000010                   : BIOS.obj (.text:ti_sysbios_family_arm_m3_Hwi_Object_get$15)
                  000071c4    00000010                   : BIOS.obj (.text:ti_sysbios_family_arm_m3_Hwi_doSwiRestore__I)
                  000071d4    00000010                   : BIOS.obj (.text:ti_sysbios_family_arm_m3_Hwi_restoreFxn__E)
                  000071e4    00000010                   : m3_TaskSupport_asm.obj (.text:ti_sysbios_family_arm_m3_TaskSupport_glue)
                  000071f4    00000010                   : BIOS.obj (.text:ti_sysbios_family_arm_msp432_init_Boot_disableWatchdog)
                  00007204    00000010                   : BIOS.obj (.text:ti_sysbios_heaps_HeapMem_Object_get$19)
                  00007214    00000010                   : BIOS.obj (.text:ti_sysbios_knl_Clock_stop__E)
                  00007224    00000010                   : BIOS.obj (.text:ti_sysbios_knl_Queue_Object_get$6)
                  00007234    00000010                   : BIOS.obj (.text:ti_sysbios_knl_Queue_Object_get$8)
                  00007244    00000010                   : BIOS.obj (.text:ti_sysbios_knl_Swi_Object_get$6)
                  00007254    00000010                   : BIOS.obj (.text:ti_sysbios_knl_Swi_enabled__E)
                  00007264    00000010     empty_pem4f.oem4f (.text:ti_sysbios_knl_Task_Object__get__S)
                  00007274    00000010     sysbios.aem4f : BIOS.obj (.text:ti_sysbios_knl_Task_Object_get$8)
                  00007284    00000010     ti.targets.arm.rtsarm.aem4f : Gate.oem4f (.text:xdc_runtime_Gate_leaveSystem__E)
                  00007294    00000010                                 : Memory.oem4f (.text:xdc_runtime_Memory_free__E)
                  000072a4    00000010                                 : SysMin.oem4f (.text:xdc_runtime_SysMin_ready__E)
                  000072b4    00000010                                 : System.oem4f (.text:xdc_runtime_System_vsnprintf__E)
                  000072c4    00000010     empty_pem4f.oem4f (.text:xdc_runtime_Text_visitRope__I)
                  000072d4    0000000e     tirtosport.aem4f : HwiP_tirtos.oem4f (.text:HwiP_Params_init)
                  000072e2    0000000e     rtsv7M4_T_le_v4SPD16_eabi.lib : copy_decompress_none.obj (.text:decompress:none)
                  000072f0    0000000e     sysbios.aem4f : BIOS.obj (.text:ti_sysbios_family_arm_m3_Hwi_doTaskRestore__I)
                  000072fe    0000000e                   : BIOS.obj (.text:ti_sysbios_knl_Queue_head__E)
                  0000730c    0000000e                   : BIOS.obj (.text:ti_sysbios_knl_Queue_next__E)
                  0000731a    0000000e                   : BIOS.obj (.text:ti_sysbios_knl_Swi_postInit__I)
                  00007328    0000000c     empty_pem4f.oem4f (.text:.bootCodeSection:ti_sysbios_family_arm_msp432_init_Boot_init__I)
                  00007334    0000000c     msp432p4xx_driverlib.lib : cpu.o (.text:CPU_cpsid)
                  00007340    0000000c                              : cpu.o (.text:CPU_cpsie)
                  0000734c    0000000c                              : pcm.o (.text:PCM_getPowerState)
                  00007358    0000000c     drivers_MSP432P401R.aem4f : PowerMSP432.oem4f (.text:Power_getConstraintMask)
                  00007364    0000000c     empty_pem4f.oem4f (.text:ti_sysbios_family_arm_m3_Hwi_Params__init__S)
                  00007370    0000000c     sysbios.aem4f : BIOS.obj (.text:ti_sysbios_family_arm_m3_Hwi_disableFxn__E)
                  0000737c    0000000c                   : BIOS.obj (.text:ti_sysbios_family_arm_m3_TaskSupport_getStackAlignment__E)
                  00007388    0000000c                   : BIOS.obj (.text:ti_sysbios_gates_GateHwi_Instance_init__E)
                  00007394    0000000c                   : BIOS.obj (.text:ti_sysbios_gates_GateHwi_query__E)
                  000073a0    0000000c                   : BIOS.obj (.text:ti_sysbios_gates_GateMutex_query__E)
                  000073ac    0000000c                   : BIOS.obj (.text:ti_sysbios_heaps_HeapMem_isBlocking__E)
                  000073b8    0000000c                   : BIOS.obj (.text:ti_sysbios_knl_Clock_handle$5)
                  000073c4    0000000c                   : BIOS.obj (.text:ti_sysbios_knl_Clock_handle$8)
                  000073d0    0000000c                   : BIOS.obj (.text:ti_sysbios_knl_Clock_removeI__E)
                  000073dc    0000000c                   : BIOS.obj (.text:ti_sysbios_knl_Idle_loop__E)
                  000073e8    0000000c     empty_pem4f.oem4f (.text:ti_sysbios_knl_Queue_Object__get__S)
                  000073f4    0000000c     sysbios.aem4f : BIOS.obj (.text:ti_sysbios_knl_Queue_struct$5)
                  00007400    0000000c                   : BIOS.obj (.text:ti_sysbios_knl_Semaphore_struct$18)
                  0000740c    0000000c     empty_pem4f.oem4f (.text:ti_sysbios_knl_Swi_Params__init__S)
                  00007418    0000000c     empty.obj (.text:ti_sysbios_knl_Swi_handle)
                  00007424    0000000c     sysbios.aem4f : BIOS.obj (.text:ti_sysbios_knl_Swi_self__E)
                  00007430    0000000c     empty_pem4f.oem4f (.text:ti_sysbios_knl_Task_Params__init__S)
                  0000743c    0000000c     sysbios.aem4f : BIOS.obj (.text:ti_sysbios_knl_Task_handle$8)
                  00007448    0000000c                   : BIOS.obj (.text:ti_sysbios_knl_Task_self__E)
                  00007454    0000000c     ti.targets.arm.rtsarm.aem4f : Error.oem4f (.text:xdc_runtime_Error_init__E)
                  00007460    0000000c                                 : Gate.oem4f (.text:xdc_runtime_Gate_enterSystem__E)
                  0000746c    0000000c                                 : Memory.oem4f (.text:xdc_runtime_Memory_calloc__E)
                  00007478    0000000c                                 : Memory.oem4f (.text:xdc_runtime_Memory_getMaxDefaultTypeAlign__E)
                  00007484    0000000c                                 : Startup.oem4f (.text:xdc_runtime_Startup_rtsDone__E)
                  00007490    0000000c     sysbios.aem4f : BIOS.obj (.text:xdc_uargToPtr$19)
                  0000749c    0000000c                   : BIOS.obj (.text:xdc_uargToPtr$5)
                  000074a8    0000000c                   : BIOS.obj (.text:xdc_uargToPtr$8)
                  000074b4    0000000a                   : BIOS.obj (.text:ti_sysbios_knl_Swi_startup__E)
                  000074be    0000000a                   : BIOS.obj (.text:ti_sysbios_knl_Task_startup__E)
                  000074c8    0000000a     empty_pem4f.oem4f (.text:xdc_runtime_IHeap_alloc)
                  000074d2    0000000a     empty_pem4f.oem4f (.text:xdc_runtime_IHeap_free)
                  000074dc    00000008     MSP_EXP432P401R.obj (.text:MSP_EXP432P401R_initGPIO)
                  000074e4    00000008     MSP_EXP432P401R.obj (.text:MSP_EXP432P401R_initGeneral)
                  000074ec    00000008     msp432p4xx_driverlib.lib : pcm.o (.text:PCM_setPowerMode)
                  000074f4    00000008                              : pcm.o (.text:PCM_setPowerState)
                  000074fc    00000008     sysbios.aem4f : BIOS.obj (.text:ti_sysbios_family_arm_m3_Hwi_startup__E)
                  00007504    00000008                   : BIOS.obj (.text:ti_sysbios_hal_Hwi_startup__E)
                  0000750c    00000008                   : BIOS.obj (.text:ti_sysbios_hal_Hwi_switchFromBootStack__E)
                  00007514    00000006     rtsv7M4_T_le_v4SPD16_eabi.lib : copy_decompress_rle.obj (.text:decompress:rle24)
                  0000751a    00000006     ti.targets.arm.rtsarm.aem4f : System.oem4f (.text:xdc_runtime_System_Module_startup__E)
                  00007520    00000004     msp432p4xx_driverlib.lib : cpu.o (.text:CPU_wfi)
                  00007524    00000004     tirtosport.aem4f : HwiP_tirtos.oem4f (.text:HwiP_disable)
                  00007528    00000004     drivers_MSP432P401R.aem4f : List.oem4f (.text:List_head)
                  0000752c    00000004                               : List.oem4f (.text:List_next)
                  00007530    00000004     empty_pem4f.oem4f (.text:ti_sysbios_BIOS_RtsGateProxy_enter__E)
                  00007534    00000004     empty_pem4f.oem4f (.text:ti_sysbios_BIOS_RtsGateProxy_leave__E)
                  00007538    00000004     empty_pem4f.oem4f (.text:ti_sysbios_family_arm_m3_TaskSupport_Module__startupDone__S)
                  0000753c    00000004     empty_pem4f.oem4f (.text:ti_sysbios_heaps_HeapMem_Module_GateProxy_enter__E)
                  00007540    00000004     empty_pem4f.oem4f (.text:ti_sysbios_heaps_HeapMem_Module_GateProxy_leave__E)
                  00007544    00000004     empty_pem4f.oem4f (.text:ti_sysbios_knl_Clock_TimerProxy_getMaxTicks__E)
                  00007548    00000004     empty_pem4f.oem4f (.text:ti_sysbios_knl_Queue_destruct)
                  0000754c    00000004     empty_pem4f.oem4f (.text:ti_sysbios_knl_Semaphore_destruct)
                  00007550    00000004     ti.targets.arm.rtsarm.aem4f : Error.oem4f (.text:xdc_runtime_Error_getSite__E)
                  00007554    00000004     empty_pem4f.oem4f (.text:xdc_runtime_System_Module_GateProxy_enter__E)
                  00007558    00000004     empty_pem4f.oem4f (.text:xdc_runtime_System_Module_GateProxy_leave__E)
                  0000755c    00000004     ti.targets.arm.rtsarm.aem4f : System.oem4f (.text:xdc_runtime_System_aprintf_va__F)
                  00007560    00000004                                 : System.oem4f (.text:xdc_runtime_System_printf_va__F)

.const     0    00007564    00001e34     
                  00007564    0000182b     empty_pem4f.oem4f (.const:xdc_runtime_Text_charTab__A)
                  00008d8f    00000001     empty_pem4f.oem4f (.const:xdc_runtime_Error_policy__C)
                  00008d90    000000b8     empty_pem4f.oem4f (.const:xdc_runtime_Text_nodeTab__A)
                  00008e48    00000048     empty_pem4f.oem4f (.const:.string)
                  00008e90    0000003c     empty_pem4f.oem4f (.const:ti_sysbios_knl_Task_Object__PARAMS__C)
                  00008ecc    00000030     empty_pem4f.oem4f (.const:ti_sysbios_family_arm_m3_Hwi_Object__PARAMS__C)
                  00008efc    00000028     empty_pem4f.oem4f (.const:ti_sysbios_heaps_HeapMem_Module__FXNS__C)
                  00008f24    00000028     empty_pem4f.oem4f (.const:ti_sysbios_knl_Swi_Object__PARAMS__C)
                  00008f4c    00000024     empty_pem4f.oem4f (.const:ti_sysbios_gates_GateHwi_Module__FXNS__C)
                  00008f70    00000024     empty_pem4f.oem4f (.const:ti_sysbios_gates_GateMutex_Module__FXNS__C)
                  00008f94    00000024     empty_pem4f.oem4f (.const:ti_sysbios_heaps_HeapMem_Object__PARAMS__C)
                  00008fb8    00000024     empty_pem4f.oem4f (.const:ti_sysbios_knl_Semaphore_Object__PARAMS__C)
                  00008fdc    00000020     empty_pem4f.oem4f (.const:ti_sysbios_family_arm_m3_Hwi_Object__DESC__C)
                  00008ffc    00000020     empty_pem4f.oem4f (.const:ti_sysbios_gates_GateHwi_Object__DESC__C)
                  0000901c    00000020     empty_pem4f.oem4f (.const:ti_sysbios_gates_GateMutex_Object__DESC__C)
                  0000903c    00000020     empty_pem4f.oem4f (.const:ti_sysbios_heaps_HeapMem_Object__DESC__C)
                  0000905c    00000020     empty_pem4f.oem4f (.const:ti_sysbios_knl_Queue_Object__DESC__C)
                  0000907c    00000020     empty_pem4f.oem4f (.const:ti_sysbios_knl_Semaphore_Object__DESC__C)
                  0000909c    00000020     empty_pem4f.oem4f (.const:ti_sysbios_knl_Swi_Object__DESC__C)
                  000090bc    00000020     empty_pem4f.oem4f (.const:ti_sysbios_knl_Task_Object__DESC__C)
                  000090dc    00000020     empty_pem4f.oem4f (.const:xdc_runtime_Startup_sfxnTab__A)
                  000090fc    00000018     empty_pem4f.oem4f (.const:ti_sysbios_gates_GateHwi_Object__PARAMS__C)
                  00009114    00000018     empty_pem4f.oem4f (.const:ti_sysbios_gates_GateMutex_Object__PARAMS__C)
                  0000912c    00000018     empty_pem4f.oem4f (.const:ti_sysbios_knl_Queue_Object__PARAMS__C)
                  00009144    00000018     empty.obj (.const:upConfig)
                  0000915c    00000014     MSP_EXP432P401R.obj (.const:GPIOMSP432_config)
                  00009170    00000010     MSP_EXP432P401R.obj (.const:PowerMSP432_config)
                  00009180    00000010     empty_pem4f.oem4f (.const:xdc_runtime_Startup_sfxnRts__A)
                  00009190    0000000c     drivers_MSP432P401R.aem4f : GPIOMSP432.oem4f (.const:.string)
                  0000919c    0000000c     empty_pem4f.oem4f (.const:xdc_runtime_Startup_firstFxns__A)
                  000091a8    00000008     empty_pem4f.oem4f (.const:ti_sysbios_family_arm_m3_Hwi_excHookFuncs__A)
                  000091b0    00000008     empty_pem4f.oem4f (.const:ti_sysbios_knl_Idle_funcList__A)
                  000091b8    00000008     empty_pem4f.oem4f (.const:ti_sysbios_knl_Idle_funcList__C)
                  000091c0    00000008     empty_pem4f.oem4f (.const:xdc_runtime_Startup_firstFxns__C)
                  000091c8    00000008     empty_pem4f.oem4f (.const:xdc_runtime_Startup_lastFxns__C)
                  000091d0    00000004     empty_pem4f.oem4f (.const:ti_sysbios_family_arm_m3_Hwi_E_NMI__C)
                  000091d4    00000004     empty_pem4f.oem4f (.const:ti_sysbios_family_arm_m3_Hwi_E_alreadyDefined__C)
                  000091d8    00000004     empty_pem4f.oem4f (.const:ti_sysbios_family_arm_m3_Hwi_E_busFault__C)
                  000091dc    00000004     empty_pem4f.oem4f (.const:ti_sysbios_family_arm_m3_Hwi_E_debugMon__C)
                  000091e0    00000004     empty_pem4f.oem4f (.const:ti_sysbios_family_arm_m3_Hwi_E_hardFault__C)
                  000091e4    00000004     empty_pem4f.oem4f (.const:ti_sysbios_family_arm_m3_Hwi_E_memFault__C)
                  000091e8    00000004     empty_pem4f.oem4f (.const:ti_sysbios_family_arm_m3_Hwi_E_noIsr__C)
                  000091ec    00000004     empty_pem4f.oem4f (.const:ti_sysbios_family_arm_m3_Hwi_E_reserved__C)
                  000091f0    00000004     empty_pem4f.oem4f (.const:ti_sysbios_family_arm_m3_Hwi_E_svCall__C)
                  000091f4    00000004     empty_pem4f.oem4f (.const:ti_sysbios_family_arm_m3_Hwi_E_usageFault__C)
                  000091f8    00000004     empty_pem4f.oem4f (.const:ti_sysbios_family_arm_m3_Hwi_NUM_INTERRUPTS__C)
                  000091fc    00000004     empty_pem4f.oem4f (.const:ti_sysbios_family_arm_m3_Hwi_Object__count__C)
                  00009200    00000004     empty_pem4f.oem4f (.const:ti_sysbios_family_arm_m3_Hwi_ccr__C)
                  00009204    00000004     empty_pem4f.oem4f (.const:ti_sysbios_family_arm_m3_Hwi_excHandlerFunc__C)
                  00009208    00000004     empty_pem4f.oem4f (.const:ti_sysbios_family_arm_m3_Hwi_excHookFuncs__C)
                  0000920c    00000004     empty_pem4f.oem4f (.const:ti_sysbios_family_arm_m3_Hwi_nullIsrFunc__C)
                  00009210    00000004     empty_pem4f.oem4f (.const:ti_sysbios_family_arm_m3_Hwi_priGroup__C)
                  00009214    00000004     empty_pem4f.oem4f (.const:ti_sysbios_family_arm_m3_TaskSupport_stackAlignment__C)
                  00009218    00000004     empty_pem4f.oem4f (.const:ti_sysbios_family_arm_msp432_Timer_numTimerDevices__C)
                  0000921c    00000004     empty_pem4f.oem4f (.const:ti_sysbios_family_arm_msp432_Timer_startupNeeded__C)
                  00009220    00000004     empty_pem4f.oem4f (.const:ti_sysbios_gates_GateMutex_A_badContext__C)
                  00009224    00000004     empty_pem4f.oem4f (.const:ti_sysbios_gates_GateMutex_Instance_State_sem__O)
                  00009228    00000004     empty_pem4f.oem4f (.const:ti_sysbios_gates_GateMutex_Module__diagsEnabled__C)
                  0000922c    00000004     empty_pem4f.oem4f (.const:ti_sysbios_gates_GateMutex_Module__diagsIncluded__C)
                  00009230    00000004     empty_pem4f.oem4f (.const:ti_sysbios_gates_GateMutex_Module__diagsMask__C)
                  00009234    00000004     empty_pem4f.oem4f (.const:ti_sysbios_hal_Hwi_E_stackOverflow__C)
                  00009238    00000004     empty_pem4f.oem4f (.const:ti_sysbios_heaps_HeapMem_A_align__C)
                  0000923c    00000004     empty_pem4f.oem4f (.const:ti_sysbios_heaps_HeapMem_A_heapSize__C)
                  00009240    00000004     empty_pem4f.oem4f (.const:ti_sysbios_heaps_HeapMem_A_invalidFree__C)
                  00009244    00000004     empty_pem4f.oem4f (.const:ti_sysbios_heaps_HeapMem_A_zeroBlock__C)
                  00009248    00000004     empty_pem4f.oem4f (.const:ti_sysbios_heaps_HeapMem_E_memory__C)
                  0000924c    00000004     empty_pem4f.oem4f (.const:ti_sysbios_heaps_HeapMem_Module__diagsEnabled__C)
                  00009250    00000004     empty_pem4f.oem4f (.const:ti_sysbios_heaps_HeapMem_Module__diagsIncluded__C)
                  00009254    00000004     empty_pem4f.oem4f (.const:ti_sysbios_heaps_HeapMem_Module__diagsMask__C)
                  00009258    00000004     empty_pem4f.oem4f (.const:ti_sysbios_heaps_HeapMem_Module__gateObj__C)
                  0000925c    00000004     empty_pem4f.oem4f (.const:ti_sysbios_heaps_HeapMem_Object__count__C)
                  00009260    00000004     empty_pem4f.oem4f (.const:ti_sysbios_heaps_HeapMem_reqAlign__C)
                  00009264    00000004     empty_pem4f.oem4f (.const:ti_sysbios_knl_Clock_Module_State_clockQ__O)
                  00009268    00000004     empty_pem4f.oem4f (.const:ti_sysbios_knl_Semaphore_A_badContext__C)
                  0000926c    00000004     empty_pem4f.oem4f (.const:ti_sysbios_knl_Semaphore_A_noEvents__C)
                  00009270    00000004     empty_pem4f.oem4f (.const:ti_sysbios_knl_Semaphore_A_overflow__C)
                  00009274    00000004     empty_pem4f.oem4f (.const:ti_sysbios_knl_Semaphore_A_pendTaskDisabled__C)
                  00009278    00000004     empty_pem4f.oem4f (.const:ti_sysbios_knl_Semaphore_Instance_State_pendQ__O)
                  0000927c    00000004     empty_pem4f.oem4f (.const:ti_sysbios_knl_Semaphore_Module__diagsEnabled__C)
                  00009280    00000004     empty_pem4f.oem4f (.const:ti_sysbios_knl_Semaphore_Module__diagsIncluded__C)
                  00009284    00000004     empty_pem4f.oem4f (.const:ti_sysbios_knl_Semaphore_Module__diagsMask__C)
                  00009288    00000004     empty_pem4f.oem4f (.const:ti_sysbios_knl_Swi_A_badPriority__C)
                  0000928c    00000004     empty_pem4f.oem4f (.const:ti_sysbios_knl_Swi_A_swiDisabled__C)
                  00009290    00000004     empty_pem4f.oem4f (.const:ti_sysbios_knl_Swi_Module__diagsEnabled__C)
                  00009294    00000004     empty_pem4f.oem4f (.const:ti_sysbios_knl_Swi_Module__diagsIncluded__C)
                  00009298    00000004     empty_pem4f.oem4f (.const:ti_sysbios_knl_Swi_Module__diagsMask__C)
                  0000929c    00000004     empty_pem4f.oem4f (.const:ti_sysbios_knl_Swi_Object__count__C)
                  000092a0    00000004     empty_pem4f.oem4f (.const:ti_sysbios_knl_Swi_numConstructedSwis__C)
                  000092a4    00000004     empty_pem4f.oem4f (.const:ti_sysbios_knl_Task_A_badPriority__C)
                  000092a8    00000004     empty_pem4f.oem4f (.const:ti_sysbios_knl_Task_A_badTaskState__C)
                  000092ac    00000004     empty_pem4f.oem4f (.const:ti_sysbios_knl_Task_A_badThreadType__C)
                  000092b0    00000004     empty_pem4f.oem4f (.const:ti_sysbios_knl_Task_A_badTimeout__C)
                  000092b4    00000004     empty_pem4f.oem4f (.const:ti_sysbios_knl_Task_A_noPendElem__C)
                  000092b8    00000004     empty_pem4f.oem4f (.const:ti_sysbios_knl_Task_A_sleepTaskDisabled__C)
                  000092bc    00000004     empty_pem4f.oem4f (.const:ti_sysbios_knl_Task_A_taskDisabled__C)
                  000092c0    00000004     empty_pem4f.oem4f (.const:ti_sysbios_knl_Task_E_spOutOfBounds__C)
                  000092c4    00000004     empty_pem4f.oem4f (.const:ti_sysbios_knl_Task_E_stackOverflow__C)
                  000092c8    00000004     empty_pem4f.oem4f (.const:ti_sysbios_knl_Task_Module_State_inactiveQ__O)
                  000092cc    00000004     empty_pem4f.oem4f (.const:ti_sysbios_knl_Task_Module__diagsEnabled__C)
                  000092d0    00000004     empty_pem4f.oem4f (.const:ti_sysbios_knl_Task_Module__diagsIncluded__C)
                  000092d4    00000004     empty_pem4f.oem4f (.const:ti_sysbios_knl_Task_Module__diagsMask__C)
                  000092d8    00000004     empty_pem4f.oem4f (.const:ti_sysbios_knl_Task_Object__count__C)
                  000092dc    00000004     empty_pem4f.oem4f (.const:ti_sysbios_knl_Task_allBlockedFunc__C)
                  000092e0    00000004     empty_pem4f.oem4f (.const:ti_sysbios_knl_Task_defaultStackHeap__C)
                  000092e4    00000004     empty_pem4f.oem4f (.const:ti_sysbios_knl_Task_defaultStackSize__C)
                  000092e8    00000004     empty_pem4f.oem4f (.const:ti_sysbios_knl_Task_numConstructedTasks__C)
                  000092ec    00000004     empty_pem4f.oem4f (.const:xdc_runtime_Assert_E_assertFailed__C)
                  000092f0    00000004     empty_pem4f.oem4f (.const:xdc_runtime_Core_A_initializedParams__C)
                  000092f4    00000004     empty_pem4f.oem4f (.const:xdc_runtime_Core_Module__diagsEnabled__C)
                  000092f8    00000004     empty_pem4f.oem4f (.const:xdc_runtime_Core_Module__diagsIncluded__C)
                  000092fc    00000004     empty_pem4f.oem4f (.const:xdc_runtime_Core_Module__diagsMask__C)
                  00009300    00000004     empty_pem4f.oem4f (.const:xdc_runtime_Error_E_memory__C)
                  00009304    00000004     empty_pem4f.oem4f (.const:xdc_runtime_Error_Module__diagsEnabled__C)
                  00009308    00000004     empty_pem4f.oem4f (.const:xdc_runtime_Error_Module__diagsIncluded__C)
                  0000930c    00000004     empty_pem4f.oem4f (.const:xdc_runtime_Error_Module__diagsMask__C)
                  00009310    00000004     empty_pem4f.oem4f (.const:xdc_runtime_Error_Module__loggerFxn8__C)
                  00009314    00000004     empty_pem4f.oem4f (.const:xdc_runtime_Error_Module__loggerObj__C)
                  00009318    00000004     empty_pem4f.oem4f (.const:xdc_runtime_Error_policyFxn__C)
                  0000931c    00000004     empty_pem4f.oem4f (.const:xdc_runtime_Error_raiseHook__C)
                  00009320    00000004     empty_pem4f.oem4f (.const:xdc_runtime_IGateProvider_Interface__BASE__C)
                  00009324    00000004     empty_pem4f.oem4f (.const:xdc_runtime_IHeap_Interface__BASE__C)
                  00009328    00000004     empty_pem4f.oem4f (.const:xdc_runtime_IModule_Interface__BASE__C)
                  0000932c    00000004     empty_pem4f.oem4f (.const:xdc_runtime_Log_L_error__C)
                  00009330    00000004     empty_pem4f.oem4f (.const:xdc_runtime_Memory_defaultHeapInstance__C)
                  00009334    00000004     empty_pem4f.oem4f (.const:xdc_runtime_Startup_execImpl__C)
                  00009338    00000004     empty_pem4f.oem4f (.const:xdc_runtime_Startup_maxPasses__C)
                  0000933c    00000004     empty_pem4f.oem4f (.const:xdc_runtime_Startup_sfxnRts__C)
                  00009340    00000004     empty_pem4f.oem4f (.const:xdc_runtime_Startup_sfxnTab__C)
                  00009344    00000004     empty_pem4f.oem4f (.const:xdc_runtime_SysMin_bufSize__C)
                  00009348    00000004     empty_pem4f.oem4f (.const:xdc_runtime_SysMin_outputFunc__C)
                  0000934c    00000004     empty_pem4f.oem4f (.const:xdc_runtime_System_Module__gateObj__C)
                  00009350    00000004     empty_pem4f.oem4f (.const:xdc_runtime_System_abortFxn__C)
                  00009354    00000004     empty_pem4f.oem4f (.const:xdc_runtime_System_exitFxn__C)
                  00009358    00000004     empty_pem4f.oem4f (.const:xdc_runtime_System_extendFxn__C)
                  0000935c    00000004     empty_pem4f.oem4f (.const:xdc_runtime_System_maxAtexitHandlers__C)
                  00009360    00000004     empty_pem4f.oem4f (.const:xdc_runtime_Text_charTab__C)
                  00009364    00000004     empty_pem4f.oem4f (.const:xdc_runtime_Text_nameEmpty__C)
                  00009368    00000004     empty_pem4f.oem4f (.const:xdc_runtime_Text_nameStatic__C)
                  0000936c    00000004     empty_pem4f.oem4f (.const:xdc_runtime_Text_nameUnknown__C)
                  00009370    00000004     empty_pem4f.oem4f (.const:xdc_runtime_Text_nodeTab__C)
                  00009374    00000004     empty_pem4f.oem4f (.const:xdc_runtime_Text_visitRopeFxn__C)
                  00009378    00000002     empty_pem4f.oem4f (.const:ti_sysbios_family_arm_m3_Hwi_Module__id__C)
                  0000937a    00000002     empty_pem4f.oem4f (.const:ti_sysbios_gates_GateMutex_Module__id__C)
                  0000937c    00000002     empty_pem4f.oem4f (.const:ti_sysbios_hal_Hwi_Module__id__C)
                  0000937e    00000002     empty_pem4f.oem4f (.const:ti_sysbios_heaps_HeapMem_Module__id__C)
                  00009380    00000002     empty_pem4f.oem4f (.const:ti_sysbios_knl_Semaphore_Module__id__C)
                  00009382    00000002     empty_pem4f.oem4f (.const:ti_sysbios_knl_Swi_Module__id__C)
                  00009384    00000002     empty_pem4f.oem4f (.const:ti_sysbios_knl_Task_Module__id__C)
                  00009386    00000002     empty_pem4f.oem4f (.const:xdc_runtime_Core_Module__id__C)
                  00009388    00000002     empty_pem4f.oem4f (.const:xdc_runtime_Error_Module__loggerDefined__C)
                  0000938a    00000002     empty_pem4f.oem4f (.const:xdc_runtime_Error_maxDepth__C)
                  0000938c    00000002     empty_pem4f.oem4f (.const:xdc_runtime_Memory_Module__id__C)
                  0000938e    00000002     empty_pem4f.oem4f (.const:xdc_runtime_SysMin_flushAtExit__C)
                  00009390    00000002     empty_pem4f.oem4f (.const:xdc_runtime_Text_charCnt__C)
                  00009392    00000002     empty_pem4f.oem4f (.const:xdc_runtime_Text_isLoaded__C)
                  00009394    00000002     empty_pem4f.oem4f (.const:xdc_runtime_Text_registryModsLastId__C)
                  00009396    00000002     empty_pem4f.oem4f (.const:xdc_runtime_Text_unnamedModsLastId__C)

.cinit     0    00009398    000003ec     
                  00009398    000003ae     (.cinit..data.load) [load image, compression = rle]
                  00009746    00000002     --HOLE-- [fill = 0]
                  00009748    0000000b     (.cinit..bss.load) [load image, compression = rle]
                  00009753    00000005     --HOLE-- [fill = 0]
                  00009758    0000000b     (.cinit..vecs.load) [load image, compression = rle]
                  00009763    00000001     --HOLE-- [fill = 0]
                  00009764    00000008     (__TI_handler_table)
                  0000976c    00000018     (__TI_cinit_table)

.resetVecs 
*          0    00000000    0000003c     
                  00000000    0000003c     empty_pem4f.oem4f (.resetVecs)

.vecs      0    20000000    00000140     UNINITIALIZED
                  20000000    00000140     empty_pem4f.oem4f (.vecs)

.bss       0    20000140    00000ba0     UNINITIALIZED
                  20000140    00000400     (.common:ti_sysbios_heaps_HeapMem_Instance_State_0_buf__A)
                  20000540    00000200     empty_pem4f.oem4f (.bss:taskStackSection)
                  20000740    00000200     (.common:task0Stack)
                  20000940    00000140     (.common:ti_sysbios_family_arm_m3_Hwi_dispatchTable)
                  20000a80    00000120     rtsv7M4_T_le_v4SPD16_eabi.lib : trgmsg.obj (.bss:_CIOBUF_)
                  20000ba0    00000080     (.common:xdc_runtime_SysMin_Module_State_0_outbuf__A)
                  20000c20    00000050     (.common:task0Struct)
                  20000c70    00000034     (.common:swi0Struct)
                  20000ca4    00000030     drivers_MSP432P401R.aem4f : GPIOMSP432.oem4f (.bss:gpioCallbackInfo)
                  20000cd4    00000008     rtsv7M4_T_le_v4SPD16_eabi.lib : trgdrv.obj (.bss:parmbuf)
                  20000cdc    00000004     (.common:swi0Handle)

.data      0    20000ce0    00000521     UNINITIALIZED
                  20000ce0    0000009c     drivers_MSP432P401R.aem4f : PowerMSP432.oem4f (.data:PowerMSP432_perfLevels)
                  20000d7c    00000080     empty_pem4f.oem4f (.data:ti_sysbios_knl_Swi_Module_State_0_readyQ__A)
                  20000dfc    00000080     empty_pem4f.oem4f (.data:ti_sysbios_knl_Task_Module_State_0_readyQ__A)
                  20000e7c    0000004c     empty_pem4f.oem4f (.data:ti_sysbios_family_arm_msp432_Timer_Object__table__V)
                  20000ec8    0000004c     empty_pem4f.oem4f (.data:ti_sysbios_knl_Task_Object__table__V)
                  20000f14    00000044     empty_pem4f.oem4f (.data:ti_sysbios_knl_Task_Module__state__V)
                  20000f58    00000038     empty_pem4f.oem4f (.data:ti_sysbios_gates_GateMutex_Object__table__V)
                  20000f90    00000034     empty_pem4f.oem4f (.data:ti_sysbios_family_arm_m3_Hwi_Module__state__V)
                  20000fc4    00000030     msp432p4xx_driverlib.lib : gpio.o (.data:GPIO_PORT_TO_BASE)
                  20000ff4    00000030     empty_pem4f.oem4f (.data:ti_sysbios_family_arm_m3_Hwi_Object__table__V)
                  20001024    00000030     empty_pem4f.oem4f (.data:ti_sysbios_knl_Swi_Object__table__V)
                  20001054    0000002c     empty_pem4f.oem4f (.data:ti_sysbios_knl_Clock_Module__state__V)
                  20001080    00000028     drivers_MSP432P401R.aem4f : PowerMSP432.oem4f (.data:PowerMSP432_module)
                  200010a8    00000024     empty_pem4f.oem4f (.data:ti_sysbios_BIOS_Module__state__V)
                  200010cc    00000020     empty_pem4f.oem4f (.data:ti_sysbios_family_arm_msp432_Timer_Module_State_0_device__A)
                  200010ec    0000001c     empty_pem4f.oem4f (.data:ti_sysbios_knl_Swi_Module__state__V)
                  20001108    00000018     empty_pem4f.oem4f (.data:ti_sysbios_heaps_HeapMem_Object__table__V)
                  20001120    00000010     MSP_EXP432P401R.obj (.data:gpioPinConfigs)
                  20001130    00000010     empty_pem4f.oem4f (.data:ti_sysbios_family_arm_msp432_Timer_Module_State_0_handles__A)
                  20001140    0000000c     rtsv7M4_T_le_v4SPD16_eabi.lib : exit.obj (.data:$O1$$)
                  2000114c    0000000c     empty_pem4f.oem4f (.data:ti_sysbios_family_arm_msp432_ClockFreqs_Module__state__V)
                  20001158    0000000c     empty_pem4f.oem4f (.data:ti_sysbios_family_arm_msp432_Timer_Module__state__V)
                  20001164    0000000c     empty_pem4f.oem4f (.data:xdc_runtime_SysMin_Module__state__V)
                  20001170    00000008     rtsv7M4_T_le_v4SPD16_eabi.lib : _lock.obj (.data:$O1$$)
                  20001178    00000008     MSP_EXP432P401R.obj (.data:gpioCallbackFunctions)
                  20001180    00000008     empty_pem4f.oem4f (.data:ti_sysbios_family_arm_m3_Hwi_Module__root__V)
                  20001188    00000008     empty_pem4f.oem4f (.data:ti_sysbios_gates_GateHwi_Module__root__V)
                  20001190    00000008     empty_pem4f.oem4f (.data:ti_sysbios_gates_GateMutex_Module__root__V)
                  20001198    00000008     empty_pem4f.oem4f (.data:ti_sysbios_heaps_HeapMem_Module__root__V)
                  200011a0    00000008     empty_pem4f.oem4f (.data:ti_sysbios_knl_Queue_Module__root__V)
                  200011a8    00000008     empty_pem4f.oem4f (.data:ti_sysbios_knl_Semaphore_Module__root__V)
                  200011b0    00000008     empty_pem4f.oem4f (.data:ti_sysbios_knl_Swi_Module__root__V)
                  200011b8    00000008     empty_pem4f.oem4f (.data:ti_sysbios_knl_Task_Module__root__V)
                  200011c0    00000008     empty_pem4f.oem4f (.data:xdc_runtime_Registry_Module__state__V)
                  200011c8    00000008     empty_pem4f.oem4f (.data:xdc_runtime_Startup_Module__state__V)
                  200011d0    00000008     empty_pem4f.oem4f (.data:xdc_runtime_System_Module_State_0_atexitHandlers__A)
                  200011d8    00000008     empty_pem4f.oem4f (.data:xdc_runtime_System_Module__state__V)
                  200011e0    00000004     empty.obj (.data)
                  200011e4    00000004     rtsv7M4_T_le_v4SPD16_eabi.lib : stkdepth_vars.obj (.data)
                  200011e8    00000004     empty_pem4f.oem4f (.data:ti_sysbios_family_arm_m3_Hwi_Module_State_0_excContext__A)
                  200011ec    00000004     empty_pem4f.oem4f (.data:ti_sysbios_family_arm_m3_Hwi_Module_State_0_excStack__A)
                  200011f0    00000004     empty_pem4f.oem4f (.data:ti_sysbios_gates_GateHwi_Object__table__V)
                  200011f4    00000004     empty_pem4f.oem4f (.data:ti_sysbios_knl_Task_Module_State_0_idleTask__A)
                  200011f8    00000004     empty_pem4f.oem4f (.data:xdc_runtime_Memory_Module__state__V)
                  200011fc    00000002     empty_pem4f.oem4f (.data:ti_sysbios_family_arm_m3_Hwi_Module_State_0_excActive__A)
                  200011fe    00000002     empty_pem4f.oem4f (.data:xdc_runtime_Error_Module__state__V)
                  20001200    00000001     drivers_MSP432P401R.aem4f : GPIOMSP432.oem4f (.data)

.stack     0    2000fd00    00000300     UNINITIALIZED
                  2000fd00    00000300     --HOLE--

.bootVecs 
*          0    00000000    00000008     DSECT
                  00000000    00000008     boot.aem4f : boot.oem4f (.bootVecs)

xdc.meta   0    00000000    000000ea     COPY SECTION
                  00000000    000000ea     empty_pem4f.oem4f (xdc.meta)

.binit     0    00000000    00000000     

MODULE SUMMARY

       Module                     code    ro data   rw data
       ------                     ----    -------   -------
    .\
       empty.obj                  500     24        652    
       MSP_EXP432P401R.obj        16      36        24     
    +--+--------------------------+-------+---------+---------+
       Total:                     516     60        676    
                                                           
    C:\Users\Abhijith\Documents\workshop\kernalzero\Debug\configPkg\package\cfg\
       empty_pem4f.oem4f          1748    7720      3320   
    +--+--------------------------+-------+---------+---------+
       Total:                     1748    7720      3320   
                                                           
    C:/ti/tirex-content/tirtos_msp43x_2_20_00_06/products/msp432_driverlib_3_21_00_05/driverlib/MSP432P4xx/ccs/msp432p4xx_driverlib.lib
       pcm.o                      1214    0         0      
       gpio.o                     404     0         48     
       cs.o                       260     0         0      
       flash.o                    156     0         0      
       rtc_c.o                    72      0         0      
       wdt_a.o                    44      0         0      
       cpu.o                      28      0         0      
    +--+--------------------------+-------+---------+---------+
       Total:                     2178    0         48     
                                                           
    C:/ti/tirex-content/tirtos_msp43x_2_20_00_06/products/tidrivers_msp43x_2_20_00_08/packages/ti/drivers/lib/drivers_MSP432P401R.aem4f
       PowerMSP432.oem4f          1016    0         196    
       GPIOMSP432.oem4f           708     12        49     
       List.oem4f                 8       0         0      
    +--+--------------------------+-------+---------+---------+
       Total:                     1732    12        245    
                                                           
    C:/ti/tirex-content/tirtos_msp43x_2_20_00_06/products/tidrivers_msp43x_2_20_00_08/packages/ti/drivers/lib/power_tirtos_MSP432P401R.aem4f
       PowerMSP432_tirtos.oem4f   106     0         0      
    +--+--------------------------+-------+---------+---------+
       Total:                     106     0         0      
                                                           
    C:/ti/tirex-content/tirtos_msp43x_2_20_00_06/products/tidrivers_msp43x_2_20_00_08/packages/ti/drivers/ports/lib/tirtosport.aem4f
       HwiP_tirtos.oem4f          116     0         0      
    +--+--------------------------+-------+---------+---------+
       Total:                     116     0         0      
                                                           
    C:\Users\Abhijith\Documents\workshop\kernalzero\src\sysbios\sysbios.aem4f
       BIOS.obj                   17074   0         0      
       m3_Hwi_asm.obj             306     0         0      
       m3_TaskSupport_asm.obj     180     0         0      
       m3_Hwi_asm_switch.obj      118     0         0      
    +--+--------------------------+-------+---------+---------+
       Total:                     17678   0         0      
                                                           
    C:\ti\ccsv6\tools\compiler\arm_15.12.3.LTS\lib\rtsv7M4_T_le_v4SPD16_eabi.lib
       trgdrv.obj                 804     0         8      
       trgmsg.obj                 104     0         288    
       memcpy_t2.obj              156     0         0      
       memset_t2.obj              122     0         0      
       copy_decompress_rle.obj    112     0         0      
       exit.obj                   84      0         12     
       cpy_tbl.obj                76      0         0      
       u_divt2.obj                64      0         0      
       _lock.obj                  20      0         8      
       args_main.obj              24      0         0      
       strcpy.obj                 20      0         0      
       strlen.obj                 20      0         0      
       copy_decompress_none.obj   14      0         0      
       stkdepth_vars.obj          0       0         4      
       i_div0.obj                 2       0         0      
    +--+--------------------------+-------+---------+---------+
       Total:                     1622    0         320    
                                                           
    C:\ti\tirex-content\tirtos_msp43x_2_20_00_06\products\bios_6_46_00_23\packages\ti\targets\arm\rtsarm\lib\auto_init.aem4f
       auto_init.oem4f            160     0         0      
    +--+--------------------------+-------+---------+---------+
       Total:                     160     0         0      
                                                           
    C:\ti\tirex-content\tirtos_msp43x_2_20_00_06\products\bios_6_46_00_23\packages\ti\targets\arm\rtsarm\lib\boot.aem4f
       boot.oem4f                 88      0         0      
    +--+--------------------------+-------+---------+---------+
       Total:                     88      0         0      
                                                           
    C:\ti\tirex-content\tirtos_msp43x_2_20_00_06\products\bios_6_46_00_23\packages\ti\targets\arm\rtsarm\lib\ti.targets.arm.rtsarm.aem4f
       System.oem4f               1255    0         0      
       Text.oem4f                 672     0         0      
       Error.oem4f                524     0         0      
       Core-mem.oem4f             358     0         0      
       Startup.oem4f              340     0         0      
       SysMin.oem4f               248     0         0      
       Core-smem.oem4f            204     0         0      
       Memory.oem4f               176     0         0      
       Assert.oem4f               84      0         0      
       Core-params.oem4f          70      0         0      
       Core-label.oem4f           52      0         0      
       Registry.oem4f             32      0         0      
       Gate.oem4f                 28      0         0      
    +--+--------------------------+-------+---------+---------+
       Total:                     4043    0         0      
                                                           
       Stack:                     0       0         768    
       Linker Generated:          0       996       0      
    +--+--------------------------+-------+---------+---------+
       Grand Total:               29987   8788      5377   


LINKER GENERATED COPY TABLES

__TI_cinit_table @ 0000976c records: 3, size/record: 8, table size: 24
	.data: load addr=00009398, load size=000003ae bytes, run addr=20000ce0, run size=00000521 bytes, compression=rle
	.bss: load addr=00009748, load size=0000000b bytes, run addr=20000140, run size=00000ba0 bytes, compression=rle
	.vecs: load addr=00009758, load size=0000000b bytes, run addr=20000000, run size=00000140 bytes, compression=rle


LINKER GENERATED HANDLER TABLE

__TI_handler_table @ 00009764 records: 2, size/record: 4, table size: 8
	index: 0, handler: __TI_decompress_rle24
	index: 1, handler: __TI_decompress_none


GLOBAL SYMBOLS: SORTED ALPHABETICALLY BY Name 

address   name                                                        
-------   ----                                                        
000055b1  C$$EXIT                                                     
0000501b  C$$IO$$                                                     
00007335  CPU_cpsid                                                   
00007341  CPU_cpsie                                                   
00007521  CPU_wfi                                                     
000038ed  CS_initClockSignal                                          
0000677d  CS_setDCOCenteredFrequency                                  
00005c91  FlashCtl_disableReadBuffering                               
0000605d  FlashCtl_enableReadBuffering                                
00006691  FlashCtl_setWaitState                                       
0000915c  GPIOMSP432_config                                           
00006d79  GPIO_clearInterruptFlag                                     
00006161  GPIO_getEnabledInterruptStatus                              
00007175  GPIO_getInterruptStatus                                     
00005509  GPIO_hwiIntFxn                                              
000051e5  GPIO_init                                                   
000069bd  GPIO_interruptEdgeSelect                                    
0000645d  GPIO_setAsInputPin                                          
00006191  GPIO_setAsInputPinWithPullDownResistor                      
000061c1  GPIO_setAsInputPinWithPullUpResistor                        
000067a1  GPIO_setAsOutputPin                                         
0000555d  GPIO_setCallback                                            
00002db9  GPIO_setConfig                                              
00006fc1  GPIO_setDriveStrengthHigh                                   
00006d91  GPIO_setDriveStrengthLow                                    
00006fd5  GPIO_setOutputHighOnPin                                     
00006da9  GPIO_setOutputLowOnPin                                      
000061f1  GPIO_toggle                                                 
00006fe9  GPIO_toggleOutputOnPin                                      
000057fd  GPIO_write                                                  
0000153f  HOSTclock                                                   
00001507  HOSTclose                                                   
000014c9  HOSTgetenv                                                  
0000146d  HOSTlseek                                                   
0000141b  HOSTopen                                                    
000013cf  HOSTread                                                    
00001371  HOSTrename                                                  
00001337  HOSTtime                                                    
000012ed  HOSTtime64                                                  
000012b5  HOSTunlink                                                  
00001269  HOSTwrite                                                   
000072d5  HwiP_Params_init                                            
00005123  HwiP_create                                                 
00007525  HwiP_disable                                                
000071d5  HwiP_restore                                                
00007529  List_head                                                   
0000752d  List_next                                                   
000074dd  MSP_EXP432P401R_initGPIO                                    
000074e5  MSP_EXP432P401R_initGeneral                                 
00006b79  PCM_enableRudeMode                                          
00006489  PCM_getCoreVoltageLevel                                     
000065e9  PCM_getPowerMode                                            
0000734d  PCM_getPowerState                                           
000066b9  PCM_gotoLPM0                                                
00004791  PCM_gotoLPM3                                                
00007185  PCM_gotoLPM4                                                
000074ed  PCM_setPowerMode                                            
000074f5  PCM_setPowerState                                           
0000584d  PCM_shutdownDevice                                          
00009170  PowerMSP432_config                                          
000043c7  PowerMSP432_initPolicy                                      
20001080  PowerMSP432_module                                          
20000ce0  PowerMSP432_perfLevels                                      
00005e4d  PowerMSP432_sleepPolicy                                     
000064b5  PowerMSP432_updateFreqs                                     
00007359  Power_getConstraintMask                                     
00006ffd  Power_idleFunc                                              
00005af9  Power_init                                                  
00001b75  Power_sleep                                                 
000067c5  RTC_C_holdClock                                             
000067e9  RTC_C_startClock                                            
UNDEFED   SHT$$INIT_ARRAY$$Base                                       
UNDEFED   SHT$$INIT_ARRAY$$Limit                                      
00006091  TimerISR                                                    
4000480c  WDTCTL_SYM                                                  
00006dc1  WDT_A_holdTimer                                             
00007011  WDT_A_startTimer                                            
00000000  __ASM__                                                     
20000a80  __CIOBUF_                                                   
00000066  __ISA__                                                     
00000079  __PLAT__                                                    
20010000  __STACK_END                                                 
00000300  __STACK_SIZE                                                
[...]
00007395  ti_sysbios_gates_GateHwi_query__E                           
00007395  xdc_runtime_Main_Module_GateProxy_query__E                  
00007395  xdc_runtime_System_Module_GateProxy_query__E                
000073a1  ti_sysbios_BIOS_RtsGateProxy_query__E                       
000073a1  ti_sysbios_gates_GateMutex_query__E                         
000073a1  ti_sysbios_heaps_HeapMem_Module_GateProxy_query__E          
000073ad  ti_sysbios_heaps_HeapMem_isBlocking__E                      
000073d1  ti_sysbios_knl_Clock_removeI__E                             
000073dd  ti_sysbios_knl_Idle_loop__E                                 
000073e9  ti_sysbios_knl_Queue_Object__get__S                         
0000740d  ti_sysbios_knl_Swi_Params__init__S                          
00007425  ti_sysbios_knl_Swi_self__E                                  
00007431  ti_sysbios_knl_Task_Params__init__S                         
00007449  ti_sysbios_knl_Task_self__E                                 
00007455  xdc_runtime_Error_init__E                                   
00007461  xdc_runtime_Gate_enterSystem__E                             
0000746d  xdc_runtime_Memory_calloc__E                                
00007479  xdc_runtime_Memory_getMaxDefaultTypeAlign__E                
00007485  xdc_runtime_Startup_rtsDone__E                              
000074b5  ti_sysbios_knl_Swi_startup__E                               
000074bf  ti_sysbios_knl_Task_startup__E                              
000074c9  xdc_runtime_Memory_HeapProxy_alloc__E                       
000074d3  xdc_runtime_Memory_HeapProxy_free__E                        
000074dd  MSP_EXP432P401R_initGPIO                                    
000074e5  MSP_EXP432P401R_initGeneral                                 
000074ed  PCM_setPowerMode                                            
000074f5  PCM_setPowerState                                           
000074fd  ti_sysbios_family_arm_m3_Hwi_startup__E                     
000074fd  ti_sysbios_hal_Hwi_HwiProxy_startup__E                      
00007505  ti_sysbios_hal_Hwi_startup__E                               
0000750d  ti_sysbios_hal_Hwi_switchFromBootStack__E                   
00007515  __TI_decompress_rle24                                       
0000751b  xdc_runtime_System_Module_startup__E                        
00007521  CPU_wfi                                                     
00007525  HwiP_disable                                                
00007529  List_head                                                   
0000752d  List_next                                                   
00007531  ti_sysbios_BIOS_RtsGateProxy_enter__E                       
00007535  ti_sysbios_BIOS_RtsGateProxy_leave__E                       
00007539  ti_sysbios_family_arm_m3_TaskSupport_Module__startupDone__S 
00007539  ti_sysbios_knl_Task_SupportProxy_Module__startupDone__S     
0000753d  ti_sysbios_heaps_HeapMem_Module_GateProxy_enter__E          
00007541  ti_sysbios_heaps_HeapMem_Module_GateProxy_leave__E          
00007545  ti_sysbios_knl_Clock_TimerProxy_getMaxTicks__E              
00007549  ti_sysbios_knl_Queue_destruct                               
0000754d  ti_sysbios_knl_Semaphore_destruct                           
00007551  xdc_runtime_Error_getSite__E                                
00007555  xdc_runtime_System_Module_GateProxy_enter__E                
00007559  xdc_runtime_System_Module_GateProxy_leave__E                
0000755d  xdc_runtime_System_aprintf_va__F                            
00007561  xdc_runtime_System_printf_va__F                             
00007564  xdc_runtime_Text_charTab__A                                 
00008d8f  xdc_runtime_Error_policy__C                                 
00008d90  xdc_runtime_Text_nodeTab__A                                 
00008e90  ti_sysbios_knl_Task_Object__PARAMS__C                       
00008ecc  ti_sysbios_family_arm_m3_Hwi_Object__PARAMS__C              
00008efc  ti_sysbios_heaps_HeapMem_Module__FXNS__C                    
00008f24  ti_sysbios_knl_Swi_Object__PARAMS__C                        
00008f4c  ti_sysbios_gates_GateHwi_Module__FXNS__C                    
00008f70  ti_sysbios_gates_GateMutex_Module__FXNS__C                  
00008f94  ti_sysbios_heaps_HeapMem_Object__PARAMS__C                  
00008fb8  ti_sysbios_knl_Semaphore_Object__PARAMS__C                  
00008fdc  ti_sysbios_family_arm_m3_Hwi_Object__DESC__C                
00008ffc  ti_sysbios_gates_GateHwi_Object__DESC__C                    
0000901c  ti_sysbios_gates_GateMutex_Object__DESC__C                  
0000903c  ti_sysbios_heaps_HeapMem_Object__DESC__C                    
0000905c  ti_sysbios_knl_Queue_Object__DESC__C                        
0000907c  ti_sysbios_knl_Semaphore_Object__DESC__C                    
0000909c  ti_sysbios_knl_Swi_Object__DESC__C                          
000090bc  ti_sysbios_knl_Task_Object__DESC__C                         
000090dc  xdc_runtime_Startup_sfxnTab__A                              
000090fc  ti_sysbios_gates_GateHwi_Object__PARAMS__C                  
00009114  ti_sysbios_gates_GateMutex_Object__PARAMS__C                
0000912c  ti_sysbios_knl_Queue_Object__PARAMS__C                      
00009144  upConfig                                                    
0000915c  GPIOMSP432_config                                           
00009170  PowerMSP432_config                                          
00009180  xdc_runtime_Startup_sfxnRts__A                              
0000919c  xdc_runtime_Startup_firstFxns__A                            
000091a8  ti_sysbios_family_arm_m3_Hwi_excHookFuncs__A                
000091b0  ti_sysbios_knl_Idle_funcList__A                             
000091b8  ti_sysbios_knl_Idle_funcList__C                             
000091c0  xdc_runtime_Startup_firstFxns__C                            
000091c8  xdc_runtime_Startup_lastFxns__C                             
000091d0  ti_sysbios_family_arm_m3_Hwi_E_NMI__C                       
000091d4  ti_sysbios_family_arm_m3_Hwi_E_alreadyDefined__C            
000091d8  ti_sysbios_family_arm_m3_Hwi_E_busFault__C                  
000091dc  ti_sysbios_family_arm_m3_Hwi_E_debugMon__C                  
000091e0  ti_sysbios_family_arm_m3_Hwi_E_hardFault__C                 
000091e4  ti_sysbios_family_arm_m3_Hwi_E_memFault__C                  
000091e8  ti_sysbios_family_arm_m3_Hwi_E_noIsr__C                     
000091ec  ti_sysbios_family_arm_m3_Hwi_E_reserved__C                  
000091f0  ti_sysbios_family_arm_m3_Hwi_E_svCall__C                    
000091f4  ti_sysbios_family_arm_m3_Hwi_E_usageFault__C                
000091f8  ti_sysbios_family_arm_m3_Hwi_NUM_INTERRUPTS__C              
000091fc  ti_sysbios_family_arm_m3_Hwi_Object__count__C               
00009200  ti_sysbios_family_arm_m3_Hwi_ccr__C                         
00009204  ti_sysbios_family_arm_m3_Hwi_excHandlerFunc__C              
00009208  ti_sysbios_family_arm_m3_Hwi_excHookFuncs__C                
0000920c  ti_sysbios_family_arm_m3_Hwi_nullIsrFunc__C                 
00009210  ti_sysbios_family_arm_m3_Hwi_priGroup__C                    
00009214  ti_sysbios_family_arm_m3_TaskSupport_stackAlignment__C      
00009218  ti_sysbios_family_arm_msp432_Timer_numTimerDevices__C       
0000921c  ti_sysbios_family_arm_msp432_Timer_startupNeeded__C         
00009220  ti_sysbios_gates_GateMutex_A_badContext__C                  
00009224  ti_sysbios_gates_GateMutex_Instance_State_sem__O            
00009228  ti_sysbios_gates_GateMutex_Module__diagsEnabled__C          
0000922c  ti_sysbios_gates_GateMutex_Module__diagsIncluded__C         
00009230  ti_sysbios_gates_GateMutex_Module__diagsMask__C             
00009234  ti_sysbios_hal_Hwi_E_stackOverflow__C                       
00009238  ti_sysbios_heaps_HeapMem_A_align__C                         
0000923c  ti_sysbios_heaps_HeapMem_A_heapSize__C                      
00009240  ti_sysbios_heaps_HeapMem_A_invalidFree__C                   
00009244  ti_sysbios_heaps_HeapMem_A_zeroBlock__C                     
00009248  ti_sysbios_heaps_HeapMem_E_memory__C                        
0000924c  ti_sysbios_heaps_HeapMem_Module__diagsEnabled__C            
00009250  ti_sysbios_heaps_HeapMem_Module__diagsIncluded__C           
00009254  ti_sysbios_heaps_HeapMem_Module__diagsMask__C               
00009258  ti_sysbios_heaps_HeapMem_Module__gateObj__C                 
0000925c  ti_sysbios_heaps_HeapMem_Object__count__C                   
00009260  ti_sysbios_heaps_HeapMem_reqAlign__C                        
00009264  ti_sysbios_knl_Clock_Module_State_clockQ__O                 
00009268  ti_sysbios_knl_Semaphore_A_badContext__C                    
0000926c  ti_sysbios_knl_Semaphore_A_noEvents__C                      
00009270  ti_sysbios_knl_Semaphore_A_overflow__C                      
00009274  ti_sysbios_knl_Semaphore_A_pendTaskDisabled__C              
00009278  ti_sysbios_knl_Semaphore_Instance_State_pendQ__O            
0000927c  ti_sysbios_knl_Semaphore_Module__diagsEnabled__C            
00009280  ti_sysbios_knl_Semaphore_Module__diagsIncluded__C           
00009284  ti_sysbios_knl_Semaphore_Module__diagsMask__C               
00009288  ti_sysbios_knl_Swi_A_badPriority__C                         
0000928c  ti_sysbios_knl_Swi_A_swiDisabled__C                         
00009290  ti_sysbios_knl_Swi_Module__diagsEnabled__C                  
00009294  ti_sysbios_knl_Swi_Module__diagsIncluded__C                 
00009298  ti_sysbios_knl_Swi_Module__diagsMask__C                     
0000929c  ti_sysbios_knl_Swi_Object__count__C                         
000092a0  ti_sysbios_knl_Swi_numConstructedSwis__C                    
000092a4  ti_sysbios_knl_Task_A_badPriority__C                        
000092a8  ti_sysbios_knl_Task_A_badTaskState__C                       
000092ac  ti_sysbios_knl_Task_A_badThreadType__C                      
000092b0  ti_sysbios_knl_Task_A_badTimeout__C                         
000092b4  ti_sysbios_knl_Task_A_noPendElem__C                         
000092b8  ti_sysbios_knl_Task_A_sleepTaskDisabled__C                  
000092bc  ti_sysbios_knl_Task_A_taskDisabled__C                       
000092c0  ti_sysbios_knl_Task_E_spOutOfBounds__C                      
000092c4  ti_sysbios_knl_Task_E_stackOverflow__C                      
000092c8  ti_sysbios_knl_Task_Module_State_inactiveQ__O               
000092cc  ti_sysbios_knl_Task_Module__diagsEnabled__C                 
000092d0  ti_sysbios_knl_Task_Module__diagsIncluded__C                
000092d4  ti_sysbios_knl_Task_Module__diagsMask__C                    
000092d8  ti_sysbios_knl_Task_Object__count__C                        
000092dc  ti_sysbios_knl_Task_allBlockedFunc__C                       
000092e0  ti_sysbios_knl_Task_defaultStackHeap__C                     
000092e4  ti_sysbios_knl_Task_defaultStackSize__C                     
000092e8  ti_sysbios_knl_Task_numConstructedTasks__C                  
000092ec  xdc_runtime_Assert_E_assertFailed__C                        
000092f0  xdc_runtime_Core_A_initializedParams__C                     
000092f4  xdc_runtime_Core_Module__diagsEnabled__C                    
000092f8  xdc_runtime_Core_Module__diagsIncluded__C                   
000092fc  xdc_runtime_Core_Module__diagsMask__C                       
00009300  xdc_runtime_Error_E_memory__C                               
00009304  xdc_runtime_Error_Module__diagsEnabled__C                   
00009308  xdc_runtime_Error_Module__diagsIncluded__C                  
0000930c  xdc_runtime_Error_Module__diagsMask__C                      
00009310  xdc_runtime_Error_Module__loggerFxn8__C                     
00009314  xdc_runtime_Error_Module__loggerObj__C                      
00009318  xdc_runtime_Error_policyFxn__C                              
0000931c  xdc_runtime_Error_raiseHook__C                              
00009320  xdc_runtime_IGateProvider_Interface__BASE__C                
00009324  xdc_runtime_IHeap_Interface__BASE__C                        
00009328  xdc_runtime_IModule_Interface__BASE__C                      
0000932c  xdc_runtime_Log_L_error__C                                  
00009330  xdc_runtime_Memory_defaultHeapInstance__C                   
00009334  xdc_runtime_Startup_execImpl__C                             
00009338  xdc_runtime_Startup_maxPasses__C                            
0000933c  xdc_runtime_Startup_sfxnRts__C                              
00009340  xdc_runtime_Startup_sfxnTab__C                              
00009344  xdc_runtime_SysMin_bufSize__C                               
00009348  xdc_runtime_SysMin_outputFunc__C                            
0000934c  xdc_runtime_System_Module__gateObj__C                       
00009350  xdc_runtime_System_abortFxn__C                              
00009354  xdc_runtime_System_exitFxn__C                               
00009358  xdc_runtime_System_extendFxn__C                             
0000935c  xdc_runtime_System_maxAtexitHandlers__C                     
00009360  xdc_runtime_Text_charTab__C                                 
00009364  xdc_runtime_Text_nameEmpty__C                               
00009368  xdc_runtime_Text_nameStatic__C                              
0000936c  xdc_runtime_Text_nameUnknown__C                             
00009370  xdc_runtime_Text_nodeTab__C                                 
00009374  xdc_runtime_Text_visitRopeFxn__C                            
00009378  ti_sysbios_family_arm_m3_Hwi_Module__id__C                  
0000937a  ti_sysbios_gates_GateMutex_Module__id__C                    
0000937c  ti_sysbios_hal_Hwi_Module__id__C                            
0000937e  ti_sysbios_heaps_HeapMem_Module__id__C                      
00009380  ti_sysbios_knl_Semaphore_Module__id__C                      
00009382  ti_sysbios_knl_Swi_Module__id__C                            
00009384  ti_sysbios_knl_Task_Module__id__C                           
00009386  xdc_runtime_Core_Module__id__C                              
00009388  xdc_runtime_Error_Module__loggerDefined__C                  
0000938a  xdc_runtime_Error_maxDepth__C                               
0000938c  xdc_runtime_Memory_Module__id__C                            
0000938e  xdc_runtime_SysMin_flushAtExit__C                           
00009390  xdc_runtime_Text_charCnt__C                                 
00009392  xdc_runtime_Text_isLoaded__C                                
00009394  xdc_runtime_Text_registryModsLastId__C                      
00009396  xdc_runtime_Text_unnamedModsLastId__C                       
00009398  __TI_static_base__                                          
00009764  __TI_Handler_Table_Base                                     
0000976c  __TI_CINIT_Base                                             
0000976c  __TI_Handler_Table_Limit                                    
00009784  __TI_CINIT_Limit                                            
20000000  ti_sysbios_family_arm_m3_Hwi_ramVectors                     
20000140  ti_sysbios_heaps_HeapMem_Instance_State_0_buf__A            
20000540  ti_sysbios_knl_Task_Instance_State_0_stack__A               
20000740  task0Stack                                                  
20000940  ti_sysbios_family_arm_m3_Hwi_dispatchTable                  
20000a80  __CIOBUF_                                                   
20000ba0  xdc_runtime_SysMin_Module_State_0_outbuf__A                 
20000c20  task0Struct                                                 
20000c70  swi0Struct                                                  
20000cdc  swi0Handle                                                  
20000ce0  PowerMSP432_perfLevels                                      
20000d7c  ti_sysbios_knl_Swi_Module_State_0_readyQ__A                 
20000dfc  ti_sysbios_knl_Task_Module_State_0_readyQ__A                
20000e7c  ti_sysbios_family_arm_msp432_Timer_Object__table__V         
20000ec8  ti_sysbios_knl_Task_Object__table__V                        
20000f14  ti_sysbios_knl_Task_Module__state__V                        
20000f58  ti_sysbios_gates_GateMutex_Object__table__V                 
20000f90  ti_sysbios_family_arm_m3_Hwi_Module__state__V               
20000ff4  ti_sysbios_family_arm_m3_Hwi_Object__table__V               
20001024  ti_sysbios_knl_Swi_Object__table__V                         
20001054  ti_sysbios_knl_Clock_Module__state__V                       
20001080  PowerMSP432_module                                          
200010a8  ti_sysbios_BIOS_Module__state__V                            
200010cc  ti_sysbios_family_arm_msp432_Timer_Module_State_0_device__A 
200010ec  ti_sysbios_knl_Swi_Module__state__V                         
20001108  ti_sysbios_heaps_HeapMem_Object__table__V                   
20001120  gpioPinConfigs                                              
20001130  ti_sysbios_family_arm_msp432_Timer_Module_State_0_handles__A
20001140  __TI_cleanup_ptr                                            
20001144  __TI_dtors_ptr                                              
20001148  __TI_enable_exit_profile_output                             
2000114c  ti_sysbios_family_arm_msp432_ClockFreqs_Module__state__V    
20001158  ti_sysbios_family_arm_msp432_Timer_Module__state__V         
20001164  xdc_runtime_SysMin_Module__state__V                         
20001170  _lock                                                       
20001174  _unlock                                                     
20001178  gpioCallbackFunctions                                       
20001180  ti_sysbios_family_arm_m3_Hwi_Module__root__V                
20001188  ti_sysbios_gates_GateHwi_Module__root__V                    
20001190  ti_sysbios_gates_GateMutex_Module__root__V                  
20001198  ti_sysbios_heaps_HeapMem_Module__root__V                    
200011a0  ti_sysbios_knl_Queue_Module__root__V                        
200011a8  ti_sysbios_knl_Semaphore_Module__root__V                    
200011b0  ti_sysbios_knl_Swi_Module__root__V                          
200011b8  ti_sysbios_knl_Task_Module__root__V                         
200011c0  xdc_runtime_Registry_Module__state__V                       
200011c8  xdc_runtime_Startup_Module__state__V                        
200011d0  xdc_runtime_System_Module_State_0_atexitHandlers__A         
200011d8  xdc_runtime_System_Module__state__V                         
200011e0  temp                                                        
200011e4  main_func_sp                                                
200011e8  ti_sysbios_family_arm_m3_Hwi_Module_State_0_excContext__A   
200011ec  ti_sysbios_family_arm_m3_Hwi_Module_State_0_excStack__A     
200011f0  ti_sysbios_gates_GateHwi_Object__table__V                   
200011f4  ti_sysbios_knl_Task_Module_State_0_idleTask__A              
200011f8  xdc_runtime_Memory_Module__state__V                         
200011fc  ti_sysbios_family_arm_m3_Hwi_Module_State_0_excActive__A    
200011fe  xdc_runtime_Error_Module__state__V                          
2000fd00  __stack                                                     
20010000  __STACK_END                                                 
4000480c  WDTCTL_SYM                                                  
e000e000  ti_sysbios_family_arm_m3_Hwi_nvic                           
ffffffff  __TI_pprof_out_hndl                                         
ffffffff  __TI_prof_data_size                                         
ffffffff  __TI_prof_data_start                                        
ffffffff  __binit__                                                   
ffffffff  __c_args__                                                  
ffffffff  binit                                                       
UNDEFED   SHT$$INIT_ARRAY$$Base                                       
UNDEFED   SHT$$INIT_ARRAY$$Limit                                      

[639 symbols]
