******************************************************************************
                  TI ARM Linker PC v15.12.3                    
******************************************************************************
>> Linked Wed Nov 30 00:57:58 2016

OUTPUT FILE NAME:   <gpiointerrupt_MSP_EXP432P401R_TI_MSP432P401R.out>
ENTRY POINT SYMBOL: "_c_int00"  address: 00003dcd


MEMORY CONFIGURATION

         name            origin    length      used     unused   attr    fill
----------------------  --------  ---------  --------  --------  ----  --------
  MAIN                  00000000   00040000  000085ba  00037a46  R  X
  INFO                  00200000   00004000  00000000  00004000  R  X
  SRAM_CODE             01000000   00010000  00000000  00010000  RW X
  SRAM_DATA             20000000   00010000  000017e9  0000e817  RW  


SEGMENT ALLOCATION MAP

run origin  load origin   length   init length attrs members
----------  ----------- ---------- ----------- ----- -------
00000000    00000000    000085c4   000085c4    r-x
  00000000    00000000    0000003c   0000003c    r-- .resetVecs
  00000040    00000040    00006312   00006312    r-x .text
  00006354    00006354    00001e68   00001e68    r-- .const
  000081c0    000081c0    00000404   00000404    r-- .cinit
20000000    20000000    000014e9   00000000    rw-
  20000000    20000000    00000140   00000000    rw- .vecs
  20000140    20000140    00000e58   00000000    rw- .bss
  20000f98    20000f98    00000551   00000000    rw- .data
2000fd00    2000fd00    00000300   00000000    rw-
  2000fd00    2000fd00    00000300   00000000    rw- .stack


SECTION ALLOCATION MAP

 output                                  attributes/
section   page    origin      length       input sections
--------  ----  ----------  ----------   ----------------
.text      0    00000040    00006312     
                  00000040    00000430     sysbios.aem4f : BIOS.obj (.text:ti_sysbios_family_arm_m3_Hwi_excDumpRegs__I)
                  00000470    0000034c     ti.targets.arm.rtsarm.aem4f : System.oem4f (.text:xdc_runtime_System_doPrint__I)
                  000007bc    00000324     rtsv7M4_T_le_v4SPD16_eabi.lib : trgdrv.obj (.text)
                  00000ae0    00000264     drivers_MSP432P401R.aem4f : PowerMSP432.oem4f (.text:Power_sleep)
                  00000d44    00000260                               : UARTMSP432.oem4f (.text:UARTMSP432_open)
                  00000fa4    000001a0     msp432p4xx_driverlib.lib : pcm.o (.text:__PCM_setPowerStateAdvanced)
                  00001144    00000004                              : cpu.o (.text:CPU_wfi)
                  00001148    00000174     sysbios.aem4f : BIOS.obj (.text:ti_sysbios_family_arm_m3_Hwi_excBusFault__I)
                  000012bc    00000004     tirtosport.aem4f : HwiP_tirtos.oem4f (.text:HwiP_disable)
                  000012c0    00000164     sysbios.aem4f : BIOS.obj (.text:ti_sysbios_family_arm_m3_Hwi_excUsageFault__I)
                  00001424    00000004     drivers_MSP432P401R.aem4f : List.oem4f (.text:List_head)
                  00001428    00000148     sysbios.aem4f : BIOS.obj (.text:ti_sysbios_family_arm_m3_Hwi_excMemFault__I)
                  00001570    00000140     drivers_MSP432P401R.aem4f : GPIOMSP432.oem4f (.text:GPIO_setConfig)
                  000016b0    00000138     sysbios.aem4f : BIOS.obj (.text:ti_sysbios_knl_Semaphore_pend__E)
                  000017e8    00000118     ti.targets.arm.rtsarm.aem4f : Error.oem4f (.text:xdc_runtime_Error_policyDefault__E)
                  00001900    0000010c     sysbios.aem4f : BIOS.obj (.text:ti_sysbios_family_arm_m3_Hwi_excFillContext__I)
                  00001a0c    00000004     drivers_MSP432P401R.aem4f : List.oem4f (.text:List_next)
                  00001a10    0000010c     sysbios.aem4f : BIOS.obj (.text:ti_sysbios_family_arm_m3_Hwi_excHandlerMax__I)
                  00001b1c    00000100     ti.targets.arm.rtsarm.aem4f : Core-mem.oem4f (.text:xdc_runtime_Core_createObject__I)
                  00001c1c    000000f8                                 : Startup.oem4f (.text:xdc_runtime_Startup_startMods__I)
                  00001d14    000000f8     gpiointerrupt_pem4f.oem4f (.text:xdc_runtime_System_printfExtend__I)
                  00001e0c    000000f0     drivers_MSP432P401R.aem4f : PowerMSP432.oem4f (.text:initPerfControl)
                  00001efc    000000ec     sysbios.aem4f : m3_Hwi_asm.obj (.text:ti_sysbios_family_arm_m3_Hwi_dispatch__I)
                  00001fe8    000000e0     msp432p4xx_driverlib.lib : cs.o (.text:CS_initClockSignal)
                  000020c8    000000dc                              : pcm.o (.text:__PCM_setPowerModeAdvanced)
                  000021a4    00000004     drivers_MSP432P401R.aem4f : PowerMSP432.oem4f (.text:PowerMSP432_getNumPerfLevels)
                  000021a8    000000cc     sysbios.aem4f : BIOS.obj (.text:ti_sysbios_heaps_HeapMem_alloc__E)
                  00002274    000000cc     ti.targets.arm.rtsarm.aem4f : Core-smem.oem4f (.text:xdc_runtime_Core_constructObject__I)
                  00002340    000000c8     gpiointerrupt.obj (.text:main)
                  00002408    000000bc     sysbios.aem4f : BIOS.obj (.text:ti_sysbios_family_arm_m3_Hwi_excDebugMon__I)
                  000024c4    00000004     gpiointerrupt_pem4f.oem4f (.text:ti_sysbios_BIOS_RtsGateProxy_enter__E)
                  000024c8    000000bc     sysbios.aem4f : BIOS.obj (.text:ti_sysbios_family_arm_m3_Hwi_excHardFault__I)
                  00002584    000000ba     ti.tirtos.utils.aem4f : UARTMon.oem4f (.text:UARTMon_taskFxn)
                  0000263e    00000002     power_tirtos_MSP432P401R.aem4f : PowerMSP432_tirtos.oem4f (.text:PowerMSP432_initPolicy)
                  00002640    000000b4     sysbios.aem4f : BIOS.obj (.text:ti_sysbios_knl_Task_checkStacks__E)
                  000026f4    000000b0     drivers_MSP432P401R.aem4f : UARTMSP432.oem4f (.text:UARTMSP432_readPolling)
                  000027a4    000000b0     msp432p4xx_driverlib.lib : pcm.o (.text:__PCM_setCoreVoltageLevelAdvanced)
                  00002854    00000004     gpiointerrupt_pem4f.oem4f (.text:ti_sysbios_BIOS_RtsGateProxy_leave__E)
                  00002858    000000a8     sysbios.aem4f : BIOS.obj (.text:ti_sysbios_family_arm_msp432_Timer_periodicStub__E)
                  00002900    000000a4     drivers_MSP432P401R.aem4f : UARTMSP432.oem4f (.text:UARTMSP432_control)
                  000029a4    000000a0     auto_init.aem4f : auto_init.oem4f (.text)
                  00002a44    000000a0     ti.targets.arm.rtsarm.aem4f : Text.oem4f (.text:xdc_runtime_Text_putMod__E)
                  00002ae4    0000009c     drivers_MSP432P401R.aem4f : UARTMSP432.oem4f (.text:readTaskBlocking)
                  00002b80    0000009c     rtsv7M4_T_le_v4SPD16_eabi.lib : memcpy_t2.obj (.text)
                  00002c1c    0000009a     ti.targets.arm.rtsarm.aem4f : Text.oem4f (.text:xdc_runtime_Text_putSite__E)
                  00002cb6    00000002     rtsv7M4_T_le_v4SPD16_eabi.lib : i_div0.obj (.text)
                  00002cb8    00000094     msp432p4xx_driverlib.lib : uart.o (.text:UART_initModule)
                  00002d4c    00000004     gpiointerrupt_pem4f.oem4f (.text:ti_sysbios_family_arm_m3_Hwi_destruct)
                  00002d50    00000094     sysbios.aem4f : BIOS.obj (.text:ti_sysbios_family_arm_m3_Hwi_Instance_init__E)
                  00002de4    00000004     gpiointerrupt_pem4f.oem4f (.text:ti_sysbios_family_arm_m3_TaskSupport_Module__startupDone__S)
                  00002de8    00000094     sysbios.aem4f : BIOS.obj (.text:ti_sysbios_family_arm_m3_Hwi_initNVIC__E)
                  00002e7c    0000008c                   : m3_TaskSupport_asm.obj (.text:ti_sysbios_family_arm_m3_TaskSupport_buildTaskStack)
                  00002f08    0000008c                   : BIOS.obj (.text:ti_sysbios_knl_Task_postInit__I)
                  00002f94    0000008a     drivers_MSP432P401R.aem4f : UARTMSP432.oem4f (.text:UARTMSP432_close)
                  0000301e    00000002     gpiointerrupt_pem4f.oem4f (.text:ti_sysbios_BIOS_nullFunc__I)
                  00003020    00000084     drivers_MSP432P401R.aem4f : UARTMSP432.oem4f (.text:initHw)
                  000030a4    00000004     gpiointerrupt_pem4f.oem4f (.text:ti_sysbios_heaps_HeapMem_Module_GateProxy_enter__E)
                  000030a8    00000084     sysbios.aem4f : BIOS.obj (.text:ti_sysbios_family_arm_m3_Hwi_postInit__I)
                  0000312c    00000084     drivers_MSP432P401R.aem4f : UARTMSP432.oem4f (.text:writeData)
                  000031b0    00000082                               : UARTMSP432.oem4f (.text:readIsrTextCallback)
                  00003232    00000002     --HOLE-- [fill = 0]
                  00003234    0000007c     msp432p4xx_driverlib.lib : pcm.o (.text:PCM_gotoLPM3)
                  000032b0    0000007c     sysbios.aem4f : BIOS.obj (.text:ti_sysbios_heaps_HeapMem_free__E)
                  0000332c    0000007a     drivers_MSP432P401R.aem4f : UARTMSP432.oem4f (.text:UARTMSP432_write)
                  000033a6    0000007a                               : UARTMSP432.oem4f (.text:readTaskCallback)
                  00003420    0000007a     rtsv7M4_T_le_v4SPD16_eabi.lib : memset_t2.obj (.text)
                  0000349a    00000074     drivers_MSP432P401R.aem4f : UARTMSP432.oem4f (.text:readIsrTextBlocking)
                  0000350e    00000002     --HOLE-- [fill = 0]
                  00003510    00000070     sysbios.aem4f : BIOS.obj (.text:ti_sysbios_knl_Semaphore_post__E)
                  00003580    0000006d     ti.targets.arm.rtsarm.aem4f : System.oem4f (.text:xdc_runtime_System_formatNum__I)
                  000035ed    00000003     --HOLE-- [fill = 0]
                  000035f0    0000006c     sysbios.aem4f : BIOS.obj (.text:ti_sysbios_knl_Clock_workFunc__E)
                  0000365c    00000004     gpiointerrupt_pem4f.oem4f (.text:ti_sysbios_heaps_HeapMem_Module_GateProxy_leave__E)
                  00003660    0000006c     sysbios.aem4f : BIOS.obj (.text:ti_sysbios_knl_Swi_restoreHwi__E)
                  000036cc    00000004     gpiointerrupt_pem4f.oem4f (.text:ti_sysbios_knl_Clock_TimerProxy_getMaxTicks__E)
                  000036d0    0000006c     sysbios.aem4f : BIOS.obj (.text:ti_sysbios_knl_Task_exit__E)
                  0000373c    0000006c     ti.targets.arm.rtsarm.aem4f : Error.oem4f (.text:xdc_runtime_Error_print__E)
                  000037a8    0000006c                                 : Memory.oem4f (.text:xdc_runtime_Memory_alloc__E)
                  00003814    0000006a     rtsv7M4_T_le_v4SPD16_eabi.lib : copy_decompress_rle.obj (.text)
                  0000387e    00000002     --HOLE-- [fill = 0]
                  00003880    00000068                                   : trgmsg.obj (.text)
                  000038e8    00000066     ti.targets.arm.rtsarm.aem4f : Core-mem.oem4f (.text:xdc_runtime_Core_deleteObject__I)
                  0000394e    00000064     drivers_MSP432P401R.aem4f : UARTMSP432.oem4f (.text:UARTMSP432_writePolling)
                  000039b2    00000006     msp432p4xx_driverlib.lib : uart.o (.text:UART_getInterruptStatus)
                  000039b8    00000064     sysbios.aem4f : BIOS.obj (.text:ti_sysbios_family_arm_m3_Hwi_dispatchC__I)
                  00003a1c    00000062     tirtosport.aem4f : HwiP_tirtos.oem4f (.text:HwiP_create)
                  00003a7e    00000002     --HOLE-- [fill = 0]
                  00003a80    00000060     sysbios.aem4f : BIOS.obj (.text:ti_sysbios_knl_Task_schedule__I)
                  00003ae0    0000005c     drivers_MSP432P401R.aem4f : GPIOMSP432.oem4f (.text:GPIO_init)
                  00003b3c    00000004     gpiointerrupt_pem4f.oem4f (.text:ti_sysbios_knl_Clock_destruct)
                  00003b40    0000005c     sysbios.aem4f : BIOS.obj (.text:ti_sysbios_knl_Swi_run__I)
                  00003b9c    00000004     gpiointerrupt_pem4f.oem4f (.text:ti_sysbios_knl_Queue_destruct)
                  00003ba0    0000005c     sysbios.aem4f : BIOS.obj (.text:ti_sysbios_knl_Swi_schedule__I)
                  00003bfc    00000004     gpiointerrupt_pem4f.oem4f (.text:ti_sysbios_knl_Semaphore_destruct)
                  00003c00    0000005c     sysbios.aem4f : BIOS.obj (.text:ti_sysbios_knl_Task_Module_startup__E)
                  00003c5c    00000004     ti.targets.arm.rtsarm.aem4f : Error.oem4f (.text:xdc_runtime_Error_getSite__E)
                  00003c60    0000005c     sysbios.aem4f : BIOS.obj (.text:ti_sysbios_knl_Task_startCore__E)
                  00003cbc    0000005b     ti.targets.arm.rtsarm.aem4f : Text.oem4f (.text:xdc_runtime_Text_putLab__E)
                  00003d17    00000001     --HOLE-- [fill = 0]
                  00003d18    0000005a     tirtosport.aem4f : ClockP_tirtos.oem4f (.text:ClockP_create)
                  00003d72    00000058                      : SemaphoreP_tirtos.oem4f (.text:SemaphoreP_create)
                  00003dca    00000002     --HOLE-- [fill = 0]
                  00003dcc    00000058     boot.aem4f : boot.oem4f (.text)
                  00003e24    00000058     gpiointerrupt_pem4f.oem4f (.text:ti_sysbios_family_arm_m3_Hwi_construct)
                  00003e7c    00000058     sysbios.aem4f : m3_Hwi_asm_switch.obj (.text:ti_sysbios_family_arm_m3_Hwi_initStacks__E)
                  00003ed4    00000054     drivers_MSP432P401R.aem4f : GPIOMSP432.oem4f (.text:GPIO_hwiIntFxn)
                  00003f28    00000054                               : GPIOMSP432.oem4f (.text:GPIO_setCallback)
                  00003f7c    00000054     rtsv7M4_T_le_v4SPD16_eabi.lib : exit.obj (.text)
                  00003fd0    00000054     sysbios.aem4f : BIOS.obj (.text:ti_sysbios_family_arm_msp432_Timer_initDevice__I)
                  00004024    00000004     gpiointerrupt_pem4f.oem4f (.text:xdc_runtime_System_Module_GateProxy_enter__E)
                  00004028    00000054     sysbios.aem4f : BIOS.obj (.text:ti_sysbios_family_arm_msp432_init_Boot_configureClocksHigh)
                  0000407c    00000054     ti.targets.arm.rtsarm.aem4f : Assert.oem4f (.text:xdc_runtime_Assert_raise__I)
                  000040d0    00000052     drivers_MSP432P401R.aem4f : UARTMSP432.oem4f (.text:UARTMSP432_writeCancel)
                  00004122    00000002     --HOLE-- [fill = 0]
                  00004124    00000050                               : GPIOMSP432.oem4f (.text:GPIO_write)
                  00004174    00000050     msp432p4xx_driverlib.lib : pcm.o (.text:PCM_shutdownDevice)
                  000041c4    00000004     gpiointerrupt_pem4f.oem4f (.text:xdc_runtime_System_Module_GateProxy_leave__E)
                  000041c8    00000050     sysbios.aem4f : BIOS.obj (.text:ti_sysbios_family_arm_m3_Hwi_Module_startup__E)
                  00004218    00000050     ti.targets.arm.rtsarm.aem4f : Startup.oem4f (.text:xdc_runtime_Startup_exec__E)
                  00004268    00000050                                 : Text.oem4f (.text:xdc_runtime_Text_visitRope2__I)
                  000042b8    0000004c     rtsv7M4_T_le_v4SPD16_eabi.lib : cpy_tbl.obj (.text)
                  00004304    00000004     ti.targets.arm.rtsarm.aem4f : System.oem4f (.text:xdc_runtime_System_aprintf_va__F)
                  00004308    0000004c     sysbios.aem4f : BIOS.obj (.text:ti_sysbios_family_arm_msp432_Timer_start__E)
                  00004354    00000004     ti.targets.arm.rtsarm.aem4f : System.oem4f (.text:xdc_runtime_System_printf_va__F)
                  00004358    0000004c     sysbios.aem4f : BIOS.obj (.text:ti_sysbios_heaps_HeapMem_getStats__E)
                  000043a4    00000004     --HOLE-- [fill = 0]
                  000043a8    0000004c                   : BIOS.obj (.text:ti_sysbios_knl_Swi_runLoop__I)
                  000043f4    00000004     --HOLE-- [fill = 0]
                  000043f8    0000004c                   : BIOS.obj (.text:ti_sysbios_knl_Task_allBlockedFunction__I)
                  00004444    00000004     --HOLE-- [fill = 0]
                  00004448    00000048                   : BIOS.obj (.text:ti_sysbios_family_arm_m3_Hwi_disableInterrupt__E)
                  00004490    00000048                   : BIOS.obj (.text:ti_sysbios_family_arm_m3_Hwi_enableInterrupt__E)
                  000044d8    00000048                   : BIOS.obj (.text:ti_sysbios_family_arm_m3_Hwi_excReserved__I)
                  00004520    00000046     drivers_MSP432P401R.aem4f : RingBuf.oem4f (.text:RingBuf_put)
                  00004566    00000046                               : UARTMSP432.oem4f (.text:readIsrBinaryBlocking)
                  000045ac    00000046     ti.targets.arm.rtsarm.aem4f : Core-params.oem4f (.text:xdc_runtime_Core_assignParams__I)
                  000045f2    00000002     --HOLE-- [fill = 0]
                  000045f4    00000044     drivers_MSP432P401R.aem4f : PowerMSP432.oem4f (.text:Power_init)
                  00004638    00000044     sysbios.aem4f : BIOS.obj (.text:ti_sysbios_family_arm_m3_Hwi_getStackInfo__E)
                  0000467c    00000004     --HOLE-- [fill = 0]
                  00004680    00000044                   : BIOS.obj (.text:ti_sysbios_knl_Swi_post__E)
                  000046c4    00000044     ti.targets.arm.rtsarm.aem4f : Error.oem4f (.text:xdc_runtime_Error_setX__E)
                  00004708    00000044                                 : SysMin.oem4f (.text:xdc_runtime_SysMin_flush__E)
                  0000474c    00000044                                 : Text.oem4f (.text:xdc_runtime_Text_xprintf__I)
                  00004790    00000042     drivers_MSP432P401R.aem4f : UARTMSP432.oem4f (.text:UARTMSP432_hwiIntFxn)
                  000047d2    00000002     --HOLE-- [fill = 0]
                  000047d4    00000040     msp432p4xx_driverlib.lib : flash.o (.text:FlashCtl_disableReadBuffering)
                  00004814    00000040     drivers_MSP432P401R.aem4f : RingBuf.oem4f (.text:RingBuf_get)
                  00004854    00000040                               : UARTMSP432.oem4f (.text:UARTMSP432_read)
                  00004894    00000040                               : PowerMSP432.oem4f (.text:notify)
                  000048d4    00000040     rtsv7M4_T_le_v4SPD16_eabi.lib : u_divt2.obj (.text)
                  00004914    00000004     --HOLE-- [fill = 0]
                  00004918    00000040     sysbios.aem4f : BIOS.obj (.text:ti_sysbios_family_arm_msp432_Timer_Module_startup__E)
                  00004958    00000040                   : BIOS.obj (.text:ti_sysbios_family_arm_msp432_Timer_startup__E)
                  00004998    00000040                   : BIOS.obj (.text:ti_sysbios_heaps_HeapMem_Instance_init__E)
                  000049d8    0000003c     power_tirtos_MSP432P401R.aem4f : PowerMSP432_tirtos.oem4f (.text:PowerMSP432_sleepPolicy)
                  00004a14    00000004     --HOLE-- [fill = 0]
                  00004a18    0000003c     sysbios.aem4f : BIOS.obj (.text:ti_sysbios_family_arm_m3_Hwi_excSvCall__I)
                  00004a54    00000004     --HOLE-- [fill = 0]
                  00004a58    0000003c                   : BIOS.obj (.text:ti_sysbios_heaps_HeapMem_init__I)
                  00004a94    00000004     --HOLE-- [fill = 0]
                  00004a98    0000003c                   : BIOS.obj (.text:ti_sysbios_knl_Clock_Instance_init__E)
                  00004ad4    00000004     --HOLE-- [fill = 0]
                  00004ad8    0000003c                   : BIOS.obj (.text:ti_sysbios_knl_Swi_restore__E)
                  00004b14    0000003a     drivers_MSP432P401R.aem4f : UARTMSP432.oem4f (.text:readIsrBinaryCallback)
                  00004b4e    00000002     --HOLE-- [fill = 0]
                  00004b50    00000038                               : UART.oem4f (.text:UART_init)
                  00004b88    00000038     sysbios.aem4f : BIOS.obj (.text:ti_sysbios_family_arm_m3_Hwi_excNoIsr__I)
                  00004bc0    00000038     ti.targets.arm.rtsarm.aem4f : SysMin.oem4f (.text:xdc_runtime_SysMin_putch__E)
                  00004bf8    00000038                                 : System.oem4f (.text:xdc_runtime_System_atexit__E)
                  00004c30    00000036     drivers_MSP432P401R.aem4f : UARTMSP432.oem4f (.text:UARTMSP432_readCancel)
                  00004c66    00000036                               : UARTMSP432.oem4f (.text:perfChangeNotifyFxn)
                  00004c9c    00000034     msp432p4xx_driverlib.lib : flash.o (.text:FlashCtl_enableReadBuffering)
                  00004cd0    00000034     sysbios.aem4f : BIOS.obj (.text:ti_sysbios_family_arm_m3_Hwi_Instance_finalize__E)
                  00004d04    00000004     --HOLE-- [fill = 0]
                  00004d08    00000034                   : BIOS.obj (.text:ti_sysbios_family_arm_m3_Hwi_excNmi__I)
                  00004d3c    00000004     --HOLE-- [fill = 0]
                  00004d40    00000034                   : BIOS.obj (.text:ti_sysbios_hal_Hwi_checkStack)
                  00004d74    00000034     gpiointerrupt_pem4f.oem4f (.text:ti_sysbios_knl_Clock_construct)
                  00004da8    00000034     ti.targets.arm.rtsarm.aem4f : Core-label.oem4f (.text:xdc_runtime_Core_assignLabel__I)
                  00004ddc    00000033                                 : Text.oem4f (.text:xdc_runtime_Text_printVisFxn__I)
                  00004e0f    00000001     --HOLE-- [fill = 0]
                  00004e10    00000032     sysbios.aem4f : BIOS.obj (.text:ti_sysbios_hal_Hwi_initStack)
                  00004e42    00000002     --HOLE-- [fill = 0]
                  00004e44    00000030     msp432p4xx_driverlib.lib : gpio.o (.text:GPIO_getEnabledInterruptStatus)
                  00004e74    00000030                              : gpio.o (.text:GPIO_setAsInputPinWithPullDownResistor)
                  00004ea4    00000030                              : gpio.o (.text:GPIO_setAsInputPinWithPullUpResistor)
                  00004ed4    00000030     drivers_MSP432P401R.aem4f : GPIOMSP432.oem4f (.text:GPIO_toggle)
                  00004f04    00000030                               : UART.oem4f (.text:UART_open)
                  00004f34    00000030     gpiointerrupt_pem4f.oem4f (.text:ti_sysbios_BIOS_atExitFunc__I)
                  00004f64    00000030     gpiointerrupt_pem4f.oem4f (.text:ti_sysbios_BIOS_startFunc__I)
                  00004f94    00000004     --HOLE-- [fill = 0]
                  00004f98    00000030     sysbios.aem4f : BIOS.obj (.text:ti_sysbios_family_arm_m3_TaskSupport_start__E)
                  00004fc8    00000030                   : BIOS.obj (.text:ti_sysbios_family_arm_msp432_Timer_setPeriod__E)
                  00004ff8    00000030     gpiointerrupt_pem4f.oem4f (.text:ti_sysbios_gates_GateHwi_Object__create__S)
                  00005028    00000030     gpiointerrupt_pem4f.oem4f (.text:ti_sysbios_gates_GateMutex_Object__create__S)
                  00005058    00000030     sysbios.aem4f : BIOS.obj (.text:ti_sysbios_gates_GateMutex_enter__E)
                  00005088    00000030     gpiointerrupt_pem4f.oem4f (.text:ti_sysbios_heaps_HeapMem_Object__create__S)
                  000050b8    00000030     gpiointerrupt_pem4f.oem4f (.text:ti_sysbios_knl_Semaphore_construct)
                  000050e8    00000030     sysbios.aem4f : BIOS.obj (.text:ti_sysbios_knl_Semaphore_pendTimeout__I)
                  00005118    00000030                   : BIOS.obj (.text:ti_sysbios_knl_Task_processVitalTaskFlag__I)
                  00005148    00000030                   : BIOS.obj (.text:ti_sysbios_knl_Task_unblockI__E)
                  00005178    00000030     ti.targets.arm.rtsarm.aem4f : SysMin.oem4f (.text:xdc_runtime_SysMin_abort__E)
                  000051a8    00000030                                 : System.oem4f (.text:xdc_runtime_System_processAtExit__E)
                  000051d8    0000002c     msp432p4xx_driverlib.lib : gpio.o (.text:GPIO_setAsInputPin)
                  00005204    0000002c     MSP_EXP432P401R.obj (.text:MSP_EXP432P401R_initUART)
                  00005230    0000002c     msp432p4xx_driverlib.lib : pcm.o (.text:PCM_getCoreVoltageLevel)
                  0000525c    0000002c     power_tirtos_MSP432P401R.aem4f : PowerMSP432_tirtos.oem4f (.text:PowerMSP432_updateFreqs)
                  00005288    0000002c     drivers_MSP432P401R.aem4f : PowerMSP432.oem4f (.text:Power_releaseConstraint)
                  000052b4    0000002c                               : PowerMSP432.oem4f (.text:Power_setConstraint)
                  000052e0    0000002c     gpiointerrupt_pem4f.oem4f (.text:ti_sysbios_knl_Clock_doTick__I)
                  0000530c    0000002c     gpiointerrupt_pem4f.oem4f (.text:ti_sysbios_knl_Queue_construct)
                  00005338    0000002c     sysbios.aem4f : BIOS.obj (.text:ti_sysbios_knl_Task_restore__E)
                  00005364    0000002c     ti.targets.arm.rtsarm.aem4f : Text.oem4f (.text:xdc_runtime_Text_cordText__E)
                  00005390    0000002a     msp432p4xx_driverlib.lib : pcm.o (.text:PCM_getPowerMode)
                  000053ba    0000002a     drivers_MSP432P401R.aem4f : UARTMSP432.oem4f (.text:findBaudDividerIndex)
                  000053e4    0000002a     ti.targets.arm.rtsarm.aem4f : System.oem4f (.text:xdc_runtime_System_putchar__I)
                  0000540e    00000002     --HOLE-- [fill = 0]
                  00005410    00000028     msp432p4xx_driverlib.lib : flash.o (.text:FlashCtl_setWaitState)
                  00005438    00000028     drivers_MSP432P401R.aem4f : GPIOMSP432.oem4f (.text:GPIO_enableInt)
                  00005460    00000028     msp432p4xx_driverlib.lib : pcm.o (.text:PCM_gotoLPM0)
                  00005488    00000028     sysbios.aem4f : BIOS.obj (.text:ti_sysbios_knl_Clock_addI__E)
                  000054b0    00000028                   : BIOS.obj (.text:ti_sysbios_knl_Swi_Module_startup__E)
                  000054d8    00000026     drivers_MSP432P401R.aem4f : List.oem4f (.text:List_put)
                  000054fe    00000026     sysbios.aem4f : m3_Hwi_asm.obj (.text:ti_sysbios_family_arm_m3_Hwi_pendSV__I)
                  00005524    00000026     ti.targets.arm.rtsarm.aem4f : System.oem4f (.text:xdc_runtime_System_avprintf__E)
                  0000554a    00000002     --HOLE-- [fill = 0]
                  0000554c    00000024     msp432p4xx_driverlib.lib : cs.o (.text:CS_setDCOCenteredFrequency)
                  00005570    00000024                              : gpio.o (.text:GPIO_setAsOutputPin)
                  00005594    00000024                              : rtc_c.o (.text:RTC_C_holdClock)
                  000055b8    00000024                              : rtc_c.o (.text:RTC_C_startClock)
                  000055dc    00000024                              : uart.o (.text:UART_disableInterrupt)
                  00005600    00000024                              : uart.o (.text:UART_receiveData)
                  00005624    00000024                              : uart.o (.text:UART_transmitData)
                  00005648    00000024     gpiointerrupt.obj (.text:gpioButtonFxn0)
                  0000566c    00000024     gpiointerrupt.obj (.text:gpioButtonFxn1)
                  00005690    00000024     gpiointerrupt_pem4f.oem4f (.text:ti_sysbios_BIOS_errorRaiseHook__I)
                  000056b4    00000024     gpiointerrupt_pem4f.oem4f (.text:ti_sysbios_BIOS_registerRTSLock__I)
                  000056d8    00000024     gpiointerrupt_pem4f.oem4f (.text:ti_sysbios_BIOS_removeRTSLock__I)
                  000056fc    00000004     --HOLE-- [fill = 0]
                  00005700    00000024     sysbios.aem4f : BIOS.obj (.text:ti_sysbios_family_arm_msp432_ClockFreqs_setFrequency__E)
                  00005724    00000004     --HOLE-- [fill = 0]
                  00005728    00000024                   : BIOS.obj (.text:ti_sysbios_family_arm_msp432_Timer_postInit__I)
                  0000574c    00000024     gpiointerrupt_pem4f.oem4f (.text:ti_sysbios_gates_GateMutex_Object__delete__S)
                  00005770    00000024     sysbios.aem4f : BIOS.obj (.text:ti_sysbios_knl_Clock_Module_startup__E)
                  00005794    00000004     --HOLE-- [fill = 0]
                  00005798    00000024                   : BIOS.obj (.text:ti_sysbios_knl_Clock_start__E)
                  000057bc    00000004     --HOLE-- [fill = 0]
                  000057c0    00000024                   : BIOS.obj (.text:ti_sysbios_knl_Semaphore_Instance_init__E)
                  000057e4    00000004     --HOLE-- [fill = 0]
                  000057e8    00000024                   : BIOS.obj (.text:ti_sysbios_knl_Task_restoreHwi__E)
                  0000580c    00000024     ti.targets.arm.rtsarm.aem4f : System.oem4f (.text:xdc_runtime_System_vprintf__E)
                  00005830    00000022     gpiointerrupt_pem4f.oem4f (.text:xdc_runtime_SysMin_output__I)
                  00005852    00000002     --HOLE-- [fill = 0]
                  00005854    00000020     msp432p4xx_driverlib.lib : gpio.o (.text:GPIO_interruptEdgeSelect)
                  00005874    00000020     drivers_MSP432P401R.aem4f : PowerMSP432.oem4f (.text:PowerMSP432_getFreqs)
                  00005894    00000020                               : PowerMSP432.oem4f (.text:Power_unregisterNotify)
                  000058b4    00000020                               : RingBuf.oem4f (.text:RingBuf_peek)
                  000058d4    00000020     gpiointerrupt_pem4f.oem4f (.text:ti_sysbios_BIOS_rtsLock__I)
                  000058f4    00000020     sysbios.aem4f : m3_Hwi_asm.obj (.text:ti_sysbios_family_arm_m3_Hwi_excHandlerAsm__I)
                  00005914    00000004     --HOLE-- [fill = 0]
                  00005918    00000020                   : BIOS.obj (.text:ti_sysbios_family_arm_m3_Hwi_excHandler__I)
                  00005938    00000020     gpiointerrupt_pem4f.oem4f (.text:ti_sysbios_gates_GateHwi_Object__delete__S)
                  00005958    00000020     gpiointerrupt_pem4f.oem4f (.text:ti_sysbios_heaps_HeapMem_Object__delete__S)
                  00005978    00000020     gpiointerrupt_pem4f.oem4f (.text:ti_sysbios_knl_Clock_Object__destruct__S)
                  00005998    00000020     sysbios.aem4f : BIOS.obj (.text:ti_sysbios_knl_Idle_run__E)
                  000059b8    00000020     gpiointerrupt_pem4f.oem4f (.text:ti_sysbios_knl_Semaphore_Object__destruct__S)
                  000059d8    00000020     ti.targets.arm.rtsarm.aem4f : Registry.oem4f (.text:xdc_runtime_Registry_findById__E)
                  000059f8    00000020                                 : SysMin.oem4f (.text:xdc_runtime_SysMin_Module_startup__E)
                  00005a18    0000001e     sysbios.aem4f : m3_Hwi_asm_switch.obj (.text:ti_sysbios_family_xxx_Hwi_switchAndRunFunc)
                  00005a36    00000002     --HOLE-- [fill = 0]
                  00005a38    0000001c     msp432p4xx_driverlib.lib : pcm.o (.text:PCM_enableRudeMode)
                  00005a54    0000001c     drivers_MSP432P401R.aem4f : PowerMSP432.oem4f (.text:Power_registerNotify)
                  00005a70    0000001c     gpiointerrupt_pem4f.oem4f (.text:ti_sysbios_family_arm_m3_Hwi_Object__destruct__S)
                  00005a8c    00000004     --HOLE-- [fill = 0]
                  00005a90    0000001c     sysbios.aem4f : BIOS.obj (.text:ti_sysbios_gates_GateMutex_Instance_init__E)
                  00005aac    00000004     --HOLE-- [fill = 0]
                  00005ab0    0000001c                   : BIOS.obj (.text:ti_sysbios_knl_Clock_Instance_finalize__E)
                  00005acc    0000001c     gpiointerrupt_pem4f.oem4f (.text:ti_sysbios_knl_Queue_Object__destruct__S)
                  00005ae8    0000001c     sysbios.aem4f : BIOS.obj (.text:ti_sysbios_knl_Queue_put__E)
                  00005b04    00000004     --HOLE-- [fill = 0]
                  00005b08    0000001c                   : BIOS.obj (.text:ti_sysbios_knl_Task_enter__I)
                  00005b24    0000001c     ti.targets.arm.rtsarm.aem4f : Error.oem4f (.text:xdc_runtime_Error_raiseX__E)
                  00005b40    0000001c                                 : Memory.oem4f (.text:xdc_runtime_Memory_valloc__E)
                  00005b5c    0000001c                                 : SysMin.oem4f (.text:xdc_runtime_SysMin_exit__E)
                  00005b78    0000001c                                 : System.oem4f (.text:xdc_runtime_System_abort__E)
                  00005b94    0000001a     drivers_MSP432P401R.aem4f : List.oem4f (.text:List_remove)
                  00005bae    0000001a     gpiointerrupt_pem4f.oem4f (.text:ti_sysbios_family_arm_m3_Hwi_Handle__label__S)
                  00005bc8    0000001a     gpiointerrupt_pem4f.oem4f (.text:ti_sysbios_gates_GateHwi_Handle__label__S)
                  00005be2    0000001a     gpiointerrupt_pem4f.oem4f (.text:ti_sysbios_gates_GateMutex_Handle__label__S)
                  00005bfc    0000001a     gpiointerrupt_pem4f.oem4f (.text:ti_sysbios_heaps_HeapMem_Handle__label__S)
                  00005c16    0000001a     gpiointerrupt_pem4f.oem4f (.text:ti_sysbios_knl_Swi_Handle__label__S)
                  00005c30    0000001a     gpiointerrupt_pem4f.oem4f (.text:ti_sysbios_knl_Task_Handle__label__S)
                  00005c4a    0000001a     gpiointerrupt_pem4f.oem4f (.text:xdc_runtime_System_aprintf__E)
                  00005c64    0000001a     gpiointerrupt_pem4f.oem4f (.text:xdc_runtime_System_printf__E)
                  00005c7e    00000002     --HOLE-- [fill = 0]
                  00005c80    00000018     msp432p4xx_driverlib.lib : gpio.o (.text:GPIO_clearInterruptFlag)
                  00005c98    00000018                              : gpio.o (.text:GPIO_setDriveStrengthLow)
                  00005cb0    00000018                              : gpio.o (.text:GPIO_setOutputLowOnPin)
                  00005cc8    00000018     drivers_MSP432P401R.aem4f : UART.oem4f (.text:UART_Params_init)
                  00005ce0    00000018     msp432p4xx_driverlib.lib : wdt_a.o (.text:WDT_A_holdTimer)
                  00005cf8    00000018     rtsv7M4_T_le_v4SPD16_eabi.lib : args_main.obj (.text)
                  00005d10    00000018     gpiointerrupt_pem4f.oem4f (.text:ti_sysbios_BIOS_rtsUnlock__I)
                  00005d28    00000018     gpiointerrupt_pem4f.oem4f (.text:ti_sysbios_family_arm_m3_Hwi_Module__startupDone__F)
                  00005d40    00000018     sysbios.aem4f : m3_TaskSupport_asm.obj (.text:ti_sysbios_family_arm_m3_TaskSupport_swap__E)
                  00005d58    00000018     gpiointerrupt_pem4f.oem4f (.text:ti_sysbios_family_arm_msp432_Timer_Module__startupDone__F)
                  00005d70    00000018     sysbios.aem4f : BIOS.obj (.text:ti_sysbios_gates_GateMutex_leave__E)
                  00005d88    00000018     ti.targets.arm.rtsarm.aem4f : Error.oem4f (.text:xdc_runtime_Error_check__E)
                  00005da0    00000018                                 : System.oem4f (.text:xdc_runtime_System_exit__E)
                  00005db8    00000018                                 : Text.oem4f (.text:xdc_runtime_Text_ropeText__E)
                  00005dd0    00000016     tirtosport.aem4f : ClockP_tirtos.oem4f (.text:ClockP_delete)
                  00005de6    00000016                      : HwiP_tirtos.oem4f (.text:HwiP_delete)
                  00005dfc    00000016                      : SemaphoreP_tirtos.oem4f (.text:SemaphoreP_delete)
                  00005e12    00000016     msp432p4xx_driverlib.lib : uart.o (.text:UART_enableInterrupt)
                  00005e28    00000016     gpiointerrupt_pem4f.oem4f (.text:ti_sysbios_BIOS_exitFunc__I)
                  00005e3e    00000002     --HOLE-- [fill = 0]
                  00005e40    00000016     sysbios.aem4f : BIOS.obj (.text:ti_sysbios_knl_Task_unblock__E)
                  00005e56    00000002     --HOLE-- [fill = 0]
                  00005e58    00000014     msp432p4xx_driverlib.lib : gpio.o (.text:GPIO_enableInterrupt)
                  00005e6c    00000014                              : gpio.o (.text:GPIO_setDriveStrengthHigh)
                  00005e80    00000014                              : gpio.o (.text:GPIO_setOutputHighOnPin)
                  00005e94    00000014                              : gpio.o (.text:GPIO_toggleOutputOnPin)
                  00005ea8    00000014     drivers_MSP432P401R.aem4f : PowerMSP432.oem4f (.text:Power_idleFunc)
                  00005ebc    00000014     msp432p4xx_driverlib.lib : wdt_a.o (.text:WDT_A_startTimer)
                  00005ed0    00000014     rtsv7M4_T_le_v4SPD16_eabi.lib : _lock.obj (.text)
                  00005ee4    00000014                                   : strcpy.obj (.text)
                  00005ef8    00000014                                   : strlen.obj (.text)
                  00005f0c    00000014     gpiointerrupt_pem4f.oem4f (.text:ti_sysbios_family_arm_m3_Hwi_Object__get__S)
                  00005f20    00000014     sysbios.aem4f : BIOS.obj (.text:ti_sysbios_family_arm_m3_Hwi_switchFromBootStack__E)
                  00005f34    00000014     gpiointerrupt_pem4f.oem4f (.text:ti_sysbios_heaps_HeapMem_Object__get__S)
                  00005f48    00000014     gpiointerrupt_pem4f.oem4f (.text:ti_sysbios_knl_Swi_Object__get__S)
                  00005f5c    00000012     tirtosport.aem4f : ClockP_tirtos.oem4f (.text:ClockP_start)
                  00005f6e    00000012     drivers_MSP432P401R.aem4f : RingBuf.oem4f (.text:RingBuf_construct)
                  00005f80    00000012     tirtosport.aem4f : SemaphoreP_tirtos.oem4f (.text:SemaphoreP_pend)
                  00005f92    00000006     msp432p4xx_driverlib.lib : uart.o (.text:UART_queryStatusFlags)
                  00005f98    00000012     sysbios.aem4f : BIOS.obj (.text:ti_sysbios_hal_Hwi_Module_startup__E)
                  00005faa    00000012     gpiointerrupt_pem4f.oem4f (.text:xdc_runtime_Startup_exec__I)
                  00005fbc    00000010     msp432p4xx_driverlib.lib : gpio.o (.text:GPIO_getInterruptStatus)
                  00005fcc    00000010                              : pcm.o (.text:PCM_gotoLPM4)
                  00005fdc    00000010     drivers_MSP432P401R.aem4f : UARTMSP432.oem4f (.text:readBlockingTimeout)
                  00005fec    00000004     --HOLE-- [fill = 0]
                  00005ff0    00000010     sysbios.aem4f : BIOS.obj (.text:ti_sysbios_BIOS_exit__E)
                  00006000    00000010                   : BIOS.obj (.text:ti_sysbios_BIOS_setCpuFreq__E)
                  00006010    00000010                   : BIOS.obj (.text:ti_sysbios_BIOS_setThreadType__E)
                  00006020    00000010                   : BIOS.obj (.text:ti_sysbios_BIOS_start__E)
                  00006030    00000010                   : m3_TaskSupport_asm.obj (.text:ti_sysbios_family_arm_m3_TaskSupport_glue)
                  00006040    00000010                   : BIOS.obj (.text:ti_sysbios_family_arm_msp432_init_Boot_disableWatchdog)
                  00006050    00000010                   : BIOS.obj (.text:ti_sysbios_gates_GateMutex_Instance_finalize__E)
                  00006060    00000010                   : BIOS.obj (.text:ti_sysbios_knl_Semaphore_Instance_finalize__E)
                  00006070    00000010                   : BIOS.obj (.text:ti_sysbios_knl_Swi_disable__E)
                  00006080    00000010     gpiointerrupt_pem4f.oem4f (.text:ti_sysbios_knl_Task_Object__get__S)
                  00006090    00000010     sysbios.aem4f : BIOS.obj (.text:ti_sysbios_knl_Task_disable__E)
                  000060a0    00000010     ti.targets.arm.rtsarm.aem4f : Gate.oem4f (.text:xdc_runtime_Gate_leaveSystem__E)
                  000060b0    00000010                                 : Memory.oem4f (.text:xdc_runtime_Memory_free__E)
                  000060c0    00000010                                 : SysMin.oem4f (.text:xdc_runtime_SysMin_ready__E)
                  000060d0    00000010                                 : System.oem4f (.text:xdc_runtime_System_vsnprintf__E)
                  000060e0    00000010     gpiointerrupt_pem4f.oem4f (.text:xdc_runtime_Text_visitRope__I)
                  000060f0    0000000e     tirtosport.aem4f : HwiP_tirtos.oem4f (.text:HwiP_Params_init)
                  000060fe    0000000e     msp432p4xx_driverlib.lib : uart.o (.text:UART_clearInterruptFlag)
                  0000610c    0000000e     rtsv7M4_T_le_v4SPD16_eabi.lib : copy_decompress_none.obj (.text:decompress:none)
                  0000611a    00000006                                   : copy_decompress_rle.obj (.text:decompress:rle24)
                  00006120    0000000e     sysbios.aem4f : BIOS.obj (.text:ti_sysbios_knl_Idle_loop__E)
                  0000612e    00000002     --HOLE-- [fill = 0]
                  00006130    0000000e                   : BIOS.obj (.text:ti_sysbios_knl_Queue_empty__E)
                  0000613e    0000000c     gpiointerrupt_pem4f.oem4f (.text:.bootCodeSection:ti_sysbios_family_arm_msp432_init_Boot_init__I)
                  0000614a    0000000c     msp432p4xx_driverlib.lib : cpu.o (.text:CPU_cpsid)
                  00006156    0000000c                              : cpu.o (.text:CPU_cpsie)
                  00006162    00000002     --HOLE-- [fill = 0]
                  00006164    0000000c                              : pcm.o (.text:PCM_getPowerState)
                  00006170    0000000c     drivers_MSP432P401R.aem4f : PowerMSP432.oem4f (.text:Power_getConstraintMask)
                  0000617c    0000000c                               : PowerMSP432.oem4f (.text:Power_getPerformanceLevel)
                  00006188    0000000c                               : UARTMSP432.oem4f (.text:UARTMSP432_init)
                  00006194    0000000c     msp432p4xx_driverlib.lib : uart.o (.text:UART_disableModule)
                  000061a0    0000000c                              : uart.o (.text:UART_enableModule)
                  000061ac    0000000c     gpiointerrupt_pem4f.oem4f (.text:ti_sysbios_family_arm_m3_Hwi_Params__init__S)
                  000061b8    0000000c     sysbios.aem4f : BIOS.obj (.text:ti_sysbios_family_arm_m3_Hwi_disableFxn__E)
                  000061c4    00000004     --HOLE-- [fill = 0]
                  000061c8    0000000c                   : BIOS.obj (.text:ti_sysbios_family_arm_m3_TaskSupport_checkStack__E)
                  000061d4    00000004     --HOLE-- [fill = 0]
                  000061d8    0000000c                   : BIOS.obj (.text:ti_sysbios_family_arm_msp432_Timer_getMaxTicks__E)
                  000061e4    00000004     --HOLE-- [fill = 0]
                  000061e8    0000000c                   : BIOS.obj (.text:ti_sysbios_gates_GateHwi_enter__E)
                  000061f4    0000000c     gpiointerrupt_pem4f.oem4f (.text:ti_sysbios_knl_Clock_Params__init__S)
                  00006200    0000000c     gpiointerrupt_pem4f.oem4f (.text:ti_sysbios_knl_Queue_Object__get__S)
                  0000620c    0000000c     gpiointerrupt_pem4f.oem4f (.text:ti_sysbios_knl_Semaphore_Params__init__S)
                  00006218    0000000c     ti.targets.arm.rtsarm.aem4f : Error.oem4f (.text:xdc_runtime_Error_init__E)
                  00006224    0000000c                                 : Gate.oem4f (.text:xdc_runtime_Gate_enterSystem__E)
                  00006230    0000000c                                 : Memory.oem4f (.text:xdc_runtime_Memory_calloc__E)
                  0000623c    0000000c                                 : Memory.oem4f (.text:xdc_runtime_Memory_getMaxDefaultTypeAlign__E)
                  00006248    0000000c                                 : Startup.oem4f (.text:xdc_runtime_Startup_rtsDone__E)
                  00006254    0000000a     tirtosport.aem4f : ClockP_tirtos.oem4f (.text:ClockP_stop)
                  0000625e    0000000a                      : SemaphoreP_tirtos.oem4f (.text:SemaphoreP_post)
                  00006268    0000000a     drivers_MSP432P401R.aem4f : UART.oem4f (.text:UART_read)
                  00006272    0000000a                               : UART.oem4f (.text:UART_write)
                  0000627c    0000000a     gpiointerrupt_pem4f.oem4f (.text:xdc_runtime_IHeap_alloc)
                  00006286    0000000a     gpiointerrupt_pem4f.oem4f (.text:xdc_runtime_IHeap_free)
                  00006290    00000008     tirtosport.aem4f : ClockP_tirtos.oem4f (.text:ClockP_Params_init)
                  00006298    00000008     MSP_EXP432P401R.obj (.text:MSP_EXP432P401R_initGPIO)
                  000062a0    00000008     MSP_EXP432P401R.obj (.text:MSP_EXP432P401R_initGeneral)
                  000062a8    00000008     msp432p4xx_driverlib.lib : pcm.o (.text:PCM_setPowerMode)
                  000062b0    00000008                              : pcm.o (.text:PCM_setPowerState)
                  000062b8    00000008     tirtosport.aem4f : SemaphoreP_tirtos.oem4f (.text:SemaphoreP_Params_init)
                  000062c0    00000008     drivers_MSP432P401R.aem4f : UARTMSP432.oem4f (.text:readSemCallback)
                  000062c8    00000008     sysbios.aem4f : BIOS.obj (.text:ti_sysbios_family_arm_m3_Hwi_doSwiRestore__I)
                  000062d0    00000008                   : BIOS.obj (.text:ti_sysbios_family_arm_m3_Hwi_startup__E)
                  000062d8    00000008     drivers_MSP432P401R.aem4f : UARTMSP432.oem4f (.text:writeSemCallback)
                  000062e0    00000006     sysbios.aem4f : BIOS.obj (.text:ti_sysbios_family_arm_m3_Hwi_doTaskRestore__I)
                  000062e6    00000002     --HOLE-- [fill = 0]
                  000062e8    00000006                   : BIOS.obj (.text:ti_sysbios_family_arm_m3_Hwi_restoreFxn__E)
                  000062ee    00000002     --HOLE-- [fill = 0]
                  000062f0    00000006                   : BIOS.obj (.text:ti_sysbios_gates_GateHwi_leave__E)
                  000062f6    00000002     --HOLE-- [fill = 0]
                  000062f8    00000006                   : BIOS.obj (.text:ti_sysbios_heaps_HeapMem_isBlocking__E)
                  000062fe    00000002     --HOLE-- [fill = 0]
                  00006300    00000006                   : BIOS.obj (.text:ti_sysbios_knl_Clock_stop__E)
                  00006306    00000002     --HOLE-- [fill = 0]
                  00006308    00000006                   : BIOS.obj (.text:ti_sysbios_knl_Queue_Instance_init__E)
                  0000630e    00000002     --HOLE-- [fill = 0]
                  00006310    00000006                   : BIOS.obj (.text:ti_sysbios_knl_Swi_startup__E)
                  00006316    00000006     ti.targets.arm.rtsarm.aem4f : System.oem4f (.text:xdc_runtime_System_Module_startup__E)
                  0000631c    00000004     --HOLE-- [fill = 0]
                  00006320    00000004     sysbios.aem4f : BIOS.obj (.text:ti_sysbios_gates_GateHwi_query__E)
                  00006324    00000004     --HOLE-- [fill = 0]
                  00006328    00000004                   : BIOS.obj (.text:ti_sysbios_gates_GateMutex_query__E)
                  0000632c    00000004     --HOLE-- [fill = 0]
                  00006330    00000004                   : BIOS.obj (.text:ti_sysbios_knl_Clock_setTimeout__E)
                  00006334    00000004     --HOLE-- [fill = 0]
                  00006338    00000004                   : BIOS.obj (.text:ti_sysbios_knl_Task_startup__E)
                  0000633c    00000004     --HOLE-- [fill = 0]
                  00006340    00000002                   : BIOS.obj (.text:ti_sysbios_BIOS_linkedWithIncorrectBootLibrary__E)
                  00006342    00000006     --HOLE-- [fill = 0]
                  00006348    00000002                   : BIOS.obj (.text:ti_sysbios_gates_GateHwi_Instance_init__E)
                  0000634a    00000006     --HOLE-- [fill = 0]
                  00006350    00000002                   : BIOS.obj (.text:ti_sysbios_knl_Clock_logTick__E)

.const     0    00006354    00001e68     
                  00006354    00001827     gpiointerrupt_pem4f.oem4f (.const:xdc_runtime_Text_charTab__A)
                  00007b7b    00000001     gpiointerrupt_pem4f.oem4f (.const:xdc_runtime_Error_policy__C)
                  00007b7c    000000b0     gpiointerrupt_pem4f.oem4f (.const:xdc_runtime_Text_nodeTab__A)
                  00007c2c    00000070     MSP_EXP432P401R.obj (.const:uartMSP432Baudrates)
                  00007c9c    00000048     gpiointerrupt_pem4f.oem4f (.const:.string)
                  00007ce4    00000048     MSP_EXP432P401R.obj (.const:uartMSP432HWAttrs)
                  00007d2c    00000030     gpiointerrupt_pem4f.oem4f (.const:ti_sysbios_family_arm_m3_Hwi_Object__PARAMS__C)
                  00007d5c    00000028     drivers_MSP432P401R.aem4f : UARTMSP432.oem4f (.const:UARTMSP432_fxnTable)
                  00007d84    00000028     gpiointerrupt_pem4f.oem4f (.const:ti_sysbios_heaps_HeapMem_Module__FXNS__C)
                  00007dac    00000024     MSP_EXP432P401R.obj (.const:UART_config)
                  00007dd0    00000024     drivers_MSP432P401R.aem4f : UART.oem4f (.const:UART_defaultParams)
                  00007df4    00000024                               : UARTMSP432.oem4f (.const)
                  00007e18    00000024     gpiointerrupt_pem4f.oem4f (.const:ti_sysbios_gates_GateHwi_Module__FXNS__C)
                  00007e3c    00000024     gpiointerrupt_pem4f.oem4f (.const:ti_sysbios_gates_GateMutex_Module__FXNS__C)
                  00007e60    00000024     gpiointerrupt_pem4f.oem4f (.const:ti_sysbios_heaps_HeapMem_Object__PARAMS__C)
                  00007e84    00000024     gpiointerrupt_pem4f.oem4f (.const:ti_sysbios_knl_Clock_Object__PARAMS__C)
                  00007ea8    00000024     gpiointerrupt_pem4f.oem4f (.const:ti_sysbios_knl_Semaphore_Object__PARAMS__C)
                  00007ecc    00000020     gpiointerrupt_pem4f.oem4f (.const:ti_sysbios_family_arm_m3_Hwi_Object__DESC__C)
                  00007eec    00000020     gpiointerrupt_pem4f.oem4f (.const:ti_sysbios_gates_GateHwi_Object__DESC__C)
                  00007f0c    00000020     gpiointerrupt_pem4f.oem4f (.const:ti_sysbios_gates_GateMutex_Object__DESC__C)
                  00007f2c    00000020     gpiointerrupt_pem4f.oem4f (.const:ti_sysbios_heaps_HeapMem_Object__DESC__C)
                  00007f4c    00000020     gpiointerrupt_pem4f.oem4f (.const:ti_sysbios_knl_Clock_Object__DESC__C)
                  00007f6c    00000020     gpiointerrupt_pem4f.oem4f (.const:ti_sysbios_knl_Queue_Object__DESC__C)
                  00007f8c    00000020     gpiointerrupt_pem4f.oem4f (.const:ti_sysbios_knl_Semaphore_Object__DESC__C)
                  00007fac    00000020     gpiointerrupt_pem4f.oem4f (.const:xdc_runtime_Startup_sfxnTab__A)
                  00007fcc    00000018     gpiointerrupt_pem4f.oem4f (.const:ti_sysbios_gates_GateHwi_Object__PARAMS__C)
                  00007fe4    00000018     gpiointerrupt_pem4f.oem4f (.const:ti_sysbios_gates_GateMutex_Object__PARAMS__C)
                  00007ffc    00000018     gpiointerrupt_pem4f.oem4f (.const:ti_sysbios_knl_Queue_Object__PARAMS__C)
                  00008014    00000014     MSP_EXP432P401R.obj (.const:GPIOMSP432_config)
                  00008028    00000010     MSP_EXP432P401R.obj (.const:PowerMSP432_config)
                  00008038    00000010     gpiointerrupt_pem4f.oem4f (.const:xdc_runtime_Startup_sfxnRts__A)
                  00008048    0000000c     drivers_MSP432P401R.aem4f : GPIOMSP432.oem4f (.const:.string)
                  00008054    0000000c     gpiointerrupt_pem4f.oem4f (.const:xdc_runtime_Startup_firstFxns__A)
                  00008060    00000008     gpiointerrupt_pem4f.oem4f (.const:ti_sysbios_family_arm_m3_Hwi_excHookFuncs__A)
                  00008068    00000008     gpiointerrupt_pem4f.oem4f (.const:ti_sysbios_knl_Idle_funcList__A)
                  00008070    00000008     gpiointerrupt_pem4f.oem4f (.const:ti_sysbios_knl_Idle_funcList__C)
                  00008078    00000008     gpiointerrupt_pem4f.oem4f (.const:xdc_runtime_Startup_firstFxns__C)
                  00008080    00000008     gpiointerrupt_pem4f.oem4f (.const:xdc_runtime_Startup_lastFxns__C)
                  00008088    00000005     drivers_MSP432P401R.aem4f : UARTMSP432.oem4f (.const:.string)
                  0000808d    00000001     --HOLE-- [fill = 0]
                  0000808e    00000002     gpiointerrupt_pem4f.oem4f (.const:ti_sysbios_family_arm_m3_Hwi_Module__id__C)
                  00008090    00000004     gpiointerrupt_pem4f.oem4f (.const:ti_sysbios_family_arm_m3_Hwi_E_NMI__C)
                  00008094    00000004     gpiointerrupt_pem4f.oem4f (.const:ti_sysbios_family_arm_m3_Hwi_E_alreadyDefined__C)
                  00008098    00000004     gpiointerrupt_pem4f.oem4f (.const:ti_sysbios_family_arm_m3_Hwi_E_busFault__C)
                  0000809c    00000004     gpiointerrupt_pem4f.oem4f (.const:ti_sysbios_family_arm_m3_Hwi_E_debugMon__C)
                  000080a0    00000004     gpiointerrupt_pem4f.oem4f (.const:ti_sysbios_family_arm_m3_Hwi_E_hardFault__C)
                  000080a4    00000004     gpiointerrupt_pem4f.oem4f (.const:ti_sysbios_family_arm_m3_Hwi_E_memFault__C)
                  000080a8    00000004     gpiointerrupt_pem4f.oem4f (.const:ti_sysbios_family_arm_m3_Hwi_E_noIsr__C)
                  000080ac    00000004     gpiointerrupt_pem4f.oem4f (.const:ti_sysbios_family_arm_m3_Hwi_E_reserved__C)
                  000080b0    00000004     gpiointerrupt_pem4f.oem4f (.const:ti_sysbios_family_arm_m3_Hwi_E_svCall__C)
                  000080b4    00000004     gpiointerrupt_pem4f.oem4f (.const:ti_sysbios_family_arm_m3_Hwi_E_usageFault__C)
                  000080b8    00000004     gpiointerrupt_pem4f.oem4f (.const:ti_sysbios_family_arm_m3_Hwi_NUM_INTERRUPTS__C)
                  000080bc    00000004     gpiointerrupt_pem4f.oem4f (.const:ti_sysbios_family_arm_m3_Hwi_Object__count__C)
                  000080c0    00000004     gpiointerrupt_pem4f.oem4f (.const:ti_sysbios_family_arm_m3_Hwi_ccr__C)
                  000080c4    00000004     gpiointerrupt_pem4f.oem4f (.const:ti_sysbios_family_arm_m3_Hwi_excHandlerFunc__C)
                  000080c8    00000004     gpiointerrupt_pem4f.oem4f (.const:ti_sysbios_family_arm_m3_Hwi_excHookFuncs__C)
                  000080cc    00000004     gpiointerrupt_pem4f.oem4f (.const:ti_sysbios_family_arm_m3_Hwi_nullIsrFunc__C)
                  000080d0    00000004     gpiointerrupt_pem4f.oem4f (.const:ti_sysbios_family_arm_m3_Hwi_priGroup__C)
                  000080d4    00000004     gpiointerrupt_pem4f.oem4f (.const:ti_sysbios_family_arm_msp432_Timer_numTimerDevices__C)
                  000080d8    00000004     gpiointerrupt_pem4f.oem4f (.const:ti_sysbios_family_arm_msp432_Timer_startupNeeded__C)
                  000080dc    00000004     gpiointerrupt_pem4f.oem4f (.const:ti_sysbios_gates_GateMutex_Instance_State_sem__O)
                  000080e0    00000004     gpiointerrupt_pem4f.oem4f (.const:ti_sysbios_hal_Hwi_E_stackOverflow__C)
                  000080e4    00000004     gpiointerrupt_pem4f.oem4f (.const:ti_sysbios_heaps_HeapMem_E_memory__C)
                  000080e8    00000004     gpiointerrupt_pem4f.oem4f (.const:ti_sysbios_heaps_HeapMem_Module__gateObj__C)
                  000080ec    00000004     gpiointerrupt_pem4f.oem4f (.const:ti_sysbios_heaps_HeapMem_Object__count__C)
                  000080f0    00000004     gpiointerrupt_pem4f.oem4f (.const:ti_sysbios_heaps_HeapMem_reqAlign__C)
                  000080f4    00000004     gpiointerrupt_pem4f.oem4f (.const:ti_sysbios_knl_Clock_Module_State_clockQ__O)
                  000080f8    00000004     gpiointerrupt_pem4f.oem4f (.const:ti_sysbios_knl_Semaphore_Instance_State_pendQ__O)
                  000080fc    00000004     gpiointerrupt_pem4f.oem4f (.const:ti_sysbios_knl_Swi_Object__count__C)
                  00008100    00000004     gpiointerrupt_pem4f.oem4f (.const:ti_sysbios_knl_Task_E_spOutOfBounds__C)
                  00008104    00000004     gpiointerrupt_pem4f.oem4f (.const:ti_sysbios_knl_Task_E_stackOverflow__C)
                  00008108    00000004     gpiointerrupt_pem4f.oem4f (.const:ti_sysbios_knl_Task_Module_State_inactiveQ__O)
                  0000810c    00000004     gpiointerrupt_pem4f.oem4f (.const:ti_sysbios_knl_Task_Object__count__C)
                  00008110    00000004     gpiointerrupt_pem4f.oem4f (.const:ti_sysbios_knl_Task_allBlockedFunc__C)
                  00008114    00000004     gpiointerrupt_pem4f.oem4f (.const:ti_sysbios_knl_Task_numConstructedTasks__C)
                  00008118    00000004     gpiointerrupt_pem4f.oem4f (.const:xdc_runtime_Assert_E_assertFailed__C)
                  0000811c    00000004     gpiointerrupt_pem4f.oem4f (.const:xdc_runtime_Core_A_initializedParams__C)
                  00008120    00000004     gpiointerrupt_pem4f.oem4f (.const:xdc_runtime_Core_Module__diagsEnabled__C)
                  00008124    00000004     gpiointerrupt_pem4f.oem4f (.const:xdc_runtime_Core_Module__diagsIncluded__C)
                  00008128    00000004     gpiointerrupt_pem4f.oem4f (.const:xdc_runtime_Core_Module__diagsMask__C)
                  0000812c    00000004     gpiointerrupt_pem4f.oem4f (.const:xdc_runtime_Error_E_memory__C)
                  00008130    00000004     gpiointerrupt_pem4f.oem4f (.const:xdc_runtime_Error_Module__diagsEnabled__C)
                  00008134    00000004     gpiointerrupt_pem4f.oem4f (.const:xdc_runtime_Error_Module__diagsIncluded__C)
                  00008138    00000004     gpiointerrupt_pem4f.oem4f (.const:xdc_runtime_Error_Module__diagsMask__C)
                  0000813c    00000004     gpiointerrupt_pem4f.oem4f (.const:xdc_runtime_Error_Module__loggerFxn8__C)
                  00008140    00000004     gpiointerrupt_pem4f.oem4f (.const:xdc_runtime_Error_Module__loggerObj__C)
                  00008144    00000004     gpiointerrupt_pem4f.oem4f (.const:xdc_runtime_Error_policyFxn__C)
                  00008148    00000004     gpiointerrupt_pem4f.oem4f (.const:xdc_runtime_Error_raiseHook__C)
                  0000814c    00000004     gpiointerrupt_pem4f.oem4f (.const:xdc_runtime_IGateProvider_Interface__BASE__C)
                  00008150    00000004     gpiointerrupt_pem4f.oem4f (.const:xdc_runtime_IHeap_Interface__BASE__C)
                  00008154    00000004     gpiointerrupt_pem4f.oem4f (.const:xdc_runtime_IModule_Interface__BASE__C)
                  00008158    00000004     gpiointerrupt_pem4f.oem4f (.const:xdc_runtime_Log_L_error__C)
                  0000815c    00000004     gpiointerrupt_pem4f.oem4f (.const:xdc_runtime_Memory_defaultHeapInstance__C)
                  00008160    00000004     gpiointerrupt_pem4f.oem4f (.const:xdc_runtime_Startup_execImpl__C)
                  00008164    00000004     gpiointerrupt_pem4f.oem4f (.const:xdc_runtime_Startup_maxPasses__C)
                  00008168    00000004     gpiointerrupt_pem4f.oem4f (.const:xdc_runtime_Startup_sfxnRts__C)
                  0000816c    00000004     gpiointerrupt_pem4f.oem4f (.const:xdc_runtime_Startup_sfxnTab__C)
                  00008170    00000004     gpiointerrupt_pem4f.oem4f (.const:xdc_runtime_SysMin_bufSize__C)
                  00008174    00000004     gpiointerrupt_pem4f.oem4f (.const:xdc_runtime_SysMin_outputFunc__C)
                  00008178    00000004     gpiointerrupt_pem4f.oem4f (.const:xdc_runtime_System_Module__gateObj__C)
                  0000817c    00000004     gpiointerrupt_pem4f.oem4f (.const:xdc_runtime_System_abortFxn__C)
                  00008180    00000004     gpiointerrupt_pem4f.oem4f (.const:xdc_runtime_System_exitFxn__C)
                  00008184    00000004     gpiointerrupt_pem4f.oem4f (.const:xdc_runtime_System_extendFxn__C)
                  00008188    00000004     gpiointerrupt_pem4f.oem4f (.const:xdc_runtime_System_maxAtexitHandlers__C)
                  0000818c    00000004     gpiointerrupt_pem4f.oem4f (.const:xdc_runtime_Text_charTab__C)
                  00008190    00000004     gpiointerrupt_pem4f.oem4f (.const:xdc_runtime_Text_nameEmpty__C)
                  00008194    00000004     gpiointerrupt_pem4f.oem4f (.const:xdc_runtime_Text_nameStatic__C)
                  00008198    00000004     gpiointerrupt_pem4f.oem4f (.const:xdc_runtime_Text_nameUnknown__C)
                  0000819c    00000004     gpiointerrupt_pem4f.oem4f (.const:xdc_runtime_Text_nodeTab__C)
                  000081a0    00000004     gpiointerrupt_pem4f.oem4f (.const:xdc_runtime_Text_visitRopeFxn__C)
                  000081a4    00000002     gpiointerrupt_pem4f.oem4f (.const:ti_sysbios_hal_Hwi_Module__id__C)
                  000081a6    00000002     gpiointerrupt_pem4f.oem4f (.const:ti_sysbios_heaps_HeapMem_Module__id__C)
                  000081a8    00000002     gpiointerrupt_pem4f.oem4f (.const:ti_sysbios_knl_Task_Module__id__C)
                  000081aa    00000002     gpiointerrupt_pem4f.oem4f (.const:xdc_runtime_Core_Module__id__C)
                  000081ac    00000002     gpiointerrupt_pem4f.oem4f (.const:xdc_runtime_Error_Module__loggerDefined__C)
                  000081ae    00000002     gpiointerrupt_pem4f.oem4f (.const:xdc_runtime_Error_maxDepth__C)
                  000081b0    00000002     gpiointerrupt_pem4f.oem4f (.const:xdc_runtime_Memory_Module__id__C)
                  000081b2    00000002     gpiointerrupt_pem4f.oem4f (.const:xdc_runtime_SysMin_flushAtExit__C)
                  000081b4    00000002     gpiointerrupt_pem4f.oem4f (.const:xdc_runtime_Text_charCnt__C)
                  000081b6    00000002     gpiointerrupt_pem4f.oem4f (.const:xdc_runtime_Text_isLoaded__C)
                  000081b8    00000002     gpiointerrupt_pem4f.oem4f (.const:xdc_runtime_Text_registryModsLastId__C)
                  000081ba    00000002     gpiointerrupt_pem4f.oem4f (.const:xdc_runtime_Text_unnamedModsLastId__C)

.cinit     0    000081c0    00000404     
                  000081c0    000003c7     (.cinit..data.load) [load image, compression = rle]
                  00008587    00000001     --HOLE-- [fill = 0]
                  00008588    0000000b     (.cinit..bss.load) [load image, compression = rle]
                  00008593    00000005     --HOLE-- [fill = 0]
                  00008598    0000000b     (.cinit..vecs.load) [load image, compression = rle]
                  000085a3    00000001     --HOLE-- [fill = 0]
                  000085a4    00000008     (__TI_handler_table)
                  000085ac    00000018     (__TI_cinit_table)

.resetVecs 
*          0    00000000    0000003c     
                  00000000    0000003c     gpiointerrupt_pem4f.oem4f (.resetVecs)

.vecs      0    20000000    00000140     UNINITIALIZED
                  20000000    00000140     gpiointerrupt_pem4f.oem4f (.vecs)

.bss       0    20000140    00000e58     UNINITIALIZED
                  20000140    00000600     gpiointerrupt_pem4f.oem4f (.bss:taskStackSection)
                  20000740    00000400     (.common:ti_sysbios_heaps_HeapMem_Instance_State_0_buf__A)
                  20000b40    00000140     (.common:ti_sysbios_family_arm_m3_Hwi_dispatchTable)
                  20000c80    00000120     rtsv7M4_T_le_v4SPD16_eabi.lib : trgmsg.obj (.bss:_CIOBUF_)
                  20000da0    00000100     (.common:uartMSP432Objects)
                  20000ea0    00000080     (.common:xdc_runtime_SysMin_Module_State_0_outbuf__A)
                  20000f20    00000040     (.common:uartMSP432RingBuffer)
                  20000f60    00000030     drivers_MSP432P401R.aem4f : GPIOMSP432.oem4f (.bss:gpioCallbackInfo)
                  20000f90    00000008     rtsv7M4_T_le_v4SPD16_eabi.lib : trgdrv.obj (.bss:parmbuf)

.data      0    20000f98    00000551     UNINITIALIZED
                  20000f98    0000009c     drivers_MSP432P401R.aem4f : PowerMSP432.oem4f (.data:PowerMSP432_perfLevels)
                  20001034    00000098     gpiointerrupt_pem4f.oem4f (.data:ti_sysbios_knl_Task_Object__table__V)
                  200010cc    00000080     gpiointerrupt_pem4f.oem4f (.data:ti_sysbios_knl_Swi_Module_State_0_readyQ__A)
                  2000114c    00000080     gpiointerrupt_pem4f.oem4f (.data:ti_sysbios_knl_Task_Module_State_0_readyQ__A)
                  200011cc    0000004c     gpiointerrupt_pem4f.oem4f (.data:ti_sysbios_family_arm_msp432_Timer_Object__table__V)
                  20001218    00000044     gpiointerrupt_pem4f.oem4f (.data:ti_sysbios_knl_Task_Module__state__V)
                  2000125c    00000038     gpiointerrupt_pem4f.oem4f (.data:ti_sysbios_gates_GateMutex_Object__table__V)
                  20001294    00000034     gpiointerrupt_pem4f.oem4f (.data:ti_sysbios_family_arm_m3_Hwi_Module__state__V)
                  200012c8    00000030     msp432p4xx_driverlib.lib : gpio.o (.data:GPIO_PORT_TO_BASE)
                  200012f8    00000030     gpiointerrupt_pem4f.oem4f (.data:ti_sysbios_knl_Swi_Object__table__V)
                  20001328    0000002c     gpiointerrupt_pem4f.oem4f (.data:ti_sysbios_knl_Clock_Module__state__V)
                  20001354    00000028     drivers_MSP432P401R.aem4f : PowerMSP432.oem4f (.data:PowerMSP432_module)
                  2000137c    00000024     gpiointerrupt_pem4f.oem4f (.data:ti_sysbios_BIOS_Module__state__V)
                  200013a0    00000020     gpiointerrupt_pem4f.oem4f (.data:ti_sysbios_family_arm_msp432_Timer_Module_State_0_device__A)
                  200013c0    0000001c     gpiointerrupt_pem4f.oem4f (.data:ti_sysbios_knl_Swi_Module__state__V)
                  200013dc    00000018     gpiointerrupt_pem4f.oem4f (.data:ti_sysbios_family_arm_m3_Hwi_Object__table__V)
                  200013f4    00000018     gpiointerrupt_pem4f.oem4f (.data:ti_sysbios_heaps_HeapMem_Object__table__V)
                  2000140c    00000010     MSP_EXP432P401R.obj (.data:gpioPinConfigs)
                  2000141c    00000010     gpiointerrupt_pem4f.oem4f (.data:ti_sysbios_family_arm_msp432_Timer_Module_State_0_handles__A)
                  2000142c    0000000c     rtsv7M4_T_le_v4SPD16_eabi.lib : exit.obj (.data:$O1$$)
                  20001438    0000000c     gpiointerrupt_pem4f.oem4f (.data:ti_sysbios_family_arm_msp432_ClockFreqs_Module__state__V)
                  20001444    0000000c     gpiointerrupt_pem4f.oem4f (.data:ti_sysbios_family_arm_msp432_Timer_Module__state__V)
                  20001450    0000000c     gpiointerrupt_pem4f.oem4f (.data:xdc_runtime_SysMin_Module__state__V)
                  2000145c    00000008     rtsv7M4_T_le_v4SPD16_eabi.lib : _lock.obj (.data:$O1$$)
                  20001464    00000008     MSP_EXP432P401R.obj (.data:gpioCallbackFunctions)
                  2000146c    00000008     gpiointerrupt_pem4f.oem4f (.data:ti_sysbios_family_arm_m3_Hwi_Module__root__V)
                  20001474    00000008     gpiointerrupt_pem4f.oem4f (.data:ti_sysbios_gates_GateHwi_Module__root__V)
                  2000147c    00000008     gpiointerrupt_pem4f.oem4f (.data:ti_sysbios_gates_GateMutex_Module__root__V)
                  20001484    00000008     gpiointerrupt_pem4f.oem4f (.data:ti_sysbios_heaps_HeapMem_Module__root__V)
                  2000148c    00000008     gpiointerrupt_pem4f.oem4f (.data:ti_sysbios_knl_Clock_Module__root__V)
                  20001494    00000008     gpiointerrupt_pem4f.oem4f (.data:ti_sysbios_knl_Queue_Module__root__V)
                  2000149c    00000008     gpiointerrupt_pem4f.oem4f (.data:ti_sysbios_knl_Semaphore_Module__root__V)
                  200014a4    00000008     gpiointerrupt_pem4f.oem4f (.data:xdc_runtime_Registry_Module__state__V)
                  200014ac    00000008     gpiointerrupt_pem4f.oem4f (.data:xdc_runtime_Startup_Module__state__V)
                  200014b4    00000008     gpiointerrupt_pem4f.oem4f (.data:xdc_runtime_System_Module_State_0_atexitHandlers__A)
                  200014bc    00000008     gpiointerrupt_pem4f.oem4f (.data:xdc_runtime_System_Module__state__V)
                  200014c4    00000004     drivers_MSP432P401R.aem4f : UART.oem4f (.data)
                  200014c8    00000004     gpiointerrupt.obj (.data)
                  200014cc    00000004     rtsv7M4_T_le_v4SPD16_eabi.lib : stkdepth_vars.obj (.data)
                  200014d0    00000004     gpiointerrupt_pem4f.oem4f (.data:ti_sysbios_family_arm_m3_Hwi_Module_State_0_excContext__A)
                  200014d4    00000004     gpiointerrupt_pem4f.oem4f (.data:ti_sysbios_family_arm_m3_Hwi_Module_State_0_excStack__A)
                  200014d8    00000004     gpiointerrupt_pem4f.oem4f (.data:ti_sysbios_gates_GateHwi_Object__table__V)
                  200014dc    00000004     gpiointerrupt_pem4f.oem4f (.data:ti_sysbios_knl_Task_Module_State_0_idleTask__A)
                  200014e0    00000004     gpiointerrupt_pem4f.oem4f (.data:xdc_runtime_Memory_Module__state__V)
                  200014e4    00000002     gpiointerrupt_pem4f.oem4f (.data:ti_sysbios_family_arm_m3_Hwi_Module_State_0_excActive__A)
                  200014e6    00000002     gpiointerrupt_pem4f.oem4f (.data:xdc_runtime_Error_Module__state__V)
                  200014e8    00000001     drivers_MSP432P401R.aem4f : GPIOMSP432.oem4f (.data)

.stack     0    2000fd00    00000300     UNINITIALIZED
                  2000fd00    00000300     --HOLE--

.bootVecs 
*          0    00000000    00000008     DSECT
                  00000000    00000008     boot.aem4f : boot.oem4f (.bootVecs)

xdc.meta   0    00000000    00000114     COPY SECTION
                  00000000    00000114     gpiointerrupt_pem4f.oem4f (xdc.meta)

.binit     0    00000000    00000000     

MODULE SUMMARY

       Module                      code    ro data   rw data
       ------                      ----    -------   -------
    .\
       MSP_EXP432P401R.obj         60      256       344    
       gpiointerrupt.obj           272     0         4      
    +--+---------------------------+-------+---------+---------+
       Total:                      332     256       348    
                                                            
    C:\Users\Abhijith\Documents\workshop\gpiointerrupt_MSP_EXP432P401R_TI_MSP432P401R\Debug\configPkg\package\cfg\
       gpiointerrupt_pem4f.oem4f   1700    7458      4388   
    +--+---------------------------+-------+---------+---------+
       Total:                      1700    7458      4388   
                                                            
    C:/ti/tirex-content/tirtos_msp43x_2_20_00_06/products/msp432_driverlib_3_21_00_05/driverlib/MSP432P4xx/ccs/msp432p4xx_driverlib.lib
       pcm.o                       1214    0         0      
       gpio.o                      424     0         48     
       uart.o                      328     0         0      
       cs.o                        260     0         0      
       flash.o                     156     0         0      
       rtc_c.o                     72      0         0      
       wdt_a.o                     44      0         0      
       cpu.o                       28      0         0      
    +--+---------------------------+-------+---------+---------+
       Total:                      2526    0         48     
                                                            
    C:/ti/tirex-content/tirtos_msp43x_2_20_00_06/products/tidrivers_msp43x_2_20_00_08/packages/ti/drivers/lib/drivers_MSP432P401R.aem4f
       UARTMSP432.oem4f            2630    81        0      
       PowerMSP432.oem4f           1212    0         196    
       GPIOMSP432.oem4f            748     12        49     
       UART.oem4f                  148     36        4      
       RingBuf.oem4f               184     0         0      
       List.oem4f                  72      0         0      
    +--+---------------------------+-------+---------+---------+
       Total:                      4994    129       249    
                                                            
    C:/ti/tirex-content/tirtos_msp43x_2_20_00_06/products/tidrivers_msp43x_2_20_00_08/packages/ti/drivers/lib/power_tirtos_MSP432P401R.aem4f
       PowerMSP432_tirtos.oem4f    106     0         0      
    +--+---------------------------+-------+---------+---------+
       Total:                      106     0         0      
                                                            
    C:/ti/tirex-content/tirtos_msp43x_2_20_00_06/products/tidrivers_msp43x_2_20_00_08/packages/ti/drivers/ports/lib/tirtosport.aem4f
       ClockP_tirtos.oem4f         148     0         0      
       SemaphoreP_tirtos.oem4f     146     0         0      
       HwiP_tirtos.oem4f           138     0         0      
    +--+---------------------------+-------+---------+---------+
       Total:                      432     0         0      
                                                            
    C:\Users\Abhijith\Documents\workshop\gpiointerrupt_MSP_EXP432P401R_TI_MSP432P401R\src\sysbios\sysbios.aem4f
       BIOS.obj                    8382    0         0      
       m3_Hwi_asm.obj              306     0         0      
       m3_TaskSupport_asm.obj      180     0         0      
       m3_Hwi_asm_switch.obj       118     0         0      
    +--+---------------------------+-------+---------+---------+
       Total:                      8986    0         0      
                                                            
    C:\ti\ccsv6\tools\compiler\arm_15.12.3.LTS\lib\rtsv7M4_T_le_v4SPD16_eabi.lib
       trgdrv.obj                  804     0         8      
       trgmsg.obj                  104     0         288    
       memcpy_t2.obj               156     0         0      
       memset_t2.obj               122     0         0      
       copy_decompress_rle.obj     112     0         0      
       exit.obj                    84      0         12     
       cpy_tbl.obj                 76      0         0      
       u_divt2.obj                 64      0         0      
       _lock.obj                   20      0         8      
       args_main.obj               24      0         0      
       strcpy.obj                  20      0         0      
       strlen.obj                  20      0         0      
       copy_decompress_none.obj    14      0         0      
       stkdepth_vars.obj           0       0         4      
       i_div0.obj                  2       0         0      
    +--+---------------------------+-------+---------+---------+
       Total:                      1622    0         320    
                                                            
    C:\ti\tirex-content\tirtos_msp43x_2_20_00_06\packages\ti\tirtos\utils\lib\release\ti.tirtos.utils.aem4f
       UARTMon.oem4f               186     0         0      
    +--+---------------------------+-------+---------+---------+
       Total:                      186     0         0      
                                                            
    C:\ti\tirex-content\tirtos_msp43x_2_20_00_06\products\bios_6_46_00_23\packages\ti\targets\arm\rtsarm\lib\auto_init.aem4f
       auto_init.oem4f             160     0         0      
    +--+---------------------------+-------+---------+---------+
       Total:                      160     0         0      
                                                            
    C:\ti\tirex-content\tirtos_msp43x_2_20_00_06\products\bios_6_46_00_23\packages\ti\targets\arm\rtsarm\lib\boot.aem4f
       boot.oem4f                  88      0         0      
    +--+---------------------------+-------+---------+---------+
       Total:                      88      0         0      
                                                            
    C:\ti\tirex-content\tirtos_msp43x_2_20_00_06\products\bios_6_46_00_23\packages\ti\targets\arm\rtsarm\lib\ti.targets.arm.rtsarm.aem4f
       System.oem4f                1255    0         0      
       Text.oem4f                  672     0         0      
       Error.oem4f                 524     0         0      
       Core-mem.oem4f              358     0         0      
       Startup.oem4f               340     0         0      
       SysMin.oem4f                248     0         0      
       Core-smem.oem4f             204     0         0      
       Memory.oem4f                176     0         0      
       Assert.oem4f                84      0         0      
       Core-params.oem4f           70      0         0      
       Core-label.oem4f            52      0         0      
       Registry.oem4f              32      0         0      
       Gate.oem4f                  28      0         0      
    +--+---------------------------+-------+---------+---------+
       Total:                      4043    0         0      
                                                            
       Stack:                      0       0         768    
       Linker Generated:           0       1021      0      
    +--+---------------------------+-------+---------+---------+
       Grand Total:                25175   8864      6121   


LINKER GENERATED COPY TABLES

__TI_cinit_table @ 000085ac records: 3, size/record: 8, table size: 24
	.data: load addr=000081c0, load size=000003c7 bytes, run addr=20000f98, run size=00000551 bytes, compression=rle
	.bss: load addr=00008588, load size=0000000b bytes, run addr=20000140, run size=00000e58 bytes, compression=rle
	.vecs: load addr=00008598, load size=0000000b bytes, run addr=20000000, run size=00000140 bytes, compression=rle


LINKER GENERATED HANDLER TABLE

__TI_handler_table @ 000085a4 records: 2, size/record: 4, table size: 8
	index: 0, handler: __TI_decompress_rle24
	index: 1, handler: __TI_decompress_none


GLOBAL SYMBOLS: SORTED ALPHABETICALLY BY Name 

address   name                                                        
-------   ----                                                        
00003f7d  C$$EXIT                                                     
000038af  C$$IO$$                                                     
0000614b  CPU_cpsid                                                   
00006157  CPU_cpsie                                                   
00001145  CPU_wfi                                                     
00001fe9  CS_initClockSignal                                          
0000554d  CS_setDCOCenteredFrequency                                  
00006291  ClockP_Params_init                                          
00003d19  ClockP_create                                               
00005dd1  ClockP_delete                                               
00005f5d  ClockP_start                                                
00005f5d  ClockP_startFromISR                                         
00006255  ClockP_stop                                                 
00006255  ClockP_stopFromISR                                          
000047d5  FlashCtl_disableReadBuffering                               
00004c9d  FlashCtl_enableReadBuffering                                
00005411  FlashCtl_setWaitState                                       
00008014  GPIOMSP432_config                                           
00005c81  GPIO_clearInterruptFlag                                     
00005439  GPIO_enableInt                                              
00005e59  GPIO_enableInterrupt                                        
00004e45  GPIO_getEnabledInterruptStatus                              
00005fbd  GPIO_getInterruptStatus                                     
00003ed5  GPIO_hwiIntFxn                                              
00003ae1  GPIO_init                                                   
00005855  GPIO_interruptEdgeSelect                                    
000051d9  GPIO_setAsInputPin                                          
00004e75  GPIO_setAsInputPinWithPullDownResistor                      
[...]
00005fcd  PCM_gotoLPM4                                                
00005ff1  ti_sysbios_BIOS_exit__E                                     
00006001  ti_sysbios_BIOS_setCpuFreq__E                               
00006011  ti_sysbios_BIOS_setThreadType__E                            
00006021  osi_start                                                   
00006021  ti_sysbios_BIOS_start__E                                    
00006031  ti_sysbios_family_arm_m3_TaskSupport_glue                   
00006041  ti_sysbios_family_arm_msp432_init_Boot_disableWatchdog      
00006051  ti_sysbios_gates_GateMutex_Instance_finalize__E             
00006061  ti_sysbios_knl_Semaphore_Instance_finalize__E               
00006071  ti_sysbios_knl_Swi_disable__E                               
00006081  ti_sysbios_knl_Task_Object__get__S                          
00006091  osi_TaskDisable                                             
00006091  ti_sysbios_knl_Task_disable__E                              
000060a1  xdc_runtime_Gate_leaveSystem__E                             
000060b1  xdc_runtime_Memory_free__E                                  
000060c1  xdc_runtime_SysMin_ready__E                                 
000060c1  xdc_runtime_System_SupportProxy_ready__E                    
000060d1  xdc_runtime_System_vsnprintf__E                             
000060e1  xdc_runtime_Text_visitRope__I                               
000060f1  HwiP_Params_init                                            
000060ff  UART_clearInterruptFlag                                     
0000610d  __TI_decompress_none                                        
0000611b  __TI_decompress_rle24                                       
00006121  ti_sysbios_knl_Idle_loop__E                                 
00006131  ti_sysbios_knl_Queue_empty__E                               
0000613f  ti_sysbios_family_arm_msp432_init_Boot_init__I              
0000613f  xdc_runtime_Startup_reset__I                                
0000614b  CPU_cpsid                                                   
00006157  CPU_cpsie                                                   
00006165  PCM_getPowerState                                           
00006171  Power_getConstraintMask                                     
0000617d  Power_getPerformanceLevel                                   
00006189  UARTMSP432_init                                             
00006195  UART_disableModule                                          
000061a1  UART_enableModule                                           
000061ad  ti_sysbios_family_arm_m3_Hwi_Params__init__S                
000061ad  ti_sysbios_hal_Hwi_HwiProxy_Params__init__S                 
000061b9  ti_sysbios_family_arm_m3_Hwi_disableFxn__E                  
000061b9  ti_sysbios_hal_Hwi_HwiProxy_disable__E                      
000061c9  ti_sysbios_family_arm_m3_TaskSupport_checkStack__E          
000061c9  ti_sysbios_knl_Task_SupportProxy_checkStack__E              
000061d9  ti_sysbios_family_arm_msp432_Timer_getMaxTicks__E           
000061e9  ti_sysbios_gates_GateHwi_enter__E                           
000061f5  ti_sysbios_knl_Clock_Params__init__S                        
00006201  ti_sysbios_knl_Queue_Object__get__S                         
0000620d  ti_sysbios_knl_Semaphore_Params__init__S                    
00006219  xdc_runtime_Error_init__E                                   
00006225  xdc_runtime_Gate_enterSystem__E                             
00006231  xdc_runtime_Memory_calloc__E                                
0000623d  xdc_runtime_Memory_getMaxDefaultTypeAlign__E                
00006249  xdc_runtime_Startup_rtsDone__E                              
00006255  ClockP_stop                                                 
00006255  ClockP_stopFromISR                                          
0000625f  SemaphoreP_post                                             
0000625f  SemaphoreP_postFromClock                                    
0000625f  SemaphoreP_postFromISR                                      
00006269  UART_read                                                   
00006273  UART_write                                                  
0000627d  xdc_runtime_Memory_HeapProxy_alloc__E                       
00006287  xdc_runtime_Memory_HeapProxy_free__E                        
00006291  ClockP_Params_init                                          
00006299  MSP_EXP432P401R_initGPIO                                    
000062a1  MSP_EXP432P401R_initGeneral                                 
000062a9  PCM_setPowerMode                                            
000062b1  PCM_setPowerState                                           
000062b9  SemaphoreP_Params_init                                      
000062c9  ti_sysbios_family_arm_m3_Hwi_doSwiRestore__I                
000062d1  ti_sysbios_family_arm_m3_Hwi_startup__E                     
000062d1  ti_sysbios_hal_Hwi_HwiProxy_startup__E                      
000062e1  ti_sysbios_family_arm_m3_Hwi_doTaskRestore__I               
000062e9  HwiP_restore                                                
000062e9  ti_sysbios_family_arm_m3_Hwi_restoreFxn__E                  
000062e9  ti_sysbios_hal_Hwi_HwiProxy_restore__E                      
000062f1  ti_sysbios_gates_GateHwi_leave__E                           
000062f9  ti_sysbios_heaps_HeapMem_isBlocking__E                      
00006301  ti_sysbios_knl_Clock_stop__E                                
00006309  ti_sysbios_knl_Queue_Instance_init__E                       
00006311  ti_sysbios_knl_Swi_startup__E                               
00006317  xdc_runtime_System_Module_startup__E                        
00006321  ti_sysbios_gates_GateHwi_query__E                           
00006321  xdc_runtime_Main_Module_GateProxy_query__E                  
00006321  xdc_runtime_System_Module_GateProxy_query__E                
00006329  ti_sysbios_BIOS_RtsGateProxy_query__E                       
00006329  ti_sysbios_gates_GateMutex_query__E                         
00006329  ti_sysbios_heaps_HeapMem_Module_GateProxy_query__E          
00006331  ti_sysbios_knl_Clock_setTimeout__E                          
00006339  ti_sysbios_knl_Task_startup__E                              
00006341  ti_sysbios_BIOS_linkedWithIncorrectBootLibrary__E           
00006349  ti_sysbios_gates_GateHwi_Instance_init__E                   
00006351  ti_sysbios_knl_Clock_logTick__E                             
00006354  xdc_runtime_Text_charTab__A                                 
00007b7b  xdc_runtime_Error_policy__C                                 
00007b7c  xdc_runtime_Text_nodeTab__A                                 
00007c2c  uartMSP432Baudrates                                         
00007ce4  uartMSP432HWAttrs                                           
00007d2c  ti_sysbios_family_arm_m3_Hwi_Object__PARAMS__C              
00007d5c  UARTMSP432_fxnTable                                         
00007d84  ti_sysbios_heaps_HeapMem_Module__FXNS__C                    
00007dac  UART_config                                                 
00007dd0  UART_defaultParams                                          
00007e18  ti_sysbios_gates_GateHwi_Module__FXNS__C                    
00007e3c  ti_sysbios_gates_GateMutex_Module__FXNS__C                  
00007e60  ti_sysbios_heaps_HeapMem_Object__PARAMS__C                  
00007e84  ti_sysbios_knl_Clock_Object__PARAMS__C                      
00007ea8  ti_sysbios_knl_Semaphore_Object__PARAMS__C                  
00007ecc  ti_sysbios_family_arm_m3_Hwi_Object__DESC__C                
00007eec  ti_sysbios_gates_GateHwi_Object__DESC__C                    
00007f0c  ti_sysbios_gates_GateMutex_Object__DESC__C                  
00007f2c  ti_sysbios_heaps_HeapMem_Object__DESC__C                    
00007f4c  ti_sysbios_knl_Clock_Object__DESC__C                        
00007f6c  ti_sysbios_knl_Queue_Object__DESC__C                        
00007f8c  ti_sysbios_knl_Semaphore_Object__DESC__C                    
00007fac  xdc_runtime_Startup_sfxnTab__A                              
00007fcc  ti_sysbios_gates_GateHwi_Object__PARAMS__C                  
00007fe4  ti_sysbios_gates_GateMutex_Object__PARAMS__C                
00007ffc  ti_sysbios_knl_Queue_Object__PARAMS__C                      
00008014  GPIOMSP432_config                                           
00008028  PowerMSP432_config                                          
00008038  xdc_runtime_Startup_sfxnRts__A                              
00008054  xdc_runtime_Startup_firstFxns__A                            
00008060  ti_sysbios_family_arm_m3_Hwi_excHookFuncs__A                
00008068  ti_sysbios_knl_Idle_funcList__A                             
00008070  ti_sysbios_knl_Idle_funcList__C                             
00008078  xdc_runtime_Startup_firstFxns__C                            
00008080  xdc_runtime_Startup_lastFxns__C                             
0000808e  ti_sysbios_family_arm_m3_Hwi_Module__id__C                  
00008090  ti_sysbios_family_arm_m3_Hwi_E_NMI__C                       
00008094  ti_sysbios_family_arm_m3_Hwi_E_alreadyDefined__C            
00008098  ti_sysbios_family_arm_m3_Hwi_E_busFault__C                  
0000809c  ti_sysbios_family_arm_m3_Hwi_E_debugMon__C                  
000080a0  ti_sysbios_family_arm_m3_Hwi_E_hardFault__C                 
000080a4  ti_sysbios_family_arm_m3_Hwi_E_memFault__C                  
000080a8  ti_sysbios_family_arm_m3_Hwi_E_noIsr__C                     
000080ac  ti_sysbios_family_arm_m3_Hwi_E_reserved__C                  
000080b0  ti_sysbios_family_arm_m3_Hwi_E_svCall__C                    
000080b4  ti_sysbios_family_arm_m3_Hwi_E_usageFault__C                
000080b8  ti_sysbios_family_arm_m3_Hwi_NUM_INTERRUPTS__C              
000080bc  ti_sysbios_family_arm_m3_Hwi_Object__count__C               
000080c0  ti_sysbios_family_arm_m3_Hwi_ccr__C                         
000080c4  ti_sysbios_family_arm_m3_Hwi_excHandlerFunc__C              
000080c8  ti_sysbios_family_arm_m3_Hwi_excHookFuncs__C                
000080cc  ti_sysbios_family_arm_m3_Hwi_nullIsrFunc__C                 
000080d0  ti_sysbios_family_arm_m3_Hwi_priGroup__C                    
000080d4  ti_sysbios_family_arm_msp432_Timer_numTimerDevices__C       
000080d8  ti_sysbios_family_arm_msp432_Timer_startupNeeded__C         
000080dc  ti_sysbios_gates_GateMutex_Instance_State_sem__O            
000080e0  ti_sysbios_hal_Hwi_E_stackOverflow__C                       
000080e4  ti_sysbios_heaps_HeapMem_E_memory__C                        
000080e8  ti_sysbios_heaps_HeapMem_Module__gateObj__C                 
000080ec  ti_sysbios_heaps_HeapMem_Object__count__C                   
000080f0  ti_sysbios_heaps_HeapMem_reqAlign__C                        
000080f4  ti_sysbios_knl_Clock_Module_State_clockQ__O                 
000080f8  ti_sysbios_knl_Semaphore_Instance_State_pendQ__O            
000080fc  ti_sysbios_knl_Swi_Object__count__C                         
00008100  ti_sysbios_knl_Task_E_spOutOfBounds__C                      
00008104  ti_sysbios_knl_Task_E_stackOverflow__C                      
00008108  ti_sysbios_knl_Task_Module_State_inactiveQ__O               
0000810c  ti_sysbios_knl_Task_Object__count__C                        
00008110  ti_sysbios_knl_Task_allBlockedFunc__C                       
00008114  ti_sysbios_knl_Task_numConstructedTasks__C                  
00008118  xdc_runtime_Assert_E_assertFailed__C                        
0000811c  xdc_runtime_Core_A_initializedParams__C                     
00008120  xdc_runtime_Core_Module__diagsEnabled__C                    
00008124  xdc_runtime_Core_Module__diagsIncluded__C                   
00008128  xdc_runtime_Core_Module__diagsMask__C                       
0000812c  xdc_runtime_Error_E_memory__C                               
00008130  xdc_runtime_Error_Module__diagsEnabled__C                   
00008134  xdc_runtime_Error_Module__diagsIncluded__C                  
00008138  xdc_runtime_Error_Module__diagsMask__C                      
0000813c  xdc_runtime_Error_Module__loggerFxn8__C                     
00008140  xdc_runtime_Error_Module__loggerObj__C                      
00008144  xdc_runtime_Error_policyFxn__C                              
00008148  xdc_runtime_Error_raiseHook__C                              
0000814c  xdc_runtime_IGateProvider_Interface__BASE__C                
00008150  xdc_runtime_IHeap_Interface__BASE__C                        
00008154  xdc_runtime_IModule_Interface__BASE__C                      
00008158  xdc_runtime_Log_L_error__C                                  
0000815c  xdc_runtime_Memory_defaultHeapInstance__C                   
00008160  xdc_runtime_Startup_execImpl__C                             
00008164  xdc_runtime_Startup_maxPasses__C                            
00008168  xdc_runtime_Startup_sfxnRts__C                              
0000816c  xdc_runtime_Startup_sfxnTab__C                              
00008170  xdc_runtime_SysMin_bufSize__C                               
00008174  xdc_runtime_SysMin_outputFunc__C                            
00008178  xdc_runtime_System_Module__gateObj__C                       
0000817c  xdc_runtime_System_abortFxn__C                              
00008180  xdc_runtime_System_exitFxn__C                               
00008184  xdc_runtime_System_extendFxn__C                             
00008188  xdc_runtime_System_maxAtexitHandlers__C                     
0000818c  xdc_runtime_Text_charTab__C                                 
00008190  xdc_runtime_Text_nameEmpty__C                               
00008194  xdc_runtime_Text_nameStatic__C                              
00008198  xdc_runtime_Text_nameUnknown__C                             
0000819c  xdc_runtime_Text_nodeTab__C                                 
000081a0  xdc_runtime_Text_visitRopeFxn__C                            
000081a4  ti_sysbios_hal_Hwi_Module__id__C                            
000081a6  ti_sysbios_heaps_HeapMem_Module__id__C                      
000081a8  ti_sysbios_knl_Task_Module__id__C                           
000081aa  xdc_runtime_Core_Module__id__C                              
000081ac  xdc_runtime_Error_Module__loggerDefined__C                  
000081ae  xdc_runtime_Error_maxDepth__C                               
000081b0  xdc_runtime_Memory_Module__id__C                            
000081b2  xdc_runtime_SysMin_flushAtExit__C                           
000081b4  xdc_runtime_Text_charCnt__C                                 
000081b6  xdc_runtime_Text_isLoaded__C                                
000081b8  xdc_runtime_Text_registryModsLastId__C                      
000081ba  xdc_runtime_Text_unnamedModsLastId__C                       
000081c0  __TI_static_base__                                          
000085a4  __TI_Handler_Table_Base                                     
000085ac  __TI_CINIT_Base                                             
000085ac  __TI_Handler_Table_Limit                                    
000085c4  __TI_CINIT_Limit                                            
20000000  ti_sysbios_family_arm_m3_Hwi_ramVectors                     
20000140  ti_sysbios_knl_Task_Instance_State_0_stack__A               
20000540  ti_sysbios_knl_Task_Instance_State_1_stack__A               
20000740  ti_sysbios_heaps_HeapMem_Instance_State_0_buf__A            
20000b40  ti_sysbios_family_arm_m3_Hwi_dispatchTable                  
20000c80  __CIOBUF_                                                   
20000da0  uartMSP432Objects                                           
20000ea0  xdc_runtime_SysMin_Module_State_0_outbuf__A                 
20000f20  uartMSP432RingBuffer                                        
20000f98  PowerMSP432_perfLevels                                      
20001034  ti_sysbios_knl_Task_Object__table__V                        
200010cc  ti_sysbios_knl_Swi_Module_State_0_readyQ__A                 
2000114c  ti_sysbios_knl_Task_Module_State_0_readyQ__A                
200011cc  ti_sysbios_family_arm_msp432_Timer_Object__table__V         
20001218  ti_sysbios_knl_Task_Module__state__V                        
2000125c  ti_sysbios_gates_GateMutex_Object__table__V                 
20001294  ti_sysbios_family_arm_m3_Hwi_Module__state__V               
200012f8  ti_sysbios_knl_Swi_Object__table__V                         
20001328  ti_sysbios_knl_Clock_Module__state__V                       
20001354  PowerMSP432_module                                          
2000137c  ti_sysbios_BIOS_Module__state__V                            
200013a0  ti_sysbios_family_arm_msp432_Timer_Module_State_0_device__A 
200013c0  ti_sysbios_knl_Swi_Module__state__V                         
200013dc  ti_sysbios_family_arm_m3_Hwi_Object__table__V               
200013f4  ti_sysbios_heaps_HeapMem_Object__table__V                   
2000140c  gpioPinConfigs                                              
2000141c  ti_sysbios_family_arm_msp432_Timer_Module_State_0_handles__A
2000142c  __TI_cleanup_ptr                                            
20001430  __TI_dtors_ptr                                              
20001434  __TI_enable_exit_profile_output                             
20001438  ti_sysbios_family_arm_msp432_ClockFreqs_Module__state__V    
20001444  ti_sysbios_family_arm_msp432_Timer_Module__state__V         
20001450  xdc_runtime_SysMin_Module__state__V                         
2000145c  _lock                                                       
20001460  _unlock                                                     
20001464  gpioCallbackFunctions                                       
2000146c  ti_sysbios_family_arm_m3_Hwi_Module__root__V                
20001474  ti_sysbios_gates_GateHwi_Module__root__V                    
2000147c  ti_sysbios_gates_GateMutex_Module__root__V                  
20001484  ti_sysbios_heaps_HeapMem_Module__root__V                    
2000148c  ti_sysbios_knl_Clock_Module__root__V                        
20001494  ti_sysbios_knl_Queue_Module__root__V                        
2000149c  ti_sysbios_knl_Semaphore_Module__root__V                    
200014a4  xdc_runtime_Registry_Module__state__V                       
200014ac  xdc_runtime_Startup_Module__state__V                        
200014b4  xdc_runtime_System_Module_State_0_atexitHandlers__A         
200014bc  xdc_runtime_System_Module__state__V                         
200014c8  count                                                       
200014cc  main_func_sp                                                
200014d0  ti_sysbios_family_arm_m3_Hwi_Module_State_0_excContext__A   
200014d4  ti_sysbios_family_arm_m3_Hwi_Module_State_0_excStack__A     
200014d8  ti_sysbios_gates_GateHwi_Object__table__V                   
200014dc  ti_sysbios_knl_Task_Module_State_0_idleTask__A              
200014e0  xdc_runtime_Memory_Module__state__V                         
200014e4  ti_sysbios_family_arm_m3_Hwi_Module_State_0_excActive__A    
200014e6  xdc_runtime_Error_Module__state__V                          
2000fd00  __stack                                                     
20010000  __STACK_END                                                 
4000480c  WDTCTL_SYM                                                  
e000e000  ti_sysbios_family_arm_m3_Hwi_nvic                           
ffffffff  __TI_pprof_out_hndl                                         
ffffffff  __TI_prof_data_size                                         
ffffffff  __TI_prof_data_start                                        
ffffffff  __binit__                                                   
ffffffff  __c_args__                                                  
ffffffff  binit                                                       
UNDEFED   SHT$$INIT_ARRAY$$Base                                       
UNDEFED   SHT$$INIT_ARRAY$$Limit                                      

[629 symbols]
