******************************************************************************
                  TI ARM Linker PC v15.12.3                    
******************************************************************************
>> Linked Thu Nov 24 11:21:48 2016

OUTPUT FILE NAME:   <adc14_single_channel_temperature_sensor.out>
ENTRY POINT SYMBOL: "_c_int00"  address: 00001d4d


MEMORY CONFIGURATION

         name            origin    length      used     unused   attr    fill
----------------------  --------  ---------  --------  --------  ----  --------
  MAIN                  00000000   00040000  000022de  0003dd22  R  X
  INFO                  00200000   00004000  00000000  00004000  R  X
  SRAM_CODE             01000000   00010000  00000238  0000fdc8  RW X
  SRAM_DATA             20000000   00010000  00000238  0000fdc8  RW  


SEGMENT ALLOCATION MAP

run origin  load origin   length   init length attrs members
----------  ----------- ---------- ----------- ----- -------
00000000    00000000    000022e4   000022e4    r-x
  00000000    00000000    000000e4   000000e4    r-- .intvecs
  000000e4    000000e4    000020a2   000020a2    r-x .text
  00002188    00002188    00000114   00000114    r-- .const
  000022a0    000022a0    00000044   00000044    r-- .cinit
20000000    20000000    00000038   00000000    rw-
  20000000    20000000    00000028   00000000    rw- .data
  20000028    20000028    00000010   00000000    rw- .bss
2000fe00    2000fe00    00000200   00000000    rw-
  2000fe00    2000fe00    00000200   00000000    rw- .stack


SECTION ALLOCATION MAP

 output                                  attributes/
section   page    origin      length       input sections
--------  ----  ----------  ----------   ----------------
.intvecs   0    00000000    000000e4     
                  00000000    000000e4     startup_msp432p401r_ccs.obj (.intvecs:retain)

.binit     0    00000000    00000000     

.text      0    000000e4    000020a2     
                  000000e4    000009ac     rtsv7M4_T_le_v4SPD16_eabi.lib : e_pow.obj (.text)
                  00000a90    0000032c     system_msp432p401r.obj (.text)
                  00000dbc    0000023c     main.obj (.text)
                  00000ff8    000001b6     rtsv7M4_T_le_v4SPD16_eabi.lib : fd_add_t2.obj (.text)
                  000011ae    00000002                                   : mpu_init.obj (.text)
                  000011b0    00000170                                   : e_sqrt.obj (.text)
                  00001320    00000168     ftos.obj (.text)
                  00001488    00000154     msp432p4xx_driverlib.lib : adc14.o (.text:_getIndexForMemRegister)
                  000015dc    00000136     rtsv7M4_T_le_v4SPD16_eabi.lib : fd_div_t2.obj (.text)
                  00001712    000000fc                                   : fd_mul_t2.obj (.text)
                  0000180e    00000002                                   : startup.obj (.text)
                  00001810    000000fc                                   : s_scalbn.obj (.text)
                  0000190c    0000009c                                   : memcpy_t2.obj (.text)
                  000019a8    00000086                                   : fd_cmp_t2.obj (.text:__aeabi_cdcmple)
                  00001a2e    00000086                                   : fd_cmp_t2.obj (.text:__aeabi_cdrcmple)
                  00001ab4    0000007a                                   : memset_t2.obj (.text)
                  00001b2e    00000002     --HOLE-- [fill = 0]
                  00001b30    00000070                                   : autoinit.obj (.text)
                  00001ba0    0000006e                                   : fd_tos_t2.obj (.text)
                  00001c0e    00000002     --HOLE-- [fill = 0]
                  00001c10    0000006c     msp432p4xx_driverlib.lib : adc14.o (.text:ADC14_configureConversionMemory)
                  00001c7c    0000006a     rtsv7M4_T_le_v4SPD16_eabi.lib : copy_decompress_rle.obj (.text)
                  00001ce6    00000002     --HOLE-- [fill = 0]
                  00001ce8    00000064     msp432p4xx_driverlib.lib : interrupt.o (.text:Interrupt_enableInterrupt)
                  00001d4c    00000054     rtsv7M4_T_le_v4SPD16_eabi.lib : boot.obj (.text)
                  00001da0    00000054                                   : exit.obj (.text)
                  00001df4    0000004c                                   : cpy_tbl.obj (.text)
                  00001e40    00000044     msp432p4xx_driverlib.lib : adc14.o (.text:ADC14_configureSingleSampleMode)
                  00001e84    00000038                              : adc14.o (.text:ADC14_initModule)
                  00001ebc    00000038     rtsv7M4_T_le_v4SPD16_eabi.lib : fs_tod_t2.obj (.text)
                  00001ef4    0000002e                                   : i_tofd_t2.obj (.text)
                  00001f22    00000002     --HOLE-- [fill = 0]
                  00001f24    0000002c     msp432p4xx_driverlib.lib : adc14.o (.text:ADC14_enableConversion)
                  00001f50    0000002c                              : adc14.o (.text:ADC14_setSampleHoldTime)
                  00001f7c    00000028                              : adc14.o (.text:ADC14_enableSampleTimer)
                  00001fa4    00000024                              : adc14.o (.text:ADC14_getEnabledInterruptStatus)
                  00001fc8    00000024                              : cs.o (.text:CS_setDCOCenteredFrequency)
                  00001fec    00000020                              : adc14.o (.text:ADC14_clearInterruptFlag)
                  0000200c    00000020                              : adc14.o (.text:ADC14_enableInterrupt)
                  0000202c    00000020                              : adc14.o (.text:ADC14_toggleConversionTrigger)
                  0000204c    0000001c                              : adc14.o (.text:ADC14_getInterruptStatus)
                  00002068    00000018                              : adc14.o (.text:ADC14_getResult)
                  00002080    00000018                              : wdt_a.o (.text:WDT_A_holdTimer)
                  00002098    00000018     rtsv7M4_T_le_v4SPD16_eabi.lib : args_main.obj (.text)
                  000020b0    00000014     msp432p4xx_driverlib.lib : adc14.o (.text:ADCIsConversionRunning)
                  000020c4    00000014                              : fpu.o (.text:FPU_enableModule)
                  000020d8    00000014                              : ref_a.o (.text:REF_A_setReferenceVoltage)
                  000020ec    00000014     rtsv7M4_T_le_v4SPD16_eabi.lib : _lock.obj (.text)
                  00002100    00000014                                   : s_copysign.obj (.text)
                  00002114    00000010     msp432p4xx_driverlib.lib : adc14.o (.text:ADC14_enableModule)
                  00002124    00000010                              : fpu.o (.text:FPU_enableLazyStacking)
                  00002134    00000010                              : ref_a.o (.text:REF_A_enableReferenceVoltage)
                  00002144    00000010                              : ref_a.o (.text:REF_A_enableTempSensor)
                  00002154    0000000e     rtsv7M4_T_le_v4SPD16_eabi.lib : copy_decompress_none.obj (.text:decompress:none)
                  00002162    0000000e     startup_msp432p401r_ccs.obj (.text)
                  00002170    0000000c     msp432p4xx_driverlib.lib : sysctl.o (.text:SysCtl_getTempCalibrationConstant)
                  0000217c    00000006     rtsv7M4_T_le_v4SPD16_eabi.lib : copy_decompress_rle.obj (.text:decompress:rle24)
                  00002182    00000004                                   : pre_init.obj (.text)

.const     0    00002188    00000114     
                  00002188    00000080     msp432p4xx_driverlib.lib : adc14.o (.const:_ctlRegs)
                  00002208    00000040                              : interrupt.o (.const)
                  00002248    00000030     rtsv7M4_T_le_v4SPD16_eabi.lib : e_pow.obj (.const:$O1$$)
                  00002278    00000024     main.obj (.const:uartConfig)

.cinit     0    000022a0    00000044     
                  000022a0    00000020     (.cinit..data.load) [load image, compression = rle]
                  000022c0    00000009     (.cinit..bss.load) [load image, compression = rle]
                  000022c9    00000003     --HOLE-- [fill = 0]
                  000022cc    00000008     (__TI_handler_table)
                  000022d4    00000010     (__TI_cinit_table)

.init_array 
*          0    00000000    00000000     UNINITIALIZED

.data      0    20000000    00000028     UNINITIALIZED
                  20000000    0000000c     rtsv7M4_T_le_v4SPD16_eabi.lib : exit.obj (.data:$O1$$)
                  2000000c    00000008                                   : _lock.obj (.data:$O1$$)
                  20000014    00000008     main.obj (.data)
                  2000001c    00000004     rtsv7M4_T_le_v4SPD16_eabi.lib : errno.obj (.data)
                  20000020    00000004                                   : stkdepth_vars.obj (.data)
                  20000024    00000004     system_msp432p401r.obj (.data)

.bss       0    20000028    00000010     UNINITIALIZED
                  20000028    00000008     main.obj (.bss:strTemp$1)
                  20000030    00000004     (.common:tempC)
                  20000034    00000004     (.common:tempF)

.stack     0    2000fe00    00000200     UNINITIALIZED
                  2000fe00    00000200     --HOLE--

MODULE SUMMARY

       Module                        code   ro data   rw data
       ------                        ----   -------   -------
    .\
       system_msp432p401r.obj        812    0         8      
       main.obj                      572    36        48     
       ftos.obj                      360    0         0      
       startup_msp432p401r_ccs.obj   14     228       0      
    +--+-----------------------------+------+---------+---------+
       Total:                        1758   264       56     
                                                             
    ../msp432p4xx_driverlib.lib
       adc14.o                       920    128       0      
       interrupt.o                   100    64        0      
       ref_a.o                       52     0         0      
       cs.o                          36     0         0      
       fpu.o                         36     0         0      
       wdt_a.o                       24     0         0      
       sysctl.o                      12     0         0      
    +--+-----------------------------+------+---------+---------+
       Total:                        1180   192       0      
                                                             
    C:\ti\ccsv6\tools\compiler\arm_15.12.3.LTS\lib\rtsv7M4_T_le_v4SPD16_eabi.lib
       e_pow.obj                     2476   48        0      
       fd_add_t2.obj                 438    0         0      
       e_sqrt.obj                    368    0         0      
       fd_div_t2.obj                 310    0         0      
       fd_cmp_t2.obj                 268    0         0      
       fd_mul_t2.obj                 252    0         0      
       s_scalbn.obj                  252    0         0      
       memcpy_t2.obj                 156    0         0      
       memset_t2.obj                 122    0         0      
       autoinit.obj                  112    0         0      
       copy_decompress_rle.obj       112    0         0      
       fd_tos_t2.obj                 110    0         0      
       exit.obj                      84     0         24     
       boot.obj                      84     0         0      
       cpy_tbl.obj                   76     0         0      
       fs_tod_t2.obj                 56     0         0      
       i_tofd_t2.obj                 46     0         0      
       _lock.obj                     20     0         16     
       args_main.obj                 24     0         0      
       s_copysign.obj                20     0         0      
       copy_decompress_none.obj      14     0         0      
       errno.obj                     0      0         8      
       stkdepth_vars.obj             0      0         8      
       pre_init.obj                  4      0         0      
       mpu_init.obj                  2      0         0      
       startup.obj                   2      0         0      
    +--+-----------------------------+------+---------+---------+
       Total:                        5408   48        56     
                                                             
       Stack:                        0      0         1024   
       Linker Generated:             0      65        0      
    +--+-----------------------------+------+---------+---------+
       Grand Total:                  8346   569       1136   


LINKER GENERATED COPY TABLES

__TI_cinit_table @ 000022d4 records: 2, size/record: 8, table size: 16
	.data: load addr=000022a0, load size=00000020 bytes, run addr=20000000, run size=00000028 bytes, compression=rle
	.bss: load addr=000022c0, load size=00000009 bytes, run addr=20000028, run size=00000010 bytes, compression=rle


LINKER GENERATED HANDLER TABLE

__TI_handler_table @ 000022cc records: 2, size/record: 4, table size: 8
	index: 0, handler: __TI_decompress_rle24
	index: 1, handler: __TI_decompress_none


GLOBAL SYMBOLS: SORTED ALPHABETICALLY BY Name 

address   name                             
-------   ----                             
00000e8f  ADC14_IRQHandler                 
00001fed  ADC14_clearInterruptFlag         
00001c11  ADC14_configureConversionMemory  
00001e41  ADC14_configureSingleSampleMode  
00001f25  ADC14_enableConversion           
0000200d  ADC14_enableInterrupt            
00002115  ADC14_enableModule               
00001f7d  ADC14_enableSampleTimer          
00001fa5  ADC14_getEnabledInterruptStatus  
0000204d  ADC14_getInterruptStatus         
00002069  ADC14_getResult                  
00001e85  ADC14_initModule                 
00001f51  ADC14_setSampleHoldTime          
0000202d  ADC14_toggleConversionTrigger    
20000014  ADC_Done                         
0000216f  AES256_IRQHandler                
0000216f  BusFault_Handler                 
00001da1  C$$EXIT                          
0000216f  COMP_E0_IRQHandler               
0000216f  COMP_E1_IRQHandler               
0000216f  CS_IRQHandler                    
00001fc9  CS_setDCOCenteredFrequency       
0000216f  DMA_ERR_IRQHandler               
0000216f  DMA_INT0_IRQHandler              
0000216f  DMA_INT1_IRQHandler              
0000216f  DMA_INT2_IRQHandler              
0000216f  DMA_INT3_IRQHandler              
0000216f  DebugMon_Handler                 
0000216f  Default_Handler                  
00000f3b  EUSCIA0_IRQHandler               
0000216f  EUSCIA1_IRQHandler               
0000216f  EUSCIA2_IRQHandler               
0000216f  EUSCIA3_IRQHandler               
0000216f  EUSCIB0_IRQHandler               
0000216f  EUSCIB1_IRQHandler               
0000216f  EUSCIB2_IRQHandler               
0000216f  EUSCIB3_IRQHandler               
0000216f  FLCTL_IRQHandler                 
0000216f  FPU_IRQHandler                   
00002125  FPU_enableLazyStacking           
000020c5  FPU_enableModule                 
0000216f  HardFault_Handler                
00001ce9  Interrupt_enableInterrupt        
0000216f  MemManage_Handler                
0000216f  NMI_Handler                      
0000216f  PCM_IRQHandler                   
0000216f  PORT1_IRQHandler                 
0000216f  PORT2_IRQHandler                 
0000216f  PORT3_IRQHandler                 
0000216f  PORT4_IRQHandler                 
0000216f  PORT5_IRQHandler                 
0000216f  PORT6_IRQHandler                 
0000216f  PSS_IRQHandler                   
0000216f  PendSV_Handler                   
00002135  REF_A_enableReferenceVoltage     
00002145  REF_A_enableTempSensor           
000020d9  REF_A_setReferenceVoltage        
0000216f  RTC_C_IRQHandler                 
00002163  Reset_Handler                    
UNDEFED   SHT$$INIT_ARRAY$$Base            
UNDEFED   SHT$$INIT_ARRAY$$Limit           
0000216f  SVC_Handler                      
00002171  SysCtl_getTempCalibrationConstant
0000216f  SysTick_Handler                  
20000024  SystemCoreClock                  
00000a91  SystemCoreClockUpdate            
00000d05  SystemInit                       
0000216f  T32_INT1_IRQHandler              
0000216f  T32_INT2_IRQHandler              
0000216f  T32_INTC_IRQHandler              
0000216f  TA0_0_IRQHandler                 
0000216f  TA0_N_IRQHandler                 
0000216f  TA1_0_IRQHandler                 
0000216f  TA1_N_IRQHandler                 
0000216f  TA2_0_IRQHandler                 
0000216f  TA2_N_IRQHandler                 
0000216f  TA3_0_IRQHandler                 
0000216f  TA3_N_IRQHandler                 
0000216f  UsageFault_Handler               
4000480c  WDTCTL_SYM                       
0000216f  WDT_A_IRQHandler                 
00002081  WDT_A_holdTimer                  
20010000  __STACK_END                      
00000200  __STACK_SIZE                     
000022d4  __TI_CINIT_Base                  
000022e4  __TI_CINIT_Limit                 
000022cc  __TI_Handler_Table_Base          
000022d4  __TI_Handler_Table_Limit         
00001b31  __TI_auto_init                   
20000000  __TI_cleanup_ptr                 
00002155  __TI_decompress_none             
0000217d  __TI_decompress_rle24            
20000004  __TI_dtors_ptr                   
20000008  __TI_enable_exit_profile_output  
ffffffff  __TI_pprof_out_hndl              
ffffffff  __TI_prof_data_size              
ffffffff  __TI_prof_data_start             
00000000  __TI_static_base__               
000019a9  __aeabi_cdcmpeq                  
000019a9  __aeabi_cdcmple                  
00001a2f  __aeabi_cdrcmple                 
00001ba1  __aeabi_d2f                      
00001003  __aeabi_dadd                     
000015dd  __aeabi_ddiv                     
00001713  __aeabi_dmul                     
00000ff9  __aeabi_dsub                     
00001ebd  __aeabi_f2d                      
00001ef5  __aeabi_i2d                      
00001ab5  __aeabi_memclr                   
00001ab5  __aeabi_memclr4                  
00001ab5  __aeabi_memclr8                  
0000190d  __aeabi_memcpy                   
0000190d  __aeabi_memcpy4                  
0000190d  __aeabi_memcpy8                  
00001ab7  __aeabi_memset                   
00001ab7  __aeabi_memset4                  
00001ab7  __aeabi_memset8                  
ffffffff  __binit__                        
ffffffff  __c_args__                       
000011af  __mpu_init                       
2000fe00  __stack                          
00002099  _args_main                       
00001d4d  _c_int00                         
2000000c  _lock                            
000020fb  _nop                             
000020f3  _register_lock                   
000020ed  _register_unlock                 
0000180f  _system_post_cinit               
00002183  _system_pre_init                 
20000010  _unlock                          
00001da5  abort                            
ffffffff  binit                            
00001df5  copy_in                          
00002101  copysign                         
00002101  copysignl                        
2000001c  errno                            
00001dad  exit                             
000013db  ftos                             
00001371  intToStr                         
00000000  interruptVectors                 
00001811  ldexp                            
00001811  ldexpl                           
00000dbd  main                             
20000020  main_func_sp                     
0000190d  memcpy                           
00001abd  memset                           
000000e5  pow                              
000000e5  powl                             
00001321  reverse                          
00001811  scalbn                           
00001811  scalbnl                          
000011b1  sqrt                             
000011b1  sqrtl                            
20000030  tempC                            
20000034  tempF                            
00002278  uartConfig                       


GLOBAL SYMBOLS: SORTED BY Symbol Address 

address   name                             
-------   ----                             
00000000  __TI_static_base__               
00000000  interruptVectors                 
000000e5  pow                              
000000e5  powl                             
00000200  __STACK_SIZE                     
00000a91  SystemCoreClockUpdate            
00000d05  SystemInit                       
00000dbd  main                             
00000e8f  ADC14_IRQHandler                 
00000f3b  EUSCIA0_IRQHandler               
00000ff9  __aeabi_dsub                     
00001003  __aeabi_dadd                     
000011af  __mpu_init                       
000011b1  sqrt                             
000011b1  sqrtl                            
00001321  reverse                          
00001371  intToStr                         
000013db  ftos                             
000015dd  __aeabi_ddiv                     
00001713  __aeabi_dmul                     
0000180f  _system_post_cinit               
00001811  ldexp                            
00001811  ldexpl                           
00001811  scalbn                           
00001811  scalbnl                          
0000190d  __aeabi_memcpy                   
0000190d  __aeabi_memcpy4                  
0000190d  __aeabi_memcpy8                  
0000190d  memcpy                           
000019a9  __aeabi_cdcmpeq                  
000019a9  __aeabi_cdcmple                  
00001a2f  __aeabi_cdrcmple                 
00001ab5  __aeabi_memclr                   
00001ab5  __aeabi_memclr4                  
00001ab5  __aeabi_memclr8                  
00001ab7  __aeabi_memset                   
00001ab7  __aeabi_memset4                  
00001ab7  __aeabi_memset8                  
00001abd  memset                           
00001b31  __TI_auto_init                   
00001ba1  __aeabi_d2f                      
00001c11  ADC14_configureConversionMemory  
00001ce9  Interrupt_enableInterrupt        
00001d4d  _c_int00                         
00001da1  C$$EXIT                          
00001da5  abort                            
00001dad  exit                             
00001df5  copy_in                          
00001e41  ADC14_configureSingleSampleMode  
00001e85  ADC14_initModule                 
00001ebd  __aeabi_f2d                      
00001ef5  __aeabi_i2d                      
00001f25  ADC14_enableConversion           
00001f51  ADC14_setSampleHoldTime          
00001f7d  ADC14_enableSampleTimer          
00001fa5  ADC14_getEnabledInterruptStatus  
00001fc9  CS_setDCOCenteredFrequency       
00001fed  ADC14_clearInterruptFlag         
0000200d  ADC14_enableInterrupt            
0000202d  ADC14_toggleConversionTrigger    
0000204d  ADC14_getInterruptStatus         
00002069  ADC14_getResult                  
00002081  WDT_A_holdTimer                  
00002099  _args_main                       
000020c5  FPU_enableModule                 
000020d9  REF_A_setReferenceVoltage        
000020ed  _register_unlock                 
000020f3  _register_lock                   
000020fb  _nop                             
00002101  copysign                         
00002101  copysignl                        
00002115  ADC14_enableModule               
00002125  FPU_enableLazyStacking           
00002135  REF_A_enableReferenceVoltage     
00002145  REF_A_enableTempSensor           
00002155  __TI_decompress_none             
00002163  Reset_Handler                    
0000216f  AES256_IRQHandler                
0000216f  BusFault_Handler                 
0000216f  COMP_E0_IRQHandler               
0000216f  COMP_E1_IRQHandler               
0000216f  CS_IRQHandler                    
0000216f  DMA_ERR_IRQHandler               
0000216f  DMA_INT0_IRQHandler              
0000216f  DMA_INT1_IRQHandler              
0000216f  DMA_INT2_IRQHandler              
0000216f  DMA_INT3_IRQHandler              
0000216f  DebugMon_Handler                 
0000216f  Default_Handler                  
0000216f  EUSCIA1_IRQHandler               
0000216f  EUSCIA2_IRQHandler               
0000216f  EUSCIA3_IRQHandler               
0000216f  EUSCIB0_IRQHandler               
0000216f  EUSCIB1_IRQHandler               
0000216f  EUSCIB2_IRQHandler               
0000216f  EUSCIB3_IRQHandler               
0000216f  FLCTL_IRQHandler                 
0000216f  FPU_IRQHandler                   
0000216f  HardFault_Handler                
0000216f  MemManage_Handler                
0000216f  NMI_Handler                      
0000216f  PCM_IRQHandler                   
0000216f  PORT1_IRQHandler                 
0000216f  PORT2_IRQHandler                 
0000216f  PORT3_IRQHandler                 
0000216f  PORT4_IRQHandler                 
0000216f  PORT5_IRQHandler                 
0000216f  PORT6_IRQHandler                 
0000216f  PSS_IRQHandler                   
0000216f  PendSV_Handler                   
0000216f  RTC_C_IRQHandler                 
0000216f  SVC_Handler                      
0000216f  SysTick_Handler                  
0000216f  T32_INT1_IRQHandler              
0000216f  T32_INT2_IRQHandler              
0000216f  T32_INTC_IRQHandler              
0000216f  TA0_0_IRQHandler                 
0000216f  TA0_N_IRQHandler                 
0000216f  TA1_0_IRQHandler                 
0000216f  TA1_N_IRQHandler                 
0000216f  TA2_0_IRQHandler                 
0000216f  TA2_N_IRQHandler                 
0000216f  TA3_0_IRQHandler                 
0000216f  TA3_N_IRQHandler                 
0000216f  UsageFault_Handler               
0000216f  WDT_A_IRQHandler                 
00002171  SysCtl_getTempCalibrationConstant
0000217d  __TI_decompress_rle24            
00002183  _system_pre_init                 
00002278  uartConfig                       
000022cc  __TI_Handler_Table_Base          
000022d4  __TI_CINIT_Base                  
000022d4  __TI_Handler_Table_Limit         
000022e4  __TI_CINIT_Limit                 
20000000  __TI_cleanup_ptr                 
20000004  __TI_dtors_ptr                   
20000008  __TI_enable_exit_profile_output  
2000000c  _lock                            
20000010  _unlock                          
20000014  ADC_Done                         
2000001c  errno                            
20000020  main_func_sp                     
20000024  SystemCoreClock                  
20000030  tempC                            
20000034  tempF                            
2000fe00  __stack                          
20010000  __STACK_END                      
4000480c  WDTCTL_SYM                       
ffffffff  __TI_pprof_out_hndl              
ffffffff  __TI_prof_data_size              
ffffffff  __TI_prof_data_start             
ffffffff  __binit__                        
ffffffff  __c_args__                       
ffffffff  binit                            
UNDEFED   SHT$$INIT_ARRAY$$Base            
UNDEFED   SHT$$INIT_ARRAY$$Limit           

[156 symbols]
