<?xml version="1.0"?>
<link_info>
   <banner>TI ARM Linker PC v15.12.3.LTS</banner>
   <copyright>Copyright (c) 1996-2015 Texas Instruments Incorporated</copyright>
   <link_time>0x5833f7a2</link_time>
   <link_errors>0x0</link_errors>
   <output_file>Temp_Send.out</output_file>
   <entry_point>
      <name>_c_int00</name>
      <address>0x1d4d</address>
   </entry_point>
   <input_file_list>
      <input_file id="fl-2">
         <path>.\</path>
         <kind>object</kind>
         <file>ftos.obj</file>
         <name>ftos.obj</name>
      </input_file>
      <input_file id="fl-3">
         <path>.\</path>
         <kind>object</kind>
         <file>main.obj</file>
         <name>main.obj</name>
      </input_file>
      <input_file id="fl-4">
         <path>.\</path>
         <kind>object</kind>
         <file>startup_msp432p401r_ccs.obj</file>
         <name>startup_msp432p401r_ccs.obj</name>
      </input_file>
      <input_file id="fl-5">
         <path>.\</path>
         <kind>object</kind>
         <file>system_msp432p401r.obj</file>
         <name>system_msp432p401r.obj</name>
      </input_file>
      <input_file id="fl-b">
         <path>..\</path>
         <kind>archive</kind>
         <file>msp432p4xx_driverlib.lib</file>
         <name>adc14.o</name>
      </input_file>
      <input_file id="fl-c">
         <path>..\</path>
         <kind>archive</kind>
         <file>msp432p4xx_driverlib.lib</file>
         <name>cs.o</name>
      </input_file>
      <input_file id="fl-d">
         <path>..\</path>
         <kind>archive</kind>
         <file>msp432p4xx_driverlib.lib</file>
         <name>fpu.o</name>
      </input_file>
      <input_file id="fl-e">
         <path>..\</path>
         <kind>archive</kind>
         <file>msp432p4xx_driverlib.lib</file>
         <name>interrupt.o</name>
      </input_file>
      <input_file id="fl-f">
         <path>..\</path>
         <kind>archive</kind>
         <file>msp432p4xx_driverlib.lib</file>
         <name>ref_a.o</name>
      </input_file>
      <input_file id="fl-10">
         <path>..\</path>
         <kind>archive</kind>
         <file>msp432p4xx_driverlib.lib</file>
         <name>sysctl.o</name>
      </input_file>
      <input_file id="fl-11">
         <path>..\</path>
         <kind>archive</kind>
         <file>msp432p4xx_driverlib.lib</file>
         <name>wdt_a.o</name>
      </input_file>
      <input_file id="fl-12">
         <path>..\</path>
         <kind>archive</kind>
         <file>msp432p4xx_driverlib.lib</file>
         <name>cpu.o</name>
      </input_file>
      <input_file id="fl-c8">
         <path>C:\ti\ccsv6\tools\compiler\arm_15.12.3.LTS\lib\</path>
         <kind>archive</kind>
         <file>rtsv7M4_T_le_v4SPD16_eabi.lib</file>
         <name>boot.obj</name>
      </input_file>
      <input_file id="fl-c9">
         <path>C:\ti\ccsv6\tools\compiler\arm_15.12.3.LTS\lib\</path>
         <kind>archive</kind>
         <file>rtsv7M4_T_le_v4SPD16_eabi.lib</file>
         <name>copy_decompress_none.obj</name>
      </input_file>
      <input_file id="fl-ca">
         <path>C:\ti\ccsv6\tools\compiler\arm_15.12.3.LTS\lib\</path>
         <kind>archive</kind>
         <file>rtsv7M4_T_le_v4SPD16_eabi.lib</file>
         <name>copy_decompress_rle.obj</name>
      </input_file>
      <input_file id="fl-cb">
         <path>C:\ti\ccsv6\tools\compiler\arm_15.12.3.LTS\lib\</path>
         <kind>archive</kind>
         <file>rtsv7M4_T_le_v4SPD16_eabi.lib</file>
         <name>copy_zero_init.obj</name>
      </input_file>
      <input_file id="fl-cc">
         <path>C:\ti\ccsv6\tools\compiler\arm_15.12.3.LTS\lib\</path>
         <kind>archive</kind>
         <file>rtsv7M4_T_le_v4SPD16_eabi.lib</file>
         <name>e_pow.obj</name>
      </input_file>
      <input_file id="fl-cd">
         <path>C:\ti\ccsv6\tools\compiler\arm_15.12.3.LTS\lib\</path>
         <kind>archive</kind>
         <file>rtsv7M4_T_le_v4SPD16_eabi.lib</file>
         <name>e_sqrt.obj</name>
      </input_file>
      <input_file id="fl-ce">
         <path>C:\ti\ccsv6\tools\compiler\arm_15.12.3.LTS\lib\</path>
         <kind>archive</kind>
         <file>rtsv7M4_T_le_v4SPD16_eabi.lib</file>
         <name>errno.obj</name>
      </input_file>
      <input_file id="fl-cf">
         <path>C:\ti\ccsv6\tools\compiler\arm_15.12.3.LTS\lib\</path>
         <kind>archive</kind>
         <file>rtsv7M4_T_le_v4SPD16_eabi.lib</file>
         <name>exit.obj</name>
      </input_file>
      <input_file id="fl-d0">
         <path>C:\ti\ccsv6\tools\compiler\arm_15.12.3.LTS\lib\</path>
         <kind>archive</kind>
         <file>rtsv7M4_T_le_v4SPD16_eabi.lib</file>
         <name>fd_add_t2.obj</name>
      </input_file>
      <input_file id="fl-d1">
         <path>C:\ti\ccsv6\tools\compiler\arm_15.12.3.LTS\lib\</path>
         <kind>archive</kind>
         <file>rtsv7M4_T_le_v4SPD16_eabi.lib</file>
         <name>fd_cmp_t2.obj</name>
      </input_file>
      <input_file id="fl-d2">
         <path>C:\ti\ccsv6\tools\compiler\arm_15.12.3.LTS\lib\</path>
         <kind>archive</kind>
         <file>rtsv7M4_T_le_v4SPD16_eabi.lib</file>
         <name>fd_div_t2.obj</name>
      </input_file>
      <input_file id="fl-d3">
         <path>C:\ti\ccsv6\tools\compiler\arm_15.12.3.LTS\lib\</path>
         <kind>archive</kind>
         <file>rtsv7M4_T_le_v4SPD16_eabi.lib</file>
         <name>fd_mul_t2.obj</name>
      </input_file>
      <input_file id="fl-d4">
         <path>C:\ti\ccsv6\tools\compiler\arm_15.12.3.LTS\lib\</path>
         <kind>archive</kind>
         <file>rtsv7M4_T_le_v4SPD16_eabi.lib</file>
         <name>fd_tos_t2.obj</name>
      </input_file>
      <input_file id="fl-d5">
         <path>C:\ti\ccsv6\tools\compiler\arm_15.12.3.LTS\lib\</path>
         <kind>archive</kind>
         <file>rtsv7M4_T_le_v4SPD16_eabi.lib</file>
         <name>fs_tod_t2.obj</name>
      </input_file>
      <input_file id="fl-d6">
         <path>C:\ti\ccsv6\tools\compiler\arm_15.12.3.LTS\lib\</path>
         <kind>archive</kind>
         <file>rtsv7M4_T_le_v4SPD16_eabi.lib</file>
         <name>i_tofd_t2.obj</name>
      </input_file>
      <input_file id="fl-d7">
         <path>C:\ti\ccsv6\tools\compiler\arm_15.12.3.LTS\lib\</path>
         <kind>archive</kind>
         <file>rtsv7M4_T_le_v4SPD16_eabi.lib</file>
         <name>memcpy_t2.obj</name>
      </input_file>
      <input_file id="fl-d8">
         <path>C:\ti\ccsv6\tools\compiler\arm_15.12.3.LTS\lib\</path>
         <kind>archive</kind>
         <file>rtsv7M4_T_le_v4SPD16_eabi.lib</file>
         <name>memset_t2.obj</name>
      </input_file>
      <input_file id="fl-d9">
         <path>C:\ti\ccsv6\tools\compiler\arm_15.12.3.LTS\lib\</path>
         <kind>archive</kind>
         <file>rtsv7M4_T_le_v4SPD16_eabi.lib</file>
         <name>mpu_init.obj</name>
      </input_file>
      <input_file id="fl-da">
         <path>C:\ti\ccsv6\tools\compiler\arm_15.12.3.LTS\lib\</path>
         <kind>archive</kind>
         <file>rtsv7M4_T_le_v4SPD16_eabi.lib</file>
         <name>pre_init.obj</name>
      </input_file>
      <input_file id="fl-db">
         <path>C:\ti\ccsv6\tools\compiler\arm_15.12.3.LTS\lib\</path>
         <kind>archive</kind>
         <file>rtsv7M4_T_le_v4SPD16_eabi.lib</file>
         <name>s_scalbn.obj</name>
      </input_file>
      <input_file id="fl-dc">
         <path>C:\ti\ccsv6\tools\compiler\arm_15.12.3.LTS\lib\</path>
         <kind>archive</kind>
         <file>rtsv7M4_T_le_v4SPD16_eabi.lib</file>
         <name>stkdepth_vars.obj</name>
      </input_file>
      <input_file id="fl-dd">
         <path>C:\ti\ccsv6\tools\compiler\arm_15.12.3.LTS\lib\</path>
         <kind>archive</kind>
         <file>rtsv7M4_T_le_v4SPD16_eabi.lib</file>
         <name>_lock.obj</name>
      </input_file>
      <input_file id="fl-de">
         <path>C:\ti\ccsv6\tools\compiler\arm_15.12.3.LTS\lib\</path>
         <kind>archive</kind>
         <file>rtsv7M4_T_le_v4SPD16_eabi.lib</file>
         <name>args_main.obj</name>
      </input_file>
      <input_file id="fl-df">
         <path>C:\ti\ccsv6\tools\compiler\arm_15.12.3.LTS\lib\</path>
         <kind>archive</kind>
         <file>rtsv7M4_T_le_v4SPD16_eabi.lib</file>
         <name>autoinit.obj</name>
      </input_file>
      <input_file id="fl-e0">
         <path>C:\ti\ccsv6\tools\compiler\arm_15.12.3.LTS\lib\</path>
         <kind>archive</kind>
         <file>rtsv7M4_T_le_v4SPD16_eabi.lib</file>
         <name>cpy_tbl.obj</name>
      </input_file>
      <input_file id="fl-e1">
         <path>C:\ti\ccsv6\tools\compiler\arm_15.12.3.LTS\lib\</path>
         <kind>archive</kind>
         <file>rtsv7M4_T_le_v4SPD16_eabi.lib</file>
         <name>s_copysign.obj</name>
      </input_file>
      <input_file id="fl-e2">
         <path>C:\ti\ccsv6\tools\compiler\arm_15.12.3.LTS\lib\</path>
         <kind>archive</kind>
         <file>rtsv7M4_T_le_v4SPD16_eabi.lib</file>
         <name>startup.obj</name>
      </input_file>
   </input_file_list>
   <object_component_list>
      <object_component id="oc-2c">
         <name>.intvecs:retain</name>
         <load_address>0x0</load_address>
         <run_address>0x0</run_address>
         <size>0xe4</size>
         <input_file_ref idref="fl-4"/>
      </object_component>
      <object_component id="oc-1c3">
         <name>.text</name>
         <load_address>0xe4</load_address>
         <run_address>0xe4</run_address>
         <size>0x9ac</size>
         <input_file_ref idref="fl-cc"/>
      </object_component>
      <object_component id="oc-bb">
         <name>.text</name>
         <load_address>0xa90</load_address>
         <run_address>0xa90</run_address>
         <size>0x32c</size>
         <input_file_ref idref="fl-5"/>
      </object_component>
      <object_component id="oc-7d">
         <name>.text</name>
         <load_address>0xdbc</load_address>
         <run_address>0xdbc</run_address>
         <size>0x23c</size>
         <input_file_ref idref="fl-3"/>
      </object_component>
      <object_component id="oc-213">
         <name>.text</name>
         <load_address>0xff8</load_address>
         <run_address>0xff8</run_address>
         <size>0x1b6</size>
         <input_file_ref idref="fl-d0"/>
      </object_component>
      <object_component id="oc-55">
         <name>.text</name>
         <load_address>0x11ae</load_address>
         <run_address>0x11ae</run_address>
         <size>0x2</size>
         <input_file_ref idref="fl-d9"/>
      </object_component>
      <object_component id="oc-21d">
         <name>.text</name>
         <load_address>0x11b0</load_address>
         <run_address>0x11b0</run_address>
         <size>0x170</size>
         <input_file_ref idref="fl-cd"/>
      </object_component>
      <object_component id="oc-140">
         <name>.text</name>
         <load_address>0x1320</load_address>
         <run_address>0x1320</run_address>
         <size>0x168</size>
         <input_file_ref idref="fl-2"/>
      </object_component>
      <object_component id="oc-195">
         <name>.text:_getIndexForMemRegister</name>
         <load_address>0x1488</load_address>
         <run_address>0x1488</run_address>
         <size>0x154</size>
         <input_file_ref idref="fl-b"/>
      </object_component>
      <object_component id="oc-218">
         <name>.text</name>
         <load_address>0x15dc</load_address>
         <run_address>0x15dc</run_address>
         <size>0x136</size>
         <input_file_ref idref="fl-d2"/>
      </object_component>
      <object_component id="oc-1c9">
         <name>.text</name>
         <load_address>0x1712</load_address>
         <run_address>0x1712</run_address>
         <size>0xfc</size>
         <input_file_ref idref="fl-d3"/>
      </object_component>
      <object_component id="oc-a6">
         <name>.text</name>
         <load_address>0x180e</load_address>
         <run_address>0x180e</run_address>
         <size>0x2</size>
         <input_file_ref idref="fl-e2"/>
      </object_component>
      <object_component id="oc-233">
         <name>.text</name>
         <load_address>0x1810</load_address>
         <run_address>0x1810</run_address>
         <size>0xfc</size>
         <input_file_ref idref="fl-db"/>
      </object_component>
      <object_component id="oc-30">
         <name>.text</name>
         <load_address>0x190c</load_address>
         <run_address>0x190c</run_address>
         <size>0x9c</size>
         <input_file_ref idref="fl-d7"/>
      </object_component>
      <object_component id="oc-229">
         <name>.text:__aeabi_cdcmple</name>
         <load_address>0x19a8</load_address>
         <run_address>0x19a8</run_address>
         <size>0x86</size>
         <input_file_ref idref="fl-d1"/>
      </object_component>
      <object_component id="oc-22e">
         <name>.text:__aeabi_cdrcmple</name>
         <load_address>0x1a2e</load_address>
         <run_address>0x1a2e</run_address>
         <size>0x86</size>
         <input_file_ref idref="fl-d1"/>
      </object_component>
      <object_component id="oc-49">
         <name>.text</name>
         <load_address>0x1ab4</load_address>
         <run_address>0x1ab4</run_address>
         <size>0x7a</size>
         <input_file_ref idref="fl-d8"/>
      </object_component>
      <object_component id="oc-61">
         <name>.text</name>
         <load_address>0x1b30</load_address>
         <run_address>0x1b30</run_address>
         <size>0x70</size>
         <input_file_ref idref="fl-df"/>
      </object_component>
      <object_component id="oc-1ce">
         <name>.text</name>
         <load_address>0x1ba0</load_address>
         <run_address>0x1ba0</run_address>
         <size>0x6e</size>
         <input_file_ref idref="fl-d4"/>
      </object_component>
      <object_component id="oc-ec">
         <name>.text:ADC14_configureConversionMemory</name>
         <load_address>0x1c10</load_address>
         <run_address>0x1c10</run_address>
         <size>0x6c</size>
         <input_file_ref idref="fl-b"/>
      </object_component>
      <object_component id="oc-3c">
         <name>.text</name>
         <load_address>0x1c7c</load_address>
         <run_address>0x1c7c</run_address>
         <size>0x6a</size>
         <input_file_ref idref="fl-ca"/>
      </object_component>
      <object_component id="oc-116">
         <name>.text:Interrupt_enableInterrupt</name>
         <load_address>0x1ce8</load_address>
         <run_address>0x1ce8</run_address>
         <size>0x64</size>
         <input_file_ref idref="fl-e"/>
      </object_component>
      <object_component id="oc-26">
         <name>.text</name>
         <load_address>0x1d4c</load_address>
         <run_address>0x1d4c</run_address>
         <size>0x54</size>
         <input_file_ref idref="fl-c8"/>
      </object_component>
      <object_component id="oc-6d">
         <name>.text</name>
         <load_address>0x1da0</load_address>
         <run_address>0x1da0</run_address>
         <size>0x54</size>
         <input_file_ref idref="fl-cf"/>
      </object_component>
      <object_component id="oc-a0">
         <name>.text</name>
         <load_address>0x1df4</load_address>
         <run_address>0x1df4</run_address>
         <size>0x4c</size>
         <input_file_ref idref="fl-e0"/>
      </object_component>
      <object_component id="oc-e6">
         <name>.text:ADC14_configureSingleSampleMode</name>
         <load_address>0x1e40</load_address>
         <run_address>0x1e40</run_address>
         <size>0x44</size>
         <input_file_ref idref="fl-b"/>
      </object_component>
      <object_component id="oc-e0">
         <name>.text:ADC14_initModule</name>
         <load_address>0x1e84</load_address>
         <run_address>0x1e84</run_address>
         <size>0x38</size>
         <input_file_ref idref="fl-b"/>
      </object_component>
      <object_component id="oc-1b9">
         <name>.text</name>
         <load_address>0x1ebc</load_address>
         <run_address>0x1ebc</run_address>
         <size>0x38</size>
         <input_file_ref idref="fl-d5"/>
      </object_component>
      <object_component id="oc-1be">
         <name>.text</name>
         <load_address>0x1ef4</load_address>
         <run_address>0x1ef4</run_address>
         <size>0x2e</size>
         <input_file_ref idref="fl-d6"/>
      </object_component>
      <object_component id="oc-11c">
         <name>.text:ADC14_enableConversion</name>
         <load_address>0x1f24</load_address>
         <run_address>0x1f24</run_address>
         <size>0x2c</size>
         <input_file_ref idref="fl-b"/>
      </object_component>
      <object_component id="oc-f2">
         <name>.text:ADC14_setSampleHoldTime</name>
         <load_address>0x1f50</load_address>
         <run_address>0x1f50</run_address>
         <size>0x2c</size>
         <input_file_ref idref="fl-b"/>
      </object_component>
      <object_component id="oc-f8">
         <name>.text:ADC14_enableSampleTimer</name>
         <load_address>0x1f7c</load_address>
         <run_address>0x1f7c</run_address>
         <size>0x28</size>
         <input_file_ref idref="fl-b"/>
      </object_component>
      <object_component id="oc-128">
         <name>.text:ADC14_getEnabledInterruptStatus</name>
         <load_address>0x1fa4</load_address>
         <run_address>0x1fa4</run_address>
         <size>0x24</size>
         <input_file_ref idref="fl-b"/>
      </object_component>
      <object_component id="oc-c8">
         <name>.text:CS_setDCOCenteredFrequency</name>
         <load_address>0x1fc8</load_address>
         <run_address>0x1fc8</run_address>
         <size>0x24</size>
         <input_file_ref idref="fl-c"/>
      </object_component>
      <object_component id="oc-12e">
         <name>.text:ADC14_clearInterruptFlag</name>
         <load_address>0x1fec</load_address>
         <run_address>0x1fec</run_address>
         <size>0x20</size>
         <input_file_ref idref="fl-b"/>
      </object_component>
      <object_component id="oc-fe">
         <name>.text:ADC14_enableInterrupt</name>
         <load_address>0x200c</load_address>
         <run_address>0x200c</run_address>
         <size>0x20</size>
         <input_file_ref idref="fl-b"/>
      </object_component>
      <object_component id="oc-122">
         <name>.text:ADC14_toggleConversionTrigger</name>
         <load_address>0x202c</load_address>
         <run_address>0x202c</run_address>
         <size>0x20</size>
         <input_file_ref idref="fl-b"/>
      </object_component>
      <object_component id="oc-1ae">
         <name>.text:ADC14_getInterruptStatus</name>
         <load_address>0x204c</load_address>
         <run_address>0x204c</run_address>
         <size>0x1c</size>
         <input_file_ref idref="fl-b"/>
      </object_component>
      <object_component id="oc-13a">
         <name>.text:ADC14_getResult</name>
         <load_address>0x2068</load_address>
         <run_address>0x2068</run_address>
         <size>0x18</size>
         <input_file_ref idref="fl-b"/>
      </object_component>
      <object_component id="oc-c2">
         <name>.text:WDT_A_holdTimer</name>
         <load_address>0x2080</load_address>
         <run_address>0x2080</run_address>
         <size>0x18</size>
         <input_file_ref idref="fl-11"/>
      </object_component>
      <object_component id="oc-67">
         <name>.text</name>
         <load_address>0x2098</load_address>
         <run_address>0x2098</run_address>
         <size>0x18</size>
         <input_file_ref idref="fl-de"/>
      </object_component>
      <object_component id="oc-18d">
         <name>.text:ADCIsConversionRunning</name>
         <load_address>0x20b0</load_address>
         <run_address>0x20b0</run_address>
         <size>0x14</size>
         <input_file_ref idref="fl-b"/>
      </object_component>
      <object_component id="oc-ce">
         <name>.text:FPU_enableModule</name>
         <load_address>0x20c4</load_address>
         <run_address>0x20c4</run_address>
         <size>0x14</size>
         <input_file_ref idref="fl-d"/>
      </object_component>
      <object_component id="oc-104">
         <name>.text:REF_A_setReferenceVoltage</name>
         <load_address>0x20d8</load_address>
         <run_address>0x20d8</run_address>
         <size>0x14</size>
         <input_file_ref idref="fl-f"/>
      </object_component>
      <object_component id="oc-176">
         <name>.text</name>
         <load_address>0x20ec</load_address>
         <run_address>0x20ec</run_address>
         <size>0x14</size>
         <input_file_ref idref="fl-dd"/>
      </object_component>
      <object_component id="oc-24f">
         <name>.text</name>
         <load_address>0x2100</load_address>
         <run_address>0x2100</run_address>
         <size>0x14</size>
         <input_file_ref idref="fl-e1"/>
      </object_component>
      <object_component id="oc-da">
         <name>.text:ADC14_enableModule</name>
         <load_address>0x2114</load_address>
         <run_address>0x2114</run_address>
         <size>0x10</size>
         <input_file_ref idref="fl-b"/>
      </object_component>
      <object_component id="oc-d4">
         <name>.text:FPU_enableLazyStacking</name>
         <load_address>0x2124</load_address>
         <run_address>0x2124</run_address>
         <size>0x10</size>
         <input_file_ref idref="fl-d"/>
      </object_component>
      <object_component id="oc-10a">
         <name>.text:REF_A_enableReferenceVoltage</name>
         <load_address>0x2134</load_address>
         <run_address>0x2134</run_address>
         <size>0x10</size>
         <input_file_ref idref="fl-f"/>
      </object_component>
      <object_component id="oc-110">
         <name>.text:REF_A_enableTempSensor</name>
         <load_address>0x2144</load_address>
         <run_address>0x2144</run_address>
         <size>0x10</size>
         <input_file_ref idref="fl-f"/>
      </object_component>
      <object_component id="oc-14">
         <name>.text:decompress:none</name>
         <load_address>0x2154</load_address>
         <run_address>0x2154</run_address>
         <size>0xe</size>
         <input_file_ref idref="fl-c9"/>
      </object_component>
      <object_component id="oc-77">
         <name>.text</name>
         <load_address>0x2162</load_address>
         <run_address>0x2162</run_address>
         <size>0xe</size>
         <input_file_ref idref="fl-4"/>
      </object_component>
      <object_component id="oc-134">
         <name>.text:SysCtl_getTempCalibrationConstant</name>
         <load_address>0x2170</load_address>
         <run_address>0x2170</run_address>
         <size>0xc</size>
         <input_file_ref idref="fl-10"/>
      </object_component>
      <object_component id="oc-1a">
         <name>.text:decompress:rle24</name>
         <load_address>0x217c</load_address>
         <run_address>0x217c</run_address>
         <size>0x6</size>
         <input_file_ref idref="fl-ca"/>
      </object_component>
      <object_component id="oc-5b">
         <name>.text</name>
         <load_address>0x2182</load_address>
         <run_address>0x2182</run_address>
         <size>0x4</size>
         <input_file_ref idref="fl-da"/>
      </object_component>
      <object_component id="oc-19c">
         <name>.const:_ctlRegs</name>
         <load_address>0x2188</load_address>
         <run_address>0x2188</run_address>
         <size>0x80</size>
         <input_file_ref idref="fl-b"/>
      </object_component>
      <object_component id="oc-1a7">
         <name>.const</name>
         <load_address>0x2208</load_address>
         <run_address>0x2208</run_address>
         <size>0x40</size>
         <input_file_ref idref="fl-e"/>
      </object_component>
      <object_component id="oc-226">
         <name>.const:$O1$$</name>
         <load_address>0x2248</load_address>
         <run_address>0x2248</run_address>
         <size>0x30</size>
         <input_file_ref idref="fl-cc"/>
      </object_component>
      <object_component id="oc-146">
         <name>.const:uartConfig</name>
         <load_address>0x2278</load_address>
         <run_address>0x2278</run_address>
         <size>0x24</size>
         <input_file_ref idref="fl-3"/>
      </object_component>
      <object_component id="oc-28a">
         <name>.cinit..data.load</name>
         <load_address>0x22a0</load_address>
         <run_address>0x22a0</run_address>
         <size>0x20</size>
      </object_component>
      <object_component id="oc-28b">
         <name>.cinit..bss.load</name>
         <load_address>0x22c0</load_address>
         <run_address>0x22c0</run_address>
         <size>0x9</size>
      </object_component>
      <object_component id="oc-288">
         <name>__TI_handler_table</name>
         <load_address>0x22cc</load_address>
         <run_address>0x22cc</run_address>
         <size>0x8</size>
      </object_component>
      <object_component id="oc-289">
         <name>__TI_cinit_table</name>
         <load_address>0x22d4</load_address>
         <run_address>0x22d4</run_address>
         <size>0x10</size>
      </object_component>
      <object_component id="oc-265">
         <name>.binit</name>
         <load_address>0x0</load_address>
         <run_address>0x0</run_address>
         <size>0x0</size>
      </object_component>
      <object_component id="oc-14d">
         <name>.data</name>
         <load_address>0x20000014</load_address>
         <run_address>0x20000014</run_address>
         <size>0x8</size>
         <input_file_ref idref="fl-3"/>
      </object_component>
      <object_component id="oc-182">
         <name>.data</name>
         <load_address>0x20000024</load_address>
         <run_address>0x20000024</run_address>
         <size>0x4</size>
         <input_file_ref idref="fl-5"/>
      </object_component>
      <object_component id="oc-223">
         <name>.data</name>
         <load_address>0x2000001c</load_address>
         <run_address>0x2000001c</run_address>
         <size>0x4</size>
         <input_file_ref idref="fl-ce"/>
      </object_component>
      <object_component id="oc-b0">
         <name>.data:$O1$$</name>
         <load_address>0x20000000</load_address>
         <run_address>0x20000000</run_address>
         <size>0xc</size>
         <input_file_ref idref="fl-cf"/>
      </object_component>
      <object_component id="oc-73">
         <name>.data</name>
         <load_address>0x20000020</load_address>
         <run_address>0x20000020</run_address>
         <size>0x4</size>
         <input_file_ref idref="fl-dc"/>
      </object_component>
      <object_component id="oc-b3">
         <name>.data:$O1$$</name>
         <load_address>0x2000000c</load_address>
         <run_address>0x2000000c</run_address>
         <size>0x8</size>
         <input_file_ref idref="fl-dd"/>
      </object_component>
      <object_component id="oc-150">
         <name>.bss:strTemp$1</name>
         <uninitialized>true</uninitialized>
         <run_address>0x20000028</run_address>
         <size>0x8</size>
         <input_file_ref idref="fl-3"/>
      </object_component>
      <object_component id="oc-149">
         <name>.common:tempC</name>
         <uninitialized>true</uninitialized>
         <run_address>0x20000030</run_address>
         <size>0x4</size>
      </object_component>
      <object_component id="oc-14c">
         <name>.common:tempF</name>
         <uninitialized>true</uninitialized>
         <run_address>0x20000034</run_address>
         <size>0x4</size>
      </object_component>
      <object_component id="oc-2f">
         <name>.stack</name>
         <uninitialized>true</uninitialized>
         <run_address>0x2000fe00</run_address>
         <size>0x0</size>
         <input_file_ref idref="fl-c8"/>
      </object_component>
      <object_component id="oc-28c">
         <name>.stack</name>
         <uninitialized>true</uninitialized>
         <run_address>0x2000fe00</run_address>
         <size>0x0</size>
      </object_component>
      <object_component id="oc-1d4">
         <name>.debug_info</name>
         <load_address>0x0</load_address>
         <run_address>0x0</run_address>
         <size>0x137</size>
         <input_file_ref idref="fl-2"/>
      </object_component>
      <object_component id="oc-141">
         <name>.debug_info</name>
         <load_address>0x137</load_address>
         <run_address>0x137</run_address>
         <size>0x343</size>
         <input_file_ref idref="fl-2"/>
      </object_component>
      <object_component id="oc-8e">
         <name>.debug_info</name>
         <load_address>0x47a</load_address>
         <run_address>0x47a</run_address>
         <size>0x84</size>
         <input_file_ref idref="fl-2"/>
      </object_component>
      <object_component id="oc-14a">
         <name>.debug_info</name>
         <load_address>0x4fe</load_address>
         <run_address>0x4fe</run_address>
         <size>0x991</size>
         <input_file_ref idref="fl-3"/>
      </object_component>
      <object_component id="oc-14e">
         <name>.debug_info</name>
         <load_address>0xe8f</load_address>
         <run_address>0xe8f</run_address>
         <size>0xcb</size>
         <input_file_ref idref="fl-3"/>
      </object_component>
      <object_component id="oc-147">
         <name>.debug_info</name>
         <load_address>0xf5a</load_address>
         <run_address>0xf5a</run_address>
         <size>0xcf</size>
         <input_file_ref idref="fl-3"/>
      </object_component>
      <object_component id="oc-7e">
         <name>.debug_info</name>
         <load_address>0x1029</load_address>
         <run_address>0x1029</run_address>
         <size>0x558</size>
         <input_file_ref idref="fl-3"/>
      </object_component>
      <object_component id="oc-1de">
         <name>.debug_info</name>
         <load_address>0x1581</load_address>
         <run_address>0x1581</run_address>
         <size>0x103e</size>
         <input_file_ref idref="fl-3"/>
      </object_component>
      <object_component id="oc-1d9">
         <name>.debug_info</name>
         <load_address>0x25bf</load_address>
         <run_address>0x25bf</run_address>
         <size>0x37a3</size>
         <input_file_ref idref="fl-3"/>
      </object_component>
      <object_component id="oc-1f8">
         <name>.debug_info</name>
         <load_address>0x5d62</load_address>
         <run_address>0x5d62</run_address>
         <size>0x1b5</size>
         <input_file_ref idref="fl-3"/>
      </object_component>
      <object_component id="oc-152">
         <name>.debug_info</name>
         <load_address>0x5f17</load_address>
         <run_address>0x5f17</run_address>
         <size>0x8b</size>
         <input_file_ref idref="fl-3"/>
      </object_component>
      <object_component id="oc-157">
         <name>.debug_info</name>
         <load_address>0x5fa2</load_address>
         <run_address>0x5fa2</run_address>
         <size>0x18b</size>
         <input_file_ref idref="fl-3"/>
      </object_component>
      <object_component id="oc-1e3">
         <name>.debug_info</name>
         <load_address>0x612d</load_address>
         <run_address>0x612d</run_address>
         <size>0xee</size>
         <input_file_ref idref="fl-3"/>
      </object_component>
      <object_component id="oc-85">
         <name>.debug_info</name>
         <load_address>0x621b</load_address>
         <run_address>0x621b</run_address>
         <size>0x16a</size>
         <input_file_ref idref="fl-4"/>
      </object_component>
      <object_component id="oc-2d">
         <name>.debug_info</name>
         <load_address>0x6385</load_address>
         <run_address>0x6385</run_address>
         <size>0xee</size>
         <input_file_ref idref="fl-4"/>
      </object_component>
      <object_component id="oc-78">
         <name>.debug_info</name>
         <load_address>0x6473</load_address>
         <run_address>0x6473</run_address>
         <size>0x1b5</size>
         <input_file_ref idref="fl-4"/>
      </object_component>
      <object_component id="oc-183">
         <name>.debug_info</name>
         <load_address>0x6628</load_address>
         <run_address>0x6628</run_address>
         <size>0xe7</size>
         <input_file_ref idref="fl-5"/>
      </object_component>
      <object_component id="oc-bc">
         <name>.debug_info</name>
         <load_address>0x670f</load_address>
         <run_address>0x670f</run_address>
         <size>0x259</size>
         <input_file_ref idref="fl-5"/>
      </object_component>
      <object_component id="oc-194">
         <name>.debug_info</name>
         <load_address>0x6968</load_address>
         <run_address>0x6968</run_address>
         <size>0x4b3</size>
         <input_file_ref idref="fl-b"/>
      </object_component>
      <object_component id="oc-19d">
         <name>.debug_info</name>
         <load_address>0x6e1b</load_address>
         <run_address>0x6e1b</run_address>
         <size>0xbf</size>
         <input_file_ref idref="fl-b"/>
      </object_component>
      <object_component id="oc-126">
         <name>.debug_info</name>
         <load_address>0x6eda</load_address>
         <run_address>0x6eda</run_address>
         <size>0x117</size>
         <input_file_ref idref="fl-b"/>
      </object_component>
      <object_component id="oc-191">
         <name>.debug_info</name>
         <load_address>0x6ff1</load_address>
         <run_address>0x6ff1</run_address>
         <size>0x105</size>
         <input_file_ref idref="fl-b"/>
      </object_component>
      <object_component id="oc-f6">
         <name>.debug_info</name>
         <load_address>0x70f6</load_address>
         <run_address>0x70f6</run_address>
         <size>0x1c8</size>
         <input_file_ref idref="fl-b"/>
      </object_component>
      <object_component id="oc-e4">
         <name>.debug_info</name>
         <load_address>0x72be</load_address>
         <run_address>0x72be</run_address>
         <size>0x243</size>
         <input_file_ref idref="fl-b"/>
      </object_component>
      <object_component id="oc-199">
         <name>.debug_info</name>
         <load_address>0x7501</load_address>
         <run_address>0x7501</run_address>
         <size>0x1d6</size>
         <input_file_ref idref="fl-b"/>
      </object_component>
      <object_component id="oc-13e">
         <name>.debug_info</name>
         <load_address>0x76d7</load_address>
         <run_address>0x76d7</run_address>
         <size>0x13a</size>
         <input_file_ref idref="fl-b"/>
      </object_component>
      <object_component id="oc-1b2">
         <name>.debug_info</name>
         <load_address>0x7811</load_address>
         <run_address>0x7811</run_address>
         <size>0x122</size>
         <input_file_ref idref="fl-b"/>
      </object_component>
      <object_component id="oc-12c">
         <name>.debug_info</name>
         <load_address>0x7933</load_address>
         <run_address>0x7933</run_address>
         <size>0x14b</size>
         <input_file_ref idref="fl-b"/>
      </object_component>
      <object_component id="oc-fc">
         <name>.debug_info</name>
         <load_address>0x7a7e</load_address>
         <run_address>0x7a7e</run_address>
         <size>0x17f</size>
         <input_file_ref idref="fl-b"/>
      </object_component>
      <object_component id="oc-de">
         <name>.debug_info</name>
         <load_address>0x7bfd</load_address>
         <run_address>0x7bfd</run_address>
         <size>0xfa</size>
         <input_file_ref idref="fl-b"/>
      </object_component>
      <object_component id="oc-102">
         <name>.debug_info</name>
         <load_address>0x7cf7</load_address>
         <run_address>0x7cf7</run_address>
         <size>0x114</size>
         <input_file_ref idref="fl-b"/>
      </object_component>
      <object_component id="oc-120">
         <name>.debug_info</name>
         <load_address>0x7e0b</load_address>
         <run_address>0x7e0b</run_address>
         <size>0x12c</size>
         <input_file_ref idref="fl-b"/>
      </object_component>
      <object_component id="oc-ea">
         <name>.debug_info</name>
         <load_address>0x7f37</load_address>
         <run_address>0x7f37</run_address>
         <size>0x1e6</size>
         <input_file_ref idref="fl-b"/>
      </object_component>
      <object_component id="oc-f0">
         <name>.debug_info</name>
         <load_address>0x811d</load_address>
         <run_address>0x811d</run_address>
         <size>0x284</size>
         <input_file_ref idref="fl-b"/>
      </object_component>
      <object_component id="oc-132">
         <name>.debug_info</name>
         <load_address>0x83a1</load_address>
         <run_address>0x83a1</run_address>
         <size>0x11a</size>
         <input_file_ref idref="fl-b"/>
      </object_component>
      <object_component id="oc-1fd">
         <name>.debug_info</name>
         <load_address>0x84bb</load_address>
         <run_address>0x84bb</run_address>
         <size>0x103e</size>
         <input_file_ref idref="fl-b"/>
      </object_component>
      <object_component id="oc-188">
         <name>.debug_info</name>
         <load_address>0x94f9</load_address>
         <run_address>0x94f9</run_address>
         <size>0x5ef</size>
         <input_file_ref idref="fl-c"/>
      </object_component>
      <object_component id="oc-c9">
         <name>.debug_info</name>
         <load_address>0x9ae8</load_address>
         <run_address>0x9ae8</run_address>
         <size>0x132</size>
         <input_file_ref idref="fl-c"/>
      </object_component>
      <object_component id="oc-cf">
         <name>.debug_info</name>
         <load_address>0x9c1a</load_address>
         <run_address>0x9c1a</run_address>
         <size>0xf0</size>
         <input_file_ref idref="fl-d"/>
      </object_component>
      <object_component id="oc-d5">
         <name>.debug_info</name>
         <load_address>0x9d0a</load_address>
         <run_address>0x9d0a</run_address>
         <size>0xfc</size>
         <input_file_ref idref="fl-d"/>
      </object_component>
      <object_component id="oc-1ab">
         <name>.debug_info</name>
         <load_address>0x9e06</load_address>
         <run_address>0x9e06</run_address>
         <size>0x432</size>
         <input_file_ref idref="fl-e"/>
      </object_component>
      <object_component id="oc-1a8">
         <name>.debug_info</name>
         <load_address>0xa238</load_address>
         <run_address>0xa238</run_address>
         <size>0x173</size>
         <input_file_ref idref="fl-e"/>
      </object_component>
      <object_component id="oc-117">
         <name>.debug_info</name>
         <load_address>0xa3ab</load_address>
         <run_address>0xa3ab</run_address>
         <size>0x16b</size>
         <input_file_ref idref="fl-e"/>
      </object_component>
      <object_component id="oc-1a4">
         <name>.debug_info</name>
         <load_address>0xa516</load_address>
         <run_address>0xa516</run_address>
         <size>0x352</size>
         <input_file_ref idref="fl-f"/>
      </object_component>
      <object_component id="oc-105">
         <name>.debug_info</name>
         <load_address>0xa868</load_address>
         <run_address>0xa868</run_address>
         <size>0x172</size>
         <input_file_ref idref="fl-f"/>
      </object_component>
      <object_component id="oc-111">
         <name>.debug_info</name>
         <load_address>0xa9da</load_address>
         <run_address>0xa9da</run_address>
         <size>0x102</size>
         <input_file_ref idref="fl-f"/>
      </object_component>
      <object_component id="oc-10b">
         <name>.debug_info</name>
         <load_address>0xaadc</load_address>
         <run_address>0xaadc</run_address>
         <size>0x10e</size>
         <input_file_ref idref="fl-f"/>
      </object_component>
      <object_component id="oc-1b7">
         <name>.debug_info</name>
         <load_address>0xabea</load_address>
         <run_address>0xabea</run_address>
         <size>0x379</size>
         <input_file_ref idref="fl-10"/>
      </object_component>
      <object_component id="oc-136">
         <name>.debug_info</name>
         <load_address>0xaf63</load_address>
         <run_address>0xaf63</run_address>
         <size>0x19a</size>
         <input_file_ref idref="fl-10"/>
      </object_component>
      <object_component id="oc-c4">
         <name>.debug_info</name>
         <load_address>0xb0fd</load_address>
         <run_address>0xb0fd</run_address>
         <size>0x115</size>
         <input_file_ref idref="fl-11"/>
      </object_component>
      <object_component id="oc-29">
         <name>.debug_info</name>
         <load_address>0xb212</load_address>
         <run_address>0xb212</run_address>
         <size>0x161</size>
         <input_file_ref idref="fl-c8"/>
      </object_component>
      <object_component id="oc-3b">
         <name>.debug_info</name>
         <load_address>0xb373</load_address>
         <run_address>0xb373</run_address>
         <size>0x141</size>
         <input_file_ref idref="fl-c9"/>
      </object_component>
      <object_component id="oc-15">
         <name>.debug_info</name>
         <load_address>0xb4b4</load_address>
         <run_address>0xb4b4</run_address>
         <size>0x1e0</size>
         <input_file_ref idref="fl-c9"/>
      </object_component>
      <object_component id="oc-36">
         <name>.debug_info</name>
         <load_address>0xb694</load_address>
         <run_address>0xb694</run_address>
         <size>0x46</size>
         <input_file_ref idref="fl-c9"/>
      </object_component>
      <object_component id="oc-87">
         <name>.debug_info</name>
         <load_address>0xb6da</load_address>
         <run_address>0xb6da</run_address>
         <size>0x2c</size>
         <input_file_ref idref="fl-c9"/>
      </object_component>
      <object_component id="oc-43">
         <name>.debug_info</name>
         <load_address>0xb706</load_address>
         <run_address>0xb706</run_address>
         <size>0x135</size>
         <input_file_ref idref="fl-ca"/>
      </object_component>
      <object_component id="oc-3d">
         <name>.debug_info</name>
         <load_address>0xb83b</load_address>
         <run_address>0xb83b</run_address>
         <size>0x248</size>
         <input_file_ref idref="fl-ca"/>
      </object_component>
      <object_component id="oc-1b">
         <name>.debug_info</name>
         <load_address>0xba83</load_address>
         <run_address>0xba83</run_address>
         <size>0x1b2</size>
         <input_file_ref idref="fl-ca"/>
      </object_component>
      <object_component id="oc-44">
         <name>.debug_info</name>
         <load_address>0xbc35</load_address>
         <run_address>0xbc35</run_address>
         <size>0x39</size>
         <input_file_ref idref="fl-ca"/>
      </object_component>
      <object_component id="oc-96">
         <name>.debug_info</name>
         <load_address>0xbc6e</load_address>
         <run_address>0xbc6e</run_address>
         <size>0x2c</size>
         <input_file_ref idref="fl-ca"/>
      </object_component>
      <object_component id="oc-23a">
         <name>.debug_info</name>
         <load_address>0xbc9a</load_address>
         <run_address>0xbc9a</run_address>
         <size>0x202</size>
         <input_file_ref idref="fl-cc"/>
      </object_component>
      <object_component id="oc-227">
         <name>.debug_info</name>
         <load_address>0xbe9c</load_address>
         <run_address>0xbe9c</run_address>
         <size>0x11e</size>
         <input_file_ref idref="fl-cc"/>
      </object_component>
      <object_component id="oc-1c6">
         <name>.debug_info</name>
         <load_address>0xbfba</load_address>
         <run_address>0xbfba</run_address>
         <size>0xb76</size>
         <input_file_ref idref="fl-cc"/>
      </object_component>
      <object_component id="oc-23c">
         <name>.debug_info</name>
         <load_address>0xcb30</load_address>
         <run_address>0xcb30</run_address>
         <size>0x39</size>
         <input_file_ref idref="fl-cc"/>
      </object_component>
      <object_component id="oc-248">
         <name>.debug_info</name>
         <load_address>0xcb69</load_address>
         <run_address>0xcb69</run_address>
         <size>0x14a</size>
         <input_file_ref idref="fl-cd"/>
      </object_component>
      <object_component id="oc-21e">
         <name>.debug_info</name>
         <load_address>0xccb3</load_address>
         <run_address>0xccb3</run_address>
         <size>0x241</size>
         <input_file_ref idref="fl-cd"/>
      </object_component>
      <object_component id="oc-224">
         <name>.debug_info</name>
         <load_address>0xcef4</load_address>
         <run_address>0xcef4</run_address>
         <size>0xf4</size>
         <input_file_ref idref="fl-ce"/>
      </object_component>
      <object_component id="oc-b7">
         <name>.debug_info</name>
         <load_address>0xcfe8</load_address>
         <run_address>0xcfe8</run_address>
         <size>0x235</size>
         <input_file_ref idref="fl-cf"/>
      </object_component>
      <object_component id="oc-b1">
         <name>.debug_info</name>
         <load_address>0xd21d</load_address>
         <run_address>0xd21d</run_address>
         <size>0x186</size>
         <input_file_ref idref="fl-cf"/>
      </object_component>
      <object_component id="oc-6e">
         <name>.debug_info</name>
         <load_address>0xd3a3</load_address>
         <run_address>0xd3a3</run_address>
         <size>0x215</size>
         <input_file_ref idref="fl-cf"/>
      </object_component>
      <object_component id="oc-215">
         <name>.debug_info</name>
         <load_address>0xd5b8</load_address>
         <run_address>0xd5b8</run_address>
         <size>0x145</size>
         <input_file_ref idref="fl-d0"/>
      </object_component>
      <object_component id="oc-22a">
         <name>.debug_info</name>
         <load_address>0xd6fd</load_address>
         <run_address>0xd6fd</run_address>
         <size>0x121</size>
         <input_file_ref idref="fl-d1"/>
      </object_component>
      <object_component id="oc-22f">
         <name>.debug_info</name>
         <load_address>0xd81e</load_address>
         <run_address>0xd81e</run_address>
         <size>0x123</size>
         <input_file_ref idref="fl-d1"/>
      </object_component>
      <object_component id="oc-219">
         <name>.debug_info</name>
         <load_address>0xd941</load_address>
         <run_address>0xd941</run_address>
         <size>0x133</size>
         <input_file_ref idref="fl-d2"/>
      </object_component>
      <object_component id="oc-1ca">
         <name>.debug_info</name>
         <load_address>0xda74</load_address>
         <run_address>0xda74</run_address>
         <size>0x133</size>
         <input_file_ref idref="fl-d3"/>
      </object_component>
      <object_component id="oc-1cf">
         <name>.debug_info</name>
         <load_address>0xdba7</load_address>
         <run_address>0xdba7</run_address>
         <size>0x137</size>
         <input_file_ref idref="fl-d4"/>
      </object_component>
      <object_component id="oc-1ba">
         <name>.debug_info</name>
         <load_address>0xdcde</load_address>
         <run_address>0xdcde</run_address>
         <size>0x125</size>
         <input_file_ref idref="fl-d5"/>
      </object_component>
      <object_component id="oc-1bf">
         <name>.debug_info</name>
         <load_address>0xde03</load_address>
         <run_address>0xde03</run_address>
         <size>0x125</size>
         <input_file_ref idref="fl-d6"/>
      </object_component>
      <object_component id="oc-31">
         <name>.debug_info</name>
         <load_address>0xdf28</load_address>
         <run_address>0xdf28</run_address>
         <size>0x112</size>
         <input_file_ref idref="fl-d7"/>
      </object_component>
      <object_component id="oc-4a">
         <name>.debug_info</name>
         <load_address>0xe03a</load_address>
         <run_address>0xe03a</run_address>
         <size>0x140</size>
         <input_file_ref idref="fl-d8"/>
      </object_component>
      <object_component id="oc-56">
         <name>.debug_info</name>
         <load_address>0xe17a</load_address>
         <run_address>0xe17a</run_address>
         <size>0x139</size>
         <input_file_ref idref="fl-d9"/>
      </object_component>
      <object_component id="oc-5c">
         <name>.debug_info</name>
         <load_address>0xe2b3</load_address>
         <run_address>0xe2b3</run_address>
         <size>0x149</size>
         <input_file_ref idref="fl-da"/>
      </object_component>
      <object_component id="oc-25b">
         <name>.debug_info</name>
         <load_address>0xe3fc</load_address>
         <run_address>0xe3fc</run_address>
         <size>0x17d</size>
         <input_file_ref idref="fl-db"/>
      </object_component>
      <object_component id="oc-234">
         <name>.debug_info</name>
         <load_address>0xe579</load_address>
         <run_address>0xe579</run_address>
         <size>0x1d6</size>
         <input_file_ref idref="fl-db"/>
      </object_component>
      <object_component id="oc-256">
         <name>.debug_info</name>
         <load_address>0xe74f</load_address>
         <run_address>0xe74f</run_address>
         <size>0x2c</size>
         <input_file_ref idref="fl-db"/>
      </object_component>
      <object_component id="oc-74">
         <name>.debug_info</name>
         <load_address>0xe77b</load_address>
         <run_address>0xe77b</run_address>
         <size>0x10a</size>
         <input_file_ref idref="fl-dc"/>
      </object_component>
      <object_component id="oc-17e">
         <name>.debug_info</name>
         <load_address>0xe885</load_address>
         <run_address>0xe885</run_address>
         <size>0x125</size>
         <input_file_ref idref="fl-dd"/>
      </object_component>
      <object_component id="oc-b4">
         <name>.debug_info</name>
         <load_address>0xe9aa</load_address>
         <run_address>0xe9aa</run_address>
         <size>0x114</size>
         <input_file_ref idref="fl-dd"/>
      </object_component>
      <object_component id="oc-177">
         <name>.debug_info</name>
         <load_address>0xeabe</load_address>
         <run_address>0xeabe</run_address>
         <size>0x220</size>
         <input_file_ref idref="fl-dd"/>
      </object_component>
      <object_component id="oc-af">
         <name>.debug_info</name>
         <load_address>0xecde</load_address>
         <run_address>0xecde</run_address>
         <size>0x167</size>
         <input_file_ref idref="fl-de"/>
      </object_component>
      <object_component id="oc-68">
         <name>.debug_info</name>
         <load_address>0xee45</load_address>
         <run_address>0xee45</run_address>
         <size>0x168</size>
         <input_file_ref idref="fl-de"/>
      </object_component>
      <object_component id="oc-16f">
         <name>.debug_info</name>
         <load_address>0xefad</load_address>
         <run_address>0xefad</run_address>
         <size>0x5e</size>
         <input_file_ref idref="fl-de"/>
      </object_component>
      <object_component id="oc-ad">
         <name>.debug_info</name>
         <load_address>0xf00b</load_address>
         <run_address>0xf00b</run_address>
         <size>0x2ea</size>
         <input_file_ref idref="fl-df"/>
      </object_component>
      <object_component id="oc-62">
         <name>.debug_info</name>
         <load_address>0xf2f5</load_address>
         <run_address>0xf2f5</run_address>
         <size>0x191</size>
         <input_file_ref idref="fl-df"/>
      </object_component>
      <object_component id="oc-163">
         <name>.debug_info</name>
         <load_address>0xf486</load_address>
         <run_address>0xf486</run_address>
         <size>0x39</size>
         <input_file_ref idref="fl-df"/>
      </object_component>
      <object_component id="oc-168">
         <name>.debug_info</name>
         <load_address>0xf4bf</load_address>
         <run_address>0xf4bf</run_address>
         <size>0xcd</size>
         <input_file_ref idref="fl-df"/>
      </object_component>
      <object_component id="oc-15f">
         <name>.debug_info</name>
         <load_address>0xf58c</load_address>
         <run_address>0xf58c</run_address>
         <size>0x1e1</size>
         <input_file_ref idref="fl-e0"/>
      </object_component>
      <object_component id="oc-a1">
         <name>.debug_info</name>
         <load_address>0xf76d</load_address>
         <run_address>0xf76d</run_address>
         <size>0x184</size>
         <input_file_ref idref="fl-e0"/>
      </object_component>
      <object_component id="oc-1ec">
         <name>.debug_info</name>
         <load_address>0xf8f1</load_address>
         <run_address>0xf8f1</run_address>
         <size>0x2c</size>
         <input_file_ref idref="fl-e0"/>
      </object_component>
      <object_component id="oc-250">
         <name>.debug_info</name>
         <load_address>0xf91d</load_address>
         <run_address>0xf91d</run_address>
         <size>0x157</size>
         <input_file_ref idref="fl-e1"/>
      </object_component>
      <object_component id="oc-a7">
         <name>.debug_info</name>
         <load_address>0xfa74</load_address>
         <run_address>0xfa74</run_address>
         <size>0x146</size>
         <input_file_ref idref="fl-e2"/>
      </object_component>
      <object_component id="oc-28d">
         <name>.debug_info</name>
         <load_address>0xfbba</load_address>
         <run_address>0xfbba</run_address>
         <size>0x9d</size>
      </object_component>
      <object_component id="oc-244">
         <name>.debug_line</name>
         <load_address>0x0</load_address>
         <run_address>0x0</run_address>
         <size>0x6a</size>
         <input_file_ref idref="fl-2"/>
      </object_component>
      <object_component id="oc-144">
         <name>.debug_line</name>
         <load_address>0x6a</load_address>
         <run_address>0x6a</run_address>
         <size>0xb6</size>
         <input_file_ref idref="fl-2"/>
      </object_component>
      <object_component id="oc-91">
         <name>.debug_line</name>
         <load_address>0x120</load_address>
         <run_address>0x120</run_address>
         <size>0x20</size>
         <input_file_ref idref="fl-2"/>
      </object_component>
      <object_component id="oc-1d8">
         <name>.debug_line</name>
         <load_address>0x140</load_address>
         <run_address>0x140</run_address>
         <size>0x225</size>
         <input_file_ref idref="fl-3"/>
      </object_component>
      <object_component id="oc-1e9">
         <name>.debug_line</name>
         <load_address>0x365</load_address>
         <run_address>0x365</run_address>
         <size>0x2d</size>
         <input_file_ref idref="fl-3"/>
      </object_component>
      <object_component id="oc-1d6">
         <name>.debug_line</name>
         <load_address>0x392</load_address>
         <run_address>0x392</run_address>
         <size>0x2d</size>
         <input_file_ref idref="fl-3"/>
      </object_component>
      <object_component id="oc-81">
         <name>.debug_line</name>
         <load_address>0x3bf</load_address>
         <run_address>0x3bf</run_address>
         <size>0xbd</size>
         <input_file_ref idref="fl-3"/>
      </object_component>
      <object_component id="oc-1e1">
         <name>.debug_line</name>
         <load_address>0x47c</load_address>
         <run_address>0x47c</run_address>
         <size>0x55</size>
         <input_file_ref idref="fl-3"/>
      </object_component>
      <object_component id="oc-1dc">
         <name>.debug_line</name>
         <load_address>0x4d1</load_address>
         <run_address>0x4d1</run_address>
         <size>0x52</size>
         <input_file_ref idref="fl-3"/>
      </object_component>
      <object_component id="oc-1fb">
         <name>.debug_line</name>
         <load_address>0x523</load_address>
         <run_address>0x523</run_address>
         <size>0x69</size>
         <input_file_ref idref="fl-3"/>
      </object_component>
      <object_component id="oc-155">
         <name>.debug_line</name>
         <load_address>0x58c</load_address>
         <run_address>0x58c</run_address>
         <size>0x20</size>
         <input_file_ref idref="fl-3"/>
      </object_component>
      <object_component id="oc-15a">
         <name>.debug_line</name>
         <load_address>0x5ac</load_address>
         <run_address>0x5ac</run_address>
         <size>0x5f</size>
         <input_file_ref idref="fl-3"/>
      </object_component>
      <object_component id="oc-1e6">
         <name>.debug_line</name>
         <load_address>0x60b</load_address>
         <run_address>0x60b</run_address>
         <size>0x67</size>
         <input_file_ref idref="fl-3"/>
      </object_component>
      <object_component id="oc-15d">
         <name>.debug_line</name>
         <load_address>0x672</load_address>
         <run_address>0x672</run_address>
         <size>0x40</size>
         <input_file_ref idref="fl-4"/>
      </object_component>
      <object_component id="oc-84">
         <name>.debug_line</name>
         <load_address>0x6b2</load_address>
         <run_address>0x6b2</run_address>
         <size>0x40</size>
         <input_file_ref idref="fl-4"/>
      </object_component>
      <object_component id="oc-7b">
         <name>.debug_line</name>
         <load_address>0x6f2</load_address>
         <run_address>0x6f2</run_address>
         <size>0x71</size>
         <input_file_ref idref="fl-4"/>
      </object_component>
      <object_component id="oc-1f5">
         <name>.debug_line</name>
         <load_address>0x763</load_address>
         <run_address>0x763</run_address>
         <size>0x3b</size>
         <input_file_ref idref="fl-5"/>
      </object_component>
      <object_component id="oc-bf">
         <name>.debug_line</name>
         <load_address>0x79e</load_address>
         <run_address>0x79e</run_address>
         <size>0x146</size>
         <input_file_ref idref="fl-5"/>
      </object_component>
      <object_component id="oc-204">
         <name>.debug_line</name>
         <load_address>0x8e4</load_address>
         <run_address>0x8e4</run_address>
         <size>0x31</size>
         <input_file_ref idref="fl-b"/>
      </object_component>
      <object_component id="oc-207">
         <name>.debug_line</name>
         <load_address>0x915</load_address>
         <run_address>0x915</run_address>
         <size>0x2b</size>
         <input_file_ref idref="fl-b"/>
      </object_component>
      <object_component id="oc-125">
         <name>.debug_line</name>
         <load_address>0x940</load_address>
         <run_address>0x940</run_address>
         <size>0x4d</size>
         <input_file_ref idref="fl-b"/>
      </object_component>
      <object_component id="oc-190">
         <name>.debug_line</name>
         <load_address>0x98d</load_address>
         <run_address>0x98d</run_address>
         <size>0x40</size>
         <input_file_ref idref="fl-b"/>
      </object_component>
      <object_component id="oc-f5">
         <name>.debug_line</name>
         <load_address>0x9cd</load_address>
         <run_address>0x9cd</run_address>
         <size>0x48</size>
         <input_file_ref idref="fl-b"/>
      </object_component>
      <object_component id="oc-e3">
         <name>.debug_line</name>
         <load_address>0xa15</load_address>
         <run_address>0xa15</run_address>
         <size>0x4d</size>
         <input_file_ref idref="fl-b"/>
      </object_component>
      <object_component id="oc-198">
         <name>.debug_line</name>
         <load_address>0xa62</load_address>
         <run_address>0xa62</run_address>
         <size>0x62</size>
         <input_file_ref idref="fl-b"/>
      </object_component>
      <object_component id="oc-13d">
         <name>.debug_line</name>
         <load_address>0xac4</load_address>
         <run_address>0xac4</run_address>
         <size>0x40</size>
         <input_file_ref idref="fl-b"/>
      </object_component>
      <object_component id="oc-1b1">
         <name>.debug_line</name>
         <load_address>0xb04</load_address>
         <run_address>0xb04</run_address>
         <size>0x43</size>
         <input_file_ref idref="fl-b"/>
      </object_component>
      <object_component id="oc-12a">
         <name>.debug_line</name>
         <load_address>0xb47</load_address>
         <run_address>0xb47</run_address>
         <size>0x43</size>
         <input_file_ref idref="fl-b"/>
      </object_component>
      <object_component id="oc-fa">
         <name>.debug_line</name>
         <load_address>0xb8a</load_address>
         <run_address>0xb8a</run_address>
         <size>0x4c</size>
         <input_file_ref idref="fl-b"/>
      </object_component>
      <object_component id="oc-db">
         <name>.debug_line</name>
         <load_address>0xbd6</load_address>
         <run_address>0xbd6</run_address>
         <size>0x40</size>
         <input_file_ref idref="fl-b"/>
      </object_component>
      <object_component id="oc-ff">
         <name>.debug_line</name>
         <load_address>0xc16</load_address>
         <run_address>0xc16</run_address>
         <size>0x41</size>
         <input_file_ref idref="fl-b"/>
      </object_component>
      <object_component id="oc-11d">
         <name>.debug_line</name>
         <load_address>0xc57</load_address>
         <run_address>0xc57</run_address>
         <size>0x45</size>
         <input_file_ref idref="fl-b"/>
      </object_component>
      <object_component id="oc-e7">
         <name>.debug_line</name>
         <load_address>0xc9c</load_address>
         <run_address>0xc9c</run_address>
         <size>0x4e</size>
         <input_file_ref idref="fl-b"/>
      </object_component>
      <object_component id="oc-ed">
         <name>.debug_line</name>
         <load_address>0xcea</load_address>
         <run_address>0xcea</run_address>
         <size>0x7d</size>
         <input_file_ref idref="fl-b"/>
      </object_component>
      <object_component id="oc-12f">
         <name>.debug_line</name>
         <load_address>0xd67</load_address>
         <run_address>0xd67</run_address>
         <size>0x41</size>
         <input_file_ref idref="fl-b"/>
      </object_component>
      <object_component id="oc-200">
         <name>.debug_line</name>
         <load_address>0xda8</load_address>
         <run_address>0xda8</run_address>
         <size>0x5e</size>
         <input_file_ref idref="fl-b"/>
      </object_component>
      <object_component id="oc-1f7">
         <name>.debug_line</name>
         <load_address>0xe06</load_address>
         <run_address>0xe06</run_address>
         <size>0x47</size>
         <input_file_ref idref="fl-c"/>
      </object_component>
      <object_component id="oc-cc">
         <name>.debug_line</name>
         <load_address>0xe4d</load_address>
         <run_address>0xe4d</run_address>
         <size>0x41</size>
         <input_file_ref idref="fl-c"/>
      </object_component>
      <object_component id="oc-d2">
         <name>.debug_line</name>
         <load_address>0xe8e</load_address>
         <run_address>0xe8e</run_address>
         <size>0x3b</size>
         <input_file_ref idref="fl-d"/>
      </object_component>
      <object_component id="oc-d8">
         <name>.debug_line</name>
         <load_address>0xec9</load_address>
         <run_address>0xec9</run_address>
         <size>0x3b</size>
         <input_file_ref idref="fl-d"/>
      </object_component>
      <object_component id="oc-20d">
         <name>.debug_line</name>
         <load_address>0xf04</load_address>
         <run_address>0xf04</run_address>
         <size>0x2b</size>
         <input_file_ref idref="fl-e"/>
      </object_component>
      <object_component id="oc-20b">
         <name>.debug_line</name>
         <load_address>0xf2f</load_address>
         <run_address>0xf2f</run_address>
         <size>0x2f</size>
         <input_file_ref idref="fl-e"/>
      </object_component>
      <object_component id="oc-11a">
         <name>.debug_line</name>
         <load_address>0xf5e</load_address>
         <run_address>0xf5e</run_address>
         <size>0x6d</size>
         <input_file_ref idref="fl-e"/>
      </object_component>
      <object_component id="oc-209">
         <name>.debug_line</name>
         <load_address>0xfcb</load_address>
         <run_address>0xfcb</run_address>
         <size>0x20</size>
         <input_file_ref idref="fl-f"/>
      </object_component>
      <object_component id="oc-108">
         <name>.debug_line</name>
         <load_address>0xfeb</load_address>
         <run_address>0xfeb</run_address>
         <size>0x3d</size>
         <input_file_ref idref="fl-f"/>
      </object_component>
      <object_component id="oc-114">
         <name>.debug_line</name>
         <load_address>0x1028</load_address>
         <run_address>0x1028</run_address>
         <size>0x3d</size>
         <input_file_ref idref="fl-f"/>
      </object_component>
      <object_component id="oc-10e">
         <name>.debug_line</name>
         <load_address>0x1065</load_address>
         <run_address>0x1065</run_address>
         <size>0x3d</size>
         <input_file_ref idref="fl-f"/>
      </object_component>
      <object_component id="oc-210">
         <name>.debug_line</name>
         <load_address>0x10a2</load_address>
         <run_address>0x10a2</run_address>
         <size>0x20</size>
         <input_file_ref idref="fl-10"/>
      </object_component>
      <object_component id="oc-139">
         <name>.debug_line</name>
         <load_address>0x10c2</load_address>
         <run_address>0x10c2</run_address>
         <size>0x41</size>
         <input_file_ref idref="fl-10"/>
      </object_component>
      <object_component id="oc-c3">
         <name>.debug_line</name>
         <load_address>0x1103</load_address>
         <run_address>0x1103</run_address>
         <size>0x42</size>
         <input_file_ref idref="fl-11"/>
      </object_component>
      <object_component id="oc-28">
         <name>.debug_line</name>
         <load_address>0x1145</load_address>
         <run_address>0x1145</run_address>
         <size>0x53</size>
         <input_file_ref idref="fl-c8"/>
      </object_component>
      <object_component id="oc-8d">
         <name>.debug_line</name>
         <load_address>0x1198</load_address>
         <run_address>0x1198</run_address>
         <size>0x8a</size>
         <input_file_ref idref="fl-c9"/>
      </object_component>
      <object_component id="oc-18">
         <name>.debug_line</name>
         <load_address>0x1222</load_address>
         <run_address>0x1222</run_address>
         <size>0x55</size>
         <input_file_ref idref="fl-c9"/>
      </object_component>
      <object_component id="oc-39">
         <name>.debug_line</name>
         <load_address>0x1277</load_address>
         <run_address>0x1277</run_address>
         <size>0x3a</size>
         <input_file_ref idref="fl-c9"/>
      </object_component>
      <object_component id="oc-8a">
         <name>.debug_line</name>
         <load_address>0x12b1</load_address>
         <run_address>0x12b1</run_address>
         <size>0x8a</size>
         <input_file_ref idref="fl-c9"/>
      </object_component>
      <object_component id="oc-95">
         <name>.debug_line</name>
         <load_address>0x133b</load_address>
         <run_address>0x133b</run_address>
         <size>0x8a</size>
         <input_file_ref idref="fl-ca"/>
      </object_component>
      <object_component id="oc-40">
         <name>.debug_line</name>
         <load_address>0x13c5</load_address>
         <run_address>0x13c5</run_address>
         <size>0x98</size>
         <input_file_ref idref="fl-ca"/>
      </object_component>
      <object_component id="oc-1e">
         <name>.debug_line</name>
         <load_address>0x145d</load_address>
         <run_address>0x145d</run_address>
         <size>0x4b</size>
         <input_file_ref idref="fl-ca"/>
      </object_component>
      <object_component id="oc-47">
         <name>.debug_line</name>
         <load_address>0x14a8</load_address>
         <run_address>0x14a8</run_address>
         <size>0x39</size>
         <input_file_ref idref="fl-ca"/>
      </object_component>
      <object_component id="oc-99">
         <name>.debug_line</name>
         <load_address>0x14e1</load_address>
         <run_address>0x14e1</run_address>
         <size>0x8a</size>
         <input_file_ref idref="fl-ca"/>
      </object_component>
      <object_component id="oc-25d">
         <name>.debug_line</name>
         <load_address>0x156b</load_address>
         <run_address>0x156b</run_address>
         <size>0x93</size>
         <input_file_ref idref="fl-cc"/>
      </object_component>
      <object_component id="oc-24c">
         <name>.debug_line</name>
         <load_address>0x15fe</load_address>
         <run_address>0x15fe</run_address>
         <size>0x2b</size>
         <input_file_ref idref="fl-cc"/>
      </object_component>
      <object_component id="oc-1c8">
         <name>.debug_line</name>
         <load_address>0x1629</load_address>
         <run_address>0x1629</run_address>
         <size>0x2b5</size>
         <input_file_ref idref="fl-cc"/>
      </object_component>
      <object_component id="oc-23f">
         <name>.debug_line</name>
         <load_address>0x18de</load_address>
         <run_address>0x18de</run_address>
         <size>0x8a</size>
         <input_file_ref idref="fl-cc"/>
      </object_component>
      <object_component id="oc-25f">
         <name>.debug_line</name>
         <load_address>0x1968</load_address>
         <run_address>0x1968</run_address>
         <size>0x89</size>
         <input_file_ref idref="fl-cd"/>
      </object_component>
      <object_component id="oc-221">
         <name>.debug_line</name>
         <load_address>0x19f1</load_address>
         <run_address>0x19f1</run_address>
         <size>0x132</size>
         <input_file_ref idref="fl-cd"/>
      </object_component>
      <object_component id="oc-24a">
         <name>.debug_line</name>
         <load_address>0x1b23</load_address>
         <run_address>0x1b23</run_address>
         <size>0x2b</size>
         <input_file_ref idref="fl-ce"/>
      </object_component>
      <object_component id="oc-181">
         <name>.debug_line</name>
         <load_address>0x1b4e</load_address>
         <run_address>0x1b4e</run_address>
         <size>0xf2</size>
         <input_file_ref idref="fl-cf"/>
      </object_component>
      <object_component id="oc-175">
         <name>.debug_line</name>
         <load_address>0x1c40</load_address>
         <run_address>0x1c40</run_address>
         <size>0x2a</size>
         <input_file_ref idref="fl-cf"/>
      </object_component>
      <object_component id="oc-71">
         <name>.debug_line</name>
         <load_address>0x1c6a</load_address>
         <run_address>0x1c6a</run_address>
         <size>0x86</size>
         <input_file_ref idref="fl-cf"/>
      </object_component>
      <object_component id="oc-214">
         <name>.debug_line</name>
         <load_address>0x1cf0</load_address>
         <run_address>0x1cf0</run_address>
         <size>0xd2</size>
         <input_file_ref idref="fl-d0"/>
      </object_component>
      <object_component id="oc-22d">
         <name>.debug_line</name>
         <load_address>0x1dc2</load_address>
         <run_address>0x1dc2</run_address>
         <size>0x77</size>
         <input_file_ref idref="fl-d1"/>
      </object_component>
      <object_component id="oc-232">
         <name>.debug_line</name>
         <load_address>0x1e39</load_address>
         <run_address>0x1e39</run_address>
         <size>0x77</size>
         <input_file_ref idref="fl-d1"/>
      </object_component>
      <object_component id="oc-21c">
         <name>.debug_line</name>
         <load_address>0x1eb0</load_address>
         <run_address>0x1eb0</run_address>
         <size>0xa8</size>
         <input_file_ref idref="fl-d2"/>
      </object_component>
      <object_component id="oc-1cd">
         <name>.debug_line</name>
         <load_address>0x1f58</load_address>
         <run_address>0x1f58</run_address>
         <size>0x8e</size>
         <input_file_ref idref="fl-d3"/>
      </object_component>
      <object_component id="oc-1d2">
         <name>.debug_line</name>
         <load_address>0x1fe6</load_address>
         <run_address>0x1fe6</run_address>
         <size>0x67</size>
         <input_file_ref idref="fl-d4"/>
      </object_component>
      <object_component id="oc-1bd">
         <name>.debug_line</name>
         <load_address>0x204d</load_address>
         <run_address>0x204d</run_address>
         <size>0x57</size>
         <input_file_ref idref="fl-d5"/>
      </object_component>
      <object_component id="oc-1c2">
         <name>.debug_line</name>
         <load_address>0x20a4</load_address>
         <run_address>0x20a4</run_address>
         <size>0x50</size>
         <input_file_ref idref="fl-d6"/>
      </object_component>
      <object_component id="oc-34">
         <name>.debug_line</name>
         <load_address>0x20f4</load_address>
         <run_address>0x20f4</run_address>
         <size>0x88</size>
         <input_file_ref idref="fl-d7"/>
      </object_component>
      <object_component id="oc-4d">
         <name>.debug_line</name>
         <load_address>0x217c</load_address>
         <run_address>0x217c</run_address>
         <size>0x79</size>
         <input_file_ref idref="fl-d8"/>
      </object_component>
      <object_component id="oc-59">
         <name>.debug_line</name>
         <load_address>0x21f5</load_address>
         <run_address>0x21f5</run_address>
         <size>0x3d</size>
         <input_file_ref idref="fl-d9"/>
      </object_component>
      <object_component id="oc-5f">
         <name>.debug_line</name>
         <load_address>0x2232</load_address>
         <run_address>0x2232</run_address>
         <size>0x40</size>
         <input_file_ref idref="fl-da"/>
      </object_component>
      <object_component id="oc-262">
         <name>.debug_line</name>
         <load_address>0x2272</load_address>
         <run_address>0x2272</run_address>
         <size>0x93</size>
         <input_file_ref idref="fl-db"/>
      </object_component>
      <object_component id="oc-237">
         <name>.debug_line</name>
         <load_address>0x2305</load_address>
         <run_address>0x2305</run_address>
         <size>0xa1</size>
         <input_file_ref idref="fl-db"/>
      </object_component>
      <object_component id="oc-259">
         <name>.debug_line</name>
         <load_address>0x23a6</load_address>
         <run_address>0x23a6</run_address>
         <size>0x8a</size>
         <input_file_ref idref="fl-db"/>
      </object_component>
      <object_component id="oc-ba">
         <name>.debug_line</name>
         <load_address>0x2430</load_address>
         <run_address>0x2430</run_address>
         <size>0x33</size>
         <input_file_ref idref="fl-dc"/>
      </object_component>
      <object_component id="oc-1f3">
         <name>.debug_line</name>
         <load_address>0x2463</load_address>
         <run_address>0x2463</run_address>
         <size>0x20</size>
         <input_file_ref idref="fl-dd"/>
      </object_component>
      <object_component id="oc-17d">
         <name>.debug_line</name>
         <load_address>0x2483</load_address>
         <run_address>0x2483</run_address>
         <size>0x2b</size>
         <input_file_ref idref="fl-dd"/>
      </object_component>
      <object_component id="oc-17a">
         <name>.debug_line</name>
         <load_address>0x24ae</load_address>
         <run_address>0x24ae</run_address>
         <size>0x68</size>
         <input_file_ref idref="fl-dd"/>
      </object_component>
      <object_component id="oc-16e">
         <name>.debug_line</name>
         <load_address>0x2516</load_address>
         <run_address>0x2516</run_address>
         <size>0x2b</size>
         <input_file_ref idref="fl-de"/>
      </object_component>
      <object_component id="oc-6b">
         <name>.debug_line</name>
         <load_address>0x2541</load_address>
         <run_address>0x2541</run_address>
         <size>0x50</size>
         <input_file_ref idref="fl-de"/>
      </object_component>
      <object_component id="oc-172">
         <name>.debug_line</name>
         <load_address>0x2591</load_address>
         <run_address>0x2591</run_address>
         <size>0x2b</size>
         <input_file_ref idref="fl-de"/>
      </object_component>
      <object_component id="oc-162">
         <name>.debug_line</name>
         <load_address>0x25bc</load_address>
         <run_address>0x25bc</run_address>
         <size>0xa9</size>
         <input_file_ref idref="fl-df"/>
      </object_component>
      <object_component id="oc-65">
         <name>.debug_line</name>
         <load_address>0x2665</load_address>
         <run_address>0x2665</run_address>
         <size>0x8b</size>
         <input_file_ref idref="fl-df"/>
      </object_component>
      <object_component id="oc-166">
         <name>.debug_line</name>
         <load_address>0x26f0</load_address>
         <run_address>0x26f0</run_address>
         <size>0x2e</size>
         <input_file_ref idref="fl-df"/>
      </object_component>
      <object_component id="oc-16b">
         <name>.debug_line</name>
         <load_address>0x271e</load_address>
         <run_address>0x271e</run_address>
         <size>0x8b</size>
         <input_file_ref idref="fl-df"/>
      </object_component>
      <object_component id="oc-1eb">
         <name>.debug_line</name>
         <load_address>0x27a9</load_address>
         <run_address>0x27a9</run_address>
         <size>0x98</size>
         <input_file_ref idref="fl-e0"/>
      </object_component>
      <object_component id="oc-a4">
         <name>.debug_line</name>
         <load_address>0x2841</load_address>
         <run_address>0x2841</run_address>
         <size>0x68</size>
         <input_file_ref idref="fl-e0"/>
      </object_component>
      <object_component id="oc-1ef">
         <name>.debug_line</name>
         <load_address>0x28a9</load_address>
         <run_address>0x28a9</run_address>
         <size>0x2e</size>
         <input_file_ref idref="fl-e0"/>
      </object_component>
      <object_component id="oc-253">
         <name>.debug_line</name>
         <load_address>0x28d7</load_address>
         <run_address>0x28d7</run_address>
         <size>0x45</size>
         <input_file_ref idref="fl-e1"/>
      </object_component>
      <object_component id="oc-aa">
         <name>.debug_line</name>
         <load_address>0x291c</load_address>
         <run_address>0x291c</run_address>
         <size>0x3c</size>
         <input_file_ref idref="fl-e2"/>
      </object_component>
      <object_component id="oc-145">
         <name>.debug_frame</name>
         <load_address>0x0</load_address>
         <run_address>0x0</run_address>
         <size>0xc6</size>
         <input_file_ref idref="fl-2"/>
      </object_component>
      <object_component id="oc-82">
         <name>.debug_frame</name>
         <load_address>0xc6</load_address>
         <run_address>0xc6</run_address>
         <size>0xbd</size>
         <input_file_ref idref="fl-3"/>
      </object_component>
      <object_component id="oc-7c">
         <name>.debug_frame</name>
         <load_address>0x183</load_address>
         <run_address>0x183</run_address>
         <size>0x97</size>
         <input_file_ref idref="fl-4"/>
      </object_component>
      <object_component id="oc-c0">
         <name>.debug_frame</name>
         <load_address>0x21a</load_address>
[...]
         <object_component_ref idref="oc-140"/>
      </symbol>
      <symbol id="sm-9c">
         <name>tempC</name>
         <value>0x20000030</value>
      </symbol>
      <symbol id="sm-9d">
         <name>tempF</name>
         <value>0x20000034</value>
      </symbol>
      <symbol id="sm-9e">
         <name>uartConfig</name>
         <value>0x2278</value>
         <object_component_ref idref="oc-146"/>
      </symbol>
      <symbol id="sm-9f">
         <name>ADC_Done</name>
         <value>0x20000014</value>
         <object_component_ref idref="oc-14d"/>
      </symbol>
      <symbol id="sm-a0">
         <name>main</name>
         <value>0xdbd</value>
         <object_component_ref idref="oc-7d"/>
      </symbol>
      <symbol id="sm-a1">
         <name>ADC14_IRQHandler</name>
         <value>0xe8f</value>
         <object_component_ref idref="oc-7d"/>
      </symbol>
      <symbol id="sm-a2">
         <name>EUSCIA0_IRQHandler</name>
         <value>0xf3b</value>
         <object_component_ref idref="oc-7d"/>
      </symbol>
      <symbol id="sm-b7">
         <name>Reset_Handler</name>
         <value>0x2163</value>
         <object_component_ref idref="oc-77"/>
      </symbol>
      <symbol id="sm-b8">
         <name>Default_Handler</name>
         <value>0x216f</value>
         <object_component_ref idref="oc-77"/>
      </symbol>
      <symbol id="sm-b9">
         <name>interruptVectors</name>
         <value>0x0</value>
         <object_component_ref idref="oc-2c"/>
      </symbol>
      <symbol id="sm-ff">
         <name>SystemInit</name>
         <value>0xd05</value>
         <object_component_ref idref="oc-bb"/>
      </symbol>
      <symbol id="sm-100">
         <name>SystemCoreClockUpdate</name>
         <value>0xa91</value>
         <object_component_ref idref="oc-bb"/>
      </symbol>
      <symbol id="sm-101">
         <name>SystemCoreClock</name>
         <value>0x20000024</value>
         <object_component_ref idref="oc-182"/>
      </symbol>
      <symbol id="sm-1e2">
         <name>ADC14_configureSingleSampleMode</name>
         <value>0x1e41</value>
         <object_component_ref idref="oc-e6"/>
      </symbol>
      <symbol id="sm-1e3">
         <name>ADC14_enableInterrupt</name>
         <value>0x200d</value>
         <object_component_ref idref="oc-fe"/>
      </symbol>
      <symbol id="sm-1e4">
         <name>ADC14_getInterruptStatus</name>
         <value>0x204d</value>
         <object_component_ref idref="oc-1ae"/>
      </symbol>
      <symbol id="sm-1e5">
         <name>ADC14_enableSampleTimer</name>
         <value>0x1f7d</value>
         <object_component_ref idref="oc-f8"/>
      </symbol>
      <symbol id="sm-1e6">
         <name>ADC14_enableConversion</name>
         <value>0x1f25</value>
         <object_component_ref idref="oc-11c"/>
      </symbol>
      <symbol id="sm-1e7">
         <name>ADC14_toggleConversionTrigger</name>
         <value>0x202d</value>
         <object_component_ref idref="oc-122"/>
      </symbol>
      <symbol id="sm-1e8">
         <name>ADC14_getEnabledInterruptStatus</name>
         <value>0x1fa5</value>
         <object_component_ref idref="oc-128"/>
      </symbol>
      <symbol id="sm-1e9">
         <name>ADC14_setSampleHoldTime</name>
         <value>0x1f51</value>
         <object_component_ref idref="oc-f2"/>
      </symbol>
      <symbol id="sm-1ea">
         <name>ADC14_initModule</name>
         <value>0x1e85</value>
         <object_component_ref idref="oc-e0"/>
      </symbol>
      <symbol id="sm-1eb">
         <name>ADC14_clearInterruptFlag</name>
         <value>0x1fed</value>
         <object_component_ref idref="oc-12e"/>
      </symbol>
      <symbol id="sm-1ec">
         <name>ADC14_configureConversionMemory</name>
         <value>0x1c11</value>
         <object_component_ref idref="oc-ec"/>
      </symbol>
      <symbol id="sm-1ed">
         <name>ADC14_enableModule</name>
         <value>0x2115</value>
         <object_component_ref idref="oc-da"/>
      </symbol>
      <symbol id="sm-1ee">
         <name>ADC14_getResult</name>
         <value>0x2069</value>
         <object_component_ref idref="oc-13a"/>
      </symbol>
      <symbol id="sm-1ff">
         <name>CS_setDCOCenteredFrequency</name>
         <value>0x1fc9</value>
         <object_component_ref idref="oc-c8"/>
      </symbol>
      <symbol id="sm-215">
         <name>FPU_enableLazyStacking</name>
         <value>0x2125</value>
         <object_component_ref idref="oc-d4"/>
      </symbol>
      <symbol id="sm-216">
         <name>FPU_enableModule</name>
         <value>0x20c5</value>
         <object_component_ref idref="oc-ce"/>
      </symbol>
      <symbol id="sm-23d">
         <name>Interrupt_enableInterrupt</name>
         <value>0x1ce9</value>
         <object_component_ref idref="oc-116"/>
      </symbol>
      <symbol id="sm-260">
         <name>REF_A_enableTempSensor</name>
         <value>0x2145</value>
         <object_component_ref idref="oc-110"/>
      </symbol>
      <symbol id="sm-261">
         <name>REF_A_enableReferenceVoltage</name>
         <value>0x2135</value>
         <object_component_ref idref="oc-10a"/>
      </symbol>
      <symbol id="sm-262">
         <name>REF_A_setReferenceVoltage</name>
         <value>0x20d9</value>
         <object_component_ref idref="oc-104"/>
      </symbol>
      <symbol id="sm-271">
         <name>SysCtl_getTempCalibrationConstant</name>
         <value>0x2171</value>
         <object_component_ref idref="oc-134"/>
      </symbol>
      <symbol id="sm-27d">
         <name>WDT_A_holdTimer</name>
         <value>0x2081</value>
         <object_component_ref idref="oc-c2"/>
      </symbol>
      <symbol id="sm-28f">
         <name>_c_int00</name>
         <value>0x1d4d</value>
         <object_component_ref idref="oc-26"/>
      </symbol>
      <symbol id="sm-290">
         <name>__stack</name>
         <value>0x2000fe00</value>
         <object_component_ref idref="oc-2f"/>
      </symbol>
      <symbol id="sm-2a7">
         <name>__TI_decompress_none</name>
         <value>0x2155</value>
         <object_component_ref idref="oc-14"/>
      </symbol>
      <symbol id="sm-2cf">
         <name>__TI_decompress_rle24</name>
         <value>0x217d</value>
         <object_component_ref idref="oc-1a"/>
      </symbol>
      <symbol id="sm-35f">
         <name>pow</name>
         <value>0xe5</value>
         <object_component_ref idref="oc-1c3"/>
      </symbol>
      <symbol id="sm-360">
         <name>powl</name>
         <value>0xe5</value>
         <object_component_ref idref="oc-1c3"/>
      </symbol>
      <symbol id="sm-384">
         <name>sqrtl</name>
         <value>0x11b1</value>
         <object_component_ref idref="oc-21d"/>
      </symbol>
      <symbol id="sm-385">
         <name>sqrt</name>
         <value>0x11b1</value>
         <object_component_ref idref="oc-21d"/>
      </symbol>
      <symbol id="sm-38d">
         <name>errno</name>
         <value>0x2000001c</value>
         <object_component_ref idref="oc-223"/>
      </symbol>
      <symbol id="sm-3ae">
         <name>C$$EXIT</name>
         <value>0x1da1</value>
         <object_component_ref idref="oc-6d"/>
      </symbol>
      <symbol id="sm-3af">
         <name>abort</name>
         <value>0x1da5</value>
         <object_component_ref idref="oc-6d"/>
      </symbol>
      <symbol id="sm-3b0">
         <name>exit</name>
         <value>0x1dad</value>
         <object_component_ref idref="oc-6d"/>
      </symbol>
      <symbol id="sm-3b1">
         <name>__TI_dtors_ptr</name>
         <value>0x20000004</value>
         <object_component_ref idref="oc-b0"/>
      </symbol>
      <symbol id="sm-3b2">
         <name>__TI_cleanup_ptr</name>
         <value>0x20000000</value>
         <object_component_ref idref="oc-b0"/>
      </symbol>
      <symbol id="sm-3b3">
         <name>__TI_enable_exit_profile_output</name>
         <value>0x20000008</value>
         <object_component_ref idref="oc-b0"/>
      </symbol>
      <symbol id="sm-3ca">
         <name>__aeabi_dsub</name>
         <value>0xff9</value>
         <object_component_ref idref="oc-213"/>
      </symbol>
      <symbol id="sm-3cb">
         <name>__aeabi_dadd</name>
         <value>0x1003</value>
         <object_component_ref idref="oc-213"/>
      </symbol>
      <symbol id="sm-3ed">
         <name>__aeabi_cdcmpeq</name>
         <value>0x19a9</value>
         <object_component_ref idref="oc-229"/>
      </symbol>
      <symbol id="sm-3ee">
         <name>__aeabi_cdcmple</name>
         <value>0x19a9</value>
         <object_component_ref idref="oc-229"/>
      </symbol>
      <symbol id="sm-3ef">
         <name>__aeabi_cdrcmple</name>
         <value>0x1a2f</value>
         <object_component_ref idref="oc-22e"/>
      </symbol>
      <symbol id="sm-403">
         <name>__aeabi_ddiv</name>
         <value>0x15dd</value>
         <object_component_ref idref="oc-218"/>
      </symbol>
      <symbol id="sm-40e">
         <name>__aeabi_dmul</name>
         <value>0x1713</value>
         <object_component_ref idref="oc-1c9"/>
      </symbol>
      <symbol id="sm-41a">
         <name>__aeabi_d2f</name>
         <value>0x1ba1</value>
         <object_component_ref idref="oc-1ce"/>
      </symbol>
      <symbol id="sm-425">
         <name>__aeabi_f2d</name>
         <value>0x1ebd</value>
         <object_component_ref idref="oc-1b9"/>
      </symbol>
      <symbol id="sm-42f">
         <name>__aeabi_i2d</name>
         <value>0x1ef5</value>
         <object_component_ref idref="oc-1be"/>
      </symbol>
      <symbol id="sm-44a">
         <name>memcpy</name>
         <value>0x190d</value>
         <object_component_ref idref="oc-30"/>
      </symbol>
      <symbol id="sm-44b">
         <name>__aeabi_memcpy</name>
         <value>0x190d</value>
         <object_component_ref idref="oc-30"/>
      </symbol>
      <symbol id="sm-44c">
         <name>__aeabi_memcpy8</name>
         <value>0x190d</value>
         <object_component_ref idref="oc-30"/>
      </symbol>
      <symbol id="sm-44d">
         <name>__aeabi_memcpy4</name>
         <value>0x190d</value>
         <object_component_ref idref="oc-30"/>
      </symbol>
      <symbol id="sm-45c">
         <name>__aeabi_memset</name>
         <value>0x1ab7</value>
         <object_component_ref idref="oc-49"/>
      </symbol>
      <symbol id="sm-45d">
         <name>memset</name>
         <value>0x1abd</value>
         <object_component_ref idref="oc-49"/>
      </symbol>
      <symbol id="sm-45e">
         <name>__aeabi_memset8</name>
         <value>0x1ab7</value>
         <object_component_ref idref="oc-49"/>
      </symbol>
      <symbol id="sm-45f">
         <name>__aeabi_memset4</name>
         <value>0x1ab7</value>
         <object_component_ref idref="oc-49"/>
      </symbol>
      <symbol id="sm-460">
         <name>__aeabi_memclr8</name>
         <value>0x1ab5</value>
         <object_component_ref idref="oc-49"/>
      </symbol>
      <symbol id="sm-461">
         <name>__aeabi_memclr4</name>
         <value>0x1ab5</value>
         <object_component_ref idref="oc-49"/>
      </symbol>
      <symbol id="sm-462">
         <name>__aeabi_memclr</name>
         <value>0x1ab5</value>
         <object_component_ref idref="oc-49"/>
      </symbol>
      <symbol id="sm-46c">
         <name>__mpu_init</name>
         <value>0x11af</value>
         <object_component_ref idref="oc-55"/>
      </symbol>
      <symbol id="sm-476">
         <name>_system_pre_init</name>
         <value>0x2183</value>
         <object_component_ref idref="oc-5b"/>
      </symbol>
      <symbol id="sm-498">
         <name>scalbn</name>
         <value>0x1811</value>
         <object_component_ref idref="oc-233"/>
      </symbol>
      <symbol id="sm-499">
         <name>scalbnl</name>
         <value>0x1811</value>
         <object_component_ref idref="oc-233"/>
      </symbol>
      <symbol id="sm-49a">
         <name>ldexpl</name>
         <value>0x1811</value>
         <object_component_ref idref="oc-233"/>
      </symbol>
      <symbol id="sm-49b">
         <name>ldexp</name>
         <value>0x1811</value>
         <object_component_ref idref="oc-233"/>
      </symbol>
      <symbol id="sm-4a3">
         <name>main_func_sp</name>
         <value>0x20000020</value>
         <object_component_ref idref="oc-73"/>
      </symbol>
      <symbol id="sm-4bc">
         <name>_nop</name>
         <value>0x20fb</value>
         <object_component_ref idref="oc-176"/>
      </symbol>
      <symbol id="sm-4bd">
         <name>_lock</name>
         <value>0x2000000c</value>
         <object_component_ref idref="oc-b3"/>
      </symbol>
      <symbol id="sm-4be">
         <name>_unlock</name>
         <value>0x20000010</value>
         <object_component_ref idref="oc-b3"/>
      </symbol>
      <symbol id="sm-4bf">
         <name>_register_lock</name>
         <value>0x20f3</value>
         <object_component_ref idref="oc-176"/>
      </symbol>
      <symbol id="sm-4c0">
         <name>_register_unlock</name>
         <value>0x20ed</value>
         <object_component_ref idref="oc-176"/>
      </symbol>
      <symbol id="sm-4d4">
         <name>_args_main</name>
         <value>0x2099</value>
         <object_component_ref idref="oc-67"/>
      </symbol>
      <symbol id="sm-4f9">
         <name>__TI_auto_init</name>
         <value>0x1b31</value>
         <object_component_ref idref="oc-61"/>
      </symbol>
      <symbol id="sm-513">
         <name>copy_in</name>
         <value>0x1df5</value>
         <object_component_ref idref="oc-a0"/>
      </symbol>
      <symbol id="sm-51d">
         <name>copysign</name>
         <value>0x2101</value>
         <object_component_ref idref="oc-24f"/>
      </symbol>
      <symbol id="sm-51e">
         <name>copysignl</name>
         <value>0x2101</value>
         <object_component_ref idref="oc-24f"/>
      </symbol>
      <symbol id="sm-528">
         <name>_system_post_cinit</name>
         <value>0x180f</value>
         <object_component_ref idref="oc-a6"/>
      </symbol>
      <symbol id="sm-529">
         <name>__TI_static_base__</name>
         <value>0x0</value>
      </symbol>
      <symbol id="sm-52c">
         <name>SHT$$INIT_ARRAY$$Limit</name>
         <value>0x0</value>
      </symbol>
      <symbol id="sm-52d">
         <name>SHT$$INIT_ARRAY$$Base</name>
         <value>0x0</value>
      </symbol>
      <symbol id="sm-52e">
         <name>NMI_Handler</name>
         <value>0x216f</value>
      </symbol>
      <symbol id="sm-52f">
         <name>HardFault_Handler</name>
         <value>0x216f</value>
      </symbol>
      <symbol id="sm-530">
         <name>MemManage_Handler</name>
         <value>0x216f</value>
      </symbol>
      <symbol id="sm-531">
         <name>BusFault_Handler</name>
         <value>0x216f</value>
      </symbol>
      <symbol id="sm-532">
         <name>UsageFault_Handler</name>
         <value>0x216f</value>
      </symbol>
      <symbol id="sm-533">
         <name>SVC_Handler</name>
         <value>0x216f</value>
      </symbol>
      <symbol id="sm-534">
         <name>DebugMon_Handler</name>
         <value>0x216f</value>
      </symbol>
      <symbol id="sm-535">
         <name>PendSV_Handler</name>
         <value>0x216f</value>
      </symbol>
      <symbol id="sm-536">
         <name>SysTick_Handler</name>
         <value>0x216f</value>
      </symbol>
      <symbol id="sm-537">
         <name>PSS_IRQHandler</name>
         <value>0x216f</value>
      </symbol>
      <symbol id="sm-538">
         <name>CS_IRQHandler</name>
         <value>0x216f</value>
      </symbol>
      <symbol id="sm-539">
         <name>PCM_IRQHandler</name>
         <value>0x216f</value>
      </symbol>
      <symbol id="sm-53a">
         <name>WDT_A_IRQHandler</name>
         <value>0x216f</value>
      </symbol>
      <symbol id="sm-53b">
         <name>FPU_IRQHandler</name>
         <value>0x216f</value>
      </symbol>
      <symbol id="sm-53c">
         <name>FLCTL_IRQHandler</name>
         <value>0x216f</value>
      </symbol>
      <symbol id="sm-53d">
         <name>COMP_E0_IRQHandler</name>
         <value>0x216f</value>
      </symbol>
      <symbol id="sm-53e">
         <name>COMP_E1_IRQHandler</name>
         <value>0x216f</value>
      </symbol>
      <symbol id="sm-53f">
         <name>TA0_0_IRQHandler</name>
         <value>0x216f</value>
      </symbol>
      <symbol id="sm-540">
         <name>TA0_N_IRQHandler</name>
         <value>0x216f</value>
      </symbol>
      <symbol id="sm-541">
         <name>TA1_0_IRQHandler</name>
         <value>0x216f</value>
      </symbol>
      <symbol id="sm-542">
         <name>TA1_N_IRQHandler</name>
         <value>0x216f</value>
      </symbol>
      <symbol id="sm-543">
         <name>TA2_0_IRQHandler</name>
         <value>0x216f</value>
      </symbol>
      <symbol id="sm-544">
         <name>TA2_N_IRQHandler</name>
         <value>0x216f</value>
      </symbol>
      <symbol id="sm-545">
         <name>TA3_0_IRQHandler</name>
         <value>0x216f</value>
      </symbol>
      <symbol id="sm-546">
         <name>TA3_N_IRQHandler</name>
         <value>0x216f</value>
      </symbol>
      <symbol id="sm-547">
         <name>EUSCIA1_IRQHandler</name>
         <value>0x216f</value>
      </symbol>
      <symbol id="sm-548">
         <name>EUSCIA2_IRQHandler</name>
         <value>0x216f</value>
      </symbol>
      <symbol id="sm-549">
         <name>EUSCIA3_IRQHandler</name>
         <value>0x216f</value>
      </symbol>
      <symbol id="sm-54a">
         <name>EUSCIB0_IRQHandler</name>
         <value>0x216f</value>
      </symbol>
      <symbol id="sm-54b">
         <name>EUSCIB1_IRQHandler</name>
         <value>0x216f</value>
      </symbol>
      <symbol id="sm-54c">
         <name>EUSCIB2_IRQHandler</name>
         <value>0x216f</value>
      </symbol>
      <symbol id="sm-54d">
         <name>EUSCIB3_IRQHandler</name>
         <value>0x216f</value>
      </symbol>
      <symbol id="sm-54e">
         <name>T32_INT1_IRQHandler</name>
         <value>0x216f</value>
      </symbol>
      <symbol id="sm-54f">
         <name>T32_INT2_IRQHandler</name>
         <value>0x216f</value>
      </symbol>
      <symbol id="sm-550">
         <name>T32_INTC_IRQHandler</name>
         <value>0x216f</value>
      </symbol>
      <symbol id="sm-551">
         <name>AES256_IRQHandler</name>
         <value>0x216f</value>
      </symbol>
      <symbol id="sm-552">
         <name>RTC_C_IRQHandler</name>
         <value>0x216f</value>
      </symbol>
      <symbol id="sm-553">
         <name>DMA_ERR_IRQHandler</name>
         <value>0x216f</value>
      </symbol>
      <symbol id="sm-554">
         <name>DMA_INT3_IRQHandler</name>
         <value>0x216f</value>
      </symbol>
      <symbol id="sm-555">
         <name>DMA_INT2_IRQHandler</name>
         <value>0x216f</value>
      </symbol>
      <symbol id="sm-556">
         <name>DMA_INT1_IRQHandler</name>
         <value>0x216f</value>
      </symbol>
      <symbol id="sm-557">
         <name>DMA_INT0_IRQHandler</name>
         <value>0x216f</value>
      </symbol>
      <symbol id="sm-558">
         <name>PORT1_IRQHandler</name>
         <value>0x216f</value>
      </symbol>
      <symbol id="sm-559">
         <name>PORT2_IRQHandler</name>
         <value>0x216f</value>
      </symbol>
      <symbol id="sm-55a">
         <name>PORT3_IRQHandler</name>
         <value>0x216f</value>
      </symbol>
      <symbol id="sm-55b">
         <name>PORT4_IRQHandler</name>
         <value>0x216f</value>
      </symbol>
      <symbol id="sm-55c">
         <name>PORT5_IRQHandler</name>
         <value>0x216f</value>
      </symbol>
      <symbol id="sm-55d">
         <name>PORT6_IRQHandler</name>
         <value>0x216f</value>
      </symbol>
   </symbol_table>
   <title>Link successful</title>
</link_info>
