******************************************************************************
                  TI ARM Linker PC v5.2.5                      
******************************************************************************
>> Linked Thu Dec 08 13:01:07 2016

OUTPUT FILE NAME:   <multi_role_cc2650lp_app.out>
ENTRY POINT SYMBOL: "ResetISR"  address: 00006845


MEMORY CONFIGURATION

         name            origin    length      used     unused   attr    fill
----------------------  --------  ---------  --------  --------  ----  --------
  FLASH                 00000000   0000a000  00009f7a  00000086  R  X
  FLASH_LAST_PAGE       0001f000   00001000  00000058  00000fa8  R  X
  SRAM                  20000000   000042e0  00002450  00001e90  RW X


SEGMENT ALLOCATION MAP

run origin  load origin   length   init length attrs members
----------  ----------- ---------- ----------- ----- -------
00000000    00000000    000097d0   000097d0    r-x
  00000000    00000000    0000003c   0000003c    r-- .resetVecs
  0000003c    0000003c    000000c4   000000c4    r-x .text.1
  00000100    00000100    0000003c   0000003c    r-- .const:ti_sysbios_knl_Task_Object__PARAMS__C
  0000013c    0000013c    00000034   00000034    r-- .const:ti_sysbios_knl_Mailbox_Object__PARAMS__C
  00000170    00000170    00000030   00000030    r-- .const:ti_sysbios_family_arm_m3_Hwi_Object__PARAMS__C
  000001a0    000001a0    0000002c   0000002c    r-- .const:ti_sysbios_hal_Hwi_Object__PARAMS__C
  000001cc    000001cc    00000028   00000028    r-- .const:ti_sysbios_heaps_HeapMem_Module__FXNS__C
  000001f4    000001f4    00000028   00000028    r-- .const:ti_sysbios_knl_Swi_Object__PARAMS__C
  0000021c    0000021c    00000024   00000024    r-- .const:ti_sysbios_gates_GateHwi_Module__FXNS__C
  00000240    00000240    00000024   00000024    r-- .const:ti_sysbios_gates_GateMutex_Module__FXNS__C
  00000264    00000264    00000024   00000024    r-- .const:ti_sysbios_heaps_HeapMem_Object__PARAMS__C
  00000288    00000288    00000024   00000024    r-- .const:ti_sysbios_knl_Clock_Object__PARAMS__C
  000002ac    000002ac    00000024   00000024    r-- .const:ti_sysbios_knl_Semaphore_Object__PARAMS__C
  000002d0    000002d0    00000020   00000020    r-- .const:ti_sysbios_family_arm_m3_Hwi_Object__DESC__C
  000002f0    000002f0    00000020   00000020    r-- .const:ti_sysbios_gates_GateHwi_Object__DESC__C
  00000310    00000310    00000020   00000020    r-- .const:ti_sysbios_gates_GateMutex_Object__DESC__C
  00000330    00000330    00000020   00000020    r-- .const:ti_sysbios_hal_Hwi_Object__DESC__C
  00000350    00000350    00000020   00000020    r-- .const:ti_sysbios_heaps_HeapMem_Object__DESC__C
  00000370    00000370    00000020   00000020    r-- .const:ti_sysbios_knl_Clock_Object__DESC__C
  00000390    00000390    00000020   00000020    r-- .const:ti_sysbios_knl_Mailbox_Object__DESC__C
  000003b0    000003b0    00000020   00000020    r-- .const:ti_sysbios_knl_Queue_Object__DESC__C
  000003d0    000003d0    00000020   00000020    r-- .const:ti_sysbios_knl_Semaphore_Object__DESC__C
  000003f0    000003f0    00000020   00000020    r-- .const:ti_sysbios_knl_Swi_Object__DESC__C
  00000410    00000410    00000020   00000020    r-- .const:ti_sysbios_knl_Task_Object__DESC__C
  00000430    00000430    00000018   00000018    r-- .const:ti_sysbios_gates_GateHwi_Object__PARAMS__C
  00000448    00000448    00000018   00000018    r-- .const:ti_sysbios_gates_GateMutex_Object__PARAMS__C
  00000460    00000460    00000018   00000018    r-- .const:ti_sysbios_knl_Queue_Object__PARAMS__C
  00000478    00000478    00000008   00000008    r-- .const:ti_sysbios_knl_Idle_funcList__C
  00000480    00000480    00000004   00000004    r-x .text.2
  00000484    00000484    00000004   00000004    r-- .const:ti_sysbios_family_arm_cc26xx_Timer_startupNeeded__C
  00000488    00000488    00000004   00000004    r-- .const:ti_sysbios_family_arm_m3_Hwi_E_alreadyDefined__C
  0000048c    0000048c    00000004   00000004    r-- .const:ti_sysbios_family_arm_m3_Hwi_E_hwiLimitExceeded__C
  00000490    00000490    00000004   00000004    r-- .const:ti_sysbios_family_arm_m3_Hwi_NUM_INTERRUPTS__C
  00000494    00000494    00000004   00000004    r-- .const:ti_sysbios_family_arm_m3_Hwi_Object__count__C
  00000498    00000498    00000004   00000004    r-- .const:ti_sysbios_family_arm_m3_Hwi_Object__table__C
  0000049c    0000049c    00000004   00000004    r-- .const:ti_sysbios_family_arm_m3_Hwi_ccr__C
  000004a0    000004a0    00000004   00000004    r-- .const:ti_sysbios_family_arm_m3_Hwi_excHandlerFunc__C
  000004a4    000004a4    00000004   00000004    r-- .const:ti_sysbios_family_arm_m3_Hwi_nullIsrFunc__C
  000004a8    000004a8    00000004   00000004    r-- .const:ti_sysbios_family_arm_m3_Hwi_numSparseInterrupts__C
  000004ac    000004ac    00000004   00000004    r-- .const:ti_sysbios_family_arm_m3_Hwi_priGroup__C
  000004b0    000004b0    00000004   00000004    r-- .const:ti_sysbios_family_arm_m3_TaskSupport_stackAlignment__C
  000004b4    000004b4    00000004   00000004    r-- .const:ti_sysbios_heaps_HeapMem_E_memory__C
  000004b8    000004b8    00000004   00000004    r-- .const:ti_sysbios_heaps_HeapMem_Module__gateObj__C
  000004bc    000004bc    00000004   00000004    r-- .const:ti_sysbios_heaps_HeapMem_Object__count__C
  000004c0    000004c0    00000004   00000004    r-- .const:ti_sysbios_heaps_HeapMem_Object__table__C
  000004c4    000004c4    00000004   00000004    r-- .const:ti_sysbios_heaps_HeapMem_reqAlign__C
  000004c8    000004c8    00000004   00000004    r-- .const:ti_sysbios_knl_Clock_serviceMargin__C
  000004cc    000004cc    00000004   00000004    r-- .const:ti_sysbios_knl_Mailbox_Object__count__C
  000004d0    000004d0    00000004   00000004    r-- .const:ti_sysbios_knl_Mailbox_Object__table__C
  000004d4    000004d4    00000004   00000004    r-- .const:ti_sysbios_knl_Queue_Object__count__C
  000004d8    000004d8    00000004   00000004    r-- .const:ti_sysbios_knl_Queue_Object__table__C
  000004dc    000004dc    00000004   00000004    r-- .const:ti_sysbios_knl_Swi_Object__count__C
  000004e0    000004e0    00000004   00000004    r-- .const:ti_sysbios_knl_Swi_Object__table__C
  000004e4    000004e4    00000004   00000004    r-- .const:ti_sysbios_knl_Swi_numPriorities__C
  000004e8    000004e8    00000004   00000004    r-- .const:ti_sysbios_knl_Task_Object__count__C
  000004ec    000004ec    00000004   00000004    r-- .const:ti_sysbios_knl_Task_Object__table__C
  000004f0    000004f0    00000004   00000004    r-- .const:ti_sysbios_knl_Task_allBlockedFunc__C
  000004f4    000004f4    00000004   00000004    r-- .const:ti_sysbios_knl_Task_defaultStackHeap__C
  000004f8    000004f8    00000004   00000004    r-- .const:ti_sysbios_knl_Task_defaultStackSize__C
  000004fc    000004fc    00000004   00000004    r-- .const:ti_sysbios_knl_Task_numConstructedTasks__C
  00000500    00000500    00000002   00000002    r-x .text.3
  00000502    00000502    00000002   00000002    r-- .const:ti_sysbios_family_arm_cc26xx_Timer_Module__id__C
  00000504    00000504    00000002   00000002    r-- .const:ti_sysbios_family_arm_cc26xx_TimestampProvider_useClockTimer__C
  00000506    00000506    00000002   00000002    r-- .const:ti_sysbios_family_arm_m3_Hwi_Module__id__C
  00000508    00000508    00000002   00000002    r-- .const:ti_sysbios_gates_GateHwi_Module__id__C
  0000050a    0000050a    00000002   00000002    r-- .const:ti_sysbios_gates_GateMutex_Module__id__C
  0000050c    0000050c    00000002   00000002    r-- .const:ti_sysbios_heaps_HeapMem_Module__id__C
  0000050e    0000050e    00000002   00000002    r-- .const:ti_sysbios_knl_Task_initStackFlag__C
  00000510    00000510    00000001   00000001    r-- .const:ti_sysbios_knl_Clock_tickMode__C
  00000514    00000514    00000008   00000008    r-- .const:xdc_runtime_Startup_firstFxns__C
  0000051c    0000051c    00000008   00000008    r-- .const:xdc_runtime_Startup_lastFxns__C
  00000524    00000524    00000004   00000004    r-- .const:xdc_runtime_Assert_E_assertFailed__C
  00000528    00000528    00000004   00000004    r-- .const:xdc_runtime_Error_E_memory__C
  0000052c    0000052c    00000004   00000004    r-- .const:xdc_runtime_Error_policyFxn__C
  00000530    00000530    00000004   00000004    r-- .const:xdc_runtime_IGateProvider_Interface__BASE__C
  00000534    00000534    00000004   00000004    r-- .const:xdc_runtime_IHeap_Interface__BASE__C
  00000538    00000538    00000004   00000004    r-- .const:xdc_runtime_IModule_Interface__BASE__C
  0000053c    0000053c    00000004   00000004    r-- .const:xdc_runtime_Main_Module__diagsEnabled__C
  00000540    00000540    00000004   00000004    r-- .const:xdc_runtime_Main_Module__diagsIncluded__C
  00000544    00000544    00000004   00000004    r-- .const:xdc_runtime_Main_Module__diagsMask__C
  00000548    00000548    00000004   00000004    r-- .const:xdc_runtime_Memory_defaultHeapInstance__C
  0000054c    0000054c    00000004   00000004    r-- .const:xdc_runtime_Startup_execImpl__C
  00000550    00000550    00000004   00000004    r-- .const:xdc_runtime_Startup_maxPasses__C
  00000554    00000554    00000004   00000004    r-- .const:xdc_runtime_Startup_sfxnRts__C
  00000558    00000558    00000004   00000004    r-- .const:xdc_runtime_Startup_sfxnTab__C
  0000055c    0000055c    00000004   00000004    r-- .const:xdc_runtime_Startup_startModsFxn__C
  00000560    00000560    00000004   00000004    r-- .const:xdc_runtime_SysCallback_abortFxn__C
  00000564    00000564    00000004   00000004    r-- .const:xdc_runtime_SysCallback_exitFxn__C
  00000568    00000568    00000004   00000004    r-- .const:xdc_runtime_System_abortFxn__C
  0000056c    0000056c    00000004   00000004    r-- .const:xdc_runtime_System_exitFxn__C
  00000570    00000570    00000004   00000004    r-- .const:xdc_runtime_System_maxAtexitHandlers__C
  00000574    00000574    00000004   00000004    r-- .const:xdc_runtime_Text_charTab__C
  00000578    00000578    00000004   00000004    r-- .const:xdc_runtime_Text_nameEmpty__C
  0000057c    0000057c    00000004   00000004    r-- .const:xdc_runtime_Text_nameStatic__C
  00000580    00000580    00000004   00000004    r-- .const:xdc_runtime_Text_nameUnknown__C
  00000584    00000584    00000002   00000002    r-- .const:xdc_runtime_Main_Module__id__C
  00000586    00000586    00000002   00000002    r-- .const:xdc_runtime_Memory_Module__id__C
  00000588    00000588    00000002   00000002    r-- .const:xdc_runtime_Text_charCnt__C
  0000058a    0000058a    00000002   00000002    r-- .const:xdc_runtime_Text_isLoaded__C
  0000058c    0000058c    00000001   00000001    r-- .const:xdc_runtime_Error_policy__C
  00000590    00000590    00000004   00000004    r-- .const:ti_sysbios_rom_ROM_AONRTCChannelEnable
  00000594    00000594    00000004   00000004    r-- .const:ti_sysbios_rom_ROM_AONRTCCompareValueSet
  00000598    00000598    00000004   00000004    r-- .const:ti_sysbios_rom_ROM_AONRTCCurrentCompareValueGet
  0000059c    0000059c    00000004   00000004    r-- .const:ti_sysbios_rom_ROM_AONRTCEventClear
  000005a0    000005a0    00000004   00000004    r-- .const:ti_sysbios_rom_ROM_ti_sysbios_family_arm_cc26xx_Timer_getCount64__E
  000005a4    000005a4    00000004   00000004    r-- .const:ti_sysbios_rom_ROM_ti_sysbios_family_arm_cc26xx_Timer_getCurrentTick__E
  000005a8    000005a8    00000004   00000004    r-- .const:ti_sysbios_rom_ROM_ti_sysbios_family_arm_cc26xx_Timer_getMaxTicks__E
  000005ac    000005ac    00000004   00000004    r-- .const:ti_sysbios_rom_ROM_ti_sysbios_family_arm_cc26xx_Timer_initDevice__I
  000005b0    000005b0    00000004   00000004    r-- .const:ti_sysbios_rom_ROM_ti_sysbios_family_arm_cc26xx_Timer_setNextTick__E
  000005b4    000005b4    00000004   00000004    r-- .const:ti_sysbios_rom_ROM_ti_sysbios_family_arm_cc26xx_Timer_setThreshold__I
  000005b8    000005b8    00000004   00000004    r-- .const:ti_sysbios_rom_ROM_ti_sysbios_family_arm_cc26xx_Timer_start__E
  000005bc    000005bc    00000004   00000004    r-- .const:ti_sysbios_rom_ROM_ti_sysbios_family_arm_cc26xx_TimestampProvider_get32__E
  000005c0    000005c0    00000004   00000004    r-- .const:ti_sysbios_rom_ROM_xdc_runtime_Startup_getState__I
  000005c4    000005c4    00000004   00000004    r-- .const:ti_sysbios_rom_ROM_xdc_runtime_System_SupportProxy_abort__E
  000005c8    000005c8    00000004   00000004    r-- .const:ti_sysbios_rom_ROM_xdc_runtime_System_SupportProxy_exit__E
  000005cc    000005cc    00000004   00000004    r-- .const:ti_sysbios_gates_GateMutex_Instance_State_sem__O
  000005d0    000005d0    00000004   00000004    r-- .const:ti_sysbios_knl_Clock_Module_State_clockQ__O
  000005d4    000005d4    00000004   00000004    r-- .const:ti_sysbios_knl_Mailbox_Instance_State_dataQue__O
  000005d8    000005d8    00000004   00000004    r-- .const:ti_sysbios_knl_Mailbox_Instance_State_dataSem__O
  000005dc    000005dc    00000004   00000004    r-- .const:ti_sysbios_knl_Mailbox_Instance_State_freeQue__O
  000005e0    000005e0    00000004   00000004    r-- .const:ti_sysbios_knl_Mailbox_Instance_State_freeSem__O
  000005e4    000005e4    00000004   00000004    r-- .const:ti_sysbios_knl_Semaphore_Instance_State_pendQ__O
  000005e8    000005e8    00000004   00000004    r-- .const:ti_sysbios_knl_Task_Module_State_inactiveQ__O
  000005ec    000005ec    00008da0   00008da0    r-x .text.4
  0000938c    0000938c    00000444   00000444    r-- .const
000097d0    000097d0    00000008   00000008    rw-
  000097d0    000097d0    00000008   00000008    rw- .args
000097d8    000097d8    000007a8   000007a8    r--
  000097d8    000097d8    000007a8   000007a8    r-- .cinit
0001ffa8    0001ffa8    00000058   00000058    r--
  0001ffa8    0001ffa8    00000058   00000058    r-- .ccfg
20000100    20000100    00001f8c   00000000    rw-
  20000100    20000100    00000044   00000000    rw- .data:ti_sysbios_knl_Task_Module__state__V
  20000144    20000144    00000034   00000000    rw- .data:ti_sysbios_family_arm_m3_Hwi_Module__state__V
  20000178    20000178    0000002c   00000000    rw- .data:ti_sysbios_knl_Clock_Module__state__V
  200001a4    200001a4    00000024   00000000    rw- .data:ti_sysbios_BIOS_Module__state__V
  200001c8    200001c8    0000001c   00000000    rw- .data:ti_sysbios_knl_Swi_Module__state__V
  200001e4    200001e4    00000008   00000000    rw- .data:ti_sysbios_family_arm_cc26xx_Timer_Module__state__V
  200001ec    200001ec    00000004   00000000    rw- .data:ti_sysbios_family_arm_cc26xx_TimestampProvider_Module__state__V
  200001f0    200001f0    00000008   00000000    rw- .data:xdc_runtime_Startup_Module__state__V
  200001f8    200001f8    00000008   00000000    rw- .data:xdc_runtime_System_Module__state__V
  20000200    20000200    00000004   00000000    rw- .data:xdc_runtime_Memory_Module__state__V
  20000208    20000208    00001239   00000000    rw- .data
  20001448    20001448    00000c44   00000000    rw- .bss
20003ee0    20003ee0    00000400   00000000    rw-
  20003ee0    20003ee0    00000400   00000000    rw- .stack


SECTION ALLOCATION MAP

 output                                  attributes/
section   page    origin      length       input sections
--------  ----  ----------  ----------   ----------------
.resetVecs 
*          0    00000000    0000003c     
                  00000000    0000003c     app_ble_pem3.oem3 (.resetVecs)

.text.1    0    0000003c    000000c4     
                  0000003c    000000bc     UARTCC26XX.obj (.text:UARTCC26XX_initHw$13)
                  000000f8    00000008     (.tramp.ti_sysbios_BIOS_getCpuFreq__E.1)

.const:ti_sysbios_knl_Task_Object__PARAMS__C 
*          0    00000100    0000003c     
                  00000100    0000003c     app_ble_pem3.oem3 (.const:ti_sysbios_knl_Task_Object__PARAMS__C)

.const:ti_sysbios_knl_Mailbox_Object__PARAMS__C 
*          0    0000013c    00000034     
                  0000013c    00000034     app_ble_pem3.oem3 (.const:ti_sysbios_knl_Mailbox_Object__PARAMS__C)

.const:ti_sysbios_family_arm_m3_Hwi_Object__PARAMS__C 
*          0    00000170    00000030     
                  00000170    00000030     app_ble_pem3.oem3 (.const:ti_sysbios_family_arm_m3_Hwi_Object__PARAMS__C)

.const:ti_sysbios_hal_Hwi_Object__PARAMS__C 
*          0    000001a0    0000002c     
                  000001a0    0000002c     app_ble_pem3.oem3 (.const:ti_sysbios_hal_Hwi_Object__PARAMS__C)

.const:ti_sysbios_heaps_HeapMem_Module__FXNS__C 
*          0    000001cc    00000028     
                  000001cc    00000028     app_ble_pem3.oem3 (.const:ti_sysbios_heaps_HeapMem_Module__FXNS__C)

.const:ti_sysbios_knl_Swi_Object__PARAMS__C 
*          0    000001f4    00000028     
                  000001f4    00000028     app_ble_pem3.oem3 (.const:ti_sysbios_knl_Swi_Object__PARAMS__C)

.const:ti_sysbios_gates_GateHwi_Module__FXNS__C 
*          0    0000021c    00000024     
                  0000021c    00000024     app_ble_pem3.oem3 (.const:ti_sysbios_gates_GateHwi_Module__FXNS__C)

.const:ti_sysbios_gates_GateMutex_Module__FXNS__C 
*          0    00000240    00000024     
                  00000240    00000024     app_ble_pem3.oem3 (.const:ti_sysbios_gates_GateMutex_Module__FXNS__C)

.const:ti_sysbios_heaps_HeapMem_Object__PARAMS__C 
*          0    00000264    00000024     
                  00000264    00000024     app_ble_pem3.oem3 (.const:ti_sysbios_heaps_HeapMem_Object__PARAMS__C)

.const:ti_sysbios_knl_Clock_Object__PARAMS__C 
*          0    00000288    00000024     
                  00000288    00000024     app_ble_pem3.oem3 (.const:ti_sysbios_knl_Clock_Object__PARAMS__C)

.const:ti_sysbios_knl_Semaphore_Object__PARAMS__C 
*          0    000002ac    00000024     
                  000002ac    00000024     app_ble_pem3.oem3 (.const:ti_sysbios_knl_Semaphore_Object__PARAMS__C)

.const:ti_sysbios_family_arm_m3_Hwi_Object__DESC__C 
*          0    000002d0    00000020     
                  000002d0    00000020     app_ble_pem3.oem3 (.const:ti_sysbios_family_arm_m3_Hwi_Object__DESC__C)

.const:ti_sysbios_gates_GateHwi_Object__DESC__C 
*          0    000002f0    00000020     
                  000002f0    00000020     app_ble_pem3.oem3 (.const:ti_sysbios_gates_GateHwi_Object__DESC__C)

.const:ti_sysbios_gates_GateMutex_Object__DESC__C 
*          0    00000310    00000020     
                  00000310    00000020     app_ble_pem3.oem3 (.const:ti_sysbios_gates_GateMutex_Object__DESC__C)

.const:ti_sysbios_hal_Hwi_Object__DESC__C 
*          0    00000330    00000020     
                  00000330    00000020     app_ble_pem3.oem3 (.const:ti_sysbios_hal_Hwi_Object__DESC__C)

.const:ti_sysbios_heaps_HeapMem_Object__DESC__C 
*          0    00000350    00000020     
                  00000350    00000020     app_ble_pem3.oem3 (.const:ti_sysbios_heaps_HeapMem_Object__DESC__C)

.const:ti_sysbios_knl_Clock_Object__DESC__C 
*          0    00000370    00000020     
                  00000370    00000020     app_ble_pem3.oem3 (.const:ti_sysbios_knl_Clock_Object__DESC__C)

.const:ti_sysbios_knl_Mailbox_Object__DESC__C 
*          0    00000390    00000020     
                  00000390    00000020     app_ble_pem3.oem3 (.const:ti_sysbios_knl_Mailbox_Object__DESC__C)

.const:ti_sysbios_knl_Queue_Object__DESC__C 
*          0    000003b0    00000020     
                  000003b0    00000020     app_ble_pem3.oem3 (.const:ti_sysbios_knl_Queue_Object__DESC__C)

.const:ti_sysbios_knl_Semaphore_Object__DESC__C 
*          0    000003d0    00000020     
                  000003d0    00000020     app_ble_pem3.oem3 (.const:ti_sysbios_knl_Semaphore_Object__DESC__C)

.const:ti_sysbios_knl_Swi_Object__DESC__C 
*          0    000003f0    00000020     
                  000003f0    00000020     app_ble_pem3.oem3 (.const:ti_sysbios_knl_Swi_Object__DESC__C)

.const:ti_sysbios_knl_Task_Object__DESC__C 
*          0    00000410    00000020     
                  00000410    00000020     app_ble_pem3.oem3 (.const:ti_sysbios_knl_Task_Object__DESC__C)

.const:ti_sysbios_gates_GateHwi_Object__PARAMS__C 
*          0    00000430    00000018     
                  00000430    00000018     app_ble_pem3.oem3 (.const:ti_sysbios_gates_GateHwi_Object__PARAMS__C)

.const:ti_sysbios_gates_GateMutex_Object__PARAMS__C 
*          0    00000448    00000018     
                  00000448    00000018     app_ble_pem3.oem3 (.const:ti_sysbios_gates_GateMutex_Object__PARAMS__C)

.const:ti_sysbios_knl_Queue_Object__PARAMS__C 
*          0    00000460    00000018     
                  00000460    00000018     app_ble_pem3.oem3 (.const:ti_sysbios_knl_Queue_Object__PARAMS__C)

.const:ti_sysbios_knl_Idle_funcList__C 
*          0    00000478    00000008     
                  00000478    00000008     app_ble_pem3.oem3 (.const:ti_sysbios_knl_Idle_funcList__C)

.text.2    0    00000480    00000004     
                  00000480    00000004     multi.obj (.text:GAPRole_CancelDiscovery)

.const:ti_sysbios_family_arm_cc26xx_Timer_startupNeeded__C 
*          0    00000484    00000004     
                  00000484    00000004     app_ble_pem3.oem3 (.const:ti_sysbios_family_arm_cc26xx_Timer_startupNeeded__C)

.const:ti_sysbios_family_arm_m3_Hwi_E_alreadyDefined__C 
*          0    00000488    00000004     
                  00000488    00000004     app_ble_pem3.oem3 (.const:ti_sysbios_family_arm_m3_Hwi_E_alreadyDefined__C)

.const:ti_sysbios_family_arm_m3_Hwi_E_hwiLimitExceeded__C 
*          0    0000048c    00000004     
                  0000048c    00000004     app_ble_pem3.oem3 (.const:ti_sysbios_family_arm_m3_Hwi_E_hwiLimitExceeded__C)

.const:ti_sysbios_family_arm_m3_Hwi_NUM_INTERRUPTS__C 
*          0    00000490    00000004     
                  00000490    00000004     app_ble_pem3.oem3 (.const:ti_sysbios_family_arm_m3_Hwi_NUM_INTERRUPTS__C)

.const:ti_sysbios_family_arm_m3_Hwi_Object__count__C 
*          0    00000494    00000004     
                  00000494    00000004     app_ble_pem3.oem3 (.const:ti_sysbios_family_arm_m3_Hwi_Object__count__C)

.const:ti_sysbios_family_arm_m3_Hwi_Object__table__C 
*          0    00000498    00000004     
                  00000498    00000004     app_ble_pem3.oem3 (.const:ti_sysbios_family_arm_m3_Hwi_Object__table__C)

.const:ti_sysbios_family_arm_m3_Hwi_ccr__C 
*          0    0000049c    00000004     
                  0000049c    00000004     app_ble_pem3.oem3 (.const:ti_sysbios_family_arm_m3_Hwi_ccr__C)

.const:ti_sysbios_family_arm_m3_Hwi_excHandlerFunc__C 
*          0    000004a0    00000004     
                  000004a0    00000004     app_ble_pem3.oem3 (.const:ti_sysbios_family_arm_m3_Hwi_excHandlerFunc__C)

.const:ti_sysbios_family_arm_m3_Hwi_nullIsrFunc__C 
*          0    000004a4    00000004     
                  000004a4    00000004     app_ble_pem3.oem3 (.const:ti_sysbios_family_arm_m3_Hwi_nullIsrFunc__C)

.const:ti_sysbios_family_arm_m3_Hwi_numSparseInterrupts__C 
*          0    000004a8    00000004     
                  000004a8    00000004     app_ble_pem3.oem3 (.const:ti_sysbios_family_arm_m3_Hwi_numSparseInterrupts__C)

.const:ti_sysbios_family_arm_m3_Hwi_priGroup__C 
*          0    000004ac    00000004     
                  000004ac    00000004     app_ble_pem3.oem3 (.const:ti_sysbios_family_arm_m3_Hwi_priGroup__C)

.const:ti_sysbios_family_arm_m3_TaskSupport_stackAlignment__C 
*          0    000004b0    00000004     
                  000004b0    00000004     app_ble_pem3.oem3 (.const:ti_sysbios_family_arm_m3_TaskSupport_stackAlignment__C)

.const:ti_sysbios_heaps_HeapMem_E_memory__C 
*          0    000004b4    00000004     
                  000004b4    00000004     app_ble_pem3.oem3 (.const:ti_sysbios_heaps_HeapMem_E_memory__C)

.const:ti_sysbios_heaps_HeapMem_Module__gateObj__C 
*          0    000004b8    00000004     
                  000004b8    00000004     app_ble_pem3.oem3 (.const:ti_sysbios_heaps_HeapMem_Module__gateObj__C)

.const:ti_sysbios_heaps_HeapMem_Object__count__C 
*          0    000004bc    00000004     
                  000004bc    00000004     app_ble_pem3.oem3 (.const:ti_sysbios_heaps_HeapMem_Object__count__C)

.const:ti_sysbios_heaps_HeapMem_Object__table__C 
*          0    000004c0    00000004     
                  000004c0    00000004     app_ble_pem3.oem3 (.const:ti_sysbios_heaps_HeapMem_Object__table__C)

.const:ti_sysbios_heaps_HeapMem_reqAlign__C 
*          0    000004c4    00000004     
                  000004c4    00000004     app_ble_pem3.oem3 (.const:ti_sysbios_heaps_HeapMem_reqAlign__C)

.const:ti_sysbios_knl_Clock_serviceMargin__C 
*          0    000004c8    00000004     
                  000004c8    00000004     app_ble_pem3.oem3 (.const:ti_sysbios_knl_Clock_serviceMargin__C)

.const:ti_sysbios_knl_Mailbox_Object__count__C 
*          0    000004cc    00000004     
                  000004cc    00000004     app_ble_pem3.oem3 (.const:ti_sysbios_knl_Mailbox_Object__count__C)

.const:ti_sysbios_knl_Mailbox_Object__table__C 
*          0    000004d0    00000004     
                  000004d0    00000004     app_ble_pem3.oem3 (.const:ti_sysbios_knl_Mailbox_Object__table__C)

.const:ti_sysbios_knl_Queue_Object__count__C 
*          0    000004d4    00000004     
                  000004d4    00000004     app_ble_pem3.oem3 (.const:ti_sysbios_knl_Queue_Object__count__C)

.const:ti_sysbios_knl_Queue_Object__table__C 
*          0    000004d8    00000004     
                  000004d8    00000004     app_ble_pem3.oem3 (.const:ti_sysbios_knl_Queue_Object__table__C)

.const:ti_sysbios_knl_Swi_Object__count__C 
*          0    000004dc    00000004     
                  000004dc    00000004     app_ble_pem3.oem3 (.const:ti_sysbios_knl_Swi_Object__count__C)

.const:ti_sysbios_knl_Swi_Object__table__C 
*          0    000004e0    00000004     
                  000004e0    00000004     app_ble_pem3.oem3 (.const:ti_sysbios_knl_Swi_Object__table__C)

.const:ti_sysbios_knl_Swi_numPriorities__C 
*          0    000004e4    00000004     
                  000004e4    00000004     app_ble_pem3.oem3 (.const:ti_sysbios_knl_Swi_numPriorities__C)

.const:ti_sysbios_knl_Task_Object__count__C 
*          0    000004e8    00000004     
                  000004e8    00000004     app_ble_pem3.oem3 (.const:ti_sysbios_knl_Task_Object__count__C)

.const:ti_sysbios_knl_Task_Object__table__C 
*          0    000004ec    00000004     
                  000004ec    00000004     app_ble_pem3.oem3 (.const:ti_sysbios_knl_Task_Object__table__C)

.const:ti_sysbios_knl_Task_allBlockedFunc__C 
*          0    000004f0    00000004     
                  000004f0    00000004     app_ble_pem3.oem3 (.const:ti_sysbios_knl_Task_allBlockedFunc__C)

.const:ti_sysbios_knl_Task_defaultStackHeap__C 
*          0    000004f4    00000004     
                  000004f4    00000004     app_ble_pem3.oem3 (.const:ti_sysbios_knl_Task_defaultStackHeap__C)

.const:ti_sysbios_knl_Task_defaultStackSize__C 
*          0    000004f8    00000004     
                  000004f8    00000004     app_ble_pem3.oem3 (.const:ti_sysbios_knl_Task_defaultStackSize__C)

.const:ti_sysbios_knl_Task_numConstructedTasks__C 
*          0    000004fc    00000004     
                  000004fc    00000004     app_ble_pem3.oem3 (.const:ti_sysbios_knl_Task_numConstructedTasks__C)

.text.3    0    00000500    00000002     
                  00000500    00000002     ble_user_config-multi_role.obj (.text:DefaultAssertCback)

.const:ti_sysbios_family_arm_cc26xx_Timer_Module__id__C 
*          0    00000502    00000002     
                  00000502    00000002     app_ble_pem3.oem3 (.const:ti_sysbios_family_arm_cc26xx_Timer_Module__id__C)

.const:ti_sysbios_family_arm_cc26xx_TimestampProvider_useClockTimer__C 
*          0    00000504    00000002     
                  00000504    00000002     app_ble_pem3.oem3 (.const:ti_sysbios_family_arm_cc26xx_TimestampProvider_useClockTimer__C)

.const:ti_sysbios_family_arm_m3_Hwi_Module__id__C 
*          0    00000506    00000002     
                  00000506    00000002     app_ble_pem3.oem3 (.const:ti_sysbios_family_arm_m3_Hwi_Module__id__C)

.const:ti_sysbios_gates_GateHwi_Module__id__C 
*          0    00000508    00000002     
                  00000508    00000002     app_ble_pem3.oem3 (.const:ti_sysbios_gates_GateHwi_Module__id__C)

.const:ti_sysbios_gates_GateMutex_Module__id__C 
*          0    0000050a    00000002     
                  0000050a    00000002     app_ble_pem3.oem3 (.const:ti_sysbios_gates_GateMutex_Module__id__C)

.const:ti_sysbios_heaps_HeapMem_Module__id__C 
*          0    0000050c    00000002     
                  0000050c    00000002     app_ble_pem3.oem3 (.const:ti_sysbios_heaps_HeapMem_Module__id__C)

.const:ti_sysbios_knl_Task_initStackFlag__C 
*          0    0000050e    00000002     
                  0000050e    00000002     app_ble_pem3.oem3 (.const:ti_sysbios_knl_Task_initStackFlag__C)

.const:ti_sysbios_knl_Clock_tickMode__C 
*          0    00000510    00000001     
                  00000510    00000001     app_ble_pem3.oem3 (.const:ti_sysbios_knl_Clock_tickMode__C)

.const:xdc_runtime_Startup_firstFxns__C 
*          0    00000514    00000008     
                  00000514    00000008     app_ble_pem3.oem3 (.const:xdc_runtime_Startup_firstFxns__C)

.const:xdc_runtime_Startup_lastFxns__C 
*          0    0000051c    00000008     
                  0000051c    00000008     app_ble_pem3.oem3 (.const:xdc_runtime_Startup_lastFxns__C)

.const:xdc_runtime_Assert_E_assertFailed__C 
*          0    00000524    00000004     
                  00000524    00000004     app_ble_pem3.oem3 (.const:xdc_runtime_Assert_E_assertFailed__C)

.const:xdc_runtime_Error_E_memory__C 
*          0    00000528    00000004     
                  00000528    00000004     app_ble_pem3.oem3 (.const:xdc_runtime_Error_E_memory__C)

.const:xdc_runtime_Error_policyFxn__C 
*          0    0000052c    00000004     
                  0000052c    00000004     app_ble_pem3.oem3 (.const:xdc_runtime_Error_policyFxn__C)

.const:xdc_runtime_IGateProvider_Interface__BASE__C 
*          0    00000530    00000004     
                  00000530    00000004     app_ble_pem3.oem3 (.const:xdc_runtime_IGateProvider_Interface__BASE__C)

.const:xdc_runtime_IHeap_Interface__BASE__C 
*          0    00000534    00000004     
                  00000534    00000004     app_ble_pem3.oem3 (.const:xdc_runtime_IHeap_Interface__BASE__C)

.const:xdc_runtime_IModule_Interface__BASE__C 
*          0    00000538    00000004     
                  00000538    00000004     app_ble_pem3.oem3 (.const:xdc_runtime_IModule_Interface__BASE__C)

.const:xdc_runtime_Main_Module__diagsEnabled__C 
*          0    0000053c    00000004     
                  0000053c    00000004     app_ble_pem3.oem3 (.const:xdc_runtime_Main_Module__diagsEnabled__C)

.const:xdc_runtime_Main_Module__diagsIncluded__C 
*          0    00000540    00000004     
                  00000540    00000004     app_ble_pem3.oem3 (.const:xdc_runtime_Main_Module__diagsIncluded__C)

.const:xdc_runtime_Main_Module__diagsMask__C 
*          0    00000544    00000004     
                  00000544    00000004     app_ble_pem3.oem3 (.const:xdc_runtime_Main_Module__diagsMask__C)

.const:xdc_runtime_Memory_defaultHeapInstance__C 
*          0    00000548    00000004     
                  00000548    00000004     app_ble_pem3.oem3 (.const:xdc_runtime_Memory_defaultHeapInstance__C)

.const:xdc_runtime_Startup_execImpl__C 
*          0    0000054c    00000004     
                  0000054c    00000004     app_ble_pem3.oem3 (.const:xdc_runtime_Startup_execImpl__C)

.const:xdc_runtime_Startup_maxPasses__C 
*          0    00000550    00000004     
                  00000550    00000004     app_ble_pem3.oem3 (.const:xdc_runtime_Startup_maxPasses__C)

.const:xdc_runtime_Startup_sfxnRts__C 
*          0    00000554    00000004     
                  00000554    00000004     app_ble_pem3.oem3 (.const:xdc_runtime_Startup_sfxnRts__C)

.const:xdc_runtime_Startup_sfxnTab__C 
*          0    00000558    00000004     
                  00000558    00000004     app_ble_pem3.oem3 (.const:xdc_runtime_Startup_sfxnTab__C)

.const:xdc_runtime_Startup_startModsFxn__C 
*          0    0000055c    00000004     
                  0000055c    00000004     app_ble_pem3.oem3 (.const:xdc_runtime_Startup_startModsFxn__C)

.const:xdc_runtime_SysCallback_abortFxn__C 
*          0    00000560    00000004     
                  00000560    00000004     app_ble_pem3.oem3 (.const:xdc_runtime_SysCallback_abortFxn__C)

.const:xdc_runtime_SysCallback_exitFxn__C 
*          0    00000564    00000004     
                  00000564    00000004     app_ble_pem3.oem3 (.const:xdc_runtime_SysCallback_exitFxn__C)

.const:xdc_runtime_System_abortFxn__C 
*          0    00000568    00000004     
                  00000568    00000004     app_ble_pem3.oem3 (.const:xdc_runtime_System_abortFxn__C)

.const:xdc_runtime_System_exitFxn__C 
*          0    0000056c    00000004     
                  0000056c    00000004     app_ble_pem3.oem3 (.const:xdc_runtime_System_exitFxn__C)

.const:xdc_runtime_System_maxAtexitHandlers__C 
*          0    00000570    00000004     
                  00000570    00000004     app_ble_pem3.oem3 (.const:xdc_runtime_System_maxAtexitHandlers__C)

.const:xdc_runtime_Text_charTab__C 
*          0    00000574    00000004     
                  00000574    00000004     app_ble_pem3.oem3 (.const:xdc_runtime_Text_charTab__C)

.const:xdc_runtime_Text_nameEmpty__C 
*          0    00000578    00000004     
                  00000578    00000004     app_ble_pem3.oem3 (.const:xdc_runtime_Text_nameEmpty__C)

.const:xdc_runtime_Text_nameStatic__C 
*          0    0000057c    00000004     
                  0000057c    00000004     app_ble_pem3.oem3 (.const:xdc_runtime_Text_nameStatic__C)

.const:xdc_runtime_Text_nameUnknown__C 
*          0    00000580    00000004     
                  00000580    00000004     app_ble_pem3.oem3 (.const:xdc_runtime_Text_nameUnknown__C)

.const:xdc_runtime_Main_Module__id__C 
*          0    00000584    00000002     
                  00000584    00000002     app_ble_pem3.oem3 (.const:xdc_runtime_Main_Module__id__C)

.const:xdc_runtime_Memory_Module__id__C 
*          0    00000586    00000002     
                  00000586    00000002     app_ble_pem3.oem3 (.const:xdc_runtime_Memory_Module__id__C)

.const:xdc_runtime_Text_charCnt__C 
*          0    00000588    00000002     
                  00000588    00000002     app_ble_pem3.oem3 (.const:xdc_runtime_Text_charCnt__C)

.const:xdc_runtime_Text_isLoaded__C 
*          0    0000058a    00000002     
                  0000058a    00000002     app_ble_pem3.oem3 (.const:xdc_runtime_Text_isLoaded__C)

.const:xdc_runtime_Error_policy__C 
*          0    0000058c    00000001     
                  0000058c    00000001     app_ble_pem3.oem3 (.const:xdc_runtime_Error_policy__C)

.const:ti_sysbios_rom_ROM_AONRTCChannelEnable 
*          0    00000590    00000004     
                  00000590    00000004     app_ble_pem3.oem3 (.const:ti_sysbios_rom_ROM_AONRTCChannelEnable)

.const:ti_sysbios_rom_ROM_AONRTCCompareValueSet 
*          0    00000594    00000004     
                  00000594    00000004     app_ble_pem3.oem3 (.const:ti_sysbios_rom_ROM_AONRTCCompareValueSet)

.const:ti_sysbios_rom_ROM_AONRTCCurrentCompareValueGet 
*          0    00000598    00000004     
                  00000598    00000004     app_ble_pem3.oem3 (.const:ti_sysbios_rom_ROM_AONRTCCurrentCompareValueGet)

.const:ti_sysbios_rom_ROM_AONRTCEventClear 
*          0    0000059c    00000004     
                  0000059c    00000004     app_ble_pem3.oem3 (.const:ti_sysbios_rom_ROM_AONRTCEventClear)

.const:ti_sysbios_rom_ROM_ti_sysbios_family_arm_cc26xx_Timer_getCount64__E 
*          0    000005a0    00000004     
                  000005a0    00000004     app_ble_pem3.oem3 (.const:ti_sysbios_rom_ROM_ti_sysbios_family_arm_cc26xx_Timer_getCount64__E)

.const:ti_sysbios_rom_ROM_ti_sysbios_family_arm_cc26xx_Timer_getCurrentTick__E 
*          0    000005a4    00000004     
                  000005a4    00000004     app_ble_pem3.oem3 (.const:ti_sysbios_rom_ROM_ti_sysbios_family_arm_cc26xx_Timer_getCurrentTick__E)

.const:ti_sysbios_rom_ROM_ti_sysbios_family_arm_cc26xx_Timer_getMaxTicks__E 
*          0    000005a8    00000004     
                  000005a8    00000004     app_ble_pem3.oem3 (.const:ti_sysbios_rom_ROM_ti_sysbios_family_arm_cc26xx_Timer_getMaxTicks__E)

.const:ti_sysbios_rom_ROM_ti_sysbios_family_arm_cc26xx_Timer_initDevice__I 
*          0    000005ac    00000004     
                  000005ac    00000004     app_ble_pem3.oem3 (.const:ti_sysbios_rom_ROM_ti_sysbios_family_arm_cc26xx_Timer_initDevice__I)

.const:ti_sysbios_rom_ROM_ti_sysbios_family_arm_cc26xx_Timer_setNextTick__E 
*          0    000005b0    00000004     
                  000005b0    00000004     app_ble_pem3.oem3 (.const:ti_sysbios_rom_ROM_ti_sysbios_family_arm_cc26xx_Timer_setNextTick__E)

.const:ti_sysbios_rom_ROM_ti_sysbios_family_arm_cc26xx_Timer_setThreshold__I 
*          0    000005b4    00000004     
                  000005b4    00000004     app_ble_pem3.oem3 (.const:ti_sysbios_rom_ROM_ti_sysbios_family_arm_cc26xx_Timer_setThreshold__I)

.const:ti_sysbios_rom_ROM_ti_sysbios_family_arm_cc26xx_Timer_start__E 
*          0    000005b8    00000004     
                  000005b8    00000004     app_ble_pem3.oem3 (.const:ti_sysbios_rom_ROM_ti_sysbios_family_arm_cc26xx_Timer_start__E)

.const:ti_sysbios_rom_ROM_ti_sysbios_family_arm_cc26xx_TimestampProvider_get32__E 
*          0    000005bc    00000004     
                  000005bc    00000004     app_ble_pem3.oem3 (.const:ti_sysbios_rom_ROM_ti_sysbios_family_arm_cc26xx_TimestampProvider_get32__E)

.const:ti_sysbios_rom_ROM_xdc_runtime_Startup_getState__I 
*          0    000005c0    00000004     
                  000005c0    00000004     app_ble_pem3.oem3 (.const:ti_sysbios_rom_ROM_xdc_runtime_Startup_getState__I)

.const:ti_sysbios_rom_ROM_xdc_runtime_System_SupportProxy_abort__E 
*          0    000005c4    00000004     
                  000005c4    00000004     app_ble_pem3.oem3 (.const:ti_sysbios_rom_ROM_xdc_runtime_System_SupportProxy_abort__E)

.const:ti_sysbios_rom_ROM_xdc_runtime_System_SupportProxy_exit__E 
*          0    000005c8    00000004     
                  000005c8    00000004     app_ble_pem3.oem3 (.const:ti_sysbios_rom_ROM_xdc_runtime_System_SupportProxy_exit__E)

.const:ti_sysbios_gates_GateMutex_Instance_State_sem__O 
*          0    000005cc    00000004     
                  000005cc    00000004     app_ble_pem3.oem3 (.const:ti_sysbios_gates_GateMutex_Instance_State_sem__O)

.const:ti_sysbios_knl_Clock_Module_State_clockQ__O 
*          0    000005d0    00000004     
                  000005d0    00000004     app_ble_pem3.oem3 (.const:ti_sysbios_knl_Clock_Module_State_clockQ__O)

.const:ti_sysbios_knl_Mailbox_Instance_State_dataQue__O 
*          0    000005d4    00000004     
                  000005d4    00000004     app_ble_pem3.oem3 (.const:ti_sysbios_knl_Mailbox_Instance_State_dataQue__O)

.const:ti_sysbios_knl_Mailbox_Instance_State_dataSem__O 
*          0    000005d8    00000004     
                  000005d8    00000004     app_ble_pem3.oem3 (.const:ti_sysbios_knl_Mailbox_Instance_State_dataSem__O)

.const:ti_sysbios_knl_Mailbox_Instance_State_freeQue__O 
*          0    000005dc    00000004     
                  000005dc    00000004     app_ble_pem3.oem3 (.const:ti_sysbios_knl_Mailbox_Instance_State_freeQue__O)

.const:ti_sysbios_knl_Mailbox_Instance_State_freeSem__O 
*          0    000005e0    00000004     
                  000005e0    00000004     app_ble_pem3.oem3 (.const:ti_sysbios_knl_Mailbox_Instance_State_freeSem__O)

.const:ti_sysbios_knl_Semaphore_Instance_State_pendQ__O 
*          0    000005e4    00000004     
                  000005e4    00000004     app_ble_pem3.oem3 (.const:ti_sysbios_knl_Semaphore_Instance_State_pendQ__O)

.const:ti_sysbios_knl_Task_Module_State_inactiveQ__O 
*          0    000005e8    00000004     
                  000005e8    00000004     app_ble_pem3.oem3 (.const:ti_sysbios_knl_Task_Module_State_inactiveQ__O)

.cinit     0    000097d8    000007a8     
                  000097d8    0000061b     (.cinit..data.load) [load image, compression = rle]
                  00009df3    00000005     --HOLE-- [fill = 0]
                  00009df8    0000002d     (.cinit..data:ti_sysbios_family_arm_m3_Hwi_Module__state__V.load) [load image, compression = rle]
                  00009e25    00000003     --HOLE-- [fill = 0]
                  00009e28    0000002c     (.cinit..data:ti_sysbios_knl_Task_Module__state__V.load) [load image, compression = rle]
                  00009e54    00000004     --HOLE-- [fill = 0]
                  00009e58    00000021     (.cinit..data:ti_sysbios_knl_Clock_Module__state__V.load) [load image, compression = rle]
                  00009e79    00000007     --HOLE-- [fill = 0]
                  00009e80    0000001f     (.cinit..data:ti_sysbios_BIOS_Module__state__V.load) [load image, compression = rle]
                  00009e9f    00000001     --HOLE-- [fill = 0]
                  00009ea0    00000011     (.cinit..data:ti_sysbios_knl_Swi_Module__state__V.load) [load image, compression = rle]
                  00009eb1    00000007     --HOLE-- [fill = 0]
                  00009eb8    0000000d     (.cinit..data:ti_sysbios_family_arm_cc26xx_Timer_Module__state__V.load) [load image, compression = rle]
                  00009ec5    00000003     --HOLE-- [fill = 0]
                  00009ec8    0000000c     (__TI_handler_table)
                  00009ed4    00000004     --HOLE-- [fill = 0]
                  00009ed8    0000000a     (.cinit..data:xdc_runtime_Memory_Module__state__V.load) [load image, compression = rle]
                  00009ee2    00000006     --HOLE-- [fill = 0]
                  00009ee8    00000009     (.cinit..data:ti_sysbios_family_arm_cc26xx_TimestampProvider_Module__state__V.load) [load image, compression = rle]
                  00009ef1    00000007     --HOLE-- [fill = 0]
                  00009ef8    00000009     (.cinit..data:xdc_runtime_Startup_Module__state__V.load) [load image, compression = rle]
                  00009f01    00000007     --HOLE-- [fill = 0]
                  00009f08    00000009     (.cinit..data:xdc_runtime_System_Module__state__V.load) [load image, compression = rle]
                  00009f11    00000007     --HOLE-- [fill = 0]
                  00009f18    00000008     (.cinit..bss.load) [load image, compression = zero_init]
                  00009f20    00000060     (__TI_cinit_table)

.ccfg      0    0001ffa8    00000058     
                  0001ffa8    00000058     ccfg_app_ble.obj (.ccfg:retain)

.vecs      0    20000000    000000c8     NOLOAD SECTION
                  20000000    000000c8     app_ble_pem3.oem3 (.vecs)

.data:ti_sysbios_knl_Task_Module__state__V 
*          0    20000100    00000044     UNINITIALIZED
                  20000100    00000044     app_ble_pem3.oem3 (.data:ti_sysbios_knl_Task_Module__state__V)

.data:ti_sysbios_family_arm_m3_Hwi_Module__state__V 
*          0    20000144    00000034     UNINITIALIZED
                  20000144    00000034     app_ble_pem3.oem3 (.data:ti_sysbios_family_arm_m3_Hwi_Module__state__V)

.data:ti_sysbios_knl_Clock_Module__state__V 
*          0    20000178    0000002c     UNINITIALIZED
                  20000178    0000002c     app_ble_pem3.oem3 (.data:ti_sysbios_knl_Clock_Module__state__V)

.data:ti_sysbios_BIOS_Module__state__V 
*          0    200001a4    00000024     UNINITIALIZED
                  200001a4    00000024     app_ble_pem3.oem3 (.data:ti_sysbios_BIOS_Module__state__V)

.data:ti_sysbios_knl_Swi_Module__state__V 
*          0    200001c8    0000001c     UNINITIALIZED
                  200001c8    0000001c     app_ble_pem3.oem3 (.data:ti_sysbios_knl_Swi_Module__state__V)

.data:ti_sysbios_family_arm_cc26xx_Timer_Module__state__V 
*          0    200001e4    00000008     UNINITIALIZED
                  200001e4    00000008     app_ble_pem3.oem3 (.data:ti_sysbios_family_arm_cc26xx_Timer_Module__state__V)

.data:ti_sysbios_family_arm_cc26xx_TimestampProvider_Module__state__V 
*          0    200001ec    00000004     UNINITIALIZED
                  200001ec    00000004     app_ble_pem3.oem3 (.data:ti_sysbios_family_arm_cc26xx_TimestampProvider_Module__state__V)

.data:xdc_runtime_Startup_Module__state__V 
*          0    200001f0    00000008     UNINITIALIZED
                  200001f0    00000008     app_ble_pem3.oem3 (.data:xdc_runtime_Startup_Module__state__V)

.data:xdc_runtime_System_Module__state__V 
*          0    200001f8    00000008     UNINITIALIZED
                  200001f8    00000008     app_ble_pem3.oem3 (.data:xdc_runtime_System_Module__state__V)

.data:xdc_runtime_Memory_Module__state__V 
*          0    20000200    00000004     UNINITIALIZED
                  20000200    00000004     app_ble_pem3.oem3 (.data:xdc_runtime_Memory_Module__state__V)

.bootVecs 
*          0    00000000    00000008     DSECT
                  00000000    00000008     boot.aem3 : boot.oem3 (.bootVecs)

xdc.meta   0    00000000    000000fd     COPY SECTION
                  00000000    000000fd     app_ble_pem3.oem3 (xdc.meta)

xdc.noload 
*          0    00000000    00000000     COPY SECTION

.init_array 
*          0    00000000    00000000     UNINITIALIZED

.text.4    0    000005ec    00008da0     
                  000005ec    000005c3     multi_role.obj (.text:multi_role_handleKeys$1)
                  00000baf    00000001     --HOLE-- [fill = 0]
                  00000bb0    00000338     rom_sysbios.aem3 : rom_sysbios.obj (.text:xdc_runtime_System_doPrint__I)
                  00000ee8    00000310     RFCC26XX_singleMode.obj (.text:fsmActiveState$8)
                  000011f8    000002e8     multi_role.obj (.text:multi_role_processRoleEvent$1)
                  000014e0    000002cc     multi_role.obj (.text:multi_role_init$1)
                  000017ac    00000228     drivers_cc26xxware.aem3 : PowerCC26XX.oem3 (.text:Power_sleep)
                  000019d4    00000204     driverlib.lib : sys_ctrl.obj (.text:NOROM_SysCtrlSetRechargeBeforePowerDown)
                  00001bd8    000001f4     rtsv7M3_T_le_eabi.lib : ull_div_t2.obj (.text)
                  00001dcc    000001d0     drivers_cc26xxware.aem3 : PowerCC26XX_calibrateRCOSC.oem3 (.text:calibrateRcoscHf1)
                  00001f9c    000001a8     PINCC26XX.obj (.text:PIN_init)
                  00002144    000001a8     RFCC26XX_singleMode.obj (.text:abortCmd$8)
                  000022ec    0000018c     UARTCC26XX.obj (.text:UARTCC26XX_open)
                  00002478    00000184     drivers_cc26xxware.aem3 : PowerCC26XX_calibrateRCOSC.oem3 (.text:PowerCC26XX_doCalibrate)
                  000025fc    00000170     RFCC26XX_singleMode.obj (.text:RF_postCmd)
                  0000276c    00000154     multi.obj (.text:gapRole_processGAPMsg$23)
                  000028c0    00000140     main.obj (.text:AssertHandler)
                  00002a00    00000138     multi_role.obj (.text:multi_role_processGATTMsg$1)
                  00002b38    00000134     multi.obj (.text:GAPRole_SetParameter)
                  00002c6c    00000130     driverlib.lib : setup.obj (.text:NOROM_SetupAfterColdResetWakeupFromShutDownCfg3)
                  00002d9c    00000128     RFCC26XX_singleMode.obj (.text:fsmSetupState$8)
                  00002ec4    0000011c     drivers_cc26xxware.aem3 : PowerCC26XX.oem3 (.text:Power_init)
                  00002fe0    00000118     multi_role.obj (.text:multi_role_processGATTDiscEvent$1)
                  000030f8    00000110     RFCC26XX_singleMode.obj (.text:hwiFxnCpe0Active$8)
                  00003208    000000fc     UARTCC26XX.obj (.text:UARTCC26XX_write)
                  00003304    000000f8     app_ble_pem3.oem3 (.text:xdc_runtime_System_printfExtend__I)
                  000033fc    000000f0     multi_role.obj (.text:multi_role_processPairState$1)
                  000034ec    000000ec     icall.obj (.text:ICall_primWaitMatch$15)
                  000035d8    000000ec     RFCC26XX_singleMode.obj (.text:rf_init$8)
                  000036c4    000000e6     UARTCC26XX.obj (.text:UARTCC26XX_hwiIntFxn)
                  000037aa    00000002     DisplayUart.obj (.text:DisplayUart_clear)
                  000037ac    000000e4     driverlib.lib : setup.obj (.text:NOROM_SetupAfterColdResetWakeupFromShutDownCfg2)
                  00003890    000000d8     multi.obj (.text:gapRole_taskFxn$23)
                  00003968    000000d4     drivers_cc26xxware.aem3 : PowerCC26XX.oem3 (.text:Power_releaseDependency)
                  00003a3c    000000d0                             : PowerCC26XX.oem3 (.text:Power_setDependency)
                  00003b0c    000000cc     driverlib.lib : setup.obj (.text:TrimAfterColdResetWakeupFromShutDown)
                  00003bd8    000000c8     RFCC26XX_singleMode.obj (.text:fsmPowerUpState$8)
                  00003ca0    000000c4     RFCC26XX_singleMode.obj (.text:swiFxnHw$8)
                  00003d64    000000c0     RFCC26XX_singleMode.obj (.text:RF_open)
                  00003e24    000000bc     power_cc26xx_tirtos.aem3 : PowerCC26XX_tirtos.oem3 (.text:PowerCC26XX_standbyPolicy)
                  00003ee0    000000b4     PINCC26XX.obj (.text:PINCC26XX_setIoCfg$7)
                  00003f94    000000b4     UARTCC26XX.obj (.text:UARTCC26XX_read)
                  00004048    000000b0     devinfoservice.obj (.text:devInfo_ReadAttrCB$20)
                  000040f8    000000a4     driverlib.lib : setup.obj (.text:NOROM_SetupTrimDevice)
                  0000419c    000000a0     auto_init.aem3 : auto_init.oem3 (.text)
                  0000423c    0000009c     rtsv7M3_T_le_eabi.lib : memcpy_t2.obj (.text)
                  000042d8    0000009a     rom_sysbios.aem3 : rom_sysbios.obj (.text:xdc_runtime_Text_putSite__E)
                  00004372    00000002     DisplayUart.obj (.text:DisplayUart_clearLines)
                  00004374    00000098     PINCC26XX.obj (.text:PIN_open)
                  0000440c    00000098     rom_sysbios.aem3 : rom_sysbios.obj (.text:ti_sysbios_knl_Clock_workFuncDynamic__E)
                  000044a4    00000094                      : rom_sysbios.obj (.text:xdc_runtime_Text_putMod__E)
                  00004538    00000090     UARTCC26XX.obj (.text:UARTCC26XX_initIO$13)
                  000045c8    00000090     drivers_cc26xxware.aem3 : PowerCC26XX.oem3 (.text:switchXOSCHFclockFunc)
                  00004658    00000090     UARTCC26XX.obj (.text:writeFinishedDoCallback$13)
                  000046e8    0000008c     driverlib.lib : osc.obj (.text:NOROM_OSCHF_GetStartupTime)
                  00004774    0000008c     simple_gatt_profile.obj (.text:simpleProfile_WriteAttrCB$19)
                  00004800    00000088     UARTCC26XX.obj (.text:UARTCC26XX_writeCancel)
                  00004888    00000088     multi.obj (.text:gapRole_connUpdate)
                  00004910    00000088     multi.obj (.text:gapRole_init$23)
                  00004998    00000084     icall.obj (.text:ICall_heapMalloc)
                  00004a1c    00000084     icall.obj (.text:ICall_primSetTimer$15)
                  00004aa0    00000084     TRNGCC26XX.obj (.text:TRNGCC26XX_getNumber)
                  00004b24    00000084     multi_role.obj (.text:multi_role_taskFxn$1)
                  00004ba8    00000080     RFCC26XX_singleMode.obj (.text:RF_pendCmd)
                  00004c28    0000007c     board_key.obj (.text:Board_initKeys)
                  00004ca4    0000007c     icall.obj (.text:ICall_createRemoteTasks)
                  00004d20    0000007c     drivers_cc26xxware.aem3 : PowerCC26XX.oem3 (.text:disableLFClockQualifiers)
                  00004d9c    0000007a     rtsv7M3_T_le_eabi.lib : memset_t2.obj (.text)
                  00004e16    00000002     driverlib.lib : rfc.obj (.text:NOROM_RFCAdi3VcoLdoVoltageMode)
                  00004e18    00000078                   : setup.obj (.text:NOROM_SetupAfterColdResetWakeupFromShutDownCfg1)
                  00004e90    00000074     icall_cc2650.obj (.text:ICallPlatform_pwrUpdActivityCounter)
                  00004f04    00000074     icall.obj (.text:ICall_primSend$15)
                  00004f78    00000074     drivers_cc26xxware.aem3 : PowerCC26XX_calibrateRCOSC.oem3 (.text:PowerCC26XX_auxISR)
                  00004fec    00000074     UARTCC26XX.obj (.text:UARTCC26XX_close)
                  00005060    00000074     drivers_cc26xxware.aem3 : PowerCC26XX_calibrateRCOSC.oem3 (.text:calibrateRcoscHf2)
                  000050d4    00000072     UARTCC26XX.obj (.text:writeTxFifoFlush$13)
                  00005146    00000002     driverlib.lib : rfc.obj (.text:NOROM_RFCRTrim)
                  00005148    00000070                   : chipinfo.obj (.text:NOROM_ChipInfo_GetHwRevision)
                  000051b8    00000070     UARTCC26XX.obj (.text:UARTCC26XX_readCancel)
                  00005228    0000006e     gattservapp_util.obj (.text:gattServApp_SendNotiInd$22)
                  00005296    00000002     RFCC26XX_singleMode.obj (.text:defaultErrCb$8)
                  00005298    0000006d     rom_sysbios.aem3 : rom_sysbios.obj (.text:xdc_runtime_System_formatNum__I)
                  00005305    00000001     --HOLE-- [fill = 0]
                  00005306    00000002     drivers_cc26xxware.aem3 : PowerCC26XX.oem3 (.text:emptyClockFunc)
                  00005308    0000006c     icall.obj (.text:ICall_heapInit)
                  00005374    0000006c     driverlib.lib : setup.obj (.text:NOROM_SetupGetTrimForAmpcompCtrl)
                  000053e0    0000006c     drivers_cc26xxware.aem3 : PowerCC26XX.oem3 (.text:PowerCC26XX_calibrate)
                  0000544c    0000006c     RFCC26XX_singleMode.obj (.text:fsmPowerDownState$8)
                  000054b8    0000006a     rtsv7M3_T_le_eabi.lib : copy_decompress_rle.obj (.text)
                  00005522    00000002                           : i_div0.obj (.text)
                  00005524    00000068     driverlib.lib : setup.obj (.text:NOROM_SetupGetTrimForAnabypassValue1)
                  0000558c    00000068                   : sys_ctrl.obj (.text:NOROM_SysCtrl_DCDC_VoltageConditionalControl)
                  000055f4    00000068     multi_role.obj (.text:multi_role_freeAttRsp$1)
                  0000565c    00000064     gattservapp_util.obj (.text:GATTServApp_ProcessCharCfg)
                  000056c0    00000064     rom_sysbios.aem3 : rom_sysbios.obj (.text:ti_sysbios_family_arm_cc26xx_Timer_start__E)
                  00005724    00000060     DisplayUart.obj (.text:DisplayUart_put5)
                  00005784    00000060     icall.obj (.text:ICall_primEnroll$15)
                  000057e4    00000060     drivers_cc26xxware.aem3 : PowerCC26XX_calibrateRCOSC.oem3 (.text:PowerCC26XX_RCOSC_clockFunc)
                  00005844    00000060     RFCC26XX_singleMode.obj (.text:RF_getCurrentTime)
                  000058a4    00000060     drivers_cc26xxware.aem3 : PowerCC26XX_calibrateRCOSC.oem3 (.text:updateSubSecInc)
                  00005904    0000005c     icall.obj (.text:ICall_primThreadServes$15)
                  00005960    0000005c     driverlib.lib : osc.obj (.text:NOROM_OSCHF_AttemptToSwitchToXosc)
                  000059bc    0000005c                   : sys_ctrl.obj (.text:NOROM_SysCtrlAdjustRechargeAfterPowerDown)
                  00005a18    0000005c     simple_gatt_profile.obj (.text:SimpleProfile_SetParameter)
                  00005a74    0000005c     RFCC26XX_singleMode.obj (.text:applyRfCorePatch$8)
                  00005ad0    0000005c     RFCC26XX_singleMode.obj (.text:decActiveClientCnt$8)
                  00005b2c    0000005c     simple_gatt_profile.obj (.text:simpleProfile_ReadAttrCB$19)
                  00005b88    0000005c     app_ble_pem3.oem3 (.text:xdc_runtime_Startup_getState__I)
                  00005be4    0000005b     rom_sysbios.aem3 : rom_sysbios.obj (.text:xdc_runtime_Text_putLab__E)
                  00005c3f    00000001     --HOLE-- [fill = 0]
                  00005c40    00000058     icall_api.obj (.text:GAP_DeviceInit)
                  00005c98    00000058     PINCC26XX.obj (.text:PIN_remove)
                  00005cf0    00000058     drivers_cc26xxware.aem3 : PowerCC26XX_calibrateRCOSC.oem3 (.text:PowerCC26XX_initiateCalibration)
                  00005d48    00000058     UARTCC26XX.obj (.text:UARTCC26XX_control)
                  00005da0    00000058     multi.obj (.text:gapRole_processStackMsg$23)
                  00005df8    00000058     multi_role.obj (.text:multi_role_findSvcUuid$1)
                  00005e50    00000054     drivers_cc26xxware.aem3 : PowerCC26XX.oem3 (.text:configureXOSCHF)
                  00005ea4    00000054     RFCC26XX_singleMode.obj (.text:fsmXOSCState$8)
                  00005ef8    00000054     RFCC26XX_singleMode.obj (.text:hwiFxnHw$8)
                  00005f4c    00000054     multi_role.obj (.text:multi_role_sendAttRsp$1)
                  00005fa0    00000054     RFCC26XX_singleMode.obj (.text:ratChanFree$8)
                  00005ff4    00000052     icall.obj (.text:ICall_primWait$15)
                  00006046    00000052     multi_role.obj (.text:multi_role_processAppMsg$1)
                  00006098    00000050     icall_api.obj (.text:GAP_UpdateAdvertisingData)
                  000060e8    00000050     icall.obj (.text:ICall_primRegisterApp$15)
                  00006138    00000050     driverlib.lib : setup.obj (.text:NOROM_SetupSetCacheModeAccordingToCcfgSetting)
                  00006188    00000050     RFCC26XX_singleMode.obj (.text:RF_getInfo)
                  000061d8    00000050     util.obj (.text:Util_convertBdAddr2Str)
                  00006228    00000050     multi_role.obj (.text:multi_role_addDeviceInfo$1)
                  00006278    00000050     RFCC26XX_singleMode.obj (.text:syncCb$8)
                  000062c8    0000004c     icall_cc2650.obj (.text:ICallPlatform_pwrRegisterNotify)
                  00006314    0000004c     icall.obj (.text:ICall_newTask$15)
                  00006360    00000008     (.tramp.ti_sysbios_knl_Semaphore_create.1)
                  00006368    0000004c     icall.obj (.text:ICall_primGetEntityId$15)
                  000063b4    0000004c     driverlib.lib : osc.obj (.text:NOROM_OSCClockSourceSet)
                  00006400    0000004c     UARTCC26XX.obj (.text:UARTCC26XX_swiIntFxn)
                  0000644c    0000004c     RFCC26XX_singleMode.obj (.text:dispatchOpWhen$8)
                  00006498    0000004c     multi_role.obj (.text:multi_role_processCharValueChangeEvt$1)
                  000064e4    0000004c     rtsv7M3_T_le_eabi.lib : cpy_tbl.obj (.text)
                  00006530    0000004c     UARTCC26XX.obj (.text:startTxFifoEmptyClk$13)
                  0000657c    0000004a     DisplayUart.obj (.text:DisplayUart_open)
                  000065c6    0000004a     gattservapp_util.obj (.text:GATTServApp_ProcessCCCWriteReq)
                  00006610    00000048     driverlib.lib : chipinfo.obj (.text:NOROM_ChipInfo_GetChipFamily)
                  00006658    00000048                   : ddi.obj (.text:NOROM_DDI16BitfieldWrite)
                  000066a0    00000048     util.obj (.text:Util_constructClock)
                  000066e8    00000048     icall_api.obj (.text:gattIndNoti$18)
                  00006730    00000048     drivers_cc26xxware.aem3 : PowerCC26XX.oem3 (.text:notify)
                  00006778    00000044     icall_api.obj (.text:GAP_TerminateLinkReq)
                  000067bc    00000044     icall_api.obj (.text:GATT_DiscPrimaryServiceByUUID)
                  00006800    00000044     PINCC26XX.obj (.text:PIN_swi$7)
                  00006844    00000044     boot.aem3 : boot.oem3 (.text)
                  00006888    00000008     (.tramp.xdc_runtime_System_exit__E.1)
                  00006890    00000044     icall_api.obj (.text:gapSendParamAndPtrCmd$18)
                  000068d4    00000044     icall_api.obj (.text:gattRequest$18)
                  00006918    00000044     rtsv7M3_T_le_eabi.lib : exit.obj (.text)
                  0000695c    00000044     rom_sysbios.aem3 : rom_sysbios.obj (.text:xdc_runtime_Text_xprintf__I)
                  000069a0    00000042     icall.obj (.text:ICall_primCreateTask$15)
                  000069e2    00000002     rom_sysbios.aem3 : rom_sysbios.obj (.text:ti_sysbios_BIOS_linkedWithIncorrectBootLibrary__E)
                  000069e4    00000040     Display.obj (.text:Display_doOpen)
                  00006a24    00000040     icall_api.obj (.text:GATT_SendRsp)
                  00006a64    00000040     driverlib.lib : ddi.obj (.text:NOROM_DDI16BitfieldRead)
                  00006aa4    00000040     RFCC26XX_singleMode.obj (.text:RF_getRssi)
                  00006ae4    00000040     icall_api.obj (.text:profileSetParameter$18)
                  00006b24    00000040     rtsv7M3_T_le_eabi.lib : u_divt2.obj (.text)
                  00006b64    0000003e     icall_api.obj (.text:hciSendParamsCmd$18)
                  00006ba2    00000002     app_ble_pem3.oem3 (.text:ti_sysbios_BIOS_nullFunc__I)
                  00006ba4    0000003c     icall_api.obj (.text:GAPBondMgr_LinkEst)
                  00006be0    0000003c     multi.obj (.text:GAPRole_createTask)
                  00006c1c    00000008     (.tramp.ti_sysbios_knl_Task_construct.1)
                  00006c24    0000003c     icall_api.obj (.text:GAP_GetParamValue)
                  00006c60    0000003c     icall_api.obj (.text:GATTServApp_RegisterService)
                  00006c9c    0000003c     icall_cc2650.obj (.text:ICallPlatform_pwrConfigACAction)
                  00006cd8    0000003c     driverlib.lib : osc.obj (.text:NOROM_OSC_HPOSCRelativeFrequencyOffsetGet)
                  00006d14    0000003c                   : rfc.obj (.text:NOROM_RFCSynthPowerDown)
                  00006d50    0000003c     RFCC26XX_singleMode.obj (.text:RF_runCmd)
                  00006d8c    0000003c     simple_gatt_profile.obj (.text:SimpleProfile_GetParameter)
                  00006dc8    0000003c     multi_role.obj (.text:multi_role_createTask)
                  00006e04    0000003c     RFCC26XX_singleMode.obj (.text:postDirImmCmd$8)
                  00006e40    0000003c     UARTCC26XX.obj (.text:readData$13)
                  00006e7c    0000003c     icall_api.obj (.text:sendWaitMatchCS$18)
                  00006eb8    0000003c     icall_api.obj (.text:sendWaitMatchValueCS$18)
                  00006ef4    0000003c     UARTCC26XX.obj (.text:writeData$13)
                  00006f30    00000038     icall_api.obj (.text:GAPBondMgr_PasscodeRsp)
                  00006f68    00000038     icall.obj (.text:ICall_primGetMaxMSecs$15)
                  00006fa0    00000038     PINCC26XX.obj (.text:PIN_setOutputEnable)
                  00006fd8    00000038     util.obj (.text:Util_restartClock)
                  00007010    00000038     icall_api.obj (.text:linkDB_NumActive)
                  00007048    00000038     icall_api.obj (.text:linkDB_NumConns)
                  00007080    00000038     multi_role.obj (.text:multi_role_startDiscovery$1)
                  000070b8    00000038     rom_sysbios.aem3 : rom_sysbios.obj (.text:ti_sysbios_family_arm_cc26xx_Timer_getCurrentTick__E)
                  000070f0    00000036     RFCC26XX_singleMode.obj (.text:updateImplicitState$8)
                  00007126    00000002     rom_sysbios.aem3 : rom_sysbios.obj (.text:ti_sysbios_knl_Clock_triggerFunc__I)
                  00007128    00000034     icall_api.obj (.text:GAPBondMgr_SetParameter)
                  0000715c    00000034     icall_api.obj (.text:GAP_SetParamValue)
                  00007190    00000034     icall_api.obj (.text:GATT_RegisterForInd)
                  000071c4    00000034     icall.obj (.text:ICall_primEntityId2ServiceId$15)
                  000071f8    00000034     icall.obj (.text:ICall_primFetchMsg$15)
                  0000722c    00000034     icall.obj (.text:ICall_primRegisterISR$15)
                  00007260    00000008     (.tramp.ti_sysbios_hal_Hwi_create.1)
                  00007268    00000034     icall.obj (.text:ICall_primRegisterISR_Ext$15)
                  0000729c    00000034     icall.obj (.text:ICall_searchServiceEntity)
                  000072d0    00000034     driverlib.lib : osc.obj (.text:NOROM_OSCHF_SwitchToRcOscTurnOffXosc)
                  00007304    00000034                   : trng.obj (.text:NOROM_TRNGConfigure)
                  00007338    00000034     PINCC26XX.obj (.text:PIN_setOutputValue)
                  0000736c    00000034     drivers_cc26xxware.aem3 : PowerCC26XX.oem3 (.text:PowerCC26XX_isStableXOSC_HF)
                  000073a0    00000034     RFCC26XX_singleMode.obj (.text:Q_push$8)
                  000073d4    00000034     multi_role.obj (.text:multi_role_processPasscode$1)
                  00007408    00000034     icall_api.obj (.text:osal_snv_read)
                  0000743c    00000034     icall_api.obj (.text:osal_snv_write)
                  00007470    00000034     icall_api.obj (.text:profileAddService$18)
                  000074a4    00000034     icall_api.obj (.text:registerTask$18)
                  000074d8    00000032     icall_api.obj (.text:gapSendPtrParamsCmd$18)
                  0000750a    00000032     icall_api.obj (.text:matchGapSetGetParamCS$18)
                  0000753c    00000032     icall_api.obj (.text:matchGattCmdStatus$18)
                  0000756e    00000032     icall_api.obj (.text:matchUtilNvCS$18)
                  000075a0    00000032     multi_role.obj (.text:multi_role_passcodeCB$1)
                  000075d2    00000032     rom_sysbios.aem3 : rom_sysbios.obj (.text:ti_sysbios_family_arm_cc26xx_Timer_setNextTick__E)
                  00007604    00000030     icall_cc2650.obj (.text:ICallPlatform_pwrNotify$16)
                  00007634    00000030     multi.obj (.text:ICall_getLocalMsgEntityId$23)
                  00007664    00000030     icall.obj (.text:ICall_msecs2Ticks$15)
                  00007694    00000030     icall.obj (.text:ICall_searchTask$15)
                  000076c4    00000030     driverlib.lib : setup.obj (.text:NOROM_SetupSetAonRtcSubSecInc)
                  000076f4    00000030     drivers_cc26xxware.aem3 : PowerCC26XX.oem3 (.text:Power_releaseConstraint)
                  00007724    00000030                             : PowerCC26XX.oem3 (.text:Power_setConstraint)
                  00007754    00000030     UART.obj (.text:UART_open)
                  00007784    00000030     icall_api.obj (.text:linkDB_GetInfo)
                  000077b4    00000030     icall_api.obj (.text:matchGattRequestCS$18)
                  000077e4    00000030     app_ble_pem3.oem3 (.text:ti_sysbios_BIOS_atExitFunc__I)
                  00007814    00000008     (.tramp.ti_sysbios_BIOS_setThreadType__E.1)
                  0000781c    00000030     app_ble_pem3.oem3 (.text:ti_sysbios_BIOS_startFunc__I)
                  0000784c    00000008     (.tramp.xdc_runtime_System_atexit__E.1)
                  00007854    00000008     (.tramp.ti_sysbios_family_arm_cc26xx_Timer_startup__E.1)
                  0000785c    00000008     (.tramp.ti_sysbios_hal_Hwi_HwiProxy_startup__E.1)
                  00007864    00000008     (.tramp.ti_sysbios_knl_Swi_startup__E.1)
                  0000786c    00000008     (.tramp.ti_sysbios_knl_Task_startup__E.1)
                  00007874    00000030     rom_sysbios.aem3 : rom_sysbios.obj (.text:ti_sysbios_family_arm_cc26xx_Timer_initDevice__I)
                  000078a4    00000030                      : rom_sysbios.obj (.text:ti_sysbios_family_arm_cc26xx_Timer_setThreshold__I)
                  000078d4    0000002f                      : rom_sysbios.obj (.text:xdc_runtime_Text_printVisFxn__I)
                  00007903    00000001     --HOLE-- [fill = 0]
                  00007904    0000002e     multi.obj (.text:GAPRole_EstablishLink)
                  00007932    0000002e     icall_cc2650.obj (.text:ICallPlatform_pwrDispenseImpl$16)
                  00007960    0000002e     icall_cc2650.obj (.text:ICallPlatform_pwrRequireImpl$16)
                  0000798e    0000002e     multi_role.obj (.text:ICall_fetchServiceMsg$1)
                  000079bc    0000002e     multi.obj (.text:ICall_fetchServiceMsg$23)
                  000079ea    0000002e     icall.obj (.text:ICall_msgDequeue$15)
                  00007a18    0000002e     util.obj (.text:Util_enqueueMsg)
                  00007a46    00000002     app_ble_pem3.oem3 (.text:ti_sysbios_rom_cortexm_cc26xx_CC26xx_badRomRevision__E)
                  00007a48    00000008     (.tramp.ti_sysbios_knl_Queue_put__E.1)
                  00007a50    0000002e     icall_api.obj (.text:matchProfileAddServiceCS$18)
                  00007a7e    00000002     rom_sysbios.aem3 : rom_sysbios.obj (.text:xdc_runtime_SysCallback_defaultAbort)
                  00007a80    0000002c     board_key.obj (.text:Board_keyCallback$0)
                  00007aac    0000002c     icall_api.obj (.text:GAPBondMgr_Register)
                  00007ad8    0000002c     icall_api.obj (.text:HCI_EXT_ConnEventNoticeCmd)
                  00007b04    0000002c     icall.obj (.text:ICall_heapFree)
                  00007b30    0000002c     simple_gatt_profile.obj (.text:ICall_malloc$19)
                  00007b5c    0000002c     icall.obj (.text:ICall_msgEnqueue$15)
                  00007b88    0000002c     icall.obj (.text:ICall_primAllocMsg$15)
                  00007bb4    0000002c     icall.obj (.text:ICall_primFetchServiceMsg$15)
                  00007be0    0000002c     icall_api.obj (.text:ICall_sendServiceMsg$18)
                  00007c0c    0000002c     driverlib.lib : ddi.obj (.text:NOROM_DDI32RegWrite)
                  00007c38    0000002c                   : setup.obj (.text:NOROM_SetupGetTrimForRadcExtCfg)
                  00007c64    0000002c     PINCC26XX.obj (.text:PINCC26XX_setMux)
                  00007c90    0000002c     PINCC26XX.obj (.text:PIN_setConfig)
                  00007cbc    0000002c     RFCC26XX_singleMode.obj (.text:getCmd$8)
                  00007ce8    0000002c     multi_role.obj (.text:multi_role_mapConnHandleToIndex$1)
                  00007d14    0000002c     rom_sysbios.aem3 : rom_sysbios.obj (.text:ti_sysbios_knl_Clock_getTicksUntilInterrupt__E)
                  00007d40    0000002a     icall_api.obj (.text:ICall_waitMatch$18)
                  00007d6a    0000002a     TRNGCC26XX.obj (.text:TRNGCC26XX_isParamValid)
                  00007d94    0000002a     icall_api.obj (.text:matchProfileCS$18)
                  00007dbe    0000002a     rom_sysbios.aem3 : rom_sysbios.obj (.text:xdc_runtime_System_putchar__I)
                  00007de8    00000028     icall_api.obj (.text:GAPBondMgr_SlaveReqSecurity)
                  00007e10    00000028     gattservapp_util.obj (.text:GATTServApp_WriteCharCfg)
                  00007e38    00000028     icall_api.obj (.text:GATT_InitClient)
                  00007e60    00000028     icall.obj (.text:ICall_init)
                  00007e88    00000028     icall.obj (.text:ICall_msgPrepend$15)
                  00007eb0    00000028     multi_role.obj (.text:ICall_registerApp$1)
                  00007ed8    00000028     multi.obj (.text:ICall_registerApp$23)
                  00007f00    00000028     driverlib.lib : aon_batmon.obj (.text:NOROM_AONBatMonTemperatureGetDegC)
                  00007f28    00000028     drivers_cc26xxware.aem3 : PowerCC26XX.oem3 (.text:PowerCC26XX_switchXOSC_HF)
                  00007f50    00000028                             : PowerCC26XX.oem3 (.text:Power_registerNotify)
                  00007f78    00000028     driverlib.lib : adi.obj (.text:SafeHapiVoid)
                  00007fa0    00000028     simple_gatt_profile.obj (.text:SimpleProfile_AddService)
                  00007fc8    00000028     TRNGCC26XX.obj (.text:TRNGCC26XX_init)
                  00007ff0    00000028     RFCC26XX_singleMode.obj (.text:clkPowerUpFxn$8)
                  00008018    00000028     gattservapp_util.obj (.text:gattServApp_FindCharCfgItem$22)
                  00008040    00000028     multi_role.obj (.text:multi_role_addMappingEntry$1)
                  00008068    00000028     multi_role.obj (.text:multi_role_enqueueMsg$1)
                  00008090    00000028     rom_sysbios.aem3 : rom_sysbios.obj (.text:ti_sysbios_family_arm_cc26xx_Timer_getMaxTicks__E)
                  000080b8    00000026     drivers_cc26xxware.aem3 : List.oem3 (.text:List_put)
                  000080de    00000024     Display.obj (.text:Display_doPut5)
                  00008102    00000024     icall_api.obj (.text:GAPBondMgr_LinkTerm)
                  00008126    00000024     multi.obj (.text:GAPRole_StartDiscovery)
                  0000814a    00000002     rom_sysbios.aem3 : rom_sysbios.obj (.text:xdc_runtime_SysCallback_defaultExit)
                  0000814c    00000024     gattservapp_util.obj (.text:GATTServApp_FindAttr)
                  00008170    00000024     icall_api.obj (.text:ICall_getLocalMsgEntityId$18)
                  00008194    00000024     icall_api.obj (.text:ICall_threadServes$18)
                  000081b8    00000024     PINCC26XX.obj (.text:PINCC26XX_getPinCount)
                  000081dc    00000024     multi.obj (.text:gapRole_HandleParamUpdateNoSuccess$23)
                  00008200    00000024     drivers_cc26xxware.aem3 : PowerCC26XX_calibrateRCOSC.oem3 (.text:getTdcSemaphore)
                  00008224    00000024     RFCC26XX_singleMode.obj (.text:hwiFxnCpe0PowerFsm$8)
                  00008248    00000024     app_ble_pem3.oem3 (.text:ti_sysbios_BIOS_registerRTSLock__I)
                  0000826c    00000024     app_ble_pem3.oem3 (.text:ti_sysbios_BIOS_removeRTSLock__I)
                  00008290    00000022     icall.obj (.text:ICall_dispatch$15)
                  000082b2    00000022     util.obj (.text:ICall_malloc$2)
                  000082d4    00000022     main.obj (.text:main)
                  000082f6    00000002     rom_sysbios.aem3 : rom_sysbios.obj (.text:xdc_runtime_SysCallback_defaultPutch)
                  000082f8    00000008     (.tramp.ti_sysbios_BIOS_start__E.1)
                  00008300    00000022     rtsv7M3_T_le_eabi.lib : memcmp.obj (.text)
                  00008322    00000002     --HOLE-- [fill = 0]
                  00008324    00000020     gattservapp_util.obj (.text:GATTServApp_InitCharCfg)
                  00008344    00000020     icall_api.obj (.text:GATT_bm_alloc)
                  00008364    00000020     icall_api.obj (.text:ICall_allocMsg$18)
                  00008384    00000020     icall_api.obj (.text:ICall_getEntityId$18)
                  000083a4    00000020     multi_role.obj (.text:ICall_malloc$1)
                  000083c4    00000020     icall.obj (.text:ICall_primService$15)
                  000083e4    00000020     icall.obj (.text:ICall_searchService$15)
                  00008404    00000020     driverlib.lib : rfc.obj (.text:NOROM_RFCDoorbellSendTo)
                  00008424    00000020                   : rfc.obj (.text:NOROM_RFCRfTrimRead)
                  00008444    00000020                   : setup.obj (.text:NOROM_SetupGetTrimForXoscHfCtl)
                  00008464    00000020     drivers_cc26xxware.aem3 : PowerCC26XX.oem3 (.text:Power_unregisterNotify)
                  00008484    00000020     RFCC26XX_singleMode.obj (.text:allocCmd$8)
                  000084a4    00000020     multi_role.obj (.text:multi_role_pairStateCB$1)
                  000084c4    00000020     app_ble_pem3.oem3 (.text:ti_sysbios_BIOS_rtsLock__I)
                  000084e4    00000008     (.tramp.ti_sysbios_BIOS_RtsGateProxy_enter__E.1)
                  000084ec    00000020     rom_sysbios.aem3 : rom_sysbios.obj (.text:ti_sysbios_knl_Clock_stop__E)
                  0000850c    00000020                      : rom_sysbios.obj (.text:xdc_runtime_Registry_findById__E)
                  0000852c    0000001e     icall.obj (.text:ICall_primSendServiceMsg$15)
                  0000854a    0000001e     PINCC26XX.obj (.text:PIN_close)
                  00008568    0000001e     drivers_cc26xxware.aem3 : PowerCC26XX.oem3 (.text:Power_getTransitionLatency)
                  00008586    0000001e     icall_api.obj (.text:matchHciCS$18)
                  000085a4    0000001e     multi_role.obj (.text:multi_role_processStackMsg$1)
                  000085c2    0000001e     icall_api.obj (.text:waitMatchCS$18)
                  000085e0    0000001c     icall_api.obj (.text:GATT_bm_free)
                  000085fc    0000001c     icall.obj (.text:ICall_initPrim$15)
                  00008618    0000001c     multi_role.obj (.text:ICall_wait$1)
                  00008634    0000001c     multi.obj (.text:ICall_wait$23)
                  00008650    0000001c     driverlib.lib : osc.obj (.text:NOROM_OSCClockSourceGet)
                  0000866c    0000001c                   : setup.obj (.text:NOROM_SetupGetTrimForAmpcompTh2)
                  00008688    0000001c                   : setup.obj (.text:NOROM_SetupGetTrimForRcOscLfRtuneCtuneTrim)
                  000086a4    0000001c     PINCC26XX.obj (.text:PINCC26XX_setIoCfgMux$7)
                  000086c0    0000001c     PINCC26XX.obj (.text:PIN_hwi$7)
                  000086dc    0000001c     RFCC26XX_singleMode.obj (.text:RF_runDirectCmd)
                  000086f8    0000001c     RFCC26XX_singleMode.obj (.text:RF_runImmediateCmd)
                  00008714    0000001c     TRNGCC26XX.obj (.text:TRNGCC26XX_open)
                  00008730    0000001c     icall_api.obj (.text:getStatusValueFromErrNo$18)
                  0000874c    0000001c     TRNGCC26XX.obj (.text:openTRNG)
                  00008768    0000001c     rom_sysbios.aem3 : rom_sysbios.obj (.text:ti_sysbios_family_arm_cc26xx_Timer_dynamicStub__E)
                  00008784    0000001a     icall.obj (.text:ICall_enterCSImpl)
                  0000879e    0000001a     icall.obj (.text:ICall_primSetTimerMSecs$15)
                  000087b8    0000001a     drivers_cc26xxware.aem3 : List.oem3 (.text:List_remove)
                  000087d2    0000001a     util.obj (.text:Util_dequeueMsg)
                  000087ec    00000008     (.tramp.ti_sysbios_knl_Queue_get__E.1)
                  000087f4    0000001a     icall_api.obj (.text:matchGattIndNotiCS$18)
                  0000880e    0000001a     rom_sysbios.aem3 : rom_sysbios_config.obj (.text:xdc_runtime_System_snprintf__E)
                  00008828    00000018     multi.obj (.text:GAPRole_StartDevice)
                  00008840    00000018     icall_api.obj (.text:GATT_Notification)
                  00008858    00000018     icall_api.obj (.text:GATT_ReadCharValue)
                  00008870    00000018     icall_api.obj (.text:GATT_WriteCharValue)
                  00008888    00000018     icall_cc2650.obj (.text:ICallPlatform_pwrDispense)
                  000088a0    00000018     icall_cc2650.obj (.text:ICallPlatform_pwrRequire)
                  000088b8    00000018     multi_role.obj (.text:ICall_free$1)
                  000088d0    00000018     util.obj (.text:ICall_free$2)
                  000088e8    00000018     icall.obj (.text:ICall_freeMsg$15)
                  00008900    00000018     icall_api.obj (.text:ICall_freeMsg$18)
                  00008918    00000018     multi_role.obj (.text:ICall_freeMsg$1)
                  00008930    00000018     multi.obj (.text:ICall_freeMsg$23)
                  00008948    00000018     icall.obj (.text:ICall_primMalloc$15)
[...]
1001c2c5  ti_sysbios_knl_Mailbox_delete                                             
1001c2c9  ti_sysbios_knl_Mailbox_destruct                                           
1001c2cd  ti_sysbios_knl_Queue_delete                                               
1001c2d1  ti_sysbios_knl_Queue_destruct                                             
1001c2d5  ti_sysbios_knl_Queue_head__E                                              
1001c2d9  ti_sysbios_knl_Queue_next__E                                              
1001c2dd  ti_sysbios_knl_Semaphore_delete                                           
1001c2e1  ti_sysbios_knl_Semaphore_destruct                                         
1001c2e5  ti_sysbios_knl_Swi_delete                                                 
1001c2e9  ti_sysbios_knl_Swi_destruct                                               
1001c2ed  ti_sysbios_knl_Swi_postInit__I                                            
1001c2f1  ti_sysbios_knl_Task_SupportProxy_Module__startupDone__S                   
1001c2f5  ti_sysbios_knl_Task_SupportProxy_getStackAlignment__E                     
1001c2f9  ti_sysbios_knl_Task_SupportProxy_start__E                                 
1001c2fd  ti_sysbios_knl_Task_SupportProxy_swap__E                                  
1001c301  ti_sysbios_knl_Task_delete                                                
1001c305  ti_sysbios_knl_Task_destruct                                              
1001c309  ti_sysbios_knl_Task_startup__E                                            
1001c30d  xdc_runtime_Startup_startMods__I                                          
1001c405  xdc_runtime_Core_createObject__I                                          
1001c487  xdc_runtime_Error_policySpin__E                                           
1001c489  xdc_runtime_Memory_alloc__E                                               
1001c4f9  xdc_runtime_Core_deleteObject__I                                          
1001c559  xdc_runtime_Startup_exec__E                                               
1001c5a9  xdc_runtime_Assert_raise__I                                               
1001c5f1  xdc_runtime_Core_assignParams__I                                          
1001c639  xdc_runtime_Core_constructObject__I                                       
1001c681  xdc_runtime_System_atexit__E                                              
1001c6b9  xdc_runtime_System_processAtExit__E                                       
1001c6ed  xdc_runtime_Core_assignLabel__I                                           
1001c71d  xdc_runtime_Text_cordText__E                                              
1001c749  xdc_runtime_System_abort__E                                               
1001c769  xdc_runtime_Error_raiseX__E                                               
1001c785  xdc_runtime_Memory_valloc__E                                              
1001c7a1  xdc_runtime_Core_destructObject__I                                        
1001c7b9  xdc_runtime_Error_check__E                                                
1001c7d1  xdc_runtime_System_exit__E                                                
1001c7e9  xdc_runtime_Text_ropeText__E                                              
1001c801  xdc_runtime_Memory_free__E                                                
1001c811  xdc_runtime_SysCallback_abort__E                                          
1001c821  xdc_runtime_SysCallback_exit__E                                           
1001c831  xdc_runtime_Timestamp_SupportProxy_get32__E                               
1001c831  xdc_runtime_Timestamp_get32__E                                            
1001c841  xdc_runtime_Error_init__E                                                 
1001c84d  xdc_runtime_Memory_calloc__E                                              
1001c859  xdc_runtime_Memory_getMaxDefaultTypeAlign__E                              
1001c879  xdc_runtime_Gate_leaveSystem__E                                           
1001c87f  xdc_runtime_System_Module_startup__E                                      
1001c885  xdc_runtime_Gate_enterSystem__E                                           
1001c889  xdc_runtime_Memory_HeapProxy_alloc__E                                     
1001c88d  xdc_runtime_Memory_HeapProxy_free__E                                      
1001c891  xdc_runtime_System_Module_GateProxy_enter__E                              
1001c895  xdc_runtime_System_Module_GateProxy_leave__E                              
1001c899  xdc_runtime_System_abortSpin__E                                           
1001c89b  xdc_runtime_System_exitSpin__E                                            
1001c89d  ti_sysbios_family_arm_m3_Hwi_dispatch__I                                  
1001c96d  ti_sysbios_family_arm_m3_TaskSupport_buildTaskStack                       
1001c9b9  ti_sysbios_family_arm_m3_Hwi_initStacks__E                                
1001ca01  ti_sysbios_family_arm_m3_Hwi_excHandlerAsm__I                             
1001ca21  ti_sysbios_family_xxx_Hwi_switchAndRunFunc                                
1001ca3f  ti_sysbios_family_arm_m3_Hwi_pendSV__I                                    
1001ca57  ti_sysbios_family_arm_m3_Hwi_return                                       
1001ca59  ti_sysbios_family_arm_m3_TaskSupport_glue                                 
1001ca69  ti_sysbios_family_arm_m3_TaskSupport_swap__E                              
1001ca71  ti_sysbios_knl_Task_swapReturn                                            
1001ca9b  ti_sysbios_rom_cortexm_cc26xx_CC26xx_getRevision__E                       
20000000  ti_sysbios_family_arm_m3_Hwi_ramVectors                                   
20000100  ti_sysbios_knl_Task_Module__state__V                                      
20000144  ti_sysbios_family_arm_m3_Hwi_Module__state__V                             
20000178  ti_sysbios_knl_Clock_Module__state__V                                     
200001a4  ti_sysbios_BIOS_Module__state__V                                          
200001c8  ti_sysbios_knl_Swi_Module__state__V                                       
200001e4  ti_sysbios_family_arm_cc26xx_Timer_Module__state__V                       
200001ec  ti_sysbios_family_arm_cc26xx_TimestampProvider_Module__state__V           
200001f0  xdc_runtime_Startup_Module__state__V                                      
200001f8  xdc_runtime_System_Module__state__V                                       
20000200  xdc_runtime_Memory_Module__state__V                                       
20000220  dispHandle                                                                
20000230  discInfo                                                                  
2000024c  updateParams                                                              
200002d0  mrTask                                                                    
20000320  mrTaskStack                                                               
200006d0  linkDBNumConns                                                            
200007ac  gapRoleTask                                                               
200007fc  gapRoleTaskStack                                                          
20000f74  PowerCC26XX_module                                                        
20001084  ti_sysbios_family_arm_cc26xx_Timer_Module__root__V                        
2000108c  ti_sysbios_family_arm_m3_Hwi_Module__root__V                              
20001094  ti_sysbios_family_arm_m3_Hwi_Object__table__V                             
200010ac  ti_sysbios_family_arm_m3_Hwi_Module_State_0_excActive__A                  
200010b0  ti_sysbios_family_arm_m3_Hwi_Module_State_0_excContext__A                 
200010b4  ti_sysbios_family_arm_m3_Hwi_Module_State_0_excStack__A                   
200010b8  ti_sysbios_gates_GateHwi_Module__root__V                                  
200010c0  ti_sysbios_gates_GateHwi_Object__table__V                                 
200010c4  ti_sysbios_gates_GateMutex_Module__root__V                                
200010cc  ti_sysbios_hal_Hwi_Module__root__V                                        
200010d4  ti_sysbios_heaps_HeapMem_Module__root__V                                  
200010dc  ti_sysbios_heaps_HeapMem_Object__table__V                                 
200010f4  ti_sysbios_knl_Clock_Module__root__V                                      
200010fc  ti_sysbios_knl_Clock_Object__table__V                                     
2000111c  ti_sysbios_knl_Event_Module__root__V                                      
20001124  ti_sysbios_knl_Mailbox_Module__root__V                                    
2000112c  ti_sysbios_knl_Queue_Module__root__V                                      
20001134  ti_sysbios_knl_Semaphore_Module__root__V                                  
2000113c  ti_sysbios_knl_Swi_Module__root__V                                        
20001144  ti_sysbios_knl_Task_Module__root__V                                       
2000114c  ti_sysbios_knl_Task_Module_State_0_idleTask__A                            
20001150  __xdc__init__addr                                                         
20001154  ICall_dispatcher                                                          
2000115c  ICall_enterCriticalSection                                                
20001160  ICall_leaveCriticalSection                                                
20001178  HEAPMGR_SIZE                                                              
200011e8  rfRegTbl                                                                  
20001238  ti_sysbios_knl_Task_Object__table__V                                      
20001288  appKeyChangeHandler                                                       
2000128c  hKeyPins                                                                  
20001290  keyPinsCfg                                                                
2000129c  keyPins                                                                   
200012cc  appAssertCback                                                            
200012d0  ti_sysbios_family_arm_cc26xx_Timer_Object__table__V                       
20001318  ti_sysbios_gates_GateMutex_Object__table__V                               
20001350  ti_sysbios_knl_Swi_Module_State_0_readyQ__A                               
20001380  ti_sysbios_knl_Swi_Object__table__V                                       
200013b0  ti_sysbios_knl_Task_Module_State_0_readyQ__A                              
200013e0  user0Cfg                                                                  
20001410  lastAppOpcodeSent                                                         
20001414  pfnBMAlloc                                                                
20001418  pfnBMFree                                                                 
20001424  _lock                                                                     
20001428  _unlock                                                                   
2000142c  __TI_cleanup_ptr                                                          
20001430  __TI_dtors_ptr                                                            
20001434  xdc_runtime_Registry_Module__state__V                                     
2000143c  main_func_sp                                                              
20001448  ti_sysbios_heaps_HeapMem_Instance_State_0_buf__A                          
20001ac8  ti_sysbios_knl_Task_Instance_State_0_stack__A                             
20001cc8  uartCC26XXObjects                                                         
20001ddc  PIN_NumPins                                                               
20001e70  PIN_HandleTable                                                           
20001eec  ti_sysbios_family_arm_m3_Hwi_dispatchTable                                
20002034  displayUartObject                                                         
20002084  trngCC26XXObjects                                                         
20002089  driverlib_release_0_46593                                                 
2000208c  heapStart                                                                 
20003ee0  __stack                                                                   
20003ee0  heapEnd                                                                   
200042e0  __STACK_END                                                               
200042e0  __STACK_TOP                                                               
20004f2c  A4_rw                                                                     
20004f2c  COMMON_RAM_BASE_ADDR                                                      
20004f40  P2_rw                                                                     
20004f40  P2_s0                                                                     
20004f40  eccRom_windowSize                                                         
20004f44  eccRom_workzone                                                           
20004f48  eccRom_param_p                                                            
20004f4c  eccRom_param_r                                                            
20004f50  eccRom_param_a                                                            
20004f54  inScalar                                                                  
20004f58  inPointX                                                                  
20004f5c  inPointY                                                                  
20004f60  outPointX                                                                 
20004f64  outPointY                                                                 
20004f68  SCAL                                                                      
20004f6c  EXPX                                                                      
20004f70  EXPY                                                                      
20004f74  EXPZ                                                                      
20004f78  EXPW                                                                      
20004f7c  ACCX                                                                      
20004f80  ACCY                                                                      
20004f84  ACCZ                                                                      
20004f88  TMP1                                                                      
20004f8c  TMP2                                                                      
20004f90  TMP3                                                                      
20004f94  TMP4                                                                      
20004f98  TMP5                                                                      
20004f9c  TMP6                                                                      
20004fa0  eccRom_param_Gx                                                           
20004fa4  eccRom_param_Gy                                                           
20004fa8  eccRom_param_b                                                            
20004fac  P2_zi                                                                     
20004fac  ratChanInfo                                                               
20004fcc  fwInfoCmd                                                                 
20004fd8  MSBMOD                                                                    
20004fdc  aux64                                                                     
20004fe4  MOD                                                                       
20004fe8  LEN                                                                       
20004ffc  pSspAesEncrypt_Sw                                                         
e000e000  ti_sysbios_family_arm_m3_Hwi_nvic                                         
ffffffff  __binit__                                                                 
ffffffff  binit                                                                     
UNDEFED   HwiP_restore                                                              
UNDEFED   SHT$$INIT_ARRAY$$Base                                                     
UNDEFED   SHT$$INIT_ARRAY$$Limit                                                    
UNDEFED   ti_sysbios_BIOS_RtsGateProxy_Handle__label__S__mangled__                  
UNDEFED   ti_sysbios_BIOS_RtsGateProxy_Object__delete__S__mangled__                 
UNDEFED   ti_sysbios_BIOS_RtsGateProxy_Params__init__S__mangled__                   
UNDEFED   ti_sysbios_BIOS_RtsGateProxy_query__E__mangled__                          
UNDEFED   ti_sysbios_hal_Hwi_HwiProxy_Module__startupDone__S__mangled__             
UNDEFED   ti_sysbios_hal_Hwi_HwiProxy_Object__delete__S__mangled__                  
UNDEFED   ti_sysbios_hal_Hwi_HwiProxy_Params__init__S__mangled__                    
UNDEFED   ti_sysbios_hal_Hwi_HwiProxy_disableInterrupt__E__mangled__                
UNDEFED   ti_sysbios_hal_Hwi_HwiProxy_enableInterrupt__E__mangled__                 
UNDEFED   ti_sysbios_hal_Hwi_HwiProxy_getStackInfo__E__mangled__                    
UNDEFED   ti_sysbios_hal_Hwi_HwiProxy_startup__E__mangled__                         
UNDEFED   ti_sysbios_hal_Hwi_HwiProxy_switchFromBootStack__E__mangled__             
UNDEFED   ti_sysbios_hal_Hwi_disableInterrupt__E                                    
UNDEFED   ti_sysbios_hal_Hwi_enableInterrupt__E                                     
UNDEFED   ti_sysbios_hal_Hwi_getStackInfo__E                                        
UNDEFED   ti_sysbios_hal_Hwi_startup__E                                             
UNDEFED   ti_sysbios_hal_Hwi_switchFromBootStack__E                                 
UNDEFED   ti_sysbios_heaps_HeapMem_Module_GateProxy_Handle__label__S__mangled__     
UNDEFED   ti_sysbios_heaps_HeapMem_Module_GateProxy_Object__delete__S__mangled__    
UNDEFED   ti_sysbios_heaps_HeapMem_Module_GateProxy_Params__init__S__mangled__      
UNDEFED   ti_sysbios_heaps_HeapMem_Module_GateProxy_query__E__mangled__             
UNDEFED   ti_sysbios_knl_Clock_TimerProxy_Module__startupDone__S__mangled__         
UNDEFED   ti_sysbios_knl_Clock_TimerProxy_startup__E__mangled__                     
UNDEFED   ti_sysbios_knl_Task_SupportProxy_Module__startupDone__S__mangled__        
UNDEFED   ti_sysbios_knl_Task_SupportProxy_getStackAlignment__E__mangled__          
UNDEFED   ti_sysbios_knl_Task_SupportProxy_start__E__mangled__                      
UNDEFED   ti_sysbios_knl_Task_SupportProxy_swap__E__mangled__                       
UNDEFED   xdc_runtime_Main_Module_GateProxy_Handle__label__S                        
UNDEFED   xdc_runtime_Main_Module_GateProxy_Object__delete__S                       
UNDEFED   xdc_runtime_Main_Module_GateProxy_query__E                                
UNDEFED   xdc_runtime_Memory_HeapProxy_Handle__label__S__mangled__                  
UNDEFED   xdc_runtime_Memory_HeapProxy_Object__delete__S__mangled__                 
UNDEFED   xdc_runtime_System_Module_GateProxy_Handle__label__S__mangled__           
UNDEFED   xdc_runtime_System_Module_GateProxy_Object__delete__S__mangled__          
UNDEFED   xdc_runtime_System_Module_GateProxy_query__E__mangled__                   
UNDEFED   xdc_runtime_System_SupportProxy_abort__E                                  
UNDEFED   xdc_runtime_System_SupportProxy_exit__E                                   
UNDEFED   xdc_runtime_Timestamp_SupportProxy_get64__E__mangled__                    
UNDEFED   xdc_runtime_Timestamp_SupportProxy_getFreq__E__mangled__                  
UNDEFED   xdc_runtime_Timestamp_get32__E                                            
UNDEFED   xdc_runtime_Timestamp_get64__E                                            
UNDEFED   xdc_runtime_Timestamp_getFreq__E                                          

[1143 symbols]
