******************************************************************************
                  TI ARM Linker PC v15.12.3                    
******************************************************************************
>> Linked Thu Nov 24 10:46:25 2016

OUTPUT FILE NAME:   <timer_a_upmode_gpio_toggle.out>
ENTRY POINT SYMBOL: "_c_int00"  address: 00000701


MEMORY CONFIGURATION

         name            origin    length      used     unused   attr    fill
----------------------  --------  ---------  --------  --------  ----  --------
  MAIN                  00000000   00040000  0000088e  0003f772  R  X
  INFO                  00200000   00004000  00000000  00004000  R  X
  SRAM_CODE             01000000   00010000  00000000  00010000  RW X
  SRAM_DATA             20000000   00010000  0000021c  0000fde4  RW  


SEGMENT ALLOCATION MAP

run origin  load origin   length   init length attrs members
----------  ----------- ---------- ----------- ----- -------
00000000    00000000    00000894   00000894    r-x
  00000000    00000000    00000140   00000140    r-- .intvecs
  00000140    00000140    0000070a   0000070a    r-x .text
  0000084c    0000084c    00000018   00000018    r-- .const
  00000868    00000868    0000002c   0000002c    r-- .cinit
20000000    20000000    0000001c   00000000    rw-
  20000000    20000000    0000001c   00000000    rw- .data
2000fe00    2000fe00    00000200   00000000    rw-
  2000fe00    2000fe00    00000200   00000000    rw- .stack


SECTION ALLOCATION MAP

 output                                  attributes/
section   page    origin      length       input sections
--------  ----  ----------  ----------   ----------------
.intvecs   0    00000000    00000140     
                  00000000    00000140     startup_msp432p401r_ccs.obj (.intvecs:retain)

.text      0    00000140    0000070a     
                  00000140    00000328     system_msp432p401r.obj (.text)
                  00000468    000000a4     timer_a_upmode_gpio_toggle.obj (.text)
                  0000050c    0000009c     rtsv7M4_T_le_v4SPD16_eabi.lib : memcpy_t2.obj (.text)
                  000005a8    0000007a                                   : memset_t2.obj (.text)
                  00000622    00000002                                   : mpu_init.obj (.text)
                  00000624    00000070                                   : autoinit.obj (.text)
                  00000694    0000006a                                   : copy_decompress_rle.obj (.text)
                  000006fe    00000002                                   : startup.obj (.text)
                  00000700    00000054                                   : boot.obj (.text)
                  00000754    00000054                                   : exit.obj (.text)
                  000007a8    0000004c                                   : cpy_tbl.obj (.text)
                  000007f4    00000018                                   : args_main.obj (.text)
                  0000080c    00000014                                   : _lock.obj (.text)
                  00000820    00000012     startup_msp432p401r_ccs.obj (.text)
                  00000832    0000000e     rtsv7M4_T_le_v4SPD16_eabi.lib : copy_decompress_none.obj (.text:decompress:none)
                  00000840    00000006                                   : copy_decompress_rle.obj (.text:decompress:rle24)
                  00000846    00000004                                   : pre_init.obj (.text)

.const     0    0000084c    00000018     
                  0000084c    00000018     timer_a_upmode_gpio_toggle.obj (.const:upConfig)

.cinit     0    00000868    0000002c     
                  00000868    0000001a     (.cinit..data.load) [load image, compression = rle]
                  00000882    00000002     --HOLE-- [fill = 0]
                  00000884    00000008     (__TI_handler_table)
                  0000088c    00000008     (__TI_cinit_table)

.init_array 
*          0    00000000    00000000     UNINITIALIZED

.data      0    20000000    0000001c     UNINITIALIZED
                  20000000    0000000c     rtsv7M4_T_le_v4SPD16_eabi.lib : exit.obj (.data:$O1$$)
                  2000000c    00000008                                   : _lock.obj (.data:$O1$$)
                  20000014    00000004                                   : stkdepth_vars.obj (.data)
                  20000018    00000004     system_msp432p401r.obj (.data)

.stack     0    2000fe00    00000200     UNINITIALIZED
                  2000fe00    00000200     --HOLE--

MODULE SUMMARY

       Module                           code   ro data   rw data
       ------                           ----   -------   -------
    .\
       system_msp432p401r.obj           808    0         4      
       startup_msp432p401r_ccs.obj      18     320       0      
       timer_a_upmode_gpio_toggle.obj   164    24        0      
    +--+--------------------------------+------+---------+---------+
       Total:                           990    344       4      
                                                                
    C:\ti\ccsv6\tools\compiler\arm_15.12.3.LTS\lib\rtsv7M4_T_le_v4SPD16_eabi.lib
       memcpy_t2.obj                    156    0         0      
       memset_t2.obj                    122    0         0      
       autoinit.obj                     112    0         0      
       copy_decompress_rle.obj          112    0         0      
       exit.obj                         84     0         12     
       boot.obj                         84     0         0      
       cpy_tbl.obj                      76     0         0      
       _lock.obj                        20     0         8      
       args_main.obj                    24     0         0      
       copy_decompress_none.obj         14     0         0      
       pre_init.obj                     4      0         0      
       stkdepth_vars.obj                0      0         4      
       mpu_init.obj                     2      0         0      
       startup.obj                      2      0         0      
    +--+--------------------------------+------+---------+---------+
       Total:                           812    0         24     
                                                                
       Stack:                           0      0         512    
       Linker Generated:                0      42        0      
    +--+--------------------------------+------+---------+---------+
       Grand Total:                     1802   386       540    


LINKER GENERATED COPY TABLES

__TI_cinit_table @ 0000088c records: 1, size/record: 8, table size: 8
	.data: load addr=00000868, load size=0000001a bytes, run addr=20000000, run size=0000001c bytes, compression=rle


LINKER GENERATED HANDLER TABLE

__TI_handler_table @ 00000884 records: 2, size/record: 4, table size: 8
	index: 0, handler: __TI_decompress_rle24
	index: 1, handler: __TI_decompress_none


GLOBAL SYMBOLS: SORTED ALPHABETICALLY BY Name 

address   name                           
-------   ----                           
00000755  C$$EXIT                        
UNDEFED   SHT$$INIT_ARRAY$$Base          
UNDEFED   SHT$$INIT_ARRAY$$Limit         
20000018  SystemCoreClock                
00000141  SystemCoreClockUpdate          
000003b5  SystemInit                     
000004d1  TA1_0_IRQHandler               
4000480c  WDTCTL_SYM                     
20010000  __STACK_END                    
00000200  __STACK_SIZE                   
0000088c  __TI_CINIT_Base                
00000894  __TI_CINIT_Limit               
00000884  __TI_Handler_Table_Base        
0000088c  __TI_Handler_Table_Limit       
00000625  __TI_auto_init                 
20000000  __TI_cleanup_ptr               
00000833  __TI_decompress_none           
00000841  __TI_decompress_rle24          
20000004  __TI_dtors_ptr                 
20000008  __TI_enable_exit_profile_output
ffffffff  __TI_pprof_out_hndl            
ffffffff  __TI_prof_data_size            
ffffffff  __TI_prof_data_start           
00000000  __TI_static_base__             
000005a9  __aeabi_memclr                 
000005a9  __aeabi_memclr4                
000005a9  __aeabi_memclr8                
0000050d  __aeabi_memcpy                 
0000050d  __aeabi_memcpy4                
0000050d  __aeabi_memcpy8                
000005ab  __aeabi_memset                 
000005ab  __aeabi_memset4                
000005ab  __aeabi_memset8                
ffffffff  __binit__                      
ffffffff  __c_args__                     
00000623  __mpu_init                     
2000fe00  __stack                        
000007f5  _args_main                     
00000701  _c_int00                       
2000000c  _lock                          
0000081b  _nop                           
00000813  _register_lock                 
0000080d  _register_unlock               
000006ff  _system_post_cinit             
00000847  _system_pre_init               
20000010  _unlock                        
00000759  abort                          
ffffffff  binit                          
000007a9  copy_in                        
00000761  exit                           
00000000  interruptVectors               
00000469  main                           
20000014  main_func_sp                   
0000050d  memcpy                         
000005b1  memset                         
0000084c  upConfig                       


GLOBAL SYMBOLS: SORTED BY Symbol Address 

address   name                           
-------   ----                           
00000000  __TI_static_base__             
00000000  interruptVectors               
00000141  SystemCoreClockUpdate          
00000200  __STACK_SIZE                   
000003b5  SystemInit                     
00000469  main                           
000004d1  TA1_0_IRQHandler               
0000050d  __aeabi_memcpy                 
0000050d  __aeabi_memcpy4                
0000050d  __aeabi_memcpy8                
0000050d  memcpy                         
000005a9  __aeabi_memclr                 
000005a9  __aeabi_memclr4                
000005a9  __aeabi_memclr8                
000005ab  __aeabi_memset                 
000005ab  __aeabi_memset4                
000005ab  __aeabi_memset8                
000005b1  memset                         
00000623  __mpu_init                     
00000625  __TI_auto_init                 
000006ff  _system_post_cinit             
00000701  _c_int00                       
00000755  C$$EXIT                        
00000759  abort                          
00000761  exit                           
000007a9  copy_in                        
000007f5  _args_main                     
0000080d  _register_unlock               
00000813  _register_lock                 
0000081b  _nop                           
00000833  __TI_decompress_none           
00000841  __TI_decompress_rle24          
00000847  _system_pre_init               
0000084c  upConfig                       
00000884  __TI_Handler_Table_Base        
0000088c  __TI_CINIT_Base                
0000088c  __TI_Handler_Table_Limit       
00000894  __TI_CINIT_Limit               
20000000  __TI_cleanup_ptr               
20000004  __TI_dtors_ptr                 
20000008  __TI_enable_exit_profile_output
2000000c  _lock                          
20000010  _unlock                        
20000014  main_func_sp                   
20000018  SystemCoreClock                
2000fe00  __stack                        
20010000  __STACK_END                    
4000480c  WDTCTL_SYM                     
ffffffff  __TI_pprof_out_hndl            
ffffffff  __TI_prof_data_size            
ffffffff  __TI_prof_data_start           
ffffffff  __binit__                      
ffffffff  __c_args__                     
ffffffff  binit                          
UNDEFED   SHT$$INIT_ARRAY$$Base          
UNDEFED   SHT$$INIT_ARRAY$$Limit         

[56 symbols]
