<?xml version="1.0"?>
<link_info>
   <banner>TI ARM Linker PC v15.12.3.LTS</banner>
   <copyright>Copyright (c) 1996-2015 Texas Instruments Incorporated</copyright>
   <link_time>0x583677a9</link_time>
   <link_errors>0x0</link_errors>
   <output_file>timer_a_upmode_gpio_toggle.out</output_file>
   <entry_point>
      <name>_c_int00</name>
      <address>0x701</address>
   </entry_point>
   <input_file_list>
      <input_file id="fl-2">
         <path>.\</path>
         <kind>object</kind>
         <file>startup_msp432p401r_ccs.obj</file>
         <name>startup_msp432p401r_ccs.obj</name>
      </input_file>
      <input_file id="fl-3">
         <path>.\</path>
         <kind>object</kind>
         <file>system_msp432p401r.obj</file>
         <name>system_msp432p401r.obj</name>
      </input_file>
      <input_file id="fl-4">
         <path>.\</path>
         <kind>object</kind>
         <file>timer_a_upmode_gpio_toggle.obj</file>
         <name>timer_a_upmode_gpio_toggle.obj</name>
      </input_file>
      <input_file id="fl-bf">
         <path>C:\ti\ccsv6\tools\compiler\arm_15.12.3.LTS\lib\</path>
         <kind>archive</kind>
         <file>rtsv7M4_T_le_v4SPD16_eabi.lib</file>
         <name>boot.obj</name>
      </input_file>
      <input_file id="fl-c0">
         <path>C:\ti\ccsv6\tools\compiler\arm_15.12.3.LTS\lib\</path>
         <kind>archive</kind>
         <file>rtsv7M4_T_le_v4SPD16_eabi.lib</file>
         <name>copy_decompress_none.obj</name>
      </input_file>
      <input_file id="fl-c1">
         <path>C:\ti\ccsv6\tools\compiler\arm_15.12.3.LTS\lib\</path>
         <kind>archive</kind>
         <file>rtsv7M4_T_le_v4SPD16_eabi.lib</file>
         <name>copy_decompress_rle.obj</name>
      </input_file>
      <input_file id="fl-c2">
         <path>C:\ti\ccsv6\tools\compiler\arm_15.12.3.LTS\lib\</path>
         <kind>archive</kind>
         <file>rtsv7M4_T_le_v4SPD16_eabi.lib</file>
         <name>copy_zero_init.obj</name>
      </input_file>
      <input_file id="fl-c3">
         <path>C:\ti\ccsv6\tools\compiler\arm_15.12.3.LTS\lib\</path>
         <kind>archive</kind>
         <file>rtsv7M4_T_le_v4SPD16_eabi.lib</file>
         <name>exit.obj</name>
      </input_file>
      <input_file id="fl-c4">
         <path>C:\ti\ccsv6\tools\compiler\arm_15.12.3.LTS\lib\</path>
         <kind>archive</kind>
         <file>rtsv7M4_T_le_v4SPD16_eabi.lib</file>
         <name>memcpy_t2.obj</name>
      </input_file>
      <input_file id="fl-c5">
         <path>C:\ti\ccsv6\tools\compiler\arm_15.12.3.LTS\lib\</path>
         <kind>archive</kind>
         <file>rtsv7M4_T_le_v4SPD16_eabi.lib</file>
         <name>memset_t2.obj</name>
      </input_file>
      <input_file id="fl-c6">
         <path>C:\ti\ccsv6\tools\compiler\arm_15.12.3.LTS\lib\</path>
         <kind>archive</kind>
         <file>rtsv7M4_T_le_v4SPD16_eabi.lib</file>
         <name>mpu_init.obj</name>
      </input_file>
      <input_file id="fl-c7">
         <path>C:\ti\ccsv6\tools\compiler\arm_15.12.3.LTS\lib\</path>
         <kind>archive</kind>
         <file>rtsv7M4_T_le_v4SPD16_eabi.lib</file>
         <name>pre_init.obj</name>
      </input_file>
      <input_file id="fl-c8">
         <path>C:\ti\ccsv6\tools\compiler\arm_15.12.3.LTS\lib\</path>
         <kind>archive</kind>
         <file>rtsv7M4_T_le_v4SPD16_eabi.lib</file>
         <name>stkdepth_vars.obj</name>
      </input_file>
      <input_file id="fl-c9">
         <path>C:\ti\ccsv6\tools\compiler\arm_15.12.3.LTS\lib\</path>
         <kind>archive</kind>
         <file>rtsv7M4_T_le_v4SPD16_eabi.lib</file>
         <name>_lock.obj</name>
      </input_file>
      <input_file id="fl-ca">
         <path>C:\ti\ccsv6\tools\compiler\arm_15.12.3.LTS\lib\</path>
         <kind>archive</kind>
         <file>rtsv7M4_T_le_v4SPD16_eabi.lib</file>
         <name>args_main.obj</name>
      </input_file>
      <input_file id="fl-cb">
         <path>C:\ti\ccsv6\tools\compiler\arm_15.12.3.LTS\lib\</path>
         <kind>archive</kind>
         <file>rtsv7M4_T_le_v4SPD16_eabi.lib</file>
         <name>autoinit.obj</name>
      </input_file>
      <input_file id="fl-cc">
         <path>C:\ti\ccsv6\tools\compiler\arm_15.12.3.LTS\lib\</path>
         <kind>archive</kind>
         <file>rtsv7M4_T_le_v4SPD16_eabi.lib</file>
         <name>cpy_tbl.obj</name>
      </input_file>
      <input_file id="fl-cd">
         <path>C:\ti\ccsv6\tools\compiler\arm_15.12.3.LTS\lib\</path>
         <kind>archive</kind>
         <file>rtsv7M4_T_le_v4SPD16_eabi.lib</file>
         <name>startup.obj</name>
      </input_file>
   </input_file_list>
   <object_component_list>
      <object_component id="oc-28">
         <name>.intvecs:retain</name>
         <load_address>0x0</load_address>
         <run_address>0x0</run_address>
         <size>0x140</size>
         <input_file_ref idref="fl-2"/>
      </object_component>
      <object_component id="oc-b7">
         <name>.text</name>
         <load_address>0x140</load_address>
         <run_address>0x140</run_address>
         <size>0x328</size>
         <input_file_ref idref="fl-3"/>
      </object_component>
      <object_component id="oc-79">
         <name>.text</name>
         <load_address>0x468</load_address>
         <run_address>0x468</run_address>
         <size>0xa4</size>
         <input_file_ref idref="fl-4"/>
      </object_component>
      <object_component id="oc-2c">
         <name>.text</name>
         <load_address>0x50c</load_address>
         <run_address>0x50c</run_address>
         <size>0x9c</size>
         <input_file_ref idref="fl-c4"/>
      </object_component>
      <object_component id="oc-45">
         <name>.text</name>
         <load_address>0x5a8</load_address>
         <run_address>0x5a8</run_address>
         <size>0x7a</size>
         <input_file_ref idref="fl-c5"/>
      </object_component>
      <object_component id="oc-51">
         <name>.text</name>
         <load_address>0x622</load_address>
         <run_address>0x622</run_address>
         <size>0x2</size>
         <input_file_ref idref="fl-c6"/>
      </object_component>
      <object_component id="oc-5d">
         <name>.text</name>
         <load_address>0x624</load_address>
         <run_address>0x624</run_address>
         <size>0x70</size>
         <input_file_ref idref="fl-cb"/>
      </object_component>
      <object_component id="oc-38">
         <name>.text</name>
         <load_address>0x694</load_address>
         <run_address>0x694</run_address>
         <size>0x6a</size>
         <input_file_ref idref="fl-c1"/>
      </object_component>
      <object_component id="oc-a2">
         <name>.text</name>
         <load_address>0x6fe</load_address>
         <run_address>0x6fe</run_address>
         <size>0x2</size>
         <input_file_ref idref="fl-cd"/>
      </object_component>
      <object_component id="oc-22">
         <name>.text</name>
         <load_address>0x700</load_address>
         <run_address>0x700</run_address>
         <size>0x54</size>
         <input_file_ref idref="fl-bf"/>
      </object_component>
      <object_component id="oc-69">
         <name>.text</name>
         <load_address>0x754</load_address>
         <run_address>0x754</run_address>
         <size>0x54</size>
         <input_file_ref idref="fl-c3"/>
      </object_component>
      <object_component id="oc-9c">
         <name>.text</name>
         <load_address>0x7a8</load_address>
         <run_address>0x7a8</run_address>
         <size>0x4c</size>
         <input_file_ref idref="fl-cc"/>
      </object_component>
      <object_component id="oc-63">
         <name>.text</name>
         <load_address>0x7f4</load_address>
         <run_address>0x7f4</run_address>
         <size>0x18</size>
         <input_file_ref idref="fl-ca"/>
      </object_component>
      <object_component id="oc-e1">
         <name>.text</name>
         <load_address>0x80c</load_address>
         <run_address>0x80c</run_address>
         <size>0x14</size>
         <input_file_ref idref="fl-c9"/>
      </object_component>
      <object_component id="oc-73">
         <name>.text</name>
         <load_address>0x820</load_address>
         <run_address>0x820</run_address>
         <size>0x12</size>
         <input_file_ref idref="fl-2"/>
      </object_component>
      <object_component id="oc-10">
         <name>.text:decompress:none</name>
         <load_address>0x832</load_address>
         <run_address>0x832</run_address>
         <size>0xe</size>
         <input_file_ref idref="fl-c0"/>
      </object_component>
      <object_component id="oc-16">
         <name>.text:decompress:rle24</name>
         <load_address>0x840</load_address>
         <run_address>0x840</run_address>
         <size>0x6</size>
         <input_file_ref idref="fl-c1"/>
      </object_component>
      <object_component id="oc-57">
         <name>.text</name>
         <load_address>0x846</load_address>
         <run_address>0x846</run_address>
         <size>0x4</size>
         <input_file_ref idref="fl-c7"/>
      </object_component>
      <object_component id="oc-be">
         <name>.const:upConfig</name>
         <load_address>0x84c</load_address>
         <run_address>0x84c</run_address>
         <size>0x18</size>
         <input_file_ref idref="fl-4"/>
      </object_component>
      <object_component id="oc-13b">
         <name>.cinit..data.load</name>
         <load_address>0x868</load_address>
         <run_address>0x868</run_address>
         <size>0x1a</size>
      </object_component>
      <object_component id="oc-139">
         <name>__TI_handler_table</name>
         <load_address>0x884</load_address>
         <run_address>0x884</run_address>
         <size>0x8</size>
      </object_component>
      <object_component id="oc-13a">
         <name>__TI_cinit_table</name>
         <load_address>0x88c</load_address>
         <run_address>0x88c</run_address>
         <size>0x8</size>
      </object_component>
      <object_component id="oc-ed">
         <name>.data</name>
         <load_address>0x20000018</load_address>
         <run_address>0x20000018</run_address>
         <size>0x4</size>
         <input_file_ref idref="fl-3"/>
      </object_component>
      <object_component id="oc-ac">
         <name>.data:$O1$$</name>
         <load_address>0x20000000</load_address>
         <run_address>0x20000000</run_address>
         <size>0xc</size>
         <input_file_ref idref="fl-c3"/>
      </object_component>
      <object_component id="oc-6f">
         <name>.data</name>
         <load_address>0x20000014</load_address>
         <run_address>0x20000014</run_address>
         <size>0x4</size>
         <input_file_ref idref="fl-c8"/>
      </object_component>
      <object_component id="oc-af">
         <name>.data:$O1$$</name>
         <load_address>0x2000000c</load_address>
         <run_address>0x2000000c</run_address>
         <size>0x8</size>
         <input_file_ref idref="fl-c9"/>
      </object_component>
      <object_component id="oc-2b">
         <name>.stack</name>
         <uninitialized>true</uninitialized>
         <run_address>0x2000fe00</run_address>
         <size>0x0</size>
         <input_file_ref idref="fl-bf"/>
      </object_component>
      <object_component id="oc-13c">
         <name>.stack</name>
         <uninitialized>true</uninitialized>
         <run_address>0x2000fe00</run_address>
         <size>0x0</size>
      </object_component>
      <object_component id="oc-81">
         <name>.debug_info</name>
         <load_address>0x0</load_address>
         <run_address>0x0</run_address>
         <size>0x157</size>
         <input_file_ref idref="fl-2"/>
      </object_component>
      <object_component id="oc-29">
         <name>.debug_info</name>
         <load_address>0x157</load_address>
         <run_address>0x157</run_address>
         <size>0x106</size>
         <input_file_ref idref="fl-2"/>
      </object_component>
      <object_component id="oc-74">
         <name>.debug_info</name>
         <load_address>0x25d</load_address>
         <run_address>0x25d</run_address>
         <size>0x26d</size>
         <input_file_ref idref="fl-2"/>
      </object_component>
      <object_component id="oc-8a">
         <name>.debug_info</name>
         <load_address>0x4ca</load_address>
         <run_address>0x4ca</run_address>
         <size>0x84</size>
         <input_file_ref idref="fl-2"/>
      </object_component>
      <object_component id="oc-f1">
         <name>.debug_info</name>
         <load_address>0x54e</load_address>
         <run_address>0x54e</run_address>
         <size>0x18b</size>
         <input_file_ref idref="fl-2"/>
      </object_component>
      <object_component id="oc-116">
         <name>.debug_info</name>
         <load_address>0x6d9</load_address>
         <run_address>0x6d9</run_address>
         <size>0x39c</size>
         <input_file_ref idref="fl-3"/>
      </object_component>
      <object_component id="oc-ee">
         <name>.debug_info</name>
         <load_address>0xa75</load_address>
         <run_address>0xa75</run_address>
         <size>0xff</size>
         <input_file_ref idref="fl-3"/>
      </object_component>
      <object_component id="oc-b8">
         <name>.debug_info</name>
         <load_address>0xb74</load_address>
         <run_address>0xb74</run_address>
         <size>0x271</size>
         <input_file_ref idref="fl-3"/>
      </object_component>
      <object_component id="oc-107">
         <name>.debug_info</name>
         <load_address>0xde5</load_address>
         <run_address>0xde5</run_address>
         <size>0x37a3</size>
         <input_file_ref idref="fl-3"/>
      </object_component>
      <object_component id="oc-10c">
         <name>.debug_info</name>
         <load_address>0x4588</load_address>
         <run_address>0x4588</run_address>
         <size>0x103e</size>
         <input_file_ref idref="fl-3"/>
      </object_component>
      <object_component id="oc-f8">
         <name>.debug_info</name>
         <load_address>0x55c6</load_address>
         <run_address>0x55c6</run_address>
         <size>0x3b4</size>
         <input_file_ref idref="fl-4"/>
      </object_component>
      <object_component id="oc-bf">
         <name>.debug_info</name>
         <load_address>0x597a</load_address>
         <run_address>0x597a</run_address>
         <size>0xf9</size>
         <input_file_ref idref="fl-4"/>
      </object_component>
      <object_component id="oc-7a">
         <name>.debug_info</name>
         <load_address>0x5a73</load_address>
         <run_address>0x5a73</run_address>
         <size>0x211</size>
         <input_file_ref idref="fl-4"/>
      </object_component>
      <object_component id="oc-111">
         <name>.debug_info</name>
         <load_address>0x5c84</load_address>
         <run_address>0x5c84</run_address>
         <size>0x341</size>
         <input_file_ref idref="fl-4"/>
      </object_component>
      <object_component id="oc-c2">
         <name>.debug_info</name>
         <load_address>0x5fc5</load_address>
         <run_address>0x5fc5</run_address>
         <size>0x8b</size>
         <input_file_ref idref="fl-4"/>
      </object_component>
      <object_component id="oc-24">
         <name>.debug_info</name>
         <load_address>0x6050</load_address>
         <run_address>0x6050</run_address>
         <size>0x161</size>
         <input_file_ref idref="fl-bf"/>
      </object_component>
      <object_component id="oc-37">
         <name>.debug_info</name>
         <load_address>0x61b1</load_address>
         <run_address>0x61b1</run_address>
         <size>0x141</size>
         <input_file_ref idref="fl-c0"/>
      </object_component>
      <object_component id="oc-14">
         <name>.debug_info</name>
         <load_address>0x62f2</load_address>
         <run_address>0x62f2</run_address>
         <size>0x1e0</size>
         <input_file_ref idref="fl-c0"/>
      </object_component>
      <object_component id="oc-32">
         <name>.debug_info</name>
         <load_address>0x64d2</load_address>
         <run_address>0x64d2</run_address>
         <size>0x46</size>
         <input_file_ref idref="fl-c0"/>
      </object_component>
      <object_component id="oc-83">
         <name>.debug_info</name>
         <load_address>0x6518</load_address>
         <run_address>0x6518</run_address>
         <size>0x2c</size>
         <input_file_ref idref="fl-c0"/>
      </object_component>
      <object_component id="oc-3f">
         <name>.debug_info</name>
         <load_address>0x6544</load_address>
         <run_address>0x6544</run_address>
         <size>0x135</size>
         <input_file_ref idref="fl-c1"/>
      </object_component>
      <object_component id="oc-3a">
         <name>.debug_info</name>
         <load_address>0x6679</load_address>
         <run_address>0x6679</run_address>
         <size>0x248</size>
         <input_file_ref idref="fl-c1"/>
      </object_component>
      <object_component id="oc-18">
         <name>.debug_info</name>
         <load_address>0x68c1</load_address>
         <run_address>0x68c1</run_address>
         <size>0x1b2</size>
         <input_file_ref idref="fl-c1"/>
      </object_component>
      <object_component id="oc-40">
         <name>.debug_info</name>
         <load_address>0x6a73</load_address>
         <run_address>0x6a73</run_address>
         <size>0x39</size>
         <input_file_ref idref="fl-c1"/>
      </object_component>
      <object_component id="oc-92">
         <name>.debug_info</name>
         <load_address>0x6aac</load_address>
         <run_address>0x6aac</run_address>
         <size>0x2c</size>
         <input_file_ref idref="fl-c1"/>
      </object_component>
      <object_component id="oc-b3">
         <name>.debug_info</name>
         <load_address>0x6ad8</load_address>
         <run_address>0x6ad8</run_address>
         <size>0x235</size>
         <input_file_ref idref="fl-c3"/>
      </object_component>
      <object_component id="oc-ad">
         <name>.debug_info</name>
         <load_address>0x6d0d</load_address>
         <run_address>0x6d0d</run_address>
         <size>0x186</size>
         <input_file_ref idref="fl-c3"/>
      </object_component>
      <object_component id="oc-6d">
         <name>.debug_info</name>
         <load_address>0x6e93</load_address>
         <run_address>0x6e93</run_address>
         <size>0x215</size>
         <input_file_ref idref="fl-c3"/>
      </object_component>
      <object_component id="oc-2d">
         <name>.debug_info</name>
         <load_address>0x70a8</load_address>
         <run_address>0x70a8</run_address>
         <size>0x112</size>
         <input_file_ref idref="fl-c4"/>
      </object_component>
      <object_component id="oc-47">
         <name>.debug_info</name>
         <load_address>0x71ba</load_address>
         <run_address>0x71ba</run_address>
         <size>0x140</size>
         <input_file_ref idref="fl-c5"/>
      </object_component>
      <object_component id="oc-53">
         <name>.debug_info</name>
         <load_address>0x72fa</load_address>
         <run_address>0x72fa</run_address>
         <size>0x139</size>
         <input_file_ref idref="fl-c6"/>
      </object_component>
      <object_component id="oc-58">
         <name>.debug_info</name>
         <load_address>0x7433</load_address>
         <run_address>0x7433</run_address>
         <size>0x149</size>
         <input_file_ref idref="fl-c7"/>
      </object_component>
      <object_component id="oc-70">
         <name>.debug_info</name>
         <load_address>0x757c</load_address>
         <run_address>0x757c</run_address>
         <size>0x10a</size>
         <input_file_ref idref="fl-c8"/>
      </object_component>
      <object_component id="oc-e9">
         <name>.debug_info</name>
         <load_address>0x7686</load_address>
         <run_address>0x7686</run_address>
         <size>0x125</size>
         <input_file_ref idref="fl-c9"/>
      </object_component>
      <object_component id="oc-b0">
         <name>.debug_info</name>
         <load_address>0x77ab</load_address>
         <run_address>0x77ab</run_address>
         <size>0x114</size>
         <input_file_ref idref="fl-c9"/>
      </object_component>
      <object_component id="oc-e2">
         <name>.debug_info</name>
         <load_address>0x78bf</load_address>
         <run_address>0x78bf</run_address>
         <size>0x220</size>
         <input_file_ref idref="fl-c9"/>
      </object_component>
      <object_component id="oc-ab">
         <name>.debug_info</name>
         <load_address>0x7adf</load_address>
         <run_address>0x7adf</run_address>
         <size>0x167</size>
         <input_file_ref idref="fl-ca"/>
      </object_component>
      <object_component id="oc-65">
         <name>.debug_info</name>
         <load_address>0x7c46</load_address>
         <run_address>0x7c46</run_address>
         <size>0x168</size>
         <input_file_ref idref="fl-ca"/>
      </object_component>
      <object_component id="oc-da">
         <name>.debug_info</name>
         <load_address>0x7dae</load_address>
         <run_address>0x7dae</run_address>
         <size>0x5e</size>
         <input_file_ref idref="fl-ca"/>
      </object_component>
      <object_component id="oc-a9">
         <name>.debug_info</name>
         <load_address>0x7e0c</load_address>
         <run_address>0x7e0c</run_address>
         <size>0x2ea</size>
         <input_file_ref idref="fl-cb"/>
      </object_component>
      <object_component id="oc-5e">
         <name>.debug_info</name>
         <load_address>0x80f6</load_address>
         <run_address>0x80f6</run_address>
         <size>0x191</size>
         <input_file_ref idref="fl-cb"/>
      </object_component>
      <object_component id="oc-ce">
         <name>.debug_info</name>
         <load_address>0x8287</load_address>
         <run_address>0x8287</run_address>
         <size>0x39</size>
         <input_file_ref idref="fl-cb"/>
      </object_component>
      <object_component id="oc-d3">
         <name>.debug_info</name>
         <load_address>0x82c0</load_address>
         <run_address>0x82c0</run_address>
         <size>0xcd</size>
         <input_file_ref idref="fl-cb"/>
      </object_component>
      <object_component id="oc-ca">
         <name>.debug_info</name>
         <load_address>0x838d</load_address>
         <run_address>0x838d</run_address>
         <size>0x1e1</size>
         <input_file_ref idref="fl-cc"/>
      </object_component>
      <object_component id="oc-9f">
         <name>.debug_info</name>
         <load_address>0x856e</load_address>
         <run_address>0x856e</run_address>
         <size>0x184</size>
         <input_file_ref idref="fl-cc"/>
      </object_component>
      <object_component id="oc-fb">
         <name>.debug_info</name>
         <load_address>0x86f2</load_address>
         <run_address>0x86f2</run_address>
         <size>0x2c</size>
         <input_file_ref idref="fl-cc"/>
      </object_component>
      <object_component id="oc-a3">
         <name>.debug_info</name>
         <load_address>0x871e</load_address>
         <run_address>0x871e</run_address>
         <size>0x146</size>
         <input_file_ref idref="fl-cd"/>
      </object_component>
      <object_component id="oc-13d">
         <name>.debug_info</name>
         <load_address>0x8864</load_address>
         <run_address>0x8864</run_address>
         <size>0xb5</size>
      </object_component>
      <object_component id="oc-c8">
         <name>.debug_line</name>
         <load_address>0x0</load_address>
         <run_address>0x0</run_address>
         <size>0x40</size>
         <input_file_ref idref="fl-2"/>
      </object_component>
      <object_component id="oc-80">
         <name>.debug_line</name>
         <load_address>0x40</load_address>
         <run_address>0x40</run_address>
         <size>0x40</size>
         <input_file_ref idref="fl-2"/>
      </object_component>
      <object_component id="oc-77">
         <name>.debug_line</name>
         <load_address>0x80</load_address>
         <run_address>0x80</run_address>
         <size>0xa1</size>
         <input_file_ref idref="fl-2"/>
      </object_component>
      <object_component id="oc-8d">
         <name>.debug_line</name>
         <load_address>0x121</load_address>
         <run_address>0x121</run_address>
         <size>0x20</size>
         <input_file_ref idref="fl-2"/>
      </object_component>
      <object_component id="oc-f4">
         <name>.debug_line</name>
         <load_address>0x141</load_address>
         <run_address>0x141</run_address>
         <size>0x5f</size>
         <input_file_ref idref="fl-2"/>
      </object_component>
      <object_component id="oc-118">
         <name>.debug_line</name>
         <load_address>0x1a0</load_address>
         <run_address>0x1a0</run_address>
         <size>0x20</size>
         <input_file_ref idref="fl-3"/>
      </object_component>
      <object_component id="oc-104">
         <name>.debug_line</name>
         <load_address>0x1c0</load_address>
         <run_address>0x1c0</run_address>
         <size>0x3b</size>
         <input_file_ref idref="fl-3"/>
      </object_component>
      <object_component id="oc-bc">
         <name>.debug_line</name>
         <load_address>0x1fb</load_address>
         <run_address>0x1fb</run_address>
         <size>0x146</size>
         <input_file_ref idref="fl-3"/>
      </object_component>
      <object_component id="oc-10a">
         <name>.debug_line</name>
         <load_address>0x341</load_address>
         <run_address>0x341</run_address>
         <size>0x52</size>
         <input_file_ref idref="fl-3"/>
      </object_component>
      <object_component id="oc-10f">
         <name>.debug_line</name>
         <load_address>0x393</load_address>
         <run_address>0x393</run_address>
         <size>0x55</size>
         <input_file_ref idref="fl-3"/>
      </object_component>
      <object_component id="oc-106">
         <name>.debug_line</name>
         <load_address>0x3e8</load_address>
         <run_address>0x3e8</run_address>
         <size>0x20</size>
         <input_file_ref idref="fl-4"/>
      </object_component>
      <object_component id="oc-f7">
         <name>.debug_line</name>
         <load_address>0x408</load_address>
         <run_address>0x408</run_address>
         <size>0x43</size>
         <input_file_ref idref="fl-4"/>
      </object_component>
      <object_component id="oc-7e">
         <name>.debug_line</name>
         <load_address>0x44b</load_address>
         <run_address>0x44b</run_address>
         <size>0x84</size>
         <input_file_ref idref="fl-4"/>
      </object_component>
      <object_component id="oc-114">
         <name>.debug_line</name>
         <load_address>0x4cf</load_address>
         <run_address>0x4cf</run_address>
         <size>0x6c</size>
         <input_file_ref idref="fl-4"/>
      </object_component>
      <object_component id="oc-c5">
         <name>.debug_line</name>
         <load_address>0x53b</load_address>
         <run_address>0x53b</run_address>
         <size>0x20</size>
         <input_file_ref idref="fl-4"/>
      </object_component>
      <object_component id="oc-26">
         <name>.debug_line</name>
         <load_address>0x55b</load_address>
         <run_address>0x55b</run_address>
         <size>0x53</size>
         <input_file_ref idref="fl-bf"/>
      </object_component>
      <object_component id="oc-89">
         <name>.debug_line</name>
         <load_address>0x5ae</load_address>
         <run_address>0x5ae</run_address>
         <size>0x8a</size>
         <input_file_ref idref="fl-c0"/>
      </object_component>
      <object_component id="oc-11">
         <name>.debug_line</name>
         <load_address>0x638</load_address>
         <run_address>0x638</run_address>
         <size>0x55</size>
         <input_file_ref idref="fl-c0"/>
      </object_component>
      <object_component id="oc-35">
         <name>.debug_line</name>
         <load_address>0x68d</load_address>
         <run_address>0x68d</run_address>
         <size>0x3a</size>
         <input_file_ref idref="fl-c0"/>
      </object_component>
      <object_component id="oc-86">
         <name>.debug_line</name>
         <load_address>0x6c7</load_address>
         <run_address>0x6c7</run_address>
         <size>0x8a</size>
         <input_file_ref idref="fl-c0"/>
      </object_component>
      <object_component id="oc-91">
         <name>.debug_line</name>
         <load_address>0x751</load_address>
         <run_address>0x751</run_address>
         <size>0x8a</size>
         <input_file_ref idref="fl-c1"/>
      </object_component>
      <object_component id="oc-3c">
         <name>.debug_line</name>
         <load_address>0x7db</load_address>
         <run_address>0x7db</run_address>
         <size>0x98</size>
         <input_file_ref idref="fl-c1"/>
      </object_component>
      <object_component id="oc-1b">
         <name>.debug_line</name>
         <load_address>0x873</load_address>
         <run_address>0x873</run_address>
         <size>0x4b</size>
         <input_file_ref idref="fl-c1"/>
      </object_component>
      <object_component id="oc-43">
         <name>.debug_line</name>
         <load_address>0x8be</load_address>
         <run_address>0x8be</run_address>
         <size>0x39</size>
         <input_file_ref idref="fl-c1"/>
      </object_component>
      <object_component id="oc-95">
         <name>.debug_line</name>
         <load_address>0x8f7</load_address>
         <run_address>0x8f7</run_address>
         <size>0x8a</size>
         <input_file_ref idref="fl-c1"/>
      </object_component>
      <object_component id="oc-ec">
         <name>.debug_line</name>
         <load_address>0x981</load_address>
         <run_address>0x981</run_address>
         <size>0xf2</size>
         <input_file_ref idref="fl-c3"/>
      </object_component>
      <object_component id="oc-e0">
         <name>.debug_line</name>
         <load_address>0xa73</load_address>
         <run_address>0xa73</run_address>
         <size>0x2a</size>
         <input_file_ref idref="fl-c3"/>
      </object_component>
      <object_component id="oc-6c">
         <name>.debug_line</name>
         <load_address>0xa9d</load_address>
         <run_address>0xa9d</run_address>
         <size>0x86</size>
         <input_file_ref idref="fl-c3"/>
      </object_component>
      <object_component id="oc-30">
         <name>.debug_line</name>
         <load_address>0xb23</load_address>
         <run_address>0xb23</run_address>
         <size>0x88</size>
         <input_file_ref idref="fl-c4"/>
      </object_component>
      <object_component id="oc-46">
         <name>.debug_line</name>
         <load_address>0xbab</load_address>
         <run_address>0xbab</run_address>
         <size>0x79</size>
         <input_file_ref idref="fl-c5"/>
      </object_component>
      <object_component id="oc-52">
         <name>.debug_line</name>
         <load_address>0xc24</load_address>
         <run_address>0xc24</run_address>
         <size>0x3d</size>
         <input_file_ref idref="fl-c6"/>
      </object_component>
      <object_component id="oc-5b">
         <name>.debug_line</name>
         <load_address>0xc61</load_address>
         <run_address>0xc61</run_address>
         <size>0x40</size>
         <input_file_ref idref="fl-c7"/>
      </object_component>
      <object_component id="oc-b6">
         <name>.debug_line</name>
         <load_address>0xca1</load_address>
         <run_address>0xca1</run_address>
         <size>0x33</size>
         <input_file_ref idref="fl-c8"/>
      </object_component>
      <object_component id="oc-102">
         <name>.debug_line</name>
         <load_address>0xcd4</load_address>
         <run_address>0xcd4</run_address>
         <size>0x20</size>
         <input_file_ref idref="fl-c9"/>
      </object_component>
      <object_component id="oc-e8">
         <name>.debug_line</name>
         <load_address>0xcf4</load_address>
         <run_address>0xcf4</run_address>
         <size>0x2b</size>
         <input_file_ref idref="fl-c9"/>
      </object_component>
      <object_component id="oc-e5">
         <name>.debug_line</name>
         <load_address>0xd1f</load_address>
         <run_address>0xd1f</run_address>
         <size>0x68</size>
         <input_file_ref idref="fl-c9"/>
      </object_component>
      <object_component id="oc-d9">
         <name>.debug_line</name>
         <load_address>0xd87</load_address>
         <run_address>0xd87</run_address>
         <size>0x2b</size>
         <input_file_ref idref="fl-ca"/>
      </object_component>
      <object_component id="oc-67">
         <name>.debug_line</name>
         <load_address>0xdb2</load_address>
         <run_address>0xdb2</run_address>
         <size>0x50</size>
         <input_file_ref idref="fl-ca"/>
      </object_component>
      <object_component id="oc-dd">
         <name>.debug_line</name>
         <load_address>0xe02</load_address>
         <run_address>0xe02</run_address>
         <size>0x2b</size>
         <input_file_ref idref="fl-ca"/>
      </object_component>
      <object_component id="oc-cd">
         <name>.debug_line</name>
         <load_address>0xe2d</load_address>
         <run_address>0xe2d</run_address>
         <size>0xa9</size>
         <input_file_ref idref="fl-cb"/>
      </object_component>
      <object_component id="oc-61">
         <name>.debug_line</name>
         <load_address>0xed6</load_address>
         <run_address>0xed6</run_address>
         <size>0x8b</size>
         <input_file_ref idref="fl-cb"/>
      </object_component>
      <object_component id="oc-d1">
         <name>.debug_line</name>
         <load_address>0xf61</load_address>
         <run_address>0xf61</run_address>
         <size>0x2e</size>
         <input_file_ref idref="fl-cb"/>
      </object_component>
      <object_component id="oc-d6">
         <name>.debug_line</name>
         <load_address>0xf8f</load_address>
         <run_address>0xf8f</run_address>
         <size>0x8b</size>
         <input_file_ref idref="fl-cb"/>
      </object_component>
      <object_component id="oc-fa">
         <name>.debug_line</name>
         <load_address>0x101a</load_address>
         <run_address>0x101a</run_address>
         <size>0x98</size>
         <input_file_ref idref="fl-cc"/>
      </object_component>
      <object_component id="oc-a1">
         <name>.debug_line</name>
         <load_address>0x10b2</load_address>
         <run_address>0x10b2</run_address>
         <size>0x68</size>
         <input_file_ref idref="fl-cc"/>
      </object_component>
      <object_component id="oc-fe">
         <name>.debug_line</name>
         <load_address>0x111a</load_address>
         <run_address>0x111a</run_address>
         <size>0x2e</size>
         <input_file_ref idref="fl-cc"/>
      </object_component>
      <object_component id="oc-a6">
         <name>.debug_line</name>
         <load_address>0x1148</load_address>
         <run_address>0x1148</run_address>
         <size>0x3c</size>
         <input_file_ref idref="fl-cd"/>
      </object_component>
      <object_component id="oc-78">
         <name>.debug_frame</name>
         <load_address>0x0</load_address>
         <run_address>0x0</run_address>
         <size>0xb9</size>
         <input_file_ref idref="fl-2"/>
      </object_component>
      <object_component id="oc-bb">
         <name>.debug_frame</name>
         <load_address>0xb9</load_address>
         <run_address>0xb9</run_address>
         <size>0x98</size>
         <input_file_ref idref="fl-3"/>
      </object_component>
      <object_component id="oc-7d">
         <name>.debug_frame</name>
         <load_address>0x151</load_address>
         <run_address>0x151</run_address>
         <size>0x9e</size>
         <input_file_ref idref="fl-4"/>
      </object_component>
      <object_component id="oc-12">
         <name>.debug_frame</name>
         <load_address>0x1ef</load_address>
         <run_address>0x1ef</run_address>
         <size>0x7f</size>
         <input_file_ref idref="fl-c0"/>
      </object_component>
      <object_component id="oc-3d">
         <name>.debug_frame</name>
         <load_address>0x26e</load_address>
         <run_address>0x26e</run_address>
         <size>0x8e</size>
         <input_file_ref idref="fl-c1"/>
      </object_component>
      <object_component id="oc-1a">
         <name>.debug_frame</name>
         <load_address>0x2fc</load_address>
         <run_address>0x2fc</run_address>
         <size>0x7f</size>
         <input_file_ref idref="fl-c1"/>
      </object_component>
      <object_component id="oc-6b">
         <name>.debug_frame</name>
         <load_address>0x37b</load_address>
         <run_address>0x37b</run_address>
         <size>0xb3</size>
         <input_file_ref idref="fl-c3"/>
      </object_component>
      <object_component id="oc-56">
         <name>.debug_frame</name>
         <load_address>0x42e</load_address>
         <run_address>0x42e</run_address>
         <size>0x7f</size>
         <input_file_ref idref="fl-c6"/>
      </object_component>
      <object_component id="oc-5c">
         <name>.debug_frame</name>
         <load_address>0x4ad</load_address>
         <run_address>0x4ad</run_address>
         <size>0x7f</size>
         <input_file_ref idref="fl-c7"/>
      </object_component>
      <object_component id="oc-e6">
         <name>.debug_frame</name>
         <load_address>0x52c</load_address>
         <run_address>0x52c</run_address>
         <size>0xa1</size>
         <input_file_ref idref="fl-c9"/>
      </object_component>
      <object_component id="oc-68">
         <name>.debug_frame</name>
         <load_address>0x5cd</load_address>
         <run_address>0x5cd</run_address>
         <size>0x7f</size>
         <input_file_ref idref="fl-ca"/>
      </object_component>
      <object_component id="oc-62">
         <name>.debug_frame</name>
         <load_address>0x64c</load_address>
         <run_address>0x64c</run_address>
         <size>0x8a</size>
         <input_file_ref idref="fl-cb"/>
      </object_component>
      <object_component id="oc-9e">
         <name>.debug_frame</name>
         <load_address>0x6d6</load_address>
         <run_address>0x6d6</run_address>
         <size>0x8e</size>
         <input_file_ref idref="fl-cc"/>
      </object_component>
      <object_component id="oc-a7">
         <name>.debug_frame</name>
         <load_address>0x764</load_address>
         <run_address>0x764</run_address>
         <size>0x7f</size>
         <input_file_ref idref="fl-cd"/>
      </object_component>
      <object_component id="oc-c7">
         <name>.debug_abbrev</name>
         <load_address>0x0</load_address>
         <run_address>0x0</run_address>
         <size>0x68</size>
         <input_file_ref idref="fl-2"/>
      </object_component>
      <object_component id="oc-7f">
         <name>.debug_abbrev</name>
         <load_address>0x68</load_address>
         <run_address>0x68</run_address>
         <size>0x29</size>
         <input_file_ref idref="fl-2"/>
      </object_component>
      <object_component id="oc-bd">
         <name>.debug_abbrev</name>
         <load_address>0x91</load_address>
         <run_address>0x91</run_address>
         <size>0x85</size>
         <input_file_ref idref="fl-2"/>
      </object_component>
      <object_component id="oc-8c">
         <name>.debug_abbrev</name>
         <load_address>0x116</load_address>
         <run_address>0x116</run_address>
         <size>0x1f</size>
         <input_file_ref idref="fl-2"/>
      </object_component>
      <object_component id="oc-f3">
         <name>.debug_abbrev</name>
         <load_address>0x135</load_address>
         <run_address>0x135</run_address>
         <size>0x35</size>
         <input_file_ref idref="fl-2"/>
      </object_component>
      <object_component id="oc-117">
         <name>.debug_abbrev</name>
         <load_address>0x16a</load_address>
         <run_address>0x16a</run_address>
         <size>0x5d</size>
         <input_file_ref idref="fl-3"/>
      </object_component>
      <object_component id="oc-103">
         <name>.debug_abbrev</name>
         <load_address>0x1c7</load_address>
         <run_address>0x1c7</run_address>
         <size>0x29</size>
         <input_file_ref idref="fl-3"/>
      </object_component>
      <object_component id="oc-f0">
         <name>.debug_abbrev</name>
         <load_address>0x1f0</load_address>
         <run_address>0x1f0</run_address>
         <size>0x8b</size>
         <input_file_ref idref="fl-3"/>
      </object_component>
      <object_component id="oc-109">
         <name>.debug_abbrev</name>
         <load_address>0x27b</load_address>
         <run_address>0x27b</run_address>
         <size>0xbd</size>
         <input_file_ref idref="fl-3"/>
      </object_component>
      <object_component id="oc-10e">
         <name>.debug_abbrev</name>
         <load_address>0x338</load_address>
         <run_address>0x338</run_address>
         <size>0x97</size>
         <input_file_ref idref="fl-3"/>
      </object_component>
      <object_component id="oc-105">
         <name>.debug_abbrev</name>
         <load_address>0x3cf</load_address>
         <run_address>0x3cf</run_address>
         <size>0x66</size>
         <input_file_ref idref="fl-4"/>
      </object_component>
      <object_component id="oc-f6">
         <name>.debug_abbrev</name>
         <load_address>0x435</load_address>
         <run_address>0x435</run_address>
         <size>0x29</size>
         <input_file_ref idref="fl-4"/>
      </object_component>
      <object_component id="oc-c1">
         <name>.debug_abbrev</name>
         <load_address>0x45e</load_address>
         <run_address>0x45e</run_address>
         <size>0x8e</size>
         <input_file_ref idref="fl-4"/>
      </object_component>
      <object_component id="oc-113">
         <name>.debug_abbrev</name>
         <load_address>0x4ec</load_address>
         <run_address>0x4ec</run_address>
         <size>0x4b</size>
         <input_file_ref idref="fl-4"/>
      </object_component>
      <object_component id="oc-c4">
         <name>.debug_abbrev</name>
         <load_address>0x537</load_address>
         <run_address>0x537</run_address>
         <size>0x1f</size>
         <input_file_ref idref="fl-4"/>
      </object_component>
      <object_component id="oc-72">
         <name>.debug_abbrev</name>
         <load_address>0x556</load_address>
         <run_address>0x556</run_address>
         <size>0x3e</size>
         <input_file_ref idref="fl-bf"/>
      </object_component>
      <object_component id="oc-88">
         <name>.debug_abbrev</name>
         <load_address>0x594</load_address>
         <run_address>0x594</run_address>
         <size>0x52</size>
         <input_file_ref idref="fl-c0"/>
      </object_component>
      <object_component id="oc-31">
         <name>.debug_abbrev</name>
         <load_address>0x5e6</load_address>
         <run_address>0x5e6</run_address>
         <size>0x74</size>
         <input_file_ref idref="fl-c0"/>
      </object_component>
      <object_component id="oc-34">
         <name>.debug_abbrev</name>
         <load_address>0x65a</load_address>
         <run_address>0x65a</run_address>
         <size>0x24</size>
         <input_file_ref idref="fl-c0"/>
      </object_component>
      <object_component id="oc-85">
         <name>.debug_abbrev</name>
         <load_address>0x67e</load_address>
         <run_address>0x67e</run_address>
         <size>0x24</size>
         <input_file_ref idref="fl-c0"/>
      </object_component>
      <object_component id="oc-90">
         <name>.debug_abbrev</name>
         <load_address>0x6a2</load_address>
         <run_address>0x6a2</run_address>
         <size>0x52</size>
         <input_file_ref idref="fl-c1"/>
      </object_component>
      <object_component id="oc-8f">
         <name>.debug_abbrev</name>
         <load_address>0x6f4</load_address>
         <run_address>0x6f4</run_address>
         <size>0x7b</size>
         <input_file_ref idref="fl-c1"/>
      </object_component>
      <object_component id="oc-3e">
         <name>.debug_abbrev</name>
         <load_address>0x76f</load_address>
         <run_address>0x76f</run_address>
         <size>0x66</size>
         <input_file_ref idref="fl-c1"/>
      </object_component>
      <object_component id="oc-42">
         <name>.debug_abbrev</name>
         <load_address>0x7d5</load_address>
         <run_address>0x7d5</run_address>
         <size>0x24</size>
         <input_file_ref idref="fl-c1"/>
      </object_component>
      <object_component id="oc-94">
         <name>.debug_abbrev</name>
         <load_address>0x7f9</load_address>
         <run_address>0x7f9</run_address>
         <size>0x24</size>
         <input_file_ref idref="fl-c1"/>
      </object_component>
      <object_component id="oc-eb">
         <name>.debug_abbrev</name>
         <load_address>0x81d</load_address>
         <run_address>0x81d</run_address>
         <size>0xa8</size>
         <input_file_ref idref="fl-c3"/>
      </object_component>
      <object_component id="oc-df">
         <name>.debug_abbrev</name>
         <load_address>0x8c5</load_address>
         <run_address>0x8c5</run_address>
         <size>0x29</size>
         <input_file_ref idref="fl-c3"/>
      </object_component>
      <object_component id="oc-b2">
         <name>.debug_abbrev</name>
         <load_address>0x8ee</load_address>
         <run_address>0x8ee</run_address>
         <size>0xba</size>
         <input_file_ref idref="fl-c3"/>
      </object_component>
      <object_component id="oc-82">
         <name>.debug_abbrev</name>
         <load_address>0x9a8</load_address>
         <run_address>0x9a8</run_address>
         <size>0x3e</size>
         <input_file_ref idref="fl-c4"/>
      </object_component>
      <object_component id="oc-97">
         <name>.debug_abbrev</name>
         <load_address>0x9e6</load_address>
         <run_address>0x9e6</run_address>
         <size>0x4f</size>
         <input_file_ref idref="fl-c5"/>
      </object_component>
      <object_component id="oc-9a">
         <name>.debug_abbrev</name>
         <load_address>0xa35</load_address>
         <run_address>0xa35</run_address>
         <size>0x53</size>
         <input_file_ref idref="fl-c6"/>
      </object_component>
      <object_component id="oc-9b">
         <name>.debug_abbrev</name>
         <load_address>0xa88</load_address>
         <run_address>0xa88</run_address>
         <size>0x55</size>
         <input_file_ref idref="fl-c7"/>
      </object_component>
      <object_component id="oc-b5">
         <name>.debug_abbrev</name>
         <load_address>0xadd</load_address>
         <run_address>0xadd</run_address>
         <size>0x27</size>
         <input_file_ref idref="fl-c8"/>
      </object_component>
      <object_component id="oc-101">
         <name>.debug_abbrev</name>
         <load_address>0xb04</load_address>
         <run_address>0xb04</run_address>
         <size>0x45</size>
         <input_file_ref idref="fl-c9"/>
      </object_component>
      <object_component id="oc-e7">
         <name>.debug_abbrev</name>
         <load_address>0xb49</load_address>
         <run_address>0xb49</run_address>
         <size>0x29</size>
         <input_file_ref idref="fl-c9"/>
      </object_component>
      <object_component id="oc-100">
         <name>.debug_abbrev</name>
         <load_address>0xb72</load_address>
         <run_address>0xb72</run_address>
         <size>0x6f</size>
         <input_file_ref idref="fl-c9"/>
      </object_component>
      <object_component id="oc-d8">
         <name>.debug_abbrev</name>
         <load_address>0xbe1</load_address>
         <run_address>0xbe1</run_address>
         <size>0x8e</size>
         <input_file_ref idref="fl-ca"/>
      </object_component>
      <object_component id="oc-aa">
         <name>.debug_abbrev</name>
         <load_address>0xc6f</load_address>
         <run_address>0xc6f</run_address>
         <size>0x68</size>
         <input_file_ref idref="fl-ca"/>
      </object_component>
      <object_component id="oc-dc">
         <name>.debug_abbrev</name>
         <load_address>0xcd7</load_address>
         <run_address>0xcd7</run_address>
         <size>0x49</size>
         <input_file_ref idref="fl-ca"/>
      </object_component>
      <object_component id="oc-cc">
         <name>.debug_abbrev</name>
         <load_address>0xd20</load_address>
         <run_address>0xd20</run_address>
         <size>0xae</size>
         <input_file_ref idref="fl-cb"/>
      </object_component>
      <object_component id="oc-a8">
         <name>.debug_abbrev</name>
         <load_address>0xdce</load_address>
         <run_address>0xdce</run_address>
         <size>0x7e</size>
         <input_file_ref idref="fl-cb"/>
      </object_component>
      <object_component id="oc-d0">
         <name>.debug_abbrev</name>
         <load_address>0xe4c</load_address>
         <run_address>0xe4c</run_address>
         <size>0x24</size>
         <input_file_ref idref="fl-cb"/>
      </object_component>
      <object_component id="oc-d5">
         <name>.debug_abbrev</name>
         <load_address>0xe70</load_address>
         <run_address>0xe70</run_address>
         <size>0x4b</size>
         <input_file_ref idref="fl-cb"/>
      </object_component>
      <object_component id="oc-f9">
         <name>.debug_abbrev</name>
         <load_address>0xebb</load_address>
         <run_address>0xebb</run_address>
         <size>0x9c</size>
         <input_file_ref idref="fl-cc"/>
      </object_component>
      <object_component id="oc-c9">
         <name>.debug_abbrev</name>
         <load_address>0xf57</load_address>
         <run_address>0xf57</run_address>
         <size>0x8c</size>
         <input_file_ref idref="fl-cc"/>
      </object_component>
      <object_component id="oc-fd">
         <name>.debug_abbrev</name>
         <load_address>0xfe3</load_address>
         <run_address>0xfe3</run_address>
         <size>0x24</size>
         <input_file_ref idref="fl-cc"/>
      </object_component>
      <object_component id="oc-cb">
         <name>.debug_abbrev</name>
         <load_address>0x1007</load_address>
         <run_address>0x1007</run_address>
         <size>0x53</size>
         <input_file_ref idref="fl-cd"/>
      </object_component>
      <object_component id="oc-13e">
         <name>.debug_abbrev</name>
         <load_address>0x105a</load_address>
         <run_address>0x105a</run_address>
         <size>0xf</size>
      </object_component>
      <object_component id="oc-8e">
         <name>.debug_str</name>
         <load_address>0x0</load_address>
         <run_address>0x0</run_address>
         <size>0xfb</size>
         <input_file_ref idref="fl-2"/>
      </object_component>
      <object_component id="oc-f5">
         <name>.debug_str</name>
         <load_address>0xfb</load_address>
         <run_address>0xfb</run_address>
         <size>0x226</size>
         <input_file_ref idref="fl-2"/>
      </object_component>
      <object_component id="oc-10b">
         <name>.debug_str</name>
         <load_address>0x321</load_address>
         <run_address>0x321</run_address>
         <size>0x15d6</size>
         <input_file_ref idref="fl-3"/>
      </object_component>
      <object_component id="oc-110">
         <name>.debug_str</name>
         <load_address>0x18f7</load_address>
         <run_address>0x18f7</run_address>
         <size>0x483</size>
         <input_file_ref idref="fl-3"/>
      </object_component>
      <object_component id="oc-115">
         <name>.debug_str</name>
         <load_address>0x1d7a</load_address>
         <run_address>0x1d7a</run_address>
         <size>0x350</size>
         <input_file_ref idref="fl-4"/>
      </object_component>
      <object_component id="oc-c6">
         <name>.debug_str</name>
         <load_address>0x20ca</load_address>
         <run_address>0x20ca</run_address>
         <size>0xfb</size>
         <input_file_ref idref="fl-4"/>
      </object_component>
      <object_component id="oc-36">
         <name>.debug_str</name>
         <load_address>0x21c5</load_address>
         <run_address>0x21c5</run_address>
         <size>0x101</size>
         <input_file_ref idref="fl-c0"/>
      </object_component>
      <object_component id="oc-87">
         <name>.debug_str</name>
         <load_address>0x22c6</load_address>
         <run_address>0x22c6</run_address>
         <size>0x12e</size>
         <input_file_ref idref="fl-c0"/>
      </object_component>
      <object_component id="oc-44">
         <name>.debug_str</name>
         <load_address>0x23f4</load_address>
         <run_address>0x23f4</run_address>
         <size>0xf3</size>
         <input_file_ref idref="fl-c1"/>
      </object_component>
      <object_component id="oc-96">
         <name>.debug_str</name>
         <load_address>0x24e7</load_address>
         <run_address>0x24e7</run_address>
         <size>0x12e</size>
         <input_file_ref idref="fl-c1"/>
      </object_component>
      <object_component id="oc-de">
         <name>.debug_str</name>
         <load_address>0x2615</load_address>
         <run_address>0x2615</run_address>
         <size>0xd7</size>
         <input_file_ref idref="fl-ca"/>
      </object_component>
      <object_component id="oc-d2">
         <name>.debug_str</name>
         <load_address>0x26ec</load_address>
         <run_address>0x26ec</run_address>
         <size>0xe3</size>
         <input_file_ref idref="fl-cb"/>
      </object_component>
      <object_component id="oc-d7">
         <name>.debug_str</name>
         <load_address>0x27cf</load_address>
         <run_address>0x27cf</run_address>
         <size>0x185</size>
         <input_file_ref idref="fl-cb"/>
      </object_component>
      <object_component id="oc-ff">
         <name>.debug_str</name>
         <load_address>0x2954</load_address>
         <run_address>0x2954</run_address>
         <size>0xd8</size>
         <input_file_ref idref="fl-cc"/>
      </object_component>
      <object_component id="oc-76">
         <name>.debug_aranges</name>
         <load_address>0x0</load_address>
         <run_address>0x0</run_address>
         <size>0x38</size>
         <input_file_ref idref="fl-2"/>
      </object_component>
      <object_component id="oc-ba">
         <name>.debug_aranges</name>
         <load_address>0x38</load_address>
         <run_address>0x38</run_address>
         <size>0x28</size>
         <input_file_ref idref="fl-3"/>
      </object_component>
      <object_component id="oc-7b">
         <name>.debug_aranges</name>
         <load_address>0x60</load_address>
         <run_address>0x60</run_address>
         <size>0x28</size>
         <input_file_ref idref="fl-4"/>
      </object_component>
      <object_component id="oc-23">
         <name>.debug_aranges</name>
         <load_address>0x88</load_address>
         <run_address>0x88</run_address>
         <size>0x20</size>
         <input_file_ref idref="fl-bf"/>
      </object_component>
      <object_component id="oc-13">
         <name>.debug_aranges</name>
         <load_address>0xa8</load_address>
         <run_address>0xa8</run_address>
         <size>0x20</size>
         <input_file_ref idref="fl-c0"/>
      </object_component>
      <object_component id="oc-39">
         <name>.debug_aranges</name>
         <load_address>0xc8</load_address>
         <run_address>0xc8</run_address>
         <size>0x20</size>
         <input_file_ref idref="fl-c1"/>
      </object_component>
      <object_component id="oc-17">
         <name>.debug_aranges</name>
         <load_address>0xe8</load_address>
         <run_address>0xe8</run_address>
         <size>0x20</size>
         <input_file_ref idref="fl-c1"/>
      </object_component>
      <object_component id="oc-6a">
         <name>.debug_aranges</name>
         <load_address>0x108</load_address>
         <run_address>0x108</run_address>
         <size>0x30</size>
         <input_file_ref idref="fl-c3"/>
      </object_component>
      <object_component id="oc-2e">
         <name>.debug_aranges</name>
         <load_address>0x138</load_address>
         <run_address>0x138</run_address>
         <size>0x20</size>
         <input_file_ref idref="fl-c4"/>
      </object_component>
      <object_component id="oc-49">
         <name>.debug_aranges</name>
         <load_address>0x158</load_address>
         <run_address>0x158</run_address>
         <size>0x28</size>
         <input_file_ref idref="fl-c5"/>
      </object_component>
      <object_component id="oc-54">
         <name>.debug_aranges</name>
         <load_address>0x180</load_address>
         <run_address>0x180</run_address>
         <size>0x20</size>
         <input_file_ref idref="fl-c6"/>
      </object_component>
      <object_component id="oc-5a">
         <name>.debug_aranges</name>
         <load_address>0x1a0</load_address>
         <run_address>0x1a0</run_address>
         <size>0x20</size>
         <input_file_ref idref="fl-c7"/>
      </object_component>
      <object_component id="oc-e3">
         <name>.debug_aranges</name>
         <load_address>0x1c0</load_address>
         <run_address>0x1c0</run_address>
         <size>0x30</size>
         <input_file_ref idref="fl-c9"/>
      </object_component>
      <object_component id="oc-64">
         <name>.debug_aranges</name>
         <load_address>0x1f0</load_address>
         <run_address>0x1f0</run_address>
         <size>0x20</size>
         <input_file_ref idref="fl-ca"/>
      </object_component>
      <object_component id="oc-5f">
         <name>.debug_aranges</name>
         <load_address>0x210</load_address>
         <run_address>0x210</run_address>
         <size>0x20</size>
         <input_file_ref idref="fl-cb"/>
      </object_component>
      <object_component id="oc-9d">
         <name>.debug_aranges</name>
         <load_address>0x230</load_address>
         <run_address>0x230</run_address>
         <size>0x20</size>
         <input_file_ref idref="fl-cc"/>
      </object_component>
      <object_component id="oc-a4">
         <name>.debug_aranges</name>
         <load_address>0x250</load_address>
         <run_address>0x250</run_address>
         <size>0x20</size>
         <input_file_ref idref="fl-cd"/>
      </object_component>
      <object_component id="oc-2a">
         <name>.debug_pubnames</name>
         <load_address>0x0</load_address>
         <run_address>0x0</run_address>
         <size>0x27</size>
         <input_file_ref idref="fl-2"/>
      </object_component>
      <object_component id="oc-75">
         <name>.debug_pubnames</name>
         <load_address>0x27</load_address>
         <run_address>0x27</run_address>
         <size>0x46</size>
         <input_file_ref idref="fl-2"/>
      </object_component>
      <object_component id="oc-ef">
         <name>.debug_pubnames</name>
         <load_address>0x6d</load_address>
         <run_address>0x6d</run_address>
         <size>0x26</size>
         <input_file_ref idref="fl-3"/>
      </object_component>
      <object_component id="oc-b9">
         <name>.debug_pubnames</name>
         <load_address>0x93</load_address>
         <run_address>0x93</run_address>
         <size>0x3b</size>
         <input_file_ref idref="fl-3"/>
      </object_component>
      <object_component id="oc-c0">
         <name>.debug_pubnames</name>
         <load_address>0xce</load_address>
         <run_address>0xce</run_address>
         <size>0x1f</size>
         <input_file_ref idref="fl-4"/>
      </object_component>
      <object_component id="oc-7c">
         <name>.debug_pubnames</name>
         <load_address>0xed</load_address>
         <run_address>0xed</run_address>
         <size>0x30</size>
         <input_file_ref idref="fl-4"/>
      </object_component>
      <object_component id="oc-25">
         <name>.debug_pubnames</name>
         <load_address>0x11d</load_address>
         <run_address>0x11d</run_address>
         <size>0x1f</size>
         <input_file_ref idref="fl-bf"/>
      </object_component>
      <object_component id="oc-15">
         <name>.debug_pubnames</name>
         <load_address>0x13c</load_address>
         <run_address>0x13c</run_address>
         <size>0x2b</size>
         <input_file_ref idref="fl-c0"/>
      </object_component>
      <object_component id="oc-3b">
         <name>.debug_pubnames</name>
         <load_address>0x167</load_address>
         <run_address>0x167</run_address>
         <size>0x2f</size>
         <input_file_ref idref="fl-c1"/>
      </object_component>
      <object_component id="oc-19">
         <name>.debug_pubnames</name>
         <load_address>0x196</load_address>
         <run_address>0x196</run_address>
         <size>0x2c</size>
         <input_file_ref idref="fl-c1"/>
      </object_component>
      <object_component id="oc-ae">
         <name>.debug_pubnames</name>
         <load_address>0x1c2</load_address>
         <run_address>0x1c2</run_address>
         <size>0x5e</size>
         <input_file_ref idref="fl-c3"/>
      </object_component>
      <object_component id="oc-6e">
         <name>.debug_pubnames</name>
         <load_address>0x220</load_address>
         <run_address>0x220</run_address>
         <size>0x35</size>
         <input_file_ref idref="fl-c3"/>
      </object_component>
      <object_component id="oc-2f">
         <name>.debug_pubnames</name>
         <load_address>0x255</load_address>
         <run_address>0x255</run_address>
         <size>0x1d</size>
         <input_file_ref idref="fl-c4"/>
      </object_component>
      <object_component id="oc-48">
         <name>.debug_pubnames</name>
         <load_address>0x272</load_address>
         <run_address>0x272</run_address>
         <size>0x37</size>
         <input_file_ref idref="fl-c5"/>
      </object_component>
      <object_component id="oc-55">
         <name>.debug_pubnames</name>
         <load_address>0x2a9</load_address>
         <run_address>0x2a9</run_address>
         <size>0x21</size>
         <input_file_ref idref="fl-c6"/>
      </object_component>
      <object_component id="oc-59">
         <name>.debug_pubnames</name>
         <load_address>0x2ca</load_address>
         <run_address>0x2ca</run_address>
         <size>0x27</size>
         <input_file_ref idref="fl-c7"/>
      </object_component>
      <object_component id="oc-71">
         <name>.debug_pubnames</name>
         <load_address>0x2f1</load_address>
         <run_address>0x2f1</run_address>
         <size>0x23</size>
         <input_file_ref idref="fl-c8"/>
      </object_component>
      <object_component id="oc-b1">
         <name>.debug_pubnames</name>
         <load_address>0x314</load_address>
         <run_address>0x314</run_address>
         <size>0x28</size>
         <input_file_ref idref="fl-c9"/>
      </object_component>
      <object_component id="oc-e4">
         <name>.debug_pubnames</name>
         <load_address>0x33c</load_address>
         <run_address>0x33c</run_address>
         <size>0x43</size>
         <input_file_ref idref="fl-c9"/>
      </object_component>
      <object_component id="oc-66">
         <name>.debug_pubnames</name>
         <load_address>0x37f</load_address>
         <run_address>0x37f</run_address>
         <size>0x21</size>
         <input_file_ref idref="fl-ca"/>
      </object_component>
      <object_component id="oc-60">
         <name>.debug_pubnames</name>
         <load_address>0x3a0</load_address>
         <run_address>0x3a0</run_address>
         <size>0x25</size>
         <input_file_ref idref="fl-cb"/>
      </object_component>
      <object_component id="oc-a0">
         <name>.debug_pubnames</name>
         <load_address>0x3c5</load_address>
         <run_address>0x3c5</run_address>
         <size>0x1e</size>
         <input_file_ref idref="fl-cc"/>
      </object_component>
      <object_component id="oc-a5">
         <name>.debug_pubnames</name>
         <load_address>0x3e3</load_address>
         <run_address>0x3e3</run_address>
         <size>0x29</size>
         <input_file_ref idref="fl-cd"/>
      </object_component>
      <object_component id="oc-8b">
         <name>.debug_pubtypes</name>
         <load_address>0x0</load_address>
         <run_address>0x0</run_address>
         <size>0xed</size>
         <input_file_ref idref="fl-2"/>
      </object_component>
      <object_component id="oc-f2">
         <name>.debug_pubtypes</name>
         <load_address>0xed</load_address>
         <run_address>0xed</run_address>
         <size>0x1c6</size>
         <input_file_ref idref="fl-2"/>
      </object_component>
      <object_component id="oc-108">
         <name>.debug_pubtypes</name>
         <load_address>0x2b3</load_address>
         <run_address>0x2b3</run_address>
         <size>0x2ce</size>
         <input_file_ref idref="fl-3"/>
      </object_component>
      <object_component id="oc-10d">
         <name>.debug_pubtypes</name>
         <load_address>0x581</load_address>
         <run_address>0x581</run_address>
         <size>0xdd</size>
         <input_file_ref idref="fl-3"/>
      </object_component>
      <object_component id="oc-112">
         <name>.debug_pubtypes</name>
         <load_address>0x65e</load_address>
         <run_address>0x65e</run_address>
         <size>0x16a</size>
         <input_file_ref idref="fl-4"/>
      </object_component>
      <object_component id="oc-c3">
         <name>.debug_pubtypes</name>
         <load_address>0x7c8</load_address>
         <run_address>0x7c8</run_address>
         <size>0xff</size>
         <input_file_ref idref="fl-4"/>
      </object_component>
      <object_component id="oc-33">
         <name>.debug_pubtypes</name>
         <load_address>0x8c7</load_address>
         <run_address>0x8c7</run_address>
         <size>0x48</size>
         <input_file_ref idref="fl-c0"/>
      </object_component>
      <object_component id="oc-84">
         <name>.debug_pubtypes</name>
         <load_address>0x90f</load_address>
         <run_address>0x90f</run_address>
         <size>0x1d</size>
         <input_file_ref idref="fl-c0"/>
      </object_component>
      <object_component id="oc-41">
         <name>.debug_pubtypes</name>
         <load_address>0x92c</load_address>
         <run_address>0x92c</run_address>
         <size>0x37</size>
         <input_file_ref idref="fl-c1"/>
      </object_component>
      <object_component id="oc-93">
         <name>.debug_pubtypes</name>
         <load_address>0x963</load_address>
         <run_address>0x963</run_address>
         <size>0x1d</size>
         <input_file_ref idref="fl-c1"/>
      </object_component>
      <object_component id="oc-b4">
         <name>.debug_pubtypes</name>
         <load_address>0x980</load_address>
         <run_address>0x980</run_address>
         <size>0x1f</size>
         <input_file_ref idref="fl-c3"/>
      </object_component>
      <object_component id="oc-ea">
         <name>.debug_pubtypes</name>
         <load_address>0x99f</load_address>
         <run_address>0x99f</run_address>
         <size>0x1f</size>
         <input_file_ref idref="fl-c9"/>
      </object_component>
      <object_component id="oc-db">
         <name>.debug_pubtypes</name>
         <load_address>0x9be</load_address>
         <run_address>0x9be</run_address>
         <size>0x1b</size>
         <input_file_ref idref="fl-ca"/>
      </object_component>
      <object_component id="oc-cf">
         <name>.debug_pubtypes</name>
         <load_address>0x9d9</load_address>
         <run_address>0x9d9</run_address>
         <size>0x32</size>
         <input_file_ref idref="fl-cb"/>
      </object_component>
      <object_component id="oc-d4">
         <name>.debug_pubtypes</name>
         <load_address>0xa0b</load_address>
         <run_address>0xa0b</run_address>
         <size>0x50</size>
         <input_file_ref idref="fl-cb"/>
      </object_component>
      <object_component id="oc-fc">
         <name>.debug_pubtypes</name>
         <load_address>0xa5b</load_address>
         <run_address>0xa5b</run_address>
         <size>0x23</size>
         <input_file_ref idref="fl-cc"/>
      </object_component>
   </object_component_list>
   <logical_group_list>
      <logical_group id="lg-3" display="no" color="cyan">
         <name>.intvecs</name>
         <load_address>0x0</load_address>
         <run_address>0x0</run_address>
         <size>0x140</size>
         <contents>
            <object_component_ref idref="oc-28"/>
         </contents>
      </logical_group>
      <logical_group id="lg-4" display="no" color="cyan">
         <name>.text</name>
         <load_address>0x140</load_address>
         <run_address>0x140</run_address>
         <size>0x70a</size>
         <contents>
            <object_component_ref idref="oc-b7"/>
            <object_component_ref idref="oc-79"/>
            <object_component_ref idref="oc-2c"/>
            <object_component_ref idref="oc-45"/>
            <object_component_ref idref="oc-51"/>
            <object_component_ref idref="oc-5d"/>
            <object_component_ref idref="oc-38"/>
            <object_component_ref idref="oc-a2"/>
            <object_component_ref idref="oc-22"/>
            <object_component_ref idref="oc-69"/>
            <object_component_ref idref="oc-9c"/>
            <object_component_ref idref="oc-63"/>
            <object_component_ref idref="oc-e1"/>
            <object_component_ref idref="oc-73"/>
            <object_component_ref idref="oc-10"/>
            <object_component_ref idref="oc-16"/>
            <object_component_ref idref="oc-57"/>
         </contents>
      </logical_group>
      <logical_group id="lg-5" display="no" color="cyan">
         <name>.const</name>
         <load_address>0x84c</load_address>
         <run_address>0x84c</run_address>
         <size>0x18</size>
         <contents>
            <object_component_ref idref="oc-be"/>
         </contents>
      </logical_group>
      <logical_group id="lg-6" display="no" color="cyan">
         <name>.cinit</name>
         <load_address>0x868</load_address>
         <run_address>0x868</run_address>
         <size>0x2c</size>
         <contents>
            <object_component_ref idref="oc-13b"/>
            <object_component_ref idref="oc-139"/>
            <object_component_ref idref="oc-13a"/>
         </contents>
      </logical_group>
      <logical_group id="lg-7" display="no" color="cyan">
         <name>.pinit</name>
         <run_address>0x0</run_address>
         <size>0x0</size>
         <contents>
         </contents>
      </logical_group>
      <logical_group id="lg-8" display="no" color="cyan">
         <name>.init_array</name>
         <run_address>0x0</run_address>
         <size>0x0</size>
         <contents>
         </contents>
      </logical_group>
      <logical_group id="lg-9" display="no" color="cyan">
         <name>.flashMailbox</name>
         <run_address>0x0</run_address>
         <size>0x0</size>
         <contents>
         </contents>
      </logical_group>
      <logical_group id="lg-a" display="no" color="cyan">
         <name>.vtable</name>
         <run_address>0x0</run_address>
         <size>0x0</size>
         <contents>
         </contents>
      </logical_group>
      <logical_group id="lg-b" display="no" color="cyan">
         <name>.data</name>
         <run_address>0x20000000</run_address>
         <size>0x1c</size>
         <contents>
            <object_component_ref idref="oc-ed"/>
            <object_component_ref idref="oc-ac"/>
            <object_component_ref idref="oc-6f"/>
            <object_component_ref idref="oc-af"/>
         </contents>
      </logical_group>
      <logical_group id="lg-c" display="no" color="cyan">
         <name>.bss</name>
         <run_address>0x0</run_address>
         <size>0x0</size>
         <contents>
         </contents>
      </logical_group>
      <logical_group id="lg-d" display="no" color="cyan">
         <name>.sysmem</name>
         <run_address>0x0</run_address>
         <size>0x0</size>
         <contents>
         </contents>
      </logical_group>
      <logical_group id="lg-e" display="no" color="cyan">
         <name>.stack</name>
         <run_address>0x2000fe00</run_address>
         <size>0x200</size>
         <contents>
            <object_component_ref idref="oc-2b"/>
            <object_component_ref idref="oc-13c"/>
         </contents>
      </logical_group>
      <logical_group id="lg-119" display="no" color="cyan">
         <name>.TI.noinit</name>
         <run_address>0x0</run_address>
         <size>0x0</size>
         <contents>
         </contents>
      </logical_group>
      <logical_group id="lg-11a" display="no" color="cyan">
         <name>.TI.persistent</name>
         <run_address>0x0</run_address>
         <size>0x0</size>
         <contents>
         </contents>
      </logical_group>
      <logical_group id="lg-129" display="never" color="cyan">
         <name>.debug_info</name>
         <load_address>0x0</load_address>
         <run_address>0x0</run_address>
         <size>0x8919</size>
         <contents>
            <object_component_ref idref="oc-81"/>
            <object_component_ref idref="oc-29"/>
            <object_component_ref idref="oc-74"/>
            <object_component_ref idref="oc-8a"/>
            <object_component_ref idref="oc-f1"/>
            <object_component_ref idref="oc-116"/>
            <object_component_ref idref="oc-ee"/>
            <object_component_ref idref="oc-b8"/>
            <object_component_ref idref="oc-107"/>
            <object_component_ref idref="oc-10c"/>
            <object_component_ref idref="oc-f8"/>
            <object_component_ref idref="oc-bf"/>
            <object_component_ref idref="oc-7a"/>
            <object_component_ref idref="oc-111"/>
            <object_component_ref idref="oc-c2"/>
            <object_component_ref idref="oc-24"/>
            <object_component_ref idref="oc-37"/>
            <object_component_ref idref="oc-14"/>
            <object_component_ref idref="oc-32"/>
            <object_component_ref idref="oc-83"/>
            <object_component_ref idref="oc-3f"/>
            <object_component_ref idref="oc-3a"/>
            <object_component_ref idref="oc-18"/>
            <object_component_ref idref="oc-40"/>
            <object_component_ref idref="oc-92"/>
            <object_component_ref idref="oc-b3"/>
            <object_component_ref idref="oc-ad"/>
            <object_component_ref idref="oc-6d"/>
            <object_component_ref idref="oc-2d"/>
            <object_component_ref idref="oc-47"/>
            <object_component_ref idref="oc-53"/>
            <object_component_ref idref="oc-58"/>
            <object_component_ref idref="oc-70"/>
            <object_component_ref idref="oc-e9"/>
            <object_component_ref idref="oc-b0"/>
            <object_component_ref idref="oc-e2"/>
            <object_component_ref idref="oc-ab"/>
            <object_component_ref idref="oc-65"/>
            <object_component_ref idref="oc-da"/>
            <object_component_ref idref="oc-a9"/>
            <object_component_ref idref="oc-5e"/>
            <object_component_ref idref="oc-ce"/>
            <object_component_ref idref="oc-d3"/>
            <object_component_ref idref="oc-ca"/>
            <object_component_ref idref="oc-9f"/>
            <object_component_ref idref="oc-fb"/>
            <object_component_ref idref="oc-a3"/>
            <object_component_ref idref="oc-13d"/>
         </contents>
      </logical_group>
      <logical_group id="lg-12b" display="never" color="cyan">
         <name>.debug_line</name>
         <load_address>0x0</load_address>
         <run_address>0x0</run_address>
         <size>0x1184</size>
         <contents>
            <object_component_ref idref="oc-c8"/>
            <object_component_ref idref="oc-80"/>
            <object_component_ref idref="oc-77"/>
            <object_component_ref idref="oc-8d"/>
            <object_component_ref idref="oc-f4"/>
            <object_component_ref idref="oc-118"/>
            <object_component_ref idref="oc-104"/>
            <object_component_ref idref="oc-bc"/>
            <object_component_ref idref="oc-10a"/>
            <object_component_ref idref="oc-10f"/>
            <object_component_ref idref="oc-106"/>
            <object_component_ref idref="oc-f7"/>
            <object_component_ref idref="oc-7e"/>
            <object_component_ref idref="oc-114"/>
            <object_component_ref idref="oc-c5"/>
            <object_component_ref idref="oc-26"/>
            <object_component_ref idref="oc-89"/>
            <object_component_ref idref="oc-11"/>
            <object_component_ref idref="oc-35"/>
            <object_component_ref idref="oc-86"/>
            <object_component_ref idref="oc-91"/>
            <object_component_ref idref="oc-3c"/>
            <object_component_ref idref="oc-1b"/>
            <object_component_ref idref="oc-43"/>
            <object_component_ref idref="oc-95"/>
            <object_component_ref idref="oc-ec"/>
            <object_component_ref idref="oc-e0"/>
            <object_component_ref idref="oc-6c"/>
            <object_component_ref idref="oc-30"/>
            <object_component_ref idref="oc-46"/>
            <object_component_ref idref="oc-52"/>
            <object_component_ref idref="oc-5b"/>
            <object_component_ref idref="oc-b6"/>
            <object_component_ref idref="oc-102"/>
            <object_component_ref idref="oc-e8"/>
            <object_component_ref idref="oc-e5"/>
            <object_component_ref idref="oc-d9"/>
            <object_component_ref idref="oc-67"/>
            <object_component_ref idref="oc-dd"/>
            <object_component_ref idref="oc-cd"/>
            <object_component_ref idref="oc-61"/>
            <object_component_ref idref="oc-d1"/>
            <object_component_ref idref="oc-d6"/>
            <object_component_ref idref="oc-fa"/>
            <object_component_ref idref="oc-a1"/>
            <object_component_ref idref="oc-fe"/>
            <object_component_ref idref="oc-a6"/>
         </contents>
      </logical_group>
      <logical_group id="lg-12d" display="never" color="cyan">
         <name>.debug_frame</name>
         <load_address>0x0</load_address>
         <run_address>0x0</run_address>
         <size>0x7e3</size>
         <contents>
            <object_component_ref idref="oc-78"/>
            <object_component_ref idref="oc-bb"/>
            <object_component_ref idref="oc-7d"/>
            <object_component_ref idref="oc-12"/>
            <object_component_ref idref="oc-3d"/>
            <object_component_ref idref="oc-1a"/>
            <object_component_ref idref="oc-6b"/>
            <object_component_ref idref="oc-56"/>
            <object_component_ref idref="oc-5c"/>
            <object_component_ref idref="oc-e6"/>
            <object_component_ref idref="oc-68"/>
            <object_component_ref idref="oc-62"/>
            <object_component_ref idref="oc-9e"/>
            <object_component_ref idref="oc-a7"/>
         </contents>
      </logical_group>
      <logical_group id="lg-12f" display="never" color="cyan">
         <name>.debug_abbrev</name>
         <load_address>0x0</load_address>
         <run_address>0x0</run_address>
         <size>0x1069</size>
         <contents>
            <object_component_ref idref="oc-c7"/>
            <object_component_ref idref="oc-7f"/>
            <object_component_ref idref="oc-bd"/>
            <object_component_ref idref="oc-8c"/>
            <object_component_ref idref="oc-f3"/>
            <object_component_ref idref="oc-117"/>
            <object_component_ref idref="oc-103"/>
            <object_component_ref idref="oc-f0"/>
            <object_component_ref idref="oc-109"/>
            <object_component_ref idref="oc-10e"/>
            <object_component_ref idref="oc-105"/>
            <object_component_ref idref="oc-f6"/>
            <object_component_ref idref="oc-c1"/>
            <object_component_ref idref="oc-113"/>
            <object_component_ref idref="oc-c4"/>
            <object_component_ref idref="oc-72"/>
            <object_component_ref idref="oc-88"/>
            <object_component_ref idref="oc-31"/>
            <object_component_ref idref="oc-34"/>
            <object_component_ref idref="oc-85"/>
            <object_component_ref idref="oc-90"/>
            <object_component_ref idref="oc-8f"/>
            <object_component_ref idref="oc-3e"/>
            <object_component_ref idref="oc-42"/>
            <object_component_ref idref="oc-94"/>
            <object_component_ref idref="oc-eb"/>
            <object_component_ref idref="oc-df"/>
            <object_component_ref idref="oc-b2"/>
            <object_component_ref idref="oc-82"/>
            <object_component_ref idref="oc-97"/>
            <object_component_ref idref="oc-9a"/>
            <object_component_ref idref="oc-9b"/>
            <object_component_ref idref="oc-b5"/>
            <object_component_ref idref="oc-101"/>
            <object_component_ref idref="oc-e7"/>
            <object_component_ref idref="oc-100"/>
            <object_component_ref idref="oc-d8"/>
            <object_component_ref idref="oc-aa"/>
            <object_component_ref idref="oc-dc"/>
            <object_component_ref idref="oc-cc"/>
            <object_component_ref idref="oc-a8"/>
            <object_component_ref idref="oc-d0"/>
            <object_component_ref idref="oc-d5"/>
            <object_component_ref idref="oc-f9"/>
            <object_component_ref idref="oc-c9"/>
            <object_component_ref idref="oc-fd"/>
            <object_component_ref idref="oc-cb"/>
            <object_component_ref idref="oc-13e"/>
         </contents>
      </logical_group>
      <logical_group id="lg-131" display="never" color="cyan">
         <name>.debug_str</name>
         <load_address>0x0</load_address>
         <run_address>0x0</run_address>
         <size>0x2a2c</size>
         <contents>
            <object_component_ref idref="oc-8e"/>
            <object_component_ref idref="oc-f5"/>
            <object_component_ref idref="oc-10b"/>
            <object_component_ref idref="oc-110"/>
            <object_component_ref idref="oc-115"/>
            <object_component_ref idref="oc-c6"/>
            <object_component_ref idref="oc-36"/>
            <object_component_ref idref="oc-87"/>
            <object_component_ref idref="oc-44"/>
            <object_component_ref idref="oc-96"/>
            <object_component_ref idref="oc-de"/>
            <object_component_ref idref="oc-d2"/>
            <object_component_ref idref="oc-d7"/>
            <object_component_ref idref="oc-ff"/>
         </contents>
      </logical_group>
      <logical_group id="lg-133" display="never" color="cyan">
         <name>.debug_aranges</name>
         <load_address>0x0</load_address>
         <run_address>0x0</run_address>
         <size>0x270</size>
         <contents>
            <object_component_ref idref="oc-76"/>
            <object_component_ref idref="oc-ba"/>
            <object_component_ref idref="oc-7b"/>
            <object_component_ref idref="oc-23"/>
            <object_component_ref idref="oc-13"/>
            <object_component_ref idref="oc-39"/>
            <object_component_ref idref="oc-17"/>
            <object_component_ref idref="oc-6a"/>
            <object_component_ref idref="oc-2e"/>
            <object_component_ref idref="oc-49"/>
            <object_component_ref idref="oc-54"/>
            <object_component_ref idref="oc-5a"/>
            <object_component_ref idref="oc-e3"/>
            <object_component_ref idref="oc-64"/>
            <object_component_ref idref="oc-5f"/>
            <object_component_ref idref="oc-9d"/>
            <object_component_ref idref="oc-a4"/>
         </contents>
      </logical_group>
      <logical_group id="lg-135" display="never" color="cyan">
         <name>.debug_pubnames</name>
         <load_address>0x0</load_address>
         <run_address>0x0</run_address>
         <size>0x40c</size>
         <contents>
            <object_component_ref idref="oc-2a"/>
            <object_component_ref idref="oc-75"/>
            <object_component_ref idref="oc-ef"/>
            <object_component_ref idref="oc-b9"/>
            <object_component_ref idref="oc-c0"/>
            <object_component_ref idref="oc-7c"/>
            <object_component_ref idref="oc-25"/>
            <object_component_ref idref="oc-15"/>
            <object_component_ref idref="oc-3b"/>
            <object_component_ref idref="oc-19"/>
            <object_component_ref idref="oc-ae"/>
            <object_component_ref idref="oc-6e"/>
            <object_component_ref idref="oc-2f"/>
            <object_component_ref idref="oc-48"/>
            <object_component_ref idref="oc-55"/>
            <object_component_ref idref="oc-59"/>
            <object_component_ref idref="oc-71"/>
            <object_component_ref idref="oc-b1"/>
            <object_component_ref idref="oc-e4"/>
            <object_component_ref idref="oc-66"/>
            <object_component_ref idref="oc-60"/>
            <object_component_ref idref="oc-a0"/>
            <object_component_ref idref="oc-a5"/>
         </contents>
      </logical_group>
      <logical_group id="lg-137" display="never" color="cyan">
         <name>.debug_pubtypes</name>
         <load_address>0x0</load_address>
         <run_address>0x0</run_address>
         <size>0xa7e</size>
         <contents>
            <object_component_ref idref="oc-8b"/>
            <object_component_ref idref="oc-f2"/>
            <object_component_ref idref="oc-108"/>
            <object_component_ref idref="oc-10d"/>
            <object_component_ref idref="oc-112"/>
            <object_component_ref idref="oc-c3"/>
            <object_component_ref idref="oc-33"/>
            <object_component_ref idref="oc-84"/>
            <object_component_ref idref="oc-41"/>
            <object_component_ref idref="oc-93"/>
            <object_component_ref idref="oc-b4"/>
            <object_component_ref idref="oc-ea"/>
            <object_component_ref idref="oc-db"/>
            <object_component_ref idref="oc-cf"/>
            <object_component_ref idref="oc-d4"/>
            <object_component_ref idref="oc-fc"/>
         </contents>
      </logical_group>
      <load_segment id="lg-140" display="no" color="cyan">
         <name>SEGMENT_0</name>
         <load_address>0x0</load_address>
         <run_address>0x0</run_address>
         <size>0x894</size>
         <flags>0x5</flags>
         <contents>
            <logical_group_ref idref="lg-3"/>
            <logical_group_ref idref="lg-4"/>
            <logical_group_ref idref="lg-5"/>
            <logical_group_ref idref="lg-6"/>
         </contents>
      </load_segment>
      <load_segment id="lg-141" display="no" color="cyan">
         <name>SEGMENT_1</name>
         <run_address>0x20000000</run_address>
         <size>0x1c</size>
         <flags>0x6</flags>
         <contents>
            <logical_group_ref idref="lg-b"/>
         </contents>
      </load_segment>
      <load_segment id="lg-142" display="no" color="cyan">
         <name>SEGMENT_2</name>
         <run_address>0x2000fe00</run_address>
         <size>0x200</size>
         <flags>0x6</flags>
         <contents>
            <logical_group_ref idref="lg-e"/>
         </contents>
      </load_segment>
   </logical_group_list>
   <placement_map>
      <memory_area display="yes" color="green">
         <name>MAIN</name>
         <page_id>0x0</page_id>
         <origin>0x0</origin>
         <length>0x40000</length>
         <used_space>0x88e</used_space>
         <unused_space>0x3f772</unused_space>
         <attributes>RX</attributes>
         <usage_details>
            <allocated_space>
               <start_address>0x0</start_address>
               <size>0x140</size>
               <logical_group_ref idref="lg-3"/>
            </allocated_space>
            <allocated_space>
               <start_address>0x140</start_address>
               <size>0x70a</size>
               <logical_group_ref idref="lg-4"/>
            </allocated_space>
            <available_space>
               <start_address>0x84a</start_address>
               <size>0x2</size>
            </available_space>
            <allocated_space>
               <start_address>0x84c</start_address>
               <size>0x18</size>
               <logical_group_ref idref="lg-5"/>
            </allocated_space>
            <available_space>
               <start_address>0x864</start_address>
               <size>0x4</size>
            </available_space>
            <allocated_space>
               <start_address>0x868</start_address>
               <size>0x2c</size>
               <logical_group_ref idref="lg-6"/>
            </allocated_space>
            <available_space>
               <start_address>0x894</start_address>
               <size>0x3f76c</size>
            </available_space>
         </usage_details>
      </memory_area>
      <memory_area display="yes" color="green">
         <name>INFO</name>
         <page_id>0x0</page_id>
         <origin>0x200000</origin>
         <length>0x4000</length>
         <used_space>0x0</used_space>
         <unused_space>0x4000</unused_space>
         <attributes>RX</attributes>
         <usage_details>
         </usage_details>
      </memory_area>
      <memory_area display="yes" color="green">
         <name>SRAM_CODE</name>
         <page_id>0x0</page_id>
         <origin>0x1000000</origin>
         <length>0x10000</length>
         <used_space>0x0</used_space>
         <unused_space>0x10000</unused_space>
         <attributes>RWX</attributes>
         <usage_details>
         </usage_details>
      </memory_area>
      <memory_area display="yes" color="green">
         <name>SRAM_DATA</name>
         <page_id>0x0</page_id>
         <origin>0x20000000</origin>
         <length>0x10000</length>
         <used_space>0x21c</used_space>
         <unused_space>0xfde4</unused_space>
         <attributes>RW</attributes>
         <usage_details>
            <allocated_space>
               <start_address>0x20000000</start_address>
               <size>0x1c</size>
               <logical_group_ref idref="lg-b"/>
            </allocated_space>
            <available_space>
               <start_address>0x2000001c</start_address>
               <size>0xfde4</size>
            </available_space>
            <allocated_space>
               <start_address>0x2000fe00</start_address>
               <size>0x200</size>
               <logical_group_ref idref="lg-e"/>
            </allocated_space>
         </usage_details>
      </memory_area>
   </placement_map>
   <cptbl_list>
      <cptbl>
         <name>__TI_cinit_table</name>
         <cprec>
            <name>.data</name>
            <load_address>0x868</load_address>
            <load_size>0x1a</load_size>
            <run_address>0x20000000</run_address>
            <run_size>0x1c</run_size>
            <compression>rle</compression>
         </cprec>
      </cptbl>
   </cptbl_list>
   <handler_table>
      <handler_table_name>__TI_handler_table</handler_table_name>
      <handler>
         <index>0x0</index>
         <name>__TI_decompress_rle24</name>
      </handler>
      <handler>
         <index>0x1</index>
         <name>__TI_decompress_none</name>
      </handler>
   </handler_table>
   <symbol_table>
      <symbol id="sm-1">
         <name>WDTCTL_SYM</name>
         <value>0x4000480c</value>
      </symbol>
      <symbol id="sm-2">
         <name>__TI_CINIT_Base</name>
         <value>0x88c</value>
      </symbol>
      <symbol id="sm-3">
         <name>__TI_CINIT_Limit</name>
         <value>0x894</value>
      </symbol>
      <symbol id="sm-4">
         <name>__TI_Handler_Table_Base</name>
         <value>0x884</value>
      </symbol>
      <symbol id="sm-5">
         <name>__TI_Handler_Table_Limit</name>
         <value>0x88c</value>
      </symbol>
      <symbol id="sm-6">
         <name>binit</name>
         <value>0xffffffff</value>
      </symbol>
      <symbol id="sm-7">
         <name>__binit__</name>
         <value>0xffffffff</value>
      </symbol>
      <symbol id="sm-8">
         <name>__STACK_SIZE</name>
         <value>0x200</value>
      </symbol>
      <symbol id="sm-9">
         <name>__STACK_END</name>
         <value>0x20010000</value>
      </symbol>
      <symbol id="sm-a">
         <name>__c_args__</name>
         <value>0xffffffff</value>
      </symbol>
      <symbol id="sm-b">
         <name>__TI_pprof_out_hndl</name>
         <value>0xffffffff</value>
      </symbol>
      <symbol id="sm-c">
         <name>__TI_prof_data_start</name>
         <value>0xffffffff</value>
      </symbol>
      <symbol id="sm-d">
         <name>__TI_prof_data_size</name>
         <value>0xffffffff</value>
      </symbol>
      <symbol id="sm-4a">
         <name>interruptVectors</name>
         <value>0x0</value>
         <object_component_ref idref="oc-28"/>
      </symbol>
      <symbol id="sm-9e">
         <name>SystemInit</name>
         <value>0x3b5</value>
         <object_component_ref idref="oc-b7"/>
      </symbol>
      <symbol id="sm-9f">
         <name>SystemCoreClockUpdate</name>
         <value>0x141</value>
         <object_component_ref idref="oc-b7"/>
      </symbol>
      <symbol id="sm-a0">
         <name>SystemCoreClock</name>
         <value>0x20000018</value>
         <object_component_ref idref="oc-ed"/>
      </symbol>
      <symbol id="sm-c7">
         <name>upConfig</name>
         <value>0x84c</value>
         <object_component_ref idref="oc-be"/>
      </symbol>
      <symbol id="sm-c8">
         <name>main</name>
         <value>0x469</value>
         <object_component_ref idref="oc-79"/>
      </symbol>
      <symbol id="sm-c9">
         <name>TA1_0_IRQHandler</name>
         <value>0x4d1</value>
         <object_component_ref idref="oc-79"/>
      </symbol>
      <symbol id="sm-da">
         <name>_c_int00</name>
         <value>0x701</value>
         <object_component_ref idref="oc-22"/>
      </symbol>
      <symbol id="sm-db">
         <name>__stack</name>
         <value>0x2000fe00</value>
         <object_component_ref idref="oc-2b"/>
      </symbol>
      <symbol id="sm-f2">
         <name>__TI_decompress_none</name>
         <value>0x833</value>
         <object_component_ref idref="oc-10"/>
      </symbol>
      <symbol id="sm-11a">
         <name>__TI_decompress_rle24</name>
         <value>0x841</value>
         <object_component_ref idref="oc-16"/>
      </symbol>
      <symbol id="sm-13c">
         <name>C$$EXIT</name>
         <value>0x755</value>
         <object_component_ref idref="oc-69"/>
      </symbol>
      <symbol id="sm-13d">
         <name>abort</name>
         <value>0x759</value>
         <object_component_ref idref="oc-69"/>
      </symbol>
      <symbol id="sm-13e">
         <name>exit</name>
         <value>0x761</value>
         <object_component_ref idref="oc-69"/>
      </symbol>
      <symbol id="sm-13f">
         <name>__TI_dtors_ptr</name>
         <value>0x20000004</value>
         <object_component_ref idref="oc-ac"/>
      </symbol>
      <symbol id="sm-140">
         <name>__TI_cleanup_ptr</name>
         <value>0x20000000</value>
         <object_component_ref idref="oc-ac"/>
      </symbol>
      <symbol id="sm-141">
         <name>__TI_enable_exit_profile_output</name>
         <value>0x20000008</value>
         <object_component_ref idref="oc-ac"/>
      </symbol>
      <symbol id="sm-15c">
         <name>memcpy</name>
         <value>0x50d</value>
         <object_component_ref idref="oc-2c"/>
      </symbol>
      <symbol id="sm-15d">
         <name>__aeabi_memcpy</name>
         <value>0x50d</value>
         <object_component_ref idref="oc-2c"/>
      </symbol>
      <symbol id="sm-15e">
         <name>__aeabi_memcpy8</name>
         <value>0x50d</value>
         <object_component_ref idref="oc-2c"/>
      </symbol>
      <symbol id="sm-15f">
         <name>__aeabi_memcpy4</name>
         <value>0x50d</value>
         <object_component_ref idref="oc-2c"/>
      </symbol>
      <symbol id="sm-16e">
         <name>__aeabi_memset</name>
         <value>0x5ab</value>
         <object_component_ref idref="oc-45"/>
      </symbol>
      <symbol id="sm-16f">
         <name>memset</name>
         <value>0x5b1</value>
         <object_component_ref idref="oc-45"/>
      </symbol>
      <symbol id="sm-170">
         <name>__aeabi_memset8</name>
         <value>0x5ab</value>
         <object_component_ref idref="oc-45"/>
      </symbol>
      <symbol id="sm-171">
         <name>__aeabi_memset4</name>
         <value>0x5ab</value>
         <object_component_ref idref="oc-45"/>
      </symbol>
      <symbol id="sm-172">
         <name>__aeabi_memclr8</name>
         <value>0x5a9</value>
         <object_component_ref idref="oc-45"/>
      </symbol>
      <symbol id="sm-173">
         <name>__aeabi_memclr4</name>
         <value>0x5a9</value>
         <object_component_ref idref="oc-45"/>
      </symbol>
      <symbol id="sm-174">
         <name>__aeabi_memclr</name>
         <value>0x5a9</value>
         <object_component_ref idref="oc-45"/>
      </symbol>
      <symbol id="sm-17e">
         <name>__mpu_init</name>
         <value>0x623</value>
         <object_component_ref idref="oc-51"/>
      </symbol>
      <symbol id="sm-188">
         <name>_system_pre_init</name>
         <value>0x847</value>
         <object_component_ref idref="oc-57"/>
      </symbol>
      <symbol id="sm-190">
         <name>main_func_sp</name>
         <value>0x20000014</value>
         <object_component_ref idref="oc-6f"/>
      </symbol>
      <symbol id="sm-1a9">
         <name>_nop</name>
         <value>0x81b</value>
         <object_component_ref idref="oc-e1"/>
      </symbol>
      <symbol id="sm-1aa">
         <name>_lock</name>
         <value>0x2000000c</value>
         <object_component_ref idref="oc-af"/>
      </symbol>
      <symbol id="sm-1ab">
         <name>_unlock</name>
         <value>0x20000010</value>
         <object_component_ref idref="oc-af"/>
      </symbol>
      <symbol id="sm-1ac">
         <name>_register_lock</name>
         <value>0x813</value>
         <object_component_ref idref="oc-e1"/>
      </symbol>
      <symbol id="sm-1ad">
         <name>_register_unlock</name>
         <value>0x80d</value>
         <object_component_ref idref="oc-e1"/>
      </symbol>
      <symbol id="sm-1c1">
         <name>_args_main</name>
         <value>0x7f5</value>
         <object_component_ref idref="oc-63"/>
      </symbol>
      <symbol id="sm-1e6">
         <name>__TI_auto_init</name>
         <value>0x625</value>
         <object_component_ref idref="oc-5d"/>
      </symbol>
      <symbol id="sm-200">
         <name>copy_in</name>
         <value>0x7a9</value>
         <object_component_ref idref="oc-9c"/>
      </symbol>
      <symbol id="sm-20a">
         <name>_system_post_cinit</name>
         <value>0x6ff</value>
         <object_component_ref idref="oc-a2"/>
      </symbol>
      <symbol id="sm-20b">
         <name>__TI_static_base__</name>
         <value>0x0</value>
      </symbol>
      <symbol id="sm-20e">
         <name>SHT$$INIT_ARRAY$$Limit</name>
         <value>0x0</value>
      </symbol>
      <symbol id="sm-20f">
         <name>SHT$$INIT_ARRAY$$Base</name>
         <value>0x0</value>
      </symbol>
   </symbol_table>
   <title>Link successful</title>
</link_info>
